test_actual_continuation_evidence_is_accepted (test_audit_application.EvidenceAuditTests.test_actual_continuation_evidence_is_accepted) ... ok
test_actual_writer_evidence_crosses_expiry_and_orders_container_death (test_audit_application.EvidenceAuditTests.test_actual_writer_evidence_crosses_expiry_and_orders_container_death) ... ok
test_f02_replaced_task_after_claim_is_rejected (test_audit_application.EvidenceAuditTests.test_f02_replaced_task_after_claim_is_rejected) ... ok
test_f06_summary_hashes_and_revision_must_match_archived_patch_receipt (test_audit_application.EvidenceAuditTests.test_f06_summary_hashes_and_revision_must_match_archived_patch_receipt) ... ok
test_f09_original_approval_must_match_the_actual_resumed_action (test_audit_application.EvidenceAuditTests.test_f09_original_approval_must_match_the_actual_resumed_action) ... ok
test_summary_with_both_writers_before_expiry_is_rejected (test_audit_application.EvidenceAuditTests.test_summary_with_both_writers_before_expiry_is_rejected) ... ok
test_actual_native_evidence_is_accepted (test_audit_model_stream.ModelStreamAuditTests.test_actual_native_evidence_is_accepted) ... ok
test_attempt_from_another_run_is_rejected (test_audit_model_stream.ModelStreamAuditTests.test_attempt_from_another_run_is_rejected) ... ok
test_durable_failure_for_another_attempt_is_rejected (test_audit_model_stream.ModelStreamAuditTests.test_durable_failure_for_another_attempt_is_rejected) ... ok
test_fake_model_ledger_for_native_request_is_rejected (test_audit_model_stream.ModelStreamAuditTests.test_fake_model_ledger_for_native_request_is_rejected) ... ok
test_observed_tool_payload_not_sent_on_wire_is_rejected (test_audit_model_stream.ModelStreamAuditTests.test_observed_tool_payload_not_sent_on_wire_is_rejected) ... ok
test_summary_cannot_claim_unexpired_database_lease_expired (test_audit_model_stream.ModelStreamAuditTests.test_summary_cannot_claim_unexpired_database_lease_expired) ... ok
test_summary_cannot_invent_second_claim_owner_or_epoch (test_audit_model_stream.ModelStreamAuditTests.test_summary_cannot_invent_second_claim_owner_or_epoch) ... ok
test_unrelated_quota_group_is_rejected (test_audit_model_stream.ModelStreamAuditTests.test_unrelated_quota_group_is_rejected) ... ok
test_wire_without_observed_text_is_rejected (test_audit_model_stream.ModelStreamAuditTests.test_wire_without_observed_text_is_rejected) ... ok
test_actual_network_evidence_is_accepted (test_audit_network.NetworkAuditTests.test_actual_network_evidence_is_accepted) ... ok
test_f10_cancellation_transition_must_match_stop_proof (test_audit_network.NetworkAuditTests.test_f10_cancellation_transition_must_match_stop_proof) ... ok
test_f10_finalization_requires_original_version_and_lease (test_audit_network.NetworkAuditTests.test_f10_finalization_requires_original_version_and_lease) ... ok
test_f10_prior_settled_effect_cannot_change_with_cancellation (test_audit_network.NetworkAuditTests.test_f10_prior_settled_effect_cannot_change_with_cancellation) ... ok
test_f11_database_cut_cannot_hide_new_durable_event (test_audit_network.NetworkAuditTests.test_f11_database_cut_cannot_hide_new_durable_event) ... ok
test_f12_http_snapshot_must_expose_original_pending_effect (test_audit_network.NetworkAuditTests.test_f12_http_snapshot_must_expose_original_pending_effect) ... ok
test_f12_unknown_allocation_cannot_be_released_despite_counters (test_audit_network.NetworkAuditTests.test_f12_unknown_allocation_cannot_be_released_despite_counters) ... ok

----------------------------------------------------------------------
Ran 22 tests in 0.046s

OK
