{"Time":"2026-09-12T12:05:05.469514665-07:00","Action":"start","Package":"github.com/JDinSeattle/forge-runtime/scripts/faults/application"}
{"Time":"2026-09-12T12:05:05.477816675-07:00","Action":"run","Package":"github.com/JDinSeattle/forge-runtime/scripts/faults/application","Test":"TestStrictLogsL4RecoverySavedInputs"}
{"Time":"2026-09-12T12:05:05.477849595-07:00","Action":"output","Package":"github.com/JDinSeattle/forge-runtime/scripts/faults/application","Test":"TestStrictLogsL4RecoverySavedInputs","Output":"=== RUN   TestStrictLogsL4RecoverySavedInputs\n"}
{"Time":"2026-09-12T12:05:06.334572956-07:00","Action":"output","Package":"github.com/JDinSeattle/forge-runtime/scripts/faults/application","Test":"TestStrictLogsL4RecoverySavedInputs","Output":"    strict_logs_l4_recovery_offline_test.go:86: 610 immutable saved nonsecret inputs verified; no live state accessed\n"}
{"Time":"2026-09-12T12:05:06.334606011-07:00","Action":"output","Package":"github.com/JDinSeattle/forge-runtime/scripts/faults/application","Test":"TestStrictLogsL4RecoverySavedInputs","Output":"--- PASS: TestStrictLogsL4RecoverySavedInputs (0.86s)\n"}
{"Time":"2026-09-12T12:05:06.334608047-07:00","Action":"pass","Package":"github.com/JDinSeattle/forge-runtime/scripts/faults/application","Test":"TestStrictLogsL4RecoverySavedInputs","Elapsed":0.86}
{"Time":"2026-09-12T12:05:06.334617601-07:00","Action":"run","Package":"github.com/JDinSeattle/forge-runtime/scripts/faults/application","Test":"TestStrictLogsL4RecoveryOfflinePressureArchive"}
{"Time":"2026-09-12T12:05:06.334618865-07:00","Action":"output","Package":"github.com/JDinSeattle/forge-runtime/scripts/faults/application","Test":"TestStrictLogsL4RecoveryOfflinePressureArchive","Output":"=== RUN   TestStrictLogsL4RecoveryOfflinePressureArchive\n"}
{"Time":"2026-09-12T12:05:06.354271973-07:00","Action":"output","Package":"github.com/JDinSeattle/forge-runtime/scripts/faults/application","Test":"TestStrictLogsL4RecoveryOfflinePressureArchive","Output":"--- PASS: TestStrictLogsL4RecoveryOfflinePressureArchive (0.02s)\n"}
{"Time":"2026-09-12T12:05:06.354292066-07:00","Action":"pass","Package":"github.com/JDinSeattle/forge-runtime/scripts/faults/application","Test":"TestStrictLogsL4RecoveryOfflinePressureArchive","Elapsed":0.02}
{"Time":"2026-09-12T12:05:06.354299655-07:00","Action":"run","Package":"github.com/JDinSeattle/forge-runtime/scripts/faults/application","Test":"TestStrictLogsL4RecoveryOfflinePressureRefusals"}
{"Time":"2026-09-12T12:05:06.354301799-07:00","Action":"output","Package":"github.com/JDinSeattle/forge-runtime/scripts/faults/application","Test":"TestStrictLogsL4RecoveryOfflinePressureRefusals","Output":"=== RUN   TestStrictLogsL4RecoveryOfflinePressureRefusals\n"}
{"Time":"2026-09-12T12:05:06.354303859-07:00","Action":"run","Package":"github.com/JDinSeattle/forge-runtime/scripts/faults/application","Test":"TestStrictLogsL4RecoveryOfflinePressureRefusals/inode"}
{"Time":"2026-09-12T12:05:06.354305589-07:00","Action":"output","Package":"github.com/JDinSeattle/forge-runtime/scripts/faults/application","Test":"TestStrictLogsL4RecoveryOfflinePressureRefusals/inode","Output":"=== RUN   TestStrictLogsL4RecoveryOfflinePressureRefusals/inode\n"}
{"Time":"2026-09-12T12:05:06.354536083-07:00","Action":"output","Package":"github.com/JDinSeattle/forge-runtime/scripts/faults/application","Test":"TestStrictLogsL4RecoveryOfflinePressureRefusals/inode","Output":"--- PASS: TestStrictLogsL4RecoveryOfflinePressureRefusals/inode (0.00s)\n"}
{"Time":"2026-09-12T12:05:06.354540358-07:00","Action":"pass","Package":"github.com/JDinSeattle/forge-runtime/scripts/faults/application","Test":"TestStrictLogsL4RecoveryOfflinePressureRefusals/inode","Elapsed":0}
{"Time":"2026-09-12T12:05:06.354543051-07:00","Action":"run","Package":"github.com/JDinSeattle/forge-runtime/scripts/faults/application","Test":"TestStrictLogsL4RecoveryOfflinePressureRefusals/device"}
{"Time":"2026-09-12T12:05:06.354544783-07:00","Action":"output","Package":"github.com/JDinSeattle/forge-runtime/scripts/faults/application","Test":"TestStrictLogsL4RecoveryOfflinePressureRefusals/device","Output":"=== RUN   TestStrictLogsL4RecoveryOfflinePressureRefusals/device\n"}
{"Time":"2026-09-12T12:05:06.354697213-07:00","Action":"output","Package":"github.com/JDinSeattle/forge-runtime/scripts/faults/application","Test":"TestStrictLogsL4RecoveryOfflinePressureRefusals/device","Output":"--- PASS: TestStrictLogsL4RecoveryOfflinePressureRefusals/device (0.00s)\n"}
{"Time":"2026-09-12T12:05:06.354700422-07:00","Action":"pass","Package":"github.com/JDinSeattle/forge-runtime/scripts/faults/application","Test":"TestStrictLogsL4RecoveryOfflinePressureRefusals/device","Elapsed":0}
{"Time":"2026-09-12T12:05:06.354702905-07:00","Action":"run","Package":"github.com/JDinSeattle/forge-runtime/scripts/faults/application","Test":"TestStrictLogsL4RecoveryOfflinePressureRefusals/uid"}
{"Time":"2026-09-12T12:05:06.354704588-07:00","Action":"output","Package":"github.com/JDinSeattle/forge-runtime/scripts/faults/application","Test":"TestStrictLogsL4RecoveryOfflinePressureRefusals/uid","Output":"=== RUN   TestStrictLogsL4RecoveryOfflinePressureRefusals/uid\n"}
{"Time":"2026-09-12T12:05:06.354844783-07:00","Action":"output","Package":"github.com/JDinSeattle/forge-runtime/scripts/faults/application","Test":"TestStrictLogsL4RecoveryOfflinePressureRefusals/uid","Output":"--- PASS: TestStrictLogsL4RecoveryOfflinePressureRefusals/uid (0.00s)\n"}
{"Time":"2026-09-12T12:05:06.354847913-07:00","Action":"pass","Package":"github.com/JDinSeattle/forge-runtime/scripts/faults/application","Test":"TestStrictLogsL4RecoveryOfflinePressureRefusals/uid","Elapsed":0}
{"Time":"2026-09-12T12:05:06.354850406-07:00","Action":"run","Package":"github.com/JDinSeattle/forge-runtime/scripts/faults/application","Test":"TestStrictLogsL4RecoveryOfflinePressureRefusals/size"}
{"Time":"2026-09-12T12:05:06.354852144-07:00","Action":"output","Package":"github.com/JDinSeattle/forge-runtime/scripts/faults/application","Test":"TestStrictLogsL4RecoveryOfflinePressureRefusals/size","Output":"=== RUN   TestStrictLogsL4RecoveryOfflinePressureRefusals/size\n"}
{"Time":"2026-09-12T12:05:06.354994339-07:00","Action":"output","Package":"github.com/JDinSeattle/forge-runtime/scripts/faults/application","Test":"TestStrictLogsL4RecoveryOfflinePressureRefusals/size","Output":"--- PASS: TestStrictLogsL4RecoveryOfflinePressureRefusals/size (0.00s)\n"}
{"Time":"2026-09-12T12:05:06.354997004-07:00","Action":"pass","Package":"github.com/JDinSeattle/forge-runtime/scripts/faults/application","Test":"TestStrictLogsL4RecoveryOfflinePressureRefusals/size","Elapsed":0}
{"Time":"2026-09-12T12:05:06.354999522-07:00","Action":"run","Package":"github.com/JDinSeattle/forge-runtime/scripts/faults/application","Test":"TestStrictLogsL4RecoveryOfflinePressureRefusals/content"}
{"Time":"2026-09-12T12:05:06.355001126-07:00","Action":"output","Package":"github.com/JDinSeattle/forge-runtime/scripts/faults/application","Test":"TestStrictLogsL4RecoveryOfflinePressureRefusals/content","Output":"=== RUN   TestStrictLogsL4RecoveryOfflinePressureRefusals/content\n"}
{"Time":"2026-09-12T12:05:06.355341243-07:00","Action":"output","Package":"github.com/JDinSeattle/forge-runtime/scripts/faults/application","Test":"TestStrictLogsL4RecoveryOfflinePressureRefusals/content","Output":"--- PASS: TestStrictLogsL4RecoveryOfflinePressureRefusals/content (0.00s)\n"}
{"Time":"2026-09-12T12:05:06.355344758-07:00","Action":"pass","Package":"github.com/JDinSeattle/forge-runtime/scripts/faults/application","Test":"TestStrictLogsL4RecoveryOfflinePressureRefusals/content","Elapsed":0}
{"Time":"2026-09-12T12:05:06.355355708-07:00","Action":"run","Package":"github.com/JDinSeattle/forge-runtime/scripts/faults/application","Test":"TestStrictLogsL4RecoveryOfflinePressureRefusals/hardlink"}
{"Time":"2026-09-12T12:05:06.355357493-07:00","Action":"output","Package":"github.com/JDinSeattle/forge-runtime/scripts/faults/application","Test":"TestStrictLogsL4RecoveryOfflinePressureRefusals/hardlink","Output":"=== RUN   TestStrictLogsL4RecoveryOfflinePressureRefusals/hardlink\n"}
{"Time":"2026-09-12T12:05:06.355694508-07:00","Action":"output","Package":"github.com/JDinSeattle/forge-runtime/scripts/faults/application","Test":"TestStrictLogsL4RecoveryOfflinePressureRefusals/hardlink","Output":"--- PASS: TestStrictLogsL4RecoveryOfflinePressureRefusals/hardlink (0.00s)\n"}
{"Time":"2026-09-12T12:05:06.355701202-07:00","Action":"pass","Package":"github.com/JDinSeattle/forge-runtime/scripts/faults/application","Test":"TestStrictLogsL4RecoveryOfflinePressureRefusals/hardlink","Elapsed":0}
{"Time":"2026-09-12T12:05:06.355703678-07:00","Action":"run","Package":"github.com/JDinSeattle/forge-runtime/scripts/faults/application","Test":"TestStrictLogsL4RecoveryOfflinePressureRefusals/file_symlink"}
{"Time":"2026-09-12T12:05:06.355705468-07:00","Action":"output","Package":"github.com/JDinSeattle/forge-runtime/scripts/faults/application","Test":"TestStrictLogsL4RecoveryOfflinePressureRefusals/file_symlink","Output":"=== RUN   TestStrictLogsL4RecoveryOfflinePressureRefusals/file_symlink\n"}
{"Time":"2026-09-12T12:05:06.355877506-07:00","Action":"output","Package":"github.com/JDinSeattle/forge-runtime/scripts/faults/application","Test":"TestStrictLogsL4RecoveryOfflinePressureRefusals/file_symlink","Output":"--- PASS: TestStrictLogsL4RecoveryOfflinePressureRefusals/file_symlink (0.00s)\n"}
{"Time":"2026-09-12T12:05:06.355880396-07:00","Action":"pass","Package":"github.com/JDinSeattle/forge-runtime/scripts/faults/application","Test":"TestStrictLogsL4RecoveryOfflinePressureRefusals/file_symlink","Elapsed":0}
{"Time":"2026-09-12T12:05:06.355882779-07:00","Action":"run","Package":"github.com/JDinSeattle/forge-runtime/scripts/faults/application","Test":"TestStrictLogsL4RecoveryOfflinePressureRefusals/ancestor_symlink"}
{"Time":"2026-09-12T12:05:06.355884514-07:00","Action":"output","Package":"github.com/JDinSeattle/forge-runtime/scripts/faults/application","Test":"TestStrictLogsL4RecoveryOfflinePressureRefusals/ancestor_symlink","Output":"=== RUN   TestStrictLogsL4RecoveryOfflinePressureRefusals/ancestor_symlink\n"}
{"Time":"2026-09-12T12:05:06.35603867-07:00","Action":"output","Package":"github.com/JDinSeattle/forge-runtime/scripts/faults/application","Test":"TestStrictLogsL4RecoveryOfflinePressureRefusals/ancestor_symlink","Output":"--- PASS: TestStrictLogsL4RecoveryOfflinePressureRefusals/ancestor_symlink (0.00s)\n"}
{"Time":"2026-09-12T12:05:06.35604141-07:00","Action":"pass","Package":"github.com/JDinSeattle/forge-runtime/scripts/faults/application","Test":"TestStrictLogsL4RecoveryOfflinePressureRefusals/ancestor_symlink","Elapsed":0}
{"Time":"2026-09-12T12:05:06.356043766-07:00","Action":"run","Package":"github.com/JDinSeattle/forge-runtime/scripts/faults/application","Test":"TestStrictLogsL4RecoveryOfflinePressureRefusals/corrupt_archive"}
{"Time":"2026-09-12T12:05:06.356045566-07:00","Action":"output","Package":"github.com/JDinSeattle/forge-runtime/scripts/faults/application","Test":"TestStrictLogsL4RecoveryOfflinePressureRefusals/corrupt_archive","Output":"=== RUN   TestStrictLogsL4RecoveryOfflinePressureRefusals/corrupt_archive\n"}
{"Time":"2026-09-12T12:05:06.368905002-07:00","Action":"output","Package":"github.com/JDinSeattle/forge-runtime/scripts/faults/application","Test":"TestStrictLogsL4RecoveryOfflinePressureRefusals/corrupt_archive","Output":"--- PASS: TestStrictLogsL4RecoveryOfflinePressureRefusals/corrupt_archive (0.01s)\n"}
{"Time":"2026-09-12T12:05:06.368922553-07:00","Action":"pass","Package":"github.com/JDinSeattle/forge-runtime/scripts/faults/application","Test":"TestStrictLogsL4RecoveryOfflinePressureRefusals/corrupt_archive","Elapsed":0.01}
{"Time":"2026-09-12T12:05:06.36892774-07:00","Action":"run","Package":"github.com/JDinSeattle/forge-runtime/scripts/faults/application","Test":"TestStrictLogsL4RecoveryOfflinePressureRefusals/changed_after_archive"}
{"Time":"2026-09-12T12:05:06.368929259-07:00","Action":"output","Package":"github.com/JDinSeattle/forge-runtime/scripts/faults/application","Test":"TestStrictLogsL4RecoveryOfflinePressureRefusals/changed_after_archive","Output":"=== RUN   TestStrictLogsL4RecoveryOfflinePressureRefusals/changed_after_archive\n"}
{"Time":"2026-09-12T12:05:06.382377899-07:00","Action":"output","Package":"github.com/JDinSeattle/forge-runtime/scripts/faults/application","Test":"TestStrictLogsL4RecoveryOfflinePressureRefusals/changed_after_archive","Output":"--- PASS: TestStrictLogsL4RecoveryOfflinePressureRefusals/changed_after_archive (0.01s)\n"}
{"Time":"2026-09-12T12:05:06.382397753-07:00","Action":"pass","Package":"github.com/JDinSeattle/forge-runtime/scripts/faults/application","Test":"TestStrictLogsL4RecoveryOfflinePressureRefusals/changed_after_archive","Elapsed":0.01}
{"Time":"2026-09-12T12:05:06.382404607-07:00","Action":"run","Package":"github.com/JDinSeattle/forge-runtime/scripts/faults/application","Test":"TestStrictLogsL4RecoveryOfflinePressureRefusals/replaced_after_archive"}
{"Time":"2026-09-12T12:05:06.382407455-07:00","Action":"output","Package":"github.com/JDinSeattle/forge-runtime/scripts/faults/application","Test":"TestStrictLogsL4RecoveryOfflinePressureRefusals/replaced_after_archive","Output":"=== RUN   TestStrictLogsL4RecoveryOfflinePressureRefusals/replaced_after_archive\n"}
{"Time":"2026-09-12T12:05:06.396402948-07:00","Action":"output","Package":"github.com/JDinSeattle/forge-runtime/scripts/faults/application","Test":"TestStrictLogsL4RecoveryOfflinePressureRefusals/replaced_after_archive","Output":"--- PASS: TestStrictLogsL4RecoveryOfflinePressureRefusals/replaced_after_archive (0.01s)\n"}
{"Time":"2026-09-12T12:05:06.396423834-07:00","Action":"pass","Package":"github.com/JDinSeattle/forge-runtime/scripts/faults/application","Test":"TestStrictLogsL4RecoveryOfflinePressureRefusals/replaced_after_archive","Elapsed":0.01}
{"Time":"2026-09-12T12:05:06.396431243-07:00","Action":"run","Package":"github.com/JDinSeattle/forge-runtime/scripts/faults/application","Test":"TestStrictLogsL4RecoveryOfflinePressureRefusals/partial_archive"}
{"Time":"2026-09-12T12:05:06.396433812-07:00","Action":"output","Package":"github.com/JDinSeattle/forge-runtime/scripts/faults/application","Test":"TestStrictLogsL4RecoveryOfflinePressureRefusals/partial_archive","Output":"=== RUN   TestStrictLogsL4RecoveryOfflinePressureRefusals/partial_archive\n"}
{"Time":"2026-09-12T12:05:06.396718943-07:00","Action":"output","Package":"github.com/JDinSeattle/forge-runtime/scripts/faults/application","Test":"TestStrictLogsL4RecoveryOfflinePressureRefusals/partial_archive","Output":"--- PASS: TestStrictLogsL4RecoveryOfflinePressureRefusals/partial_archive (0.00s)\n"}
{"Time":"2026-09-12T12:05:06.396724218-07:00","Action":"pass","Package":"github.com/JDinSeattle/forge-runtime/scripts/faults/application","Test":"TestStrictLogsL4RecoveryOfflinePressureRefusals/partial_archive","Elapsed":0}
{"Time":"2026-09-12T12:05:06.396727804-07:00","Action":"run","Package":"github.com/JDinSeattle/forge-runtime/scripts/faults/application","Test":"TestStrictLogsL4RecoveryOfflinePressureRefusals/wrong_name"}
{"Time":"2026-09-12T12:05:06.396730282-07:00","Action":"output","Package":"github.com/JDinSeattle/forge-runtime/scripts/faults/application","Test":"TestStrictLogsL4RecoveryOfflinePressureRefusals/wrong_name","Output":"=== RUN   TestStrictLogsL4RecoveryOfflinePressureRefusals/wrong_name\n"}
{"Time":"2026-09-12T12:05:06.397119072-07:00","Action":"output","Package":"github.com/JDinSeattle/forge-runtime/scripts/faults/application","Test":"TestStrictLogsL4RecoveryOfflinePressureRefusals/wrong_name","Output":"--- PASS: TestStrictLogsL4RecoveryOfflinePressureRefusals/wrong_name (0.00s)\n"}
{"Time":"2026-09-12T12:05:06.397130599-07:00","Action":"pass","Package":"github.com/JDinSeattle/forge-runtime/scripts/faults/application","Test":"TestStrictLogsL4RecoveryOfflinePressureRefusals/wrong_name","Elapsed":0}
{"Time":"2026-09-12T12:05:06.397133666-07:00","Action":"output","Package":"github.com/JDinSeattle/forge-runtime/scripts/faults/application","Test":"TestStrictLogsL4RecoveryOfflinePressureRefusals","Output":"--- PASS: TestStrictLogsL4RecoveryOfflinePressureRefusals (0.04s)\n"}
{"Time":"2026-09-12T12:05:06.397136503-07:00","Action":"pass","Package":"github.com/JDinSeattle/forge-runtime/scripts/faults/application","Test":"TestStrictLogsL4RecoveryOfflinePressureRefusals","Elapsed":0.04}
{"Time":"2026-09-12T12:05:06.397141961-07:00","Action":"run","Package":"github.com/JDinSeattle/forge-runtime/scripts/faults/application","Test":"TestStrictLogsL4RecoveryOfflineRPCFence"}
{"Time":"2026-09-12T12:05:06.39714427-07:00","Action":"output","Package":"github.com/JDinSeattle/forge-runtime/scripts/faults/application","Test":"TestStrictLogsL4RecoveryOfflineRPCFence","Output":"=== RUN   TestStrictLogsL4RecoveryOfflineRPCFence\n"}
{"Time":"2026-09-12T12:05:06.397150364-07:00","Action":"output","Package":"github.com/JDinSeattle/forge-runtime/scripts/faults/application","Test":"TestStrictLogsL4RecoveryOfflineRPCFence","Output":"--- PASS: TestStrictLogsL4RecoveryOfflineRPCFence (0.00s)\n"}
{"Time":"2026-09-12T12:05:06.39715202-07:00","Action":"pass","Package":"github.com/JDinSeattle/forge-runtime/scripts/faults/application","Test":"TestStrictLogsL4RecoveryOfflineRPCFence","Elapsed":0}
{"Time":"2026-09-12T12:05:06.397156993-07:00","Action":"run","Package":"github.com/JDinSeattle/forge-runtime/scripts/faults/application","Test":"TestStrictLogsL4RecoveryOfflineJournalContract"}
{"Time":"2026-09-12T12:05:06.397158067-07:00","Action":"output","Package":"github.com/JDinSeattle/forge-runtime/scripts/faults/application","Test":"TestStrictLogsL4RecoveryOfflineJournalContract","Output":"=== RUN   TestStrictLogsL4RecoveryOfflineJournalContract\n"}
{"Time":"2026-09-12T12:05:06.397726612-07:00","Action":"run","Package":"github.com/JDinSeattle/forge-runtime/scripts/faults/application","Test":"TestStrictLogsL4RecoveryOfflineJournalContract/new_operation"}
{"Time":"2026-09-12T12:05:06.397727791-07:00","Action":"output","Package":"github.com/JDinSeattle/forge-runtime/scripts/faults/application","Test":"TestStrictLogsL4RecoveryOfflineJournalContract/new_operation","Output":"=== RUN   TestStrictLogsL4RecoveryOfflineJournalContract/new_operation\n"}
{"Time":"2026-09-12T12:05:06.397756505-07:00","Action":"output","Package":"github.com/JDinSeattle/forge-runtime/scripts/faults/application","Test":"TestStrictLogsL4RecoveryOfflineJournalContract/new_operation","Output":"--- PASS: TestStrictLogsL4RecoveryOfflineJournalContract/new_operation (0.00s)\n"}
{"Time":"2026-09-12T12:05:06.397758261-07:00","Action":"pass","Package":"github.com/JDinSeattle/forge-runtime/scripts/faults/application","Test":"TestStrictLogsL4RecoveryOfflineJournalContract/new_operation","Elapsed":0}
{"Time":"2026-09-12T12:05:06.397761456-07:00","Action":"run","Package":"github.com/JDinSeattle/forge-runtime/scripts/faults/application","Test":"TestStrictLogsL4RecoveryOfflineJournalContract/replaced_id"}
{"Time":"2026-09-12T12:05:06.397762487-07:00","Action":"output","Package":"github.com/JDinSeattle/forge-runtime/scripts/faults/application","Test":"TestStrictLogsL4RecoveryOfflineJournalContract/replaced_id","Output":"=== RUN   TestStrictLogsL4RecoveryOfflineJournalContract/replaced_id\n"}
{"Time":"2026-09-12T12:05:06.397788783-07:00","Action":"output","Package":"github.com/JDinSeattle/forge-runtime/scripts/faults/application","Test":"TestStrictLogsL4RecoveryOfflineJournalContract/replaced_id","Output":"--- PASS: TestStrictLogsL4RecoveryOfflineJournalContract/replaced_id (0.00s)\n"}
{"Time":"2026-09-12T12:05:06.397790088-07:00","Action":"pass","Package":"github.com/JDinSeattle/forge-runtime/scripts/faults/application","Test":"TestStrictLogsL4RecoveryOfflineJournalContract/replaced_id","Elapsed":0}
{"Time":"2026-09-12T12:05:06.397793214-07:00","Action":"run","Package":"github.com/JDinSeattle/forge-runtime/scripts/faults/application","Test":"TestStrictLogsL4RecoveryOfflineJournalContract/rebound_intent"}
{"Time":"2026-09-12T12:05:06.397796679-07:00","Action":"output","Package":"github.com/JDinSeattle/forge-runtime/scripts/faults/application","Test":"TestStrictLogsL4RecoveryOfflineJournalContract/rebound_intent","Output":"=== RUN   TestStrictLogsL4RecoveryOfflineJournalContract/rebound_intent\n"}
{"Time":"2026-09-12T12:05:06.397820113-07:00","Action":"output","Package":"github.com/JDinSeattle/forge-runtime/scripts/faults/application","Test":"TestStrictLogsL4RecoveryOfflineJournalContract/rebound_intent","Output":"--- PASS: TestStrictLogsL4RecoveryOfflineJournalContract/rebound_intent (0.00s)\n"}
{"Time":"2026-09-12T12:05:06.397822637-07:00","Action":"pass","Package":"github.com/JDinSeattle/forge-runtime/scripts/faults/application","Test":"TestStrictLogsL4RecoveryOfflineJournalContract/rebound_intent","Elapsed":0}
{"Time":"2026-09-12T12:05:06.397824258-07:00","Action":"run","Package":"github.com/JDinSeattle/forge-runtime/scripts/faults/application","Test":"TestStrictLogsL4RecoveryOfflineJournalContract/new_job"}
{"Time":"2026-09-12T12:05:06.39782645-07:00","Action":"output","Package":"github.com/JDinSeattle/forge-runtime/scripts/faults/application","Test":"TestStrictLogsL4RecoveryOfflineJournalContract/new_job","Output":"=== RUN   TestStrictLogsL4RecoveryOfflineJournalContract/new_job\n"}
{"Time":"2026-09-12T12:05:06.397843435-07:00","Action":"output","Package":"github.com/JDinSeattle/forge-runtime/scripts/faults/application","Test":"TestStrictLogsL4RecoveryOfflineJournalContract/new_job","Output":"--- PASS: TestStrictLogsL4RecoveryOfflineJournalContract/new_job (0.00s)\n"}
{"Time":"2026-09-12T12:05:06.397844791-07:00","Action":"pass","Package":"github.com/JDinSeattle/forge-runtime/scripts/faults/application","Test":"TestStrictLogsL4RecoveryOfflineJournalContract/new_job","Elapsed":0}
{"Time":"2026-09-12T12:05:06.397846392-07:00","Action":"run","Package":"github.com/JDinSeattle/forge-runtime/scripts/faults/application","Test":"TestStrictLogsL4RecoveryOfflineJournalContract/foreign_change"}
{"Time":"2026-09-12T12:05:06.397847499-07:00","Action":"output","Package":"github.com/JDinSeattle/forge-runtime/scripts/faults/application","Test":"TestStrictLogsL4RecoveryOfflineJournalContract/foreign_change","Output":"=== RUN   TestStrictLogsL4RecoveryOfflineJournalContract/foreign_change\n"}
{"Time":"2026-09-12T12:05:06.397878888-07:00","Action":"output","Package":"github.com/JDinSeattle/forge-runtime/scripts/faults/application","Test":"TestStrictLogsL4RecoveryOfflineJournalContract/foreign_change","Output":"--- PASS: TestStrictLogsL4RecoveryOfflineJournalContract/foreign_change (0.00s)\n"}
{"Time":"2026-09-12T12:05:06.397880218-07:00","Action":"pass","Package":"github.com/JDinSeattle/forge-runtime/scripts/faults/application","Test":"TestStrictLogsL4RecoveryOfflineJournalContract/foreign_change","Elapsed":0}
{"Time":"2026-09-12T12:05:06.397881722-07:00","Action":"run","Package":"github.com/JDinSeattle/forge-runtime/scripts/faults/application","Test":"TestStrictLogsL4RecoveryOfflineJournalContract/refund"}
{"Time":"2026-09-12T12:05:06.397882756-07:00","Action":"output","Package":"github.com/JDinSeattle/forge-runtime/scripts/faults/application","Test":"TestStrictLogsL4RecoveryOfflineJournalContract/refund","Output":"=== RUN   TestStrictLogsL4RecoveryOfflineJournalContract/refund\n"}
{"Time":"2026-09-12T12:05:06.397910248-07:00","Action":"output","Package":"github.com/JDinSeattle/forge-runtime/scripts/faults/application","Test":"TestStrictLogsL4RecoveryOfflineJournalContract/refund","Output":"--- PASS: TestStrictLogsL4RecoveryOfflineJournalContract/refund (0.00s)\n"}
{"Time":"2026-09-12T12:05:06.397912068-07:00","Action":"pass","Package":"github.com/JDinSeattle/forge-runtime/scripts/faults/application","Test":"TestStrictLogsL4RecoveryOfflineJournalContract/refund","Elapsed":0}
{"Time":"2026-09-12T12:05:06.397913637-07:00","Action":"run","Package":"github.com/JDinSeattle/forge-runtime/scripts/faults/application","Test":"TestStrictLogsL4RecoveryOfflineJournalContract/uuid"}
{"Time":"2026-09-12T12:05:06.397914697-07:00","Action":"output","Package":"github.com/JDinSeattle/forge-runtime/scripts/faults/application","Test":"TestStrictLogsL4RecoveryOfflineJournalContract/uuid","Output":"=== RUN   TestStrictLogsL4RecoveryOfflineJournalContract/uuid\n"}
{"Time":"2026-09-12T12:05:06.39793204-07:00","Action":"output","Package":"github.com/JDinSeattle/forge-runtime/scripts/faults/application","Test":"TestStrictLogsL4RecoveryOfflineJournalContract/uuid","Output":"--- PASS: TestStrictLogsL4RecoveryOfflineJournalContract/uuid (0.00s)\n"}
{"Time":"2026-09-12T12:05:06.39793415-07:00","Action":"pass","Package":"github.com/JDinSeattle/forge-runtime/scripts/faults/application","Test":"TestStrictLogsL4RecoveryOfflineJournalContract/uuid","Elapsed":0}
{"Time":"2026-09-12T12:05:06.39793585-07:00","Action":"output","Package":"github.com/JDinSeattle/forge-runtime/scripts/faults/application","Test":"TestStrictLogsL4RecoveryOfflineJournalContract","Output":"--- PASS: TestStrictLogsL4RecoveryOfflineJournalContract (0.00s)\n"}
{"Time":"2026-09-12T12:05:06.397937102-07:00","Action":"pass","Package":"github.com/JDinSeattle/forge-runtime/scripts/faults/application","Test":"TestStrictLogsL4RecoveryOfflineJournalContract","Elapsed":0}
{"Time":"2026-09-12T12:05:06.397938273-07:00","Action":"run","Package":"github.com/JDinSeattle/forge-runtime/scripts/faults/application","Test":"TestStrictLogsL4RecoveryOfflineSnapshotContract"}
{"Time":"2026-09-12T12:05:06.397939291-07:00","Action":"output","Package":"github.com/JDinSeattle/forge-runtime/scripts/faults/application","Test":"TestStrictLogsL4RecoveryOfflineSnapshotContract","Output":"=== RUN   TestStrictLogsL4RecoveryOfflineSnapshotContract\n"}
{"Time":"2026-09-12T12:05:06.397990885-07:00","Action":"run","Package":"github.com/JDinSeattle/forge-runtime/scripts/faults/application","Test":"TestStrictLogsL4RecoveryOfflineSnapshotContract/foreign"}
{"Time":"2026-09-12T12:05:06.397991984-07:00","Action":"output","Package":"github.com/JDinSeattle/forge-runtime/scripts/faults/application","Test":"TestStrictLogsL4RecoveryOfflineSnapshotContract/foreign","Output":"=== RUN   TestStrictLogsL4RecoveryOfflineSnapshotContract/foreign\n"}
{"Time":"2026-09-12T12:05:06.398014744-07:00","Action":"output","Package":"github.com/JDinSeattle/forge-runtime/scripts/faults/application","Test":"TestStrictLogsL4RecoveryOfflineSnapshotContract/foreign","Output":"--- PASS: TestStrictLogsL4RecoveryOfflineSnapshotContract/foreign (0.00s)\n"}
{"Time":"2026-09-12T12:05:06.398016099-07:00","Action":"pass","Package":"github.com/JDinSeattle/forge-runtime/scripts/faults/application","Test":"TestStrictLogsL4RecoveryOfflineSnapshotContract/foreign","Elapsed":0}
{"Time":"2026-09-12T12:05:06.398017621-07:00","Action":"run","Package":"github.com/JDinSeattle/forge-runtime/scripts/faults/application","Test":"TestStrictLogsL4RecoveryOfflineSnapshotContract/epoch"}
{"Time":"2026-09-12T12:05:06.398018711-07:00","Action":"output","Package":"github.com/JDinSeattle/forge-runtime/scripts/faults/application","Test":"TestStrictLogsL4RecoveryOfflineSnapshotContract/epoch","Output":"=== RUN   TestStrictLogsL4RecoveryOfflineSnapshotContract/epoch\n"}
{"Time":"2026-09-12T12:05:06.398038255-07:00","Action":"output","Package":"github.com/JDinSeattle/forge-runtime/scripts/faults/application","Test":"TestStrictLogsL4RecoveryOfflineSnapshotContract/epoch","Output":"--- PASS: TestStrictLogsL4RecoveryOfflineSnapshotContract/epoch (0.00s)\n"}
{"Time":"2026-09-12T12:05:06.398039627-07:00","Action":"pass","Package":"github.com/JDinSeattle/forge-runtime/scripts/faults/application","Test":"TestStrictLogsL4RecoveryOfflineSnapshotContract/epoch","Elapsed":0}
{"Time":"2026-09-12T12:05:06.398041169-07:00","Action":"run","Package":"github.com/JDinSeattle/forge-runtime/scripts/faults/application","Test":"TestStrictLogsL4RecoveryOfflineSnapshotContract/content"}
{"Time":"2026-09-12T12:05:06.398042163-07:00","Action":"output","Package":"github.com/JDinSeattle/forge-runtime/scripts/faults/application","Test":"TestStrictLogsL4RecoveryOfflineSnapshotContract/content","Output":"=== RUN   TestStrictLogsL4RecoveryOfflineSnapshotContract/content\n"}
{"Time":"2026-09-12T12:05:06.398058045-07:00","Action":"output","Package":"github.com/JDinSeattle/forge-runtime/scripts/faults/application","Test":"TestStrictLogsL4RecoveryOfflineSnapshotContract/content","Output":"--- PASS: TestStrictLogsL4RecoveryOfflineSnapshotContract/content (0.00s)\n"}
{"Time":"2026-09-12T12:05:06.398059363-07:00","Action":"pass","Package":"github.com/JDinSeattle/forge-runtime/scripts/faults/application","Test":"TestStrictLogsL4RecoveryOfflineSnapshotContract/content","Elapsed":0}
{"Time":"2026-09-12T12:05:06.398061478-07:00","Action":"run","Package":"github.com/JDinSeattle/forge-runtime/scripts/faults/application","Test":"TestStrictLogsL4RecoveryOfflineSnapshotContract/extra"}
{"Time":"2026-09-12T12:05:06.398062523-07:00","Action":"output","Package":"github.com/JDinSeattle/forge-runtime/scripts/faults/application","Test":"TestStrictLogsL4RecoveryOfflineSnapshotContract/extra","Output":"=== RUN   TestStrictLogsL4RecoveryOfflineSnapshotContract/extra\n"}
{"Time":"2026-09-12T12:05:06.398079721-07:00","Action":"output","Package":"github.com/JDinSeattle/forge-runtime/scripts/faults/application","Test":"TestStrictLogsL4RecoveryOfflineSnapshotContract/extra","Output":"--- PASS: TestStrictLogsL4RecoveryOfflineSnapshotContract/extra (0.00s)\n"}
{"Time":"2026-09-12T12:05:06.398084177-07:00","Action":"pass","Package":"github.com/JDinSeattle/forge-runtime/scripts/faults/application","Test":"TestStrictLogsL4RecoveryOfflineSnapshotContract/extra","Elapsed":0}
{"Time":"2026-09-12T12:05:06.398086608-07:00","Action":"run","Package":"github.com/JDinSeattle/forge-runtime/scripts/faults/application","Test":"TestStrictLogsL4RecoveryOfflineSnapshotContract/executable"}
{"Time":"2026-09-12T12:05:06.398087634-07:00","Action":"output","Package":"github.com/JDinSeattle/forge-runtime/scripts/faults/application","Test":"TestStrictLogsL4RecoveryOfflineSnapshotContract/executable","Output":"=== RUN   TestStrictLogsL4RecoveryOfflineSnapshotContract/executable\n"}
{"Time":"2026-09-12T12:05:06.398098948-07:00","Action":"output","Package":"github.com/JDinSeattle/forge-runtime/scripts/faults/application","Test":"TestStrictLogsL4RecoveryOfflineSnapshotContract/executable","Output":"--- PASS: TestStrictLogsL4RecoveryOfflineSnapshotContract/executable (0.00s)\n"}
{"Time":"2026-09-12T12:05:06.398100262-07:00","Action":"pass","Package":"github.com/JDinSeattle/forge-runtime/scripts/faults/application","Test":"TestStrictLogsL4RecoveryOfflineSnapshotContract/executable","Elapsed":0}
{"Time":"2026-09-12T12:05:06.398102265-07:00","Action":"output","Package":"github.com/JDinSeattle/forge-runtime/scripts/faults/application","Test":"TestStrictLogsL4RecoveryOfflineSnapshotContract","Output":"--- PASS: TestStrictLogsL4RecoveryOfflineSnapshotContract (0.00s)\n"}
{"Time":"2026-09-12T12:05:06.398103472-07:00","Action":"pass","Package":"github.com/JDinSeattle/forge-runtime/scripts/faults/application","Test":"TestStrictLogsL4RecoveryOfflineSnapshotContract","Elapsed":0}
{"Time":"2026-09-12T12:05:06.398104631-07:00","Action":"run","Package":"github.com/JDinSeattle/forge-runtime/scripts/faults/application","Test":"TestStrictLogsL4RecoveryOfflineTerminalContract"}
{"Time":"2026-09-12T12:05:06.398105654-07:00","Action":"output","Package":"github.com/JDinSeattle/forge-runtime/scripts/faults/application","Test":"TestStrictLogsL4RecoveryOfflineTerminalContract","Output":"=== RUN   TestStrictLogsL4RecoveryOfflineTerminalContract\n"}
{"Time":"2026-09-12T12:05:06.398108812-07:00","Action":"run","Package":"github.com/JDinSeattle/forge-runtime/scripts/faults/application","Test":"TestStrictLogsL4RecoveryOfflineTerminalContract/not_terminal"}
{"Time":"2026-09-12T12:05:06.398109871-07:00","Action":"output","Package":"github.com/JDinSeattle/forge-runtime/scripts/faults/application","Test":"TestStrictLogsL4RecoveryOfflineTerminalContract/not_terminal","Output":"=== RUN   TestStrictLogsL4RecoveryOfflineTerminalContract/not_terminal\n"}
{"Time":"2026-09-12T12:05:06.39811161-07:00","Action":"output","Package":"github.com/JDinSeattle/forge-runtime/scripts/faults/application","Test":"TestStrictLogsL4RecoveryOfflineTerminalContract/not_terminal","Output":"--- PASS: TestStrictLogsL4RecoveryOfflineTerminalContract/not_terminal (0.00s)\n"}
{"Time":"2026-09-12T12:05:06.398113165-07:00","Action":"pass","Package":"github.com/JDinSeattle/forge-runtime/scripts/faults/application","Test":"TestStrictLogsL4RecoveryOfflineTerminalContract/not_terminal","Elapsed":0}
{"Time":"2026-09-12T12:05:06.398115499-07:00","Action":"run","Package":"github.com/JDinSeattle/forge-runtime/scripts/faults/application","Test":"TestStrictLogsL4RecoveryOfflineTerminalContract/deadline"}
{"Time":"2026-09-12T12:05:06.398116497-07:00","Action":"output","Package":"github.com/JDinSeattle/forge-runtime/scripts/faults/application","Test":"TestStrictLogsL4RecoveryOfflineTerminalContract/deadline","Output":"=== RUN   TestStrictLogsL4RecoveryOfflineTerminalContract/deadline\n"}
{"Time":"2026-09-12T12:05:06.398118219-07:00","Action":"output","Package":"github.com/JDinSeattle/forge-runtime/scripts/faults/application","Test":"TestStrictLogsL4RecoveryOfflineTerminalContract/deadline","Output":"--- PASS: TestStrictLogsL4RecoveryOfflineTerminalContract/deadline (0.00s)\n"}
{"Time":"2026-09-12T12:05:06.398119799-07:00","Action":"pass","Package":"github.com/JDinSeattle/forge-runtime/scripts/faults/application","Test":"TestStrictLogsL4RecoveryOfflineTerminalContract/deadline","Elapsed":0}
{"Time":"2026-09-12T12:05:06.398121302-07:00","Action":"run","Package":"github.com/JDinSeattle/forge-runtime/scripts/faults/application","Test":"TestStrictLogsL4RecoveryOfflineTerminalContract/fees"}
{"Time":"2026-09-12T12:05:06.398122326-07:00","Action":"output","Package":"github.com/JDinSeattle/forge-runtime/scripts/faults/application","Test":"TestStrictLogsL4RecoveryOfflineTerminalContract/fees","Output":"=== RUN   TestStrictLogsL4RecoveryOfflineTerminalContract/fees\n"}
{"Time":"2026-09-12T12:05:06.398124063-07:00","Action":"output","Package":"github.com/JDinSeattle/forge-runtime/scripts/faults/application","Test":"TestStrictLogsL4RecoveryOfflineTerminalContract/fees","Output":"--- PASS: TestStrictLogsL4RecoveryOfflineTerminalContract/fees (0.00s)\n"}
{"Time":"2026-09-12T12:05:06.398125262-07:00","Action":"pass","Package":"github.com/JDinSeattle/forge-runtime/scripts/faults/application","Test":"TestStrictLogsL4RecoveryOfflineTerminalContract/fees","Elapsed":0}
{"Time":"2026-09-12T12:05:06.398126738-07:00","Action":"run","Package":"github.com/JDinSeattle/forge-runtime/scripts/faults/application","Test":"TestStrictLogsL4RecoveryOfflineTerminalContract/retry"}
{"Time":"2026-09-12T12:05:06.398127745-07:00","Action":"output","Package":"github.com/JDinSeattle/forge-runtime/scripts/faults/application","Test":"TestStrictLogsL4RecoveryOfflineTerminalContract/retry","Output":"=== RUN   TestStrictLogsL4RecoveryOfflineTerminalContract/retry\n"}
{"Time":"2026-09-12T12:05:06.398129635-07:00","Action":"output","Package":"github.com/JDinSeattle/forge-runtime/scripts/faults/application","Test":"TestStrictLogsL4RecoveryOfflineTerminalContract/retry","Output":"--- PASS: TestStrictLogsL4RecoveryOfflineTerminalContract/retry (0.00s)\n"}
{"Time":"2026-09-12T12:05:06.398130841-07:00","Action":"pass","Package":"github.com/JDinSeattle/forge-runtime/scripts/faults/application","Test":"TestStrictLogsL4RecoveryOfflineTerminalContract/retry","Elapsed":0}
{"Time":"2026-09-12T12:05:06.398131975-07:00","Action":"run","Package":"github.com/JDinSeattle/forge-runtime/scripts/faults/application","Test":"TestStrictLogsL4RecoveryOfflineTerminalContract/trusted"}
{"Time":"2026-09-12T12:05:06.398132977-07:00","Action":"output","Package":"github.com/JDinSeattle/forge-runtime/scripts/faults/application","Test":"TestStrictLogsL4RecoveryOfflineTerminalContract/trusted","Output":"=== RUN   TestStrictLogsL4RecoveryOfflineTerminalContract/trusted\n"}
{"Time":"2026-09-12T12:05:06.398134727-07:00","Action":"output","Package":"github.com/JDinSeattle/forge-runtime/scripts/faults/application","Test":"TestStrictLogsL4RecoveryOfflineTerminalContract/trusted","Output":"--- PASS: TestStrictLogsL4RecoveryOfflineTerminalContract/trusted (0.00s)\n"}
{"Time":"2026-09-12T12:05:06.398135913-07:00","Action":"pass","Package":"github.com/JDinSeattle/forge-runtime/scripts/faults/application","Test":"TestStrictLogsL4RecoveryOfflineTerminalContract/trusted","Elapsed":0}
{"Time":"2026-09-12T12:05:06.398137006-07:00","Action":"run","Package":"github.com/JDinSeattle/forge-runtime/scripts/faults/application","Test":"TestStrictLogsL4RecoveryOfflineTerminalContract/unknown"}
{"Time":"2026-09-12T12:05:06.398138818-07:00","Action":"output","Package":"github.com/JDinSeattle/forge-runtime/scripts/faults/application","Test":"TestStrictLogsL4RecoveryOfflineTerminalContract/unknown","Output":"=== RUN   TestStrictLogsL4RecoveryOfflineTerminalContract/unknown\n"}
{"Time":"2026-09-12T12:05:06.398140576-07:00","Action":"output","Package":"github.com/JDinSeattle/forge-runtime/scripts/faults/application","Test":"TestStrictLogsL4RecoveryOfflineTerminalContract/unknown","Output":"--- PASS: TestStrictLogsL4RecoveryOfflineTerminalContract/unknown (0.00s)\n"}
{"Time":"2026-09-12T12:05:06.398141794-07:00","Action":"pass","Package":"github.com/JDinSeattle/forge-runtime/scripts/faults/application","Test":"TestStrictLogsL4RecoveryOfflineTerminalContract/unknown","Elapsed":0}
{"Time":"2026-09-12T12:05:06.39814309-07:00","Action":"output","Package":"github.com/JDinSeattle/forge-runtime/scripts/faults/application","Test":"TestStrictLogsL4RecoveryOfflineTerminalContract","Output":"--- PASS: TestStrictLogsL4RecoveryOfflineTerminalContract (0.00s)\n"}
{"Time":"2026-09-12T12:05:06.398144273-07:00","Action":"pass","Package":"github.com/JDinSeattle/forge-runtime/scripts/faults/application","Test":"TestStrictLogsL4RecoveryOfflineTerminalContract","Elapsed":0}
{"Time":"2026-09-12T12:05:06.398145727-07:00","Action":"run","Package":"github.com/JDinSeattle/forge-runtime/scripts/faults/application","Test":"TestStrictLogsL4Recovery"}
{"Time":"2026-09-12T12:05:06.398147868-07:00","Action":"output","Package":"github.com/JDinSeattle/forge-runtime/scripts/faults/application","Test":"TestStrictLogsL4Recovery","Output":"=== RUN   TestStrictLogsL4Recovery\n"}
{"Time":"2026-09-12T12:05:06.398151645-07:00","Action":"output","Package":"github.com/JDinSeattle/forge-runtime/scripts/faults/application","Test":"TestStrictLogsL4Recovery","Output":"    strict_logs_l4_recovery_test.go:109: operator-only retained L4 recovery; requires independent review and explicit dedicated fixture\n"}
{"Time":"2026-09-12T12:05:06.398157564-07:00","Action":"output","Package":"github.com/JDinSeattle/forge-runtime/scripts/faults/application","Test":"TestStrictLogsL4Recovery","Output":"--- SKIP: TestStrictLogsL4Recovery (0.00s)\n"}
{"Time":"2026-09-12T12:05:06.398158943-07:00","Action":"skip","Package":"github.com/JDinSeattle/forge-runtime/scripts/faults/application","Test":"TestStrictLogsL4Recovery","Elapsed":0}
{"Time":"2026-09-12T12:05:06.398163735-07:00","Action":"output","Package":"github.com/JDinSeattle/forge-runtime/scripts/faults/application","Output":"PASS\n"}
{"Time":"2026-09-12T12:05:06.399734909-07:00","Action":"output","Package":"github.com/JDinSeattle/forge-runtime/scripts/faults/application","Output":"ok  \tgithub.com/JDinSeattle/forge-runtime/scripts/faults/application\t0.930s\n"}
{"Time":"2026-09-12T12:05:06.399751904-07:00","Action":"pass","Package":"github.com/JDinSeattle/forge-runtime/scripts/faults/application","Elapsed":0.93}
