# github.com/JDinSeattle/forge-runtime/benchmarks/results/log-limits-e44/source-snapshot/internal/runnerclient [github.com/JDinSeattle/forge-runtime/benchmarks/results/log-limits-e44/source-snapshot/internal/runnerclient.test]
benchmarks/results/log-limits-e44/source-snapshot/internal/runnerclient/logs_test.go:21:15: undefined: operation
benchmarks/results/log-limits-e44/source-snapshot/internal/runnerclient/logs_test.go:28:20: undefined: fromOperation
# github.com/JDinSeattle/forge-runtime/benchmarks/results/log-limits-e44/source-snapshot/tests/review_test [github.com/JDinSeattle/forge-runtime/benchmarks/results/log-limits-e44/source-snapshot/tests/review.test]
benchmarks/results/log-limits-e44/source-snapshot/tests/review/upgrade_test.go:32:16: undefined: reviewDB
benchmarks/results/log-limits-e44/source-snapshot/tests/review/upgrade_test.go:88:7: undefined: seed
benchmarks/results/log-limits-e44/source-snapshot/tests/review/upgrade_test.go:89:2: undefined: exec
benchmarks/results/log-limits-e44/source-snapshot/tests/review/upgrade_test.go:90:2: undefined: exec
benchmarks/results/log-limits-e44/source-snapshot/tests/review/upgrade_test.go:91:2: undefined: exec
benchmarks/results/log-limits-e44/source-snapshot/tests/review/upgrade_test.go:92:2: undefined: exec
benchmarks/results/log-limits-e44/source-snapshot/tests/review/upgrade_test.go:179:3: undefined: recoveryJSON
benchmarks/results/log-limits-e44/source-snapshot/tests/review/upgrade_test.go:191:20: undefined: runnerFixture
benchmarks/results/log-limits-e44/source-snapshot/tests/review/upgrade_test.go:213:18: undefined: operation
benchmarks/results/log-limits-e44/source-snapshot/tests/review/upgrade_test.go:217:11: undefined: recoveryWait
benchmarks/results/log-limits-e44/source-snapshot/tests/review/upgrade_test.go:217:11: too many errors
# github.com/JDinSeattle/forge-runtime/benchmarks/results/log-limits-e44/source-snapshot/internal/application [github.com/JDinSeattle/forge-runtime/benchmarks/results/log-limits-e44/source-snapshot/internal/application.test]
benchmarks/results/log-limits-e44/source-snapshot/internal/application/driver.go:66:22: undefined: TextBatchConfig
benchmarks/results/log-limits-e44/source-snapshot/internal/application/driver.go:361:12: d.buildContext undefined (type *Driver has no field or method buildContext)
benchmarks/results/log-limits-e44/source-snapshot/internal/application/driver.go:363:12: d.callModel undefined (type *Driver has no field or method callModel)
benchmarks/results/log-limits-e44/source-snapshot/internal/application/driver.go:365:12: d.validateTools undefined (type *Driver has no field or method validateTools)
benchmarks/results/log-limits-e44/source-snapshot/internal/application/driver.go:396:17: undefined: unifiedPatch
# github.com/JDinSeattle/forge-runtime/benchmarks/results/log-limits-e44/source-snapshot/internal/runner [github.com/JDinSeattle/forge-runtime/benchmarks/results/log-limits-e44/source-snapshot/internal/runner.test]
benchmarks/results/log-limits-e44/source-snapshot/internal/runner/types.go:25:22: undefined: Signer
benchmarks/results/log-limits-e44/source-snapshot/internal/runner/engine.go:74:13: e.openStorage undefined (type *Engine has no field or method openStorage)
benchmarks/results/log-limits-e44/source-snapshot/internal/runner/engine.go:105:15: e.storageBase undefined (type *Engine has no field or method storageBase)
benchmarks/results/log-limits-e44/source-snapshot/internal/runner/engine.go:111:15: e.storageBase undefined (type *Engine has no field or method storageBase)
benchmarks/results/log-limits-e44/source-snapshot/internal/runner/engine.go:120:17: undefined: lockWorkspace
benchmarks/results/log-limits-e44/source-snapshot/internal/runner/engine.go:124:13: e.verifyStorage undefined (type *Engine has no field or method verifyStorage)
benchmarks/results/log-limits-e44/source-snapshot/internal/runner/engine.go:188:18: e.readTree undefined (type *Engine has no field or method readTree)
benchmarks/results/log-limits-e44/source-snapshot/internal/runner/engine.go:192:12: undefined: treeHash
benchmarks/results/log-limits-e44/source-snapshot/internal/runner/engine.go:193:13: e.allocateStorage undefined (type *Engine has no field or method allocateStorage)
benchmarks/results/log-limits-e44/source-snapshot/internal/runner/engine.go:345:67: undefined: tree
benchmarks/results/log-limits-e44/source-snapshot/internal/runner/engine.go:193:13: too many errors
# github.com/JDinSeattle/forge-runtime/benchmarks/results/log-limits-e44/source-snapshot/cmd/forge-runner
benchmarks/results/log-limits-e44/source-snapshot/cmd/forge-runner/main.go:73:14: undefined: faultController
benchmarks/results/log-limits-e44/source-snapshot/cmd/forge-runner/main.go:78:17: undefined: loadFaultController
# github.com/JDinSeattle/forge-runtime/benchmarks/results/log-limits-e44/source-snapshot/scripts/faults/application [github.com/JDinSeattle/forge-runtime/benchmarks/results/log-limits-e44/source-snapshot/scripts/faults/application.test]
benchmarks/results/log-limits-e44/source-snapshot/scripts/faults/application/continuation_test.go:37:8: undefined: settings
benchmarks/results/log-limits-e44/source-snapshot/scripts/faults/application/continuation_test.go:41:23: undefined: settings
benchmarks/results/log-limits-e44/source-snapshot/scripts/faults/application/continuation_test.go:43:26: undefined: settings
benchmarks/results/log-limits-e44/source-snapshot/scripts/faults/application/continuation_test.go:120:18: undefined: settings
benchmarks/results/log-limits-e44/source-snapshot/scripts/faults/application/continuation_test.go:123:10: undefined: harness
benchmarks/results/log-limits-e44/source-snapshot/scripts/faults/application/continuation_test.go:123:53: undefined: process
benchmarks/results/log-limits-e44/source-snapshot/scripts/faults/application/continuation_test.go:130:74: undefined: runnerSettings
benchmarks/results/log-limits-e44/source-snapshot/scripts/faults/application/continuation_test.go:162:10: undefined: harness
benchmarks/results/log-limits-e44/source-snapshot/scripts/faults/application/continuation_test.go:176:10: undefined: harness
benchmarks/results/log-limits-e44/source-snapshot/scripts/faults/application/continuation_test.go:193:108: undefined: runnerSettings
benchmarks/results/log-limits-e44/source-snapshot/scripts/faults/application/continuation_test.go:193:108: too many errors
ok  	github.com/JDinSeattle/forge-runtime/benchmarks	0.007s [no tests to run]
FAIL	github.com/JDinSeattle/forge-runtime/benchmarks/results/log-limits-e44/source-snapshot/cmd/forge-runner [build failed]
FAIL	github.com/JDinSeattle/forge-runtime/benchmarks/results/log-limits-e44/source-snapshot/internal/application [build failed]
?   	github.com/JDinSeattle/forge-runtime/benchmarks/results/log-limits-e44/source-snapshot/internal/retention	[no test files]
FAIL	github.com/JDinSeattle/forge-runtime/benchmarks/results/log-limits-e44/source-snapshot/internal/runner [build failed]
FAIL	github.com/JDinSeattle/forge-runtime/benchmarks/results/log-limits-e44/source-snapshot/internal/runnerclient [build failed]
ok  	github.com/JDinSeattle/forge-runtime/benchmarks/results/log-limits-e44/source-snapshot/internal/sandbox	0.002s [no tests to run]
FAIL	github.com/JDinSeattle/forge-runtime/benchmarks/results/log-limits-e44/source-snapshot/scripts/faults/application [build failed]
FAIL	github.com/JDinSeattle/forge-runtime/benchmarks/results/log-limits-e44/source-snapshot/tests/review [build failed]
ok  	github.com/JDinSeattle/forge-runtime/cmd/forge	0.003s [no tests to run]
?   	github.com/JDinSeattle/forge-runtime/cmd/forge-admin	[no test files]
?   	github.com/JDinSeattle/forge-runtime/cmd/forge-api	[no test files]
ok  	github.com/JDinSeattle/forge-runtime/cmd/forge-runner	0.004s [no tests to run]
?   	github.com/JDinSeattle/forge-runtime/cmd/forge-worker	[no test files]
?   	github.com/JDinSeattle/forge-runtime/db	[no test files]
ok  	github.com/JDinSeattle/forge-runtime/internal/application	0.010s [no tests to run]
ok  	github.com/JDinSeattle/forge-runtime/internal/artifact	0.003s [no tests to run]
ok  	github.com/JDinSeattle/forge-runtime/internal/configuration	0.011s [no tests to run]
ok  	github.com/JDinSeattle/forge-runtime/internal/dependency	0.003s [no tests to run]
ok  	github.com/JDinSeattle/forge-runtime/internal/domain	0.003s [no tests to run]
ok  	github.com/JDinSeattle/forge-runtime/internal/eventstream	0.004s [no tests to run]
ok  	github.com/JDinSeattle/forge-runtime/internal/httpapi	0.005s [no tests to run]
?   	github.com/JDinSeattle/forge-runtime/internal/httpcontract	[no test files]
ok  	github.com/JDinSeattle/forge-runtime/internal/localsetup	0.010s [no tests to run]
ok  	github.com/JDinSeattle/forge-runtime/internal/persistence	0.005s [no tests to run]
?   	github.com/JDinSeattle/forge-runtime/internal/persistence/sqlgen	[no test files]
ok  	github.com/JDinSeattle/forge-runtime/internal/provider	0.007s [no tests to run]
ok  	github.com/JDinSeattle/forge-runtime/internal/quota	0.003s [no tests to run]
ok  	github.com/JDinSeattle/forge-runtime/internal/retention	0.004s [no tests to run]
ok  	github.com/JDinSeattle/forge-runtime/internal/runner	0.003s [no tests to run]
ok  	github.com/JDinSeattle/forge-runtime/internal/runnerclient	0.004s [no tests to run]
ok  	github.com/JDinSeattle/forge-runtime/internal/runtime	0.002s [no tests to run]
ok  	github.com/JDinSeattle/forge-runtime/internal/sandbox	0.003s [no tests to run]
ok  	github.com/JDinSeattle/forge-runtime/internal/telemetry	0.003s [no tests to run]
?   	github.com/JDinSeattle/forge-runtime/internal/testdb	[no test files]
?   	github.com/JDinSeattle/forge-runtime/internal/testutil	[no test files]
?   	github.com/JDinSeattle/forge-runtime/proto/runner/v1	[no test files]
?   	github.com/JDinSeattle/forge-runtime/scripts/evaluation	[no test files]
ok  	github.com/JDinSeattle/forge-runtime/scripts/faults/application	0.008s [no tests to run]
ok  	github.com/JDinSeattle/forge-runtime/tests/client	0.008s [no tests to run]
ok  	github.com/JDinSeattle/forge-runtime/tests/review	0.010s [no tests to run]
FAIL
