=== RUN   TestTextBatchPostgresTimerAndSize
=== RUN   TestTextBatchPostgresTimerAndSize/timer
=== RUN   TestTextBatchPostgresTimerAndSize/size_and_encoding
--- PASS: TestTextBatchPostgresTimerAndSize (0.78s)
    --- PASS: TestTextBatchPostgresTimerAndSize/timer (0.35s)
    --- PASS: TestTextBatchPostgresTimerAndSize/size_and_encoding (0.43s)
=== RUN   TestTextBatchPostgresControlBypassesPausedText
--- PASS: TestTextBatchPostgresControlBypassesPausedText (0.30s)
=== RUN   TestTextBatchDriverPreservesCompleteModelArtifact
--- PASS: TestTextBatchDriverPreservesCompleteModelArtifact (1.58s)
=== RUN   TestTextBatchConfigDefaultsAndBounds
--- PASS: TestTextBatchConfigDefaultsAndBounds (0.00s)
=== RUN   TestTextBatchExactUnicodeAndEscaping
=== RUN   TestTextBatchExactUnicodeAndEscaping/original_chinese_boundary
=== RUN   TestTextBatchExactUnicodeAndEscaping/emoji_boundary
=== RUN   TestTextBatchExactUnicodeAndEscaping/html_expansion
=== RUN   TestTextBatchExactUnicodeAndEscaping/all_escaping
--- PASS: TestTextBatchExactUnicodeAndEscaping (0.66s)
    --- PASS: TestTextBatchExactUnicodeAndEscaping/original_chinese_boundary (0.08s)
    --- PASS: TestTextBatchExactUnicodeAndEscaping/emoji_boundary (0.10s)
    --- PASS: TestTextBatchExactUnicodeAndEscaping/html_expansion (0.12s)
    --- PASS: TestTextBatchExactUnicodeAndEscaping/all_escaping (0.36s)
=== RUN   TestTextBatchCloseAndConsumerFailureNeverReplay
=== RUN   TestTextBatchCloseAndConsumerFailureNeverReplay/size
=== RUN   TestTextBatchCloseAndConsumerFailureNeverReplay/close
=== RUN   TestTextBatchCloseAndConsumerFailureNeverReplay/timer
--- PASS: TestTextBatchCloseAndConsumerFailureNeverReplay (0.01s)
    --- PASS: TestTextBatchCloseAndConsumerFailureNeverReplay/size (0.00s)
    --- PASS: TestTextBatchCloseAndConsumerFailureNeverReplay/close (0.00s)
    --- PASS: TestTextBatchCloseAndConsumerFailureNeverReplay/timer (0.01s)
=== RUN   TestTextBatchRejectsInvalidUTF8WithoutReplacement
--- PASS: TestTextBatchRejectsInvalidUTF8WithoutReplacement (0.00s)
PASS
