=== RUN   TestP06ArtifactOraclesRejectMismatchedProofs
--- PASS: TestP06ArtifactOraclesRejectMismatchedProofs (0.00s)
=== RUN   TestP06IntentOracleRejectsCrossSampleAndAlteredIntent
=== RUN   TestP06IntentOracleRejectsCrossSampleAndAlteredIntent/revision
=== RUN   TestP06IntentOracleRejectsCrossSampleAndAlteredIntent/args
=== RUN   TestP06IntentOracleRejectsCrossSampleAndAlteredIntent/args_hash
=== RUN   TestP06IntentOracleRejectsCrossSampleAndAlteredIntent/deadline
=== RUN   TestP06IntentOracleRejectsCrossSampleAndAlteredIntent/receipt_run
=== RUN   TestP06IntentOracleRejectsCrossSampleAndAlteredIntent/other_self_consistent_sample
=== RUN   TestP06IntentOracleRejectsCrossSampleAndAlteredIntent/run
=== RUN   TestP06IntentOracleRejectsCrossSampleAndAlteredIntent/epoch
=== RUN   TestP06IntentOracleRejectsCrossSampleAndAlteredIntent/policy
=== RUN   TestP06IntentOracleRejectsCrossSampleAndAlteredIntent/receipt_tenant
=== RUN   TestP06IntentOracleRejectsCrossSampleAndAlteredIntent/kind
=== RUN   TestP06IntentOracleRejectsCrossSampleAndAlteredIntent/nonterminal
=== RUN   TestP06IntentOracleRejectsCrossSampleAndAlteredIntent/tenant
=== RUN   TestP06IntentOracleRejectsCrossSampleAndAlteredIntent/workspace
=== RUN   TestP06IntentOracleRejectsCrossSampleAndAlteredIntent/operation
--- PASS: TestP06IntentOracleRejectsCrossSampleAndAlteredIntent (0.00s)
    --- PASS: TestP06IntentOracleRejectsCrossSampleAndAlteredIntent/revision (0.00s)
    --- PASS: TestP06IntentOracleRejectsCrossSampleAndAlteredIntent/args (0.00s)
    --- PASS: TestP06IntentOracleRejectsCrossSampleAndAlteredIntent/args_hash (0.00s)
    --- PASS: TestP06IntentOracleRejectsCrossSampleAndAlteredIntent/deadline (0.00s)
    --- PASS: TestP06IntentOracleRejectsCrossSampleAndAlteredIntent/receipt_run (0.00s)
    --- PASS: TestP06IntentOracleRejectsCrossSampleAndAlteredIntent/other_self_consistent_sample (0.00s)
    --- PASS: TestP06IntentOracleRejectsCrossSampleAndAlteredIntent/run (0.00s)
    --- PASS: TestP06IntentOracleRejectsCrossSampleAndAlteredIntent/epoch (0.00s)
    --- PASS: TestP06IntentOracleRejectsCrossSampleAndAlteredIntent/policy (0.00s)
    --- PASS: TestP06IntentOracleRejectsCrossSampleAndAlteredIntent/receipt_tenant (0.00s)
    --- PASS: TestP06IntentOracleRejectsCrossSampleAndAlteredIntent/kind (0.00s)
    --- PASS: TestP06IntentOracleRejectsCrossSampleAndAlteredIntent/nonterminal (0.00s)
    --- PASS: TestP06IntentOracleRejectsCrossSampleAndAlteredIntent/tenant (0.00s)
    --- PASS: TestP06IntentOracleRejectsCrossSampleAndAlteredIntent/workspace (0.00s)
    --- PASS: TestP06IntentOracleRejectsCrossSampleAndAlteredIntent/operation (0.00s)
PASS
ok  	github.com/JDinSeattle/forge-runtime/internal/runnerclient	1.012s
