{"Time":"2026-09-11T21:23:35.902957718-07:00","Action":"start","Package":"github.com/JDinSeattle/forge-runtime/internal/sandbox"}
{"Time":"2026-09-11T21:23:35.916592662-07:00","Action":"run","Package":"github.com/JDinSeattle/forge-runtime/internal/sandbox","Test":"TestDockerCLIWarningDoesNotCorruptProtocolOutput"}
{"Time":"2026-09-11T21:23:35.916625419-07:00","Action":"output","Package":"github.com/JDinSeattle/forge-runtime/internal/sandbox","Test":"TestDockerCLIWarningDoesNotCorruptProtocolOutput","Output":"=== RUN   TestDockerCLIWarningDoesNotCorruptProtocolOutput\n"}
{"Time":"2026-09-11T21:23:35.918670986-07:00","Action":"output","Package":"github.com/JDinSeattle/forge-runtime/internal/sandbox","Test":"TestDockerCLIWarningDoesNotCorruptProtocolOutput","Output":"--- PASS: TestDockerCLIWarningDoesNotCorruptProtocolOutput (0.00s)\n"}
{"Time":"2026-09-11T21:23:35.918684845-07:00","Action":"pass","Package":"github.com/JDinSeattle/forge-runtime/internal/sandbox","Test":"TestDockerCLIWarningDoesNotCorruptProtocolOutput","Elapsed":0}
{"Time":"2026-09-11T21:23:35.918765096-07:00","Action":"run","Package":"github.com/JDinSeattle/forge-runtime/internal/sandbox","Test":"TestDockerCLIWarningDoesNotCorruptCreateAndInspect"}
{"Time":"2026-09-11T21:23:35.918768326-07:00","Action":"output","Package":"github.com/JDinSeattle/forge-runtime/internal/sandbox","Test":"TestDockerCLIWarningDoesNotCorruptCreateAndInspect","Output":"=== RUN   TestDockerCLIWarningDoesNotCorruptCreateAndInspect\n"}
{"Time":"2026-09-11T21:23:35.924933311-07:00","Action":"output","Package":"github.com/JDinSeattle/forge-runtime/internal/sandbox","Test":"TestDockerCLIWarningDoesNotCorruptCreateAndInspect","Output":"--- PASS: TestDockerCLIWarningDoesNotCorruptCreateAndInspect (0.01s)\n"}
{"Time":"2026-09-11T21:23:35.924964337-07:00","Action":"pass","Package":"github.com/JDinSeattle/forge-runtime/internal/sandbox","Test":"TestDockerCLIWarningDoesNotCorruptCreateAndInspect","Elapsed":0.01}
{"Time":"2026-09-11T21:23:35.924975581-07:00","Action":"run","Package":"github.com/JDinSeattle/forge-runtime/internal/sandbox","Test":"TestDockerCLIFailureRetainsBothBoundedDiagnostics"}
{"Time":"2026-09-11T21:23:35.92497911-07:00","Action":"output","Package":"github.com/JDinSeattle/forge-runtime/internal/sandbox","Test":"TestDockerCLIFailureRetainsBothBoundedDiagnostics","Output":"=== RUN   TestDockerCLIFailureRetainsBothBoundedDiagnostics\n"}
{"Time":"2026-09-11T21:23:35.926110792-07:00","Action":"output","Package":"github.com/JDinSeattle/forge-runtime/internal/sandbox","Test":"TestDockerCLIFailureRetainsBothBoundedDiagnostics","Output":"--- PASS: TestDockerCLIFailureRetainsBothBoundedDiagnostics (0.00s)\n"}
{"Time":"2026-09-11T21:23:35.926121016-07:00","Action":"pass","Package":"github.com/JDinSeattle/forge-runtime/internal/sandbox","Test":"TestDockerCLIFailureRetainsBothBoundedDiagnostics","Elapsed":0}
{"Time":"2026-09-11T21:23:35.926148902-07:00","Action":"run","Package":"github.com/JDinSeattle/forge-runtime/internal/sandbox","Test":"TestDockerLegacyLogsKeepContainerStderrAndTruncation"}
{"Time":"2026-09-11T21:23:35.926152065-07:00","Action":"output","Package":"github.com/JDinSeattle/forge-runtime/internal/sandbox","Test":"TestDockerLegacyLogsKeepContainerStderrAndTruncation","Output":"=== RUN   TestDockerLegacyLogsKeepContainerStderrAndTruncation\n"}
{"Time":"2026-09-11T21:23:35.933367408-07:00","Action":"output","Package":"github.com/JDinSeattle/forge-runtime/internal/sandbox","Test":"TestDockerLegacyLogsKeepContainerStderrAndTruncation","Output":"--- PASS: TestDockerLegacyLogsKeepContainerStderrAndTruncation (0.01s)\n"}
{"Time":"2026-09-11T21:23:35.933383733-07:00","Action":"pass","Package":"github.com/JDinSeattle/forge-runtime/internal/sandbox","Test":"TestDockerLegacyLogsKeepContainerStderrAndTruncation","Elapsed":0.01}
{"Time":"2026-09-11T21:23:35.933436683-07:00","Action":"run","Package":"github.com/JDinSeattle/forge-runtime/internal/sandbox","Test":"TestDockerCLISeparateBuffersDrainAndRemainBounded"}
{"Time":"2026-09-11T21:23:35.933439991-07:00","Action":"output","Package":"github.com/JDinSeattle/forge-runtime/internal/sandbox","Test":"TestDockerCLISeparateBuffersDrainAndRemainBounded","Output":"=== RUN   TestDockerCLISeparateBuffersDrainAndRemainBounded\n"}
{"Time":"2026-09-11T21:23:36.004048191-07:00","Action":"output","Package":"github.com/JDinSeattle/forge-runtime/internal/sandbox","Test":"TestDockerCLISeparateBuffersDrainAndRemainBounded","Output":"--- PASS: TestDockerCLISeparateBuffersDrainAndRemainBounded (0.07s)\n"}
{"Time":"2026-09-11T21:23:36.004075865-07:00","Action":"pass","Package":"github.com/JDinSeattle/forge-runtime/internal/sandbox","Test":"TestDockerCLISeparateBuffersDrainAndRemainBounded","Elapsed":0.07}
{"Time":"2026-09-11T21:23:36.00418981-07:00","Action":"run","Package":"github.com/JDinSeattle/forge-runtime/internal/sandbox","Test":"TestDockerCLICommandTimeoutIsUnchanged"}
{"Time":"2026-09-11T21:23:36.004201643-07:00","Action":"output","Package":"github.com/JDinSeattle/forge-runtime/internal/sandbox","Test":"TestDockerCLICommandTimeoutIsUnchanged","Output":"=== RUN   TestDockerCLICommandTimeoutIsUnchanged\n"}
{"Time":"2026-09-11T21:23:36.025475448-07:00","Action":"output","Package":"github.com/JDinSeattle/forge-runtime/internal/sandbox","Test":"TestDockerCLICommandTimeoutIsUnchanged","Output":"--- PASS: TestDockerCLICommandTimeoutIsUnchanged (0.02s)\n"}
{"Time":"2026-09-11T21:23:36.025501963-07:00","Action":"pass","Package":"github.com/JDinSeattle/forge-runtime/internal/sandbox","Test":"TestDockerCLICommandTimeoutIsUnchanged","Elapsed":0.02}
{"Time":"2026-09-11T21:23:36.025613673-07:00","Action":"run","Package":"github.com/JDinSeattle/forge-runtime/internal/sandbox","Test":"TestDockerCLIBufferCopyCannotBypassLimit"}
{"Time":"2026-09-11T21:23:36.025618166-07:00","Action":"output","Package":"github.com/JDinSeattle/forge-runtime/internal/sandbox","Test":"TestDockerCLIBufferCopyCannotBypassLimit","Output":"=== RUN   TestDockerCLIBufferCopyCannotBypassLimit\n"}
{"Time":"2026-09-11T21:23:36.025784609-07:00","Action":"output","Package":"github.com/JDinSeattle/forge-runtime/internal/sandbox","Test":"TestDockerCLIBufferCopyCannotBypassLimit","Output":"--- PASS: TestDockerCLIBufferCopyCannotBypassLimit (0.00s)\n"}
{"Time":"2026-09-11T21:23:36.025807876-07:00","Action":"pass","Package":"github.com/JDinSeattle/forge-runtime/internal/sandbox","Test":"TestDockerCLIBufferCopyCannotBypassLimit","Elapsed":0}
{"Time":"2026-09-11T21:23:36.025839131-07:00","Action":"run","Package":"github.com/JDinSeattle/forge-runtime/internal/sandbox","Test":"TestDockerFailsClosedWithoutActualRootlessCgroupCapabilities"}
{"Time":"2026-09-11T21:23:36.025843158-07:00","Action":"output","Package":"github.com/JDinSeattle/forge-runtime/internal/sandbox","Test":"TestDockerFailsClosedWithoutActualRootlessCgroupCapabilities","Output":"=== RUN   TestDockerFailsClosedWithoutActualRootlessCgroupCapabilities\n"}
{"Time":"2026-09-11T21:23:36.027857239-07:00","Action":"output","Package":"github.com/JDinSeattle/forge-runtime/internal/sandbox","Test":"TestDockerFailsClosedWithoutActualRootlessCgroupCapabilities","Output":"--- PASS: TestDockerFailsClosedWithoutActualRootlessCgroupCapabilities (0.00s)\n"}
{"Time":"2026-09-11T21:23:36.027879069-07:00","Action":"pass","Package":"github.com/JDinSeattle/forge-runtime/internal/sandbox","Test":"TestDockerFailsClosedWithoutActualRootlessCgroupCapabilities","Elapsed":0}
{"Time":"2026-09-11T21:23:36.027918592-07:00","Action":"run","Package":"github.com/JDinSeattle/forge-runtime/internal/sandbox","Test":"TestBoundedLogWriterDrainsWithoutGrowing"}
{"Time":"2026-09-11T21:23:36.027923571-07:00","Action":"output","Package":"github.com/JDinSeattle/forge-runtime/internal/sandbox","Test":"TestBoundedLogWriterDrainsWithoutGrowing","Output":"=== RUN   TestBoundedLogWriterDrainsWithoutGrowing\n"}
{"Time":"2026-09-11T21:23:36.029818178-07:00","Action":"output","Package":"github.com/JDinSeattle/forge-runtime/internal/sandbox","Test":"TestBoundedLogWriterDrainsWithoutGrowing","Output":"--- PASS: TestBoundedLogWriterDrainsWithoutGrowing (0.00s)\n"}
{"Time":"2026-09-11T21:23:36.029830277-07:00","Action":"pass","Package":"github.com/JDinSeattle/forge-runtime/internal/sandbox","Test":"TestBoundedLogWriterDrainsWithoutGrowing","Elapsed":0}
{"Time":"2026-09-11T21:23:36.029868847-07:00","Action":"run","Package":"github.com/JDinSeattle/forge-runtime/internal/sandbox","Test":"TestDockerTmpfsExecutionIsExplicitAndKeepsFixedBounds"}
{"Time":"2026-09-11T21:23:36.029870501-07:00","Action":"output","Package":"github.com/JDinSeattle/forge-runtime/internal/sandbox","Test":"TestDockerTmpfsExecutionIsExplicitAndKeepsFixedBounds","Output":"=== RUN   TestDockerTmpfsExecutionIsExplicitAndKeepsFixedBounds\n"}
{"Time":"2026-09-11T21:23:36.029933835-07:00","Action":"run","Package":"github.com/JDinSeattle/forge-runtime/internal/sandbox","Test":"TestDockerTmpfsExecutionIsExplicitAndKeepsFixedBounds/false"}
{"Time":"2026-09-11T21:23:36.029935345-07:00","Action":"output","Package":"github.com/JDinSeattle/forge-runtime/internal/sandbox","Test":"TestDockerTmpfsExecutionIsExplicitAndKeepsFixedBounds/false","Output":"=== RUN   TestDockerTmpfsExecutionIsExplicitAndKeepsFixedBounds/false\n"}
{"Time":"2026-09-11T21:23:36.035790994-07:00","Action":"output","Package":"github.com/JDinSeattle/forge-runtime/internal/sandbox","Test":"TestDockerTmpfsExecutionIsExplicitAndKeepsFixedBounds/false","Output":"--- PASS: TestDockerTmpfsExecutionIsExplicitAndKeepsFixedBounds/false (0.01s)\n"}
{"Time":"2026-09-11T21:23:36.035807502-07:00","Action":"pass","Package":"github.com/JDinSeattle/forge-runtime/internal/sandbox","Test":"TestDockerTmpfsExecutionIsExplicitAndKeepsFixedBounds/false","Elapsed":0.01}
{"Time":"2026-09-11T21:23:36.03588708-07:00","Action":"run","Package":"github.com/JDinSeattle/forge-runtime/internal/sandbox","Test":"TestDockerTmpfsExecutionIsExplicitAndKeepsFixedBounds/true"}
{"Time":"2026-09-11T21:23:36.035892041-07:00","Action":"output","Package":"github.com/JDinSeattle/forge-runtime/internal/sandbox","Test":"TestDockerTmpfsExecutionIsExplicitAndKeepsFixedBounds/true","Output":"=== RUN   TestDockerTmpfsExecutionIsExplicitAndKeepsFixedBounds/true\n"}
{"Time":"2026-09-11T21:23:36.042947642-07:00","Action":"output","Package":"github.com/JDinSeattle/forge-runtime/internal/sandbox","Test":"TestDockerTmpfsExecutionIsExplicitAndKeepsFixedBounds/true","Output":"--- PASS: TestDockerTmpfsExecutionIsExplicitAndKeepsFixedBounds/true (0.01s)\n"}
{"Time":"2026-09-11T21:23:36.042977344-07:00","Action":"pass","Package":"github.com/JDinSeattle/forge-runtime/internal/sandbox","Test":"TestDockerTmpfsExecutionIsExplicitAndKeepsFixedBounds/true","Elapsed":0.01}
{"Time":"2026-09-11T21:23:36.04299125-07:00","Action":"output","Package":"github.com/JDinSeattle/forge-runtime/internal/sandbox","Test":"TestDockerTmpfsExecutionIsExplicitAndKeepsFixedBounds","Output":"--- PASS: TestDockerTmpfsExecutionIsExplicitAndKeepsFixedBounds (0.01s)\n"}
{"Time":"2026-09-11T21:23:36.043015952-07:00","Action":"pass","Package":"github.com/JDinSeattle/forge-runtime/internal/sandbox","Test":"TestDockerTmpfsExecutionIsExplicitAndKeepsFixedBounds","Elapsed":0.01}
{"Time":"2026-09-11T21:23:36.043105509-07:00","Action":"run","Package":"github.com/JDinSeattle/forge-runtime/internal/sandbox","Test":"TestCreatedDockerCancellationRequiresDurableNoDispatchProof"}
{"Time":"2026-09-11T21:23:36.043113877-07:00","Action":"output","Package":"github.com/JDinSeattle/forge-runtime/internal/sandbox","Test":"TestCreatedDockerCancellationRequiresDurableNoDispatchProof","Output":"=== RUN   TestCreatedDockerCancellationRequiresDurableNoDispatchProof\n"}
{"Time":"2026-09-11T21:23:36.043169681-07:00","Action":"run","Package":"github.com/JDinSeattle/forge-runtime/internal/sandbox","Test":"TestCreatedDockerCancellationRequiresDurableNoDispatchProof/false"}
{"Time":"2026-09-11T21:23:36.043174245-07:00","Action":"output","Package":"github.com/JDinSeattle/forge-runtime/internal/sandbox","Test":"TestCreatedDockerCancellationRequiresDurableNoDispatchProof/false","Output":"=== RUN   TestCreatedDockerCancellationRequiresDurableNoDispatchProof/false\n"}
{"Time":"2026-09-11T21:23:36.045987078-07:00","Action":"output","Package":"github.com/JDinSeattle/forge-runtime/internal/sandbox","Test":"TestCreatedDockerCancellationRequiresDurableNoDispatchProof/false","Output":"--- PASS: TestCreatedDockerCancellationRequiresDurableNoDispatchProof/false (0.00s)\n"}
{"Time":"2026-09-11T21:23:36.046013911-07:00","Action":"pass","Package":"github.com/JDinSeattle/forge-runtime/internal/sandbox","Test":"TestCreatedDockerCancellationRequiresDurableNoDispatchProof/false","Elapsed":0}
{"Time":"2026-09-11T21:23:36.04603478-07:00","Action":"run","Package":"github.com/JDinSeattle/forge-runtime/internal/sandbox","Test":"TestCreatedDockerCancellationRequiresDurableNoDispatchProof/true"}
{"Time":"2026-09-11T21:23:36.046038804-07:00","Action":"output","Package":"github.com/JDinSeattle/forge-runtime/internal/sandbox","Test":"TestCreatedDockerCancellationRequiresDurableNoDispatchProof/true","Output":"=== RUN   TestCreatedDockerCancellationRequiresDurableNoDispatchProof/true\n"}
{"Time":"2026-09-11T21:23:36.049378973-07:00","Action":"output","Package":"github.com/JDinSeattle/forge-runtime/internal/sandbox","Test":"TestCreatedDockerCancellationRequiresDurableNoDispatchProof/true","Output":"--- PASS: TestCreatedDockerCancellationRequiresDurableNoDispatchProof/true (0.00s)\n"}
{"Time":"2026-09-11T21:23:36.049406584-07:00","Action":"pass","Package":"github.com/JDinSeattle/forge-runtime/internal/sandbox","Test":"TestCreatedDockerCancellationRequiresDurableNoDispatchProof/true","Elapsed":0}
{"Time":"2026-09-11T21:23:36.049439459-07:00","Action":"output","Package":"github.com/JDinSeattle/forge-runtime/internal/sandbox","Test":"TestCreatedDockerCancellationRequiresDurableNoDispatchProof","Output":"--- PASS: TestCreatedDockerCancellationRequiresDurableNoDispatchProof (0.01s)\n"}
{"Time":"2026-09-11T21:23:36.049461938-07:00","Action":"pass","Package":"github.com/JDinSeattle/forge-runtime/internal/sandbox","Test":"TestCreatedDockerCancellationRequiresDurableNoDispatchProof","Elapsed":0.01}
{"Time":"2026-09-11T21:23:36.050572381-07:00","Action":"output","Package":"github.com/JDinSeattle/forge-runtime/internal/sandbox","Output":"PASS\n"}
{"Time":"2026-09-11T21:23:37.053494254-07:00","Action":"output","Package":"github.com/JDinSeattle/forge-runtime/internal/sandbox","Output":"ok  \tgithub.com/JDinSeattle/forge-runtime/internal/sandbox\t1.150s\n"}
{"Time":"2026-09-11T21:23:37.053523019-07:00","Action":"pass","Package":"github.com/JDinSeattle/forge-runtime/internal/sandbox","Elapsed":1.151}
