1.26-bookworm: Pulling from library/golang
4f4fb700ef54: Pulling fs layer
abf56b2f8724: Pulling fs layer
2cb3e687d353: Pulling fs layer
a01ef6a60160: Pulling fs layer
535e99e98a30: Pulling fs layer
8cab6ce149c2: Pulling fs layer
08457856946d: Pulling fs layer
4f4fb700ef54: Download complete
a01ef6a60160: Download complete
535e99e98a30: Download complete
2cb3e687d353: Download complete
08457856946d: Download complete
c49d042a4b7f: Download complete
7f4c7d0d34c5: Download complete
8cab6ce149c2: Download complete
abf56b2f8724: Download complete
abf56b2f8724: Pull complete
08457856946d: Pull complete
8cab6ce149c2: Pull complete
535e99e98a30: Pull complete
2cb3e687d353: Pull complete
4f4fb700ef54: Pull complete
a01ef6a60160: Pull complete
Digest: sha256:9fdc884aacc3bec89b20ffc69f4bb369c78210e3e4f600387b5128b12c199f81
Status: Downloaded newer image for golang:1.26-bookworm
docker.io/library/golang:1.26-bookworm
