{"Time":"2026-09-11T21:37:12.487603275-07:00","Action":"start","Package":"github.com/JDinSeattle/forge-runtime/scripts/faults/application"}
{"Time":"2026-09-11T21:37:12.498177246-07:00","Action":"run","Package":"github.com/JDinSeattle/forge-runtime/scripts/faults/application","Test":"TestStrictLogsOfflineOracle"}
{"Time":"2026-09-11T21:37:12.498200354-07:00","Action":"output","Package":"github.com/JDinSeattle/forge-runtime/scripts/faults/application","Test":"TestStrictLogsOfflineOracle","Output":"=== RUN   TestStrictLogsOfflineOracle\n"}
{"Time":"2026-09-11T21:37:12.498347828-07:00","Action":"run","Package":"github.com/JDinSeattle/forge-runtime/scripts/faults/application","Test":"TestStrictLogsOfflineOracle/wrong_receipt_run"}
{"Time":"2026-09-11T21:37:12.498351751-07:00","Action":"output","Package":"github.com/JDinSeattle/forge-runtime/scripts/faults/application","Test":"TestStrictLogsOfflineOracle/wrong_receipt_run","Output":"=== RUN   TestStrictLogsOfflineOracle/wrong_receipt_run\n"}
{"Time":"2026-09-11T21:37:12.498372571-07:00","Action":"output","Package":"github.com/JDinSeattle/forge-runtime/scripts/faults/application","Test":"TestStrictLogsOfflineOracle/wrong_receipt_run","Output":"--- PASS: TestStrictLogsOfflineOracle/wrong_receipt_run (0.00s)\n"}
{"Time":"2026-09-11T21:37:12.498377049-07:00","Action":"pass","Package":"github.com/JDinSeattle/forge-runtime/scripts/faults/application","Test":"TestStrictLogsOfflineOracle/wrong_receipt_run","Elapsed":0}
{"Time":"2026-09-11T21:37:12.498381186-07:00","Action":"run","Package":"github.com/JDinSeattle/forge-runtime/scripts/faults/application","Test":"TestStrictLogsOfflineOracle/wrong_artifact_tenant"}
{"Time":"2026-09-11T21:37:12.498383051-07:00","Action":"output","Package":"github.com/JDinSeattle/forge-runtime/scripts/faults/application","Test":"TestStrictLogsOfflineOracle/wrong_artifact_tenant","Output":"=== RUN   TestStrictLogsOfflineOracle/wrong_artifact_tenant\n"}
{"Time":"2026-09-11T21:37:12.498422152-07:00","Action":"output","Package":"github.com/JDinSeattle/forge-runtime/scripts/faults/application","Test":"TestStrictLogsOfflineOracle/wrong_artifact_tenant","Output":"--- PASS: TestStrictLogsOfflineOracle/wrong_artifact_tenant (0.00s)\n"}
{"Time":"2026-09-11T21:37:12.498425733-07:00","Action":"pass","Package":"github.com/JDinSeattle/forge-runtime/scripts/faults/application","Test":"TestStrictLogsOfflineOracle/wrong_artifact_tenant","Elapsed":0}
{"Time":"2026-09-11T21:37:12.498439107-07:00","Action":"run","Package":"github.com/JDinSeattle/forge-runtime/scripts/faults/application","Test":"TestStrictLogsOfflineOracle/wrong_hash"}
{"Time":"2026-09-11T21:37:12.498441389-07:00","Action":"output","Package":"github.com/JDinSeattle/forge-runtime/scripts/faults/application","Test":"TestStrictLogsOfflineOracle/wrong_hash","Output":"=== RUN   TestStrictLogsOfflineOracle/wrong_hash\n"}
{"Time":"2026-09-11T21:37:12.498466545-07:00","Action":"output","Package":"github.com/JDinSeattle/forge-runtime/scripts/faults/application","Test":"TestStrictLogsOfflineOracle/wrong_hash","Output":"--- PASS: TestStrictLogsOfflineOracle/wrong_hash (0.00s)\n"}
{"Time":"2026-09-11T21:37:12.49846887-07:00","Action":"pass","Package":"github.com/JDinSeattle/forge-runtime/scripts/faults/application","Test":"TestStrictLogsOfflineOracle/wrong_hash","Elapsed":0}
{"Time":"2026-09-11T21:37:12.498472168-07:00","Action":"run","Package":"github.com/JDinSeattle/forge-runtime/scripts/faults/application","Test":"TestStrictLogsOfflineOracle/gap_with_exact_count"}
{"Time":"2026-09-11T21:37:12.498474011-07:00","Action":"output","Package":"github.com/JDinSeattle/forge-runtime/scripts/faults/application","Test":"TestStrictLogsOfflineOracle/gap_with_exact_count","Output":"=== RUN   TestStrictLogsOfflineOracle/gap_with_exact_count\n"}
{"Time":"2026-09-11T21:37:12.498500227-07:00","Action":"output","Package":"github.com/JDinSeattle/forge-runtime/scripts/faults/application","Test":"TestStrictLogsOfflineOracle/gap_with_exact_count","Output":"--- PASS: TestStrictLogsOfflineOracle/gap_with_exact_count (0.00s)\n"}
{"Time":"2026-09-11T21:37:12.498502529-07:00","Action":"pass","Package":"github.com/JDinSeattle/forge-runtime/scripts/faults/application","Test":"TestStrictLogsOfflineOracle/gap_with_exact_count","Elapsed":0}
{"Time":"2026-09-11T21:37:12.498514715-07:00","Action":"run","Package":"github.com/JDinSeattle/forge-runtime/scripts/faults/application","Test":"TestStrictLogsOfflineOracle/forged_success"}
{"Time":"2026-09-11T21:37:12.498516654-07:00","Action":"output","Package":"github.com/JDinSeattle/forge-runtime/scripts/faults/application","Test":"TestStrictLogsOfflineOracle/forged_success","Output":"=== RUN   TestStrictLogsOfflineOracle/forged_success\n"}
{"Time":"2026-09-11T21:37:12.498528361-07:00","Action":"output","Package":"github.com/JDinSeattle/forge-runtime/scripts/faults/application","Test":"TestStrictLogsOfflineOracle/forged_success","Output":"--- PASS: TestStrictLogsOfflineOracle/forged_success (0.00s)\n"}
{"Time":"2026-09-11T21:37:12.498530605-07:00","Action":"pass","Package":"github.com/JDinSeattle/forge-runtime/scripts/faults/application","Test":"TestStrictLogsOfflineOracle/forged_success","Elapsed":0}
{"Time":"2026-09-11T21:37:12.498533205-07:00","Action":"run","Package":"github.com/JDinSeattle/forge-runtime/scripts/faults/application","Test":"TestStrictLogsOfflineOracle/seen_mismatch"}
{"Time":"2026-09-11T21:37:12.49853504-07:00","Action":"output","Package":"github.com/JDinSeattle/forge-runtime/scripts/faults/application","Test":"TestStrictLogsOfflineOracle/seen_mismatch","Output":"=== RUN   TestStrictLogsOfflineOracle/seen_mismatch\n"}
{"Time":"2026-09-11T21:37:12.498555599-07:00","Action":"output","Package":"github.com/JDinSeattle/forge-runtime/scripts/faults/application","Test":"TestStrictLogsOfflineOracle/seen_mismatch","Output":"--- PASS: TestStrictLogsOfflineOracle/seen_mismatch (0.00s)\n"}
{"Time":"2026-09-11T21:37:12.498557951-07:00","Action":"pass","Package":"github.com/JDinSeattle/forge-runtime/scripts/faults/application","Test":"TestStrictLogsOfflineOracle/seen_mismatch","Elapsed":0}
{"Time":"2026-09-11T21:37:12.498560663-07:00","Action":"run","Package":"github.com/JDinSeattle/forge-runtime/scripts/faults/application","Test":"TestStrictLogsOfflineOracle/missing_stop"}
{"Time":"2026-09-11T21:37:12.498562512-07:00","Action":"output","Package":"github.com/JDinSeattle/forge-runtime/scripts/faults/application","Test":"TestStrictLogsOfflineOracle/missing_stop","Output":"=== RUN   TestStrictLogsOfflineOracle/missing_stop\n"}
{"Time":"2026-09-11T21:37:12.498582771-07:00","Action":"output","Package":"github.com/JDinSeattle/forge-runtime/scripts/faults/application","Test":"TestStrictLogsOfflineOracle/missing_stop","Output":"--- PASS: TestStrictLogsOfflineOracle/missing_stop (0.00s)\n"}
{"Time":"2026-09-11T21:37:12.4985851-07:00","Action":"pass","Package":"github.com/JDinSeattle/forge-runtime/scripts/faults/application","Test":"TestStrictLogsOfflineOracle/missing_stop","Elapsed":0}
{"Time":"2026-09-11T21:37:12.498594129-07:00","Action":"output","Package":"github.com/JDinSeattle/forge-runtime/scripts/faults/application","Test":"TestStrictLogsOfflineOracle","Output":"--- PASS: TestStrictLogsOfflineOracle (0.00s)\n"}
{"Time":"2026-09-11T21:37:12.498596518-07:00","Action":"pass","Package":"github.com/JDinSeattle/forge-runtime/scripts/faults/application","Test":"TestStrictLogsOfflineOracle","Elapsed":0}
{"Time":"2026-09-11T21:37:12.498599517-07:00","Action":"run","Package":"github.com/JDinSeattle/forge-runtime/scripts/faults/application","Test":"TestStrictLogsOfflinePreflight"}
{"Time":"2026-09-11T21:37:12.498601295-07:00","Action":"output","Package":"github.com/JDinSeattle/forge-runtime/scripts/faults/application","Test":"TestStrictLogsOfflinePreflight","Output":"=== RUN   TestStrictLogsOfflinePreflight\n"}
{"Time":"2026-09-11T21:37:12.498648301-07:00","Action":"run","Package":"github.com/JDinSeattle/forge-runtime/scripts/faults/application","Test":"TestStrictLogsOfflinePreflight/shared_pool"}
{"Time":"2026-09-11T21:37:12.498650254-07:00","Action":"output","Package":"github.com/JDinSeattle/forge-runtime/scripts/faults/application","Test":"TestStrictLogsOfflinePreflight/shared_pool","Output":"=== RUN   TestStrictLogsOfflinePreflight/shared_pool\n"}
{"Time":"2026-09-11T21:37:12.498677876-07:00","Action":"output","Package":"github.com/JDinSeattle/forge-runtime/scripts/faults/application","Test":"TestStrictLogsOfflinePreflight/shared_pool","Output":"--- PASS: TestStrictLogsOfflinePreflight/shared_pool (0.00s)\n"}
{"Time":"2026-09-11T21:37:12.498680364-07:00","Action":"pass","Package":"github.com/JDinSeattle/forge-runtime/scripts/faults/application","Test":"TestStrictLogsOfflinePreflight/shared_pool","Elapsed":0}
{"Time":"2026-09-11T21:37:12.498683024-07:00","Action":"run","Package":"github.com/JDinSeattle/forge-runtime/scripts/faults/application","Test":"TestStrictLogsOfflinePreflight/shared_journal"}
{"Time":"2026-09-11T21:37:12.498684973-07:00","Action":"output","Package":"github.com/JDinSeattle/forge-runtime/scripts/faults/application","Test":"TestStrictLogsOfflinePreflight/shared_journal","Output":"=== RUN   TestStrictLogsOfflinePreflight/shared_journal\n"}
{"Time":"2026-09-11T21:37:12.498696806-07:00","Action":"output","Package":"github.com/JDinSeattle/forge-runtime/scripts/faults/application","Test":"TestStrictLogsOfflinePreflight/shared_journal","Output":"--- PASS: TestStrictLogsOfflinePreflight/shared_journal (0.00s)\n"}
{"Time":"2026-09-11T21:37:12.498699778-07:00","Action":"pass","Package":"github.com/JDinSeattle/forge-runtime/scripts/faults/application","Test":"TestStrictLogsOfflinePreflight/shared_journal","Elapsed":0}
{"Time":"2026-09-11T21:37:12.498702423-07:00","Action":"run","Package":"github.com/JDinSeattle/forge-runtime/scripts/faults/application","Test":"TestStrictLogsOfflinePreflight/fake_backend"}
{"Time":"2026-09-11T21:37:12.498704213-07:00","Action":"output","Package":"github.com/JDinSeattle/forge-runtime/scripts/faults/application","Test":"TestStrictLogsOfflinePreflight/fake_backend","Output":"=== RUN   TestStrictLogsOfflinePreflight/fake_backend\n"}
{"Time":"2026-09-11T21:37:12.498723907-07:00","Action":"output","Package":"github.com/JDinSeattle/forge-runtime/scripts/faults/application","Test":"TestStrictLogsOfflinePreflight/fake_backend","Output":"--- PASS: TestStrictLogsOfflinePreflight/fake_backend (0.00s)\n"}
{"Time":"2026-09-11T21:37:12.498726152-07:00","Action":"pass","Package":"github.com/JDinSeattle/forge-runtime/scripts/faults/application","Test":"TestStrictLogsOfflinePreflight/fake_backend","Elapsed":0}
{"Time":"2026-09-11T21:37:12.498728762-07:00","Action":"run","Package":"github.com/JDinSeattle/forge-runtime/scripts/faults/application","Test":"TestStrictLogsOfflinePreflight/wrong_daemon"}
{"Time":"2026-09-11T21:37:12.498730513-07:00","Action":"output","Package":"github.com/JDinSeattle/forge-runtime/scripts/faults/application","Test":"TestStrictLogsOfflinePreflight/wrong_daemon","Output":"=== RUN   TestStrictLogsOfflinePreflight/wrong_daemon\n"}
{"Time":"2026-09-11T21:37:12.49874328-07:00","Action":"output","Package":"github.com/JDinSeattle/forge-runtime/scripts/faults/application","Test":"TestStrictLogsOfflinePreflight/wrong_daemon","Output":"--- PASS: TestStrictLogsOfflinePreflight/wrong_daemon (0.00s)\n"}
{"Time":"2026-09-11T21:37:12.498745543-07:00","Action":"pass","Package":"github.com/JDinSeattle/forge-runtime/scripts/faults/application","Test":"TestStrictLogsOfflinePreflight/wrong_daemon","Elapsed":0}
{"Time":"2026-09-11T21:37:12.498748093-07:00","Action":"run","Package":"github.com/JDinSeattle/forge-runtime/scripts/faults/application","Test":"TestStrictLogsOfflinePreflight/foreign_binary"}
{"Time":"2026-09-11T21:37:12.49874993-07:00","Action":"output","Package":"github.com/JDinSeattle/forge-runtime/scripts/faults/application","Test":"TestStrictLogsOfflinePreflight/foreign_binary","Output":"=== RUN   TestStrictLogsOfflinePreflight/foreign_binary\n"}
{"Time":"2026-09-11T21:37:12.498762817-07:00","Action":"output","Package":"github.com/JDinSeattle/forge-runtime/scripts/faults/application","Test":"TestStrictLogsOfflinePreflight/foreign_binary","Output":"--- PASS: TestStrictLogsOfflinePreflight/foreign_binary (0.00s)\n"}
{"Time":"2026-09-11T21:37:12.498766533-07:00","Action":"pass","Package":"github.com/JDinSeattle/forge-runtime/scripts/faults/application","Test":"TestStrictLogsOfflinePreflight/foreign_binary","Elapsed":0}
{"Time":"2026-09-11T21:37:12.498770394-07:00","Action":"run","Package":"github.com/JDinSeattle/forge-runtime/scripts/faults/application","Test":"TestStrictLogsOfflinePreflight/three_slots"}
{"Time":"2026-09-11T21:37:12.498772198-07:00","Action":"output","Package":"github.com/JDinSeattle/forge-runtime/scripts/faults/application","Test":"TestStrictLogsOfflinePreflight/three_slots","Output":"=== RUN   TestStrictLogsOfflinePreflight/three_slots\n"}
{"Time":"2026-09-11T21:37:12.498784519-07:00","Action":"output","Package":"github.com/JDinSeattle/forge-runtime/scripts/faults/application","Test":"TestStrictLogsOfflinePreflight/three_slots","Output":"--- PASS: TestStrictLogsOfflinePreflight/three_slots (0.00s)\n"}
{"Time":"2026-09-11T21:37:12.498786772-07:00","Action":"pass","Package":"github.com/JDinSeattle/forge-runtime/scripts/faults/application","Test":"TestStrictLogsOfflinePreflight/three_slots","Elapsed":0}
{"Time":"2026-09-11T21:37:12.498789422-07:00","Action":"run","Package":"github.com/JDinSeattle/forge-runtime/scripts/faults/application","Test":"TestStrictLogsOfflinePreflight/unbounded_profile"}
{"Time":"2026-09-11T21:37:12.498791215-07:00","Action":"output","Package":"github.com/JDinSeattle/forge-runtime/scripts/faults/application","Test":"TestStrictLogsOfflinePreflight/unbounded_profile","Output":"=== RUN   TestStrictLogsOfflinePreflight/unbounded_profile\n"}
{"Time":"2026-09-11T21:37:12.498804122-07:00","Action":"output","Package":"github.com/JDinSeattle/forge-runtime/scripts/faults/application","Test":"TestStrictLogsOfflinePreflight/unbounded_profile","Output":"--- PASS: TestStrictLogsOfflinePreflight/unbounded_profile (0.00s)\n"}
{"Time":"2026-09-11T21:37:12.498806431-07:00","Action":"pass","Package":"github.com/JDinSeattle/forge-runtime/scripts/faults/application","Test":"TestStrictLogsOfflinePreflight/unbounded_profile","Elapsed":0}
{"Time":"2026-09-11T21:37:12.498809074-07:00","Action":"run","Package":"github.com/JDinSeattle/forge-runtime/scripts/faults/application","Test":"TestStrictLogsOfflinePreflight/wrong_oracle"}
{"Time":"2026-09-11T21:37:12.498810827-07:00","Action":"output","Package":"github.com/JDinSeattle/forge-runtime/scripts/faults/application","Test":"TestStrictLogsOfflinePreflight/wrong_oracle","Output":"=== RUN   TestStrictLogsOfflinePreflight/wrong_oracle\n"}
{"Time":"2026-09-11T21:37:12.49882717-07:00","Action":"output","Package":"github.com/JDinSeattle/forge-runtime/scripts/faults/application","Test":"TestStrictLogsOfflinePreflight/wrong_oracle","Output":"--- PASS: TestStrictLogsOfflinePreflight/wrong_oracle (0.00s)\n"}
{"Time":"2026-09-11T21:37:12.49882943-07:00","Action":"pass","Package":"github.com/JDinSeattle/forge-runtime/scripts/faults/application","Test":"TestStrictLogsOfflinePreflight/wrong_oracle","Elapsed":0}
{"Time":"2026-09-11T21:37:12.498832032-07:00","Action":"run","Package":"github.com/JDinSeattle/forge-runtime/scripts/faults/application","Test":"TestStrictLogsOfflinePreflight/rebound_source"}
{"Time":"2026-09-11T21:37:12.498833889-07:00","Action":"output","Package":"github.com/JDinSeattle/forge-runtime/scripts/faults/application","Test":"TestStrictLogsOfflinePreflight/rebound_source","Output":"=== RUN   TestStrictLogsOfflinePreflight/rebound_source\n"}
{"Time":"2026-09-11T21:37:12.498847037-07:00","Action":"output","Package":"github.com/JDinSeattle/forge-runtime/scripts/faults/application","Test":"TestStrictLogsOfflinePreflight/rebound_source","Output":"--- PASS: TestStrictLogsOfflinePreflight/rebound_source (0.00s)\n"}
{"Time":"2026-09-11T21:37:12.498856792-07:00","Action":"pass","Package":"github.com/JDinSeattle/forge-runtime/scripts/faults/application","Test":"TestStrictLogsOfflinePreflight/rebound_source","Elapsed":0}
{"Time":"2026-09-11T21:37:12.498859448-07:00","Action":"run","Package":"github.com/JDinSeattle/forge-runtime/scripts/faults/application","Test":"TestStrictLogsOfflinePreflight/weaker_default_quota"}
{"Time":"2026-09-11T21:37:12.498862509-07:00","Action":"output","Package":"github.com/JDinSeattle/forge-runtime/scripts/faults/application","Test":"TestStrictLogsOfflinePreflight/weaker_default_quota","Output":"=== RUN   TestStrictLogsOfflinePreflight/weaker_default_quota\n"}
{"Time":"2026-09-11T21:37:12.49888173-07:00","Action":"output","Package":"github.com/JDinSeattle/forge-runtime/scripts/faults/application","Test":"TestStrictLogsOfflinePreflight/weaker_default_quota","Output":"--- PASS: TestStrictLogsOfflinePreflight/weaker_default_quota (0.00s)\n"}
{"Time":"2026-09-11T21:37:12.498884025-07:00","Action":"pass","Package":"github.com/JDinSeattle/forge-runtime/scripts/faults/application","Test":"TestStrictLogsOfflinePreflight/weaker_default_quota","Elapsed":0}
{"Time":"2026-09-11T21:37:12.499257356-07:00","Action":"output","Package":"github.com/JDinSeattle/forge-runtime/scripts/faults/application","Test":"TestStrictLogsOfflinePreflight","Output":"--- PASS: TestStrictLogsOfflinePreflight (0.00s)\n"}
{"Time":"2026-09-11T21:37:12.499261535-07:00","Action":"pass","Package":"github.com/JDinSeattle/forge-runtime/scripts/faults/application","Test":"TestStrictLogsOfflinePreflight","Elapsed":0}
{"Time":"2026-09-11T21:37:12.499264318-07:00","Action":"run","Package":"github.com/JDinSeattle/forge-runtime/scripts/faults/application","Test":"TestStrictLogsDurableBindingOracle"}
{"Time":"2026-09-11T21:37:12.499266128-07:00","Action":"output","Package":"github.com/JDinSeattle/forge-runtime/scripts/faults/application","Test":"TestStrictLogsDurableBindingOracle","Output":"=== RUN   TestStrictLogsDurableBindingOracle\n"}
{"Time":"2026-09-11T21:37:12.499365967-07:00","Action":"run","Package":"github.com/JDinSeattle/forge-runtime/scripts/faults/application","Test":"TestStrictLogsDurableBindingOracle/tenant_id"}
{"Time":"2026-09-11T21:37:12.499382161-07:00","Action":"output","Package":"github.com/JDinSeattle/forge-runtime/scripts/faults/application","Test":"TestStrictLogsDurableBindingOracle/tenant_id","Output":"=== RUN   TestStrictLogsDurableBindingOracle/tenant_id\n"}
{"Time":"2026-09-11T21:37:12.499387297-07:00","Action":"output","Package":"github.com/JDinSeattle/forge-runtime/scripts/faults/application","Test":"TestStrictLogsDurableBindingOracle/tenant_id","Output":"--- PASS: TestStrictLogsDurableBindingOracle/tenant_id (0.00s)\n"}
{"Time":"2026-09-11T21:37:12.499393869-07:00","Action":"pass","Package":"github.com/JDinSeattle/forge-runtime/scripts/faults/application","Test":"TestStrictLogsDurableBindingOracle/tenant_id","Elapsed":0}
{"Time":"2026-09-11T21:37:12.499398286-07:00","Action":"run","Package":"github.com/JDinSeattle/forge-runtime/scripts/faults/application","Test":"TestStrictLogsDurableBindingOracle/run_id"}
{"Time":"2026-09-11T21:37:12.499400153-07:00","Action":"output","Package":"github.com/JDinSeattle/forge-runtime/scripts/faults/application","Test":"TestStrictLogsDurableBindingOracle/run_id","Output":"=== RUN   TestStrictLogsDurableBindingOracle/run_id\n"}
{"Time":"2026-09-11T21:37:12.49940301-07:00","Action":"output","Package":"github.com/JDinSeattle/forge-runtime/scripts/faults/application","Test":"TestStrictLogsDurableBindingOracle/run_id","Output":"--- PASS: TestStrictLogsDurableBindingOracle/run_id (0.00s)\n"}
{"Time":"2026-09-11T21:37:12.499405095-07:00","Action":"pass","Package":"github.com/JDinSeattle/forge-runtime/scripts/faults/application","Test":"TestStrictLogsDurableBindingOracle/run_id","Elapsed":0}
{"Time":"2026-09-11T21:37:12.499407061-07:00","Action":"run","Package":"github.com/JDinSeattle/forge-runtime/scripts/faults/application","Test":"TestStrictLogsDurableBindingOracle/status"}
{"Time":"2026-09-11T21:37:12.499408791-07:00","Action":"output","Package":"github.com/JDinSeattle/forge-runtime/scripts/faults/application","Test":"TestStrictLogsDurableBindingOracle/status","Output":"=== RUN   TestStrictLogsDurableBindingOracle/status\n"}
{"Time":"2026-09-11T21:37:12.499414555-07:00","Action":"output","Package":"github.com/JDinSeattle/forge-runtime/scripts/faults/application","Test":"TestStrictLogsDurableBindingOracle/status","Output":"--- PASS: TestStrictLogsDurableBindingOracle/status (0.00s)\n"}
{"Time":"2026-09-11T21:37:12.4994245-07:00","Action":"pass","Package":"github.com/JDinSeattle/forge-runtime/scripts/faults/application","Test":"TestStrictLogsDurableBindingOracle/status","Elapsed":0}
{"Time":"2026-09-11T21:37:12.49942664-07:00","Action":"run","Package":"github.com/JDinSeattle/forge-runtime/scripts/faults/application","Test":"TestStrictLogsDurableBindingOracle/job_id"}
{"Time":"2026-09-11T21:37:12.499428374-07:00","Action":"output","Package":"github.com/JDinSeattle/forge-runtime/scripts/faults/application","Test":"TestStrictLogsDurableBindingOracle/job_id","Output":"=== RUN   TestStrictLogsDurableBindingOracle/job_id\n"}
{"Time":"2026-09-11T21:37:12.499446214-07:00","Action":"output","Package":"github.com/JDinSeattle/forge-runtime/scripts/faults/application","Test":"TestStrictLogsDurableBindingOracle/job_id","Output":"--- PASS: TestStrictLogsDurableBindingOracle/job_id (0.00s)\n"}
{"Time":"2026-09-11T21:37:12.499448392-07:00","Action":"pass","Package":"github.com/JDinSeattle/forge-runtime/scripts/faults/application","Test":"TestStrictLogsDurableBindingOracle/job_id","Elapsed":0}
{"Time":"2026-09-11T21:37:12.499452093-07:00","Action":"run","Package":"github.com/JDinSeattle/forge-runtime/scripts/faults/application","Test":"TestStrictLogsDurableBindingOracle/before_hash"}
{"Time":"2026-09-11T21:37:12.499453965-07:00","Action":"output","Package":"github.com/JDinSeattle/forge-runtime/scripts/faults/application","Test":"TestStrictLogsDurableBindingOracle/before_hash","Output":"=== RUN   TestStrictLogsDurableBindingOracle/before_hash\n"}
{"Time":"2026-09-11T21:37:12.499475561-07:00","Action":"output","Package":"github.com/JDinSeattle/forge-runtime/scripts/faults/application","Test":"TestStrictLogsDurableBindingOracle/before_hash","Output":"--- PASS: TestStrictLogsDurableBindingOracle/before_hash (0.00s)\n"}
{"Time":"2026-09-11T21:37:12.499477706-07:00","Action":"pass","Package":"github.com/JDinSeattle/forge-runtime/scripts/faults/application","Test":"TestStrictLogsDurableBindingOracle/before_hash","Elapsed":0}
{"Time":"2026-09-11T21:37:12.499480298-07:00","Action":"run","Package":"github.com/JDinSeattle/forge-runtime/scripts/faults/application","Test":"TestStrictLogsDurableBindingOracle/after_hash"}
{"Time":"2026-09-11T21:37:12.499482303-07:00","Action":"output","Package":"github.com/JDinSeattle/forge-runtime/scripts/faults/application","Test":"TestStrictLogsDurableBindingOracle/after_hash","Output":"=== RUN   TestStrictLogsDurableBindingOracle/after_hash\n"}
{"Time":"2026-09-11T21:37:12.499515705-07:00","Action":"output","Package":"github.com/JDinSeattle/forge-runtime/scripts/faults/application","Test":"TestStrictLogsDurableBindingOracle/after_hash","Output":"--- PASS: TestStrictLogsDurableBindingOracle/after_hash (0.00s)\n"}
{"Time":"2026-09-11T21:37:12.499517863-07:00","Action":"pass","Package":"github.com/JDinSeattle/forge-runtime/scripts/faults/application","Test":"TestStrictLogsDurableBindingOracle/after_hash","Elapsed":0}
{"Time":"2026-09-11T21:37:12.499520414-07:00","Action":"run","Package":"github.com/JDinSeattle/forge-runtime/scripts/faults/application","Test":"TestStrictLogsDurableBindingOracle/after_revision"}
{"Time":"2026-09-11T21:37:12.499522189-07:00","Action":"output","Package":"github.com/JDinSeattle/forge-runtime/scripts/faults/application","Test":"TestStrictLogsDurableBindingOracle/after_revision","Output":"=== RUN   TestStrictLogsDurableBindingOracle/after_revision\n"}
{"Time":"2026-09-11T21:37:12.499543151-07:00","Action":"output","Package":"github.com/JDinSeattle/forge-runtime/scripts/faults/application","Test":"TestStrictLogsDurableBindingOracle/after_revision","Output":"--- PASS: TestStrictLogsDurableBindingOracle/after_revision (0.00s)\n"}
{"Time":"2026-09-11T21:37:12.499546312-07:00","Action":"pass","Package":"github.com/JDinSeattle/forge-runtime/scripts/faults/application","Test":"TestStrictLogsDurableBindingOracle/after_revision","Elapsed":0}
{"Time":"2026-09-11T21:37:12.499553316-07:00","Action":"run","Package":"github.com/JDinSeattle/forge-runtime/scripts/faults/application","Test":"TestStrictLogsDurableBindingOracle/result_json"}
{"Time":"2026-09-11T21:37:12.499555112-07:00","Action":"output","Package":"github.com/JDinSeattle/forge-runtime/scripts/faults/application","Test":"TestStrictLogsDurableBindingOracle/result_json","Output":"=== RUN   TestStrictLogsDurableBindingOracle/result_json\n"}
{"Time":"2026-09-11T21:37:12.499568081-07:00","Action":"output","Package":"github.com/JDinSeattle/forge-runtime/scripts/faults/application","Test":"TestStrictLogsDurableBindingOracle/result_json","Output":"--- PASS: TestStrictLogsDurableBindingOracle/result_json (0.00s)\n"}
{"Time":"2026-09-11T21:37:12.499570235-07:00","Action":"pass","Package":"github.com/JDinSeattle/forge-runtime/scripts/faults/application","Test":"TestStrictLogsDurableBindingOracle/result_json","Elapsed":0}
{"Time":"2026-09-11T21:37:12.499572726-07:00","Action":"run","Package":"github.com/JDinSeattle/forge-runtime/scripts/faults/application","Test":"TestStrictLogsDurableBindingOracle/request_json"}
{"Time":"2026-09-11T21:37:12.499574465-07:00","Action":"output","Package":"github.com/JDinSeattle/forge-runtime/scripts/faults/application","Test":"TestStrictLogsDurableBindingOracle/request_json","Output":"=== RUN   TestStrictLogsDurableBindingOracle/request_json\n"}
{"Time":"2026-09-11T21:37:12.499577272-07:00","Action":"output","Package":"github.com/JDinSeattle/forge-runtime/scripts/faults/application","Test":"TestStrictLogsDurableBindingOracle/request_json","Output":"--- PASS: TestStrictLogsDurableBindingOracle/request_json (0.00s)\n"}
{"Time":"2026-09-11T21:37:12.499579836-07:00","Action":"pass","Package":"github.com/JDinSeattle/forge-runtime/scripts/faults/application","Test":"TestStrictLogsDurableBindingOracle/request_json","Elapsed":0}
{"Time":"2026-09-11T21:37:12.499582262-07:00","Action":"run","Package":"github.com/JDinSeattle/forge-runtime/scripts/faults/application","Test":"TestStrictLogsDurableBindingOracle/receipt_json"}
{"Time":"2026-09-11T21:37:12.49958397-07:00","Action":"output","Package":"github.com/JDinSeattle/forge-runtime/scripts/faults/application","Test":"TestStrictLogsDurableBindingOracle/receipt_json","Output":"=== RUN   TestStrictLogsDurableBindingOracle/receipt_json\n"}
{"Time":"2026-09-11T21:37:12.499610951-07:00","Action":"output","Package":"github.com/JDinSeattle/forge-runtime/scripts/faults/application","Test":"TestStrictLogsDurableBindingOracle/receipt_json","Output":"--- PASS: TestStrictLogsDurableBindingOracle/receipt_json (0.00s)\n"}
{"Time":"2026-09-11T21:37:12.499613128-07:00","Action":"pass","Package":"github.com/JDinSeattle/forge-runtime/scripts/faults/application","Test":"TestStrictLogsDurableBindingOracle/receipt_json","Elapsed":0}
{"Time":"2026-09-11T21:37:12.499616706-07:00","Action":"output","Package":"github.com/JDinSeattle/forge-runtime/scripts/faults/application","Test":"TestStrictLogsDurableBindingOracle","Output":"--- PASS: TestStrictLogsDurableBindingOracle (0.00s)\n"}
{"Time":"2026-09-11T21:37:12.499618941-07:00","Action":"pass","Package":"github.com/JDinSeattle/forge-runtime/scripts/faults/application","Test":"TestStrictLogsDurableBindingOracle","Elapsed":0}
{"Time":"2026-09-11T21:37:12.499621361-07:00","Action":"run","Package":"github.com/JDinSeattle/forge-runtime/scripts/faults/application","Test":"TestStrictLogsSignalHistoryOracle"}
{"Time":"2026-09-11T21:37:12.499623105-07:00","Action":"output","Package":"github.com/JDinSeattle/forge-runtime/scripts/faults/application","Test":"TestStrictLogsSignalHistoryOracle","Output":"=== RUN   TestStrictLogsSignalHistoryOracle\n"}
{"Time":"2026-09-11T21:37:12.499690113-07:00","Action":"run","Package":"github.com/JDinSeattle/forge-runtime/scripts/faults/application","Test":"TestStrictLogsSignalHistoryOracle/nonnumeric_ticks"}
{"Time":"2026-09-11T21:37:12.499692002-07:00","Action":"output","Package":"github.com/JDinSeattle/forge-runtime/scripts/faults/application","Test":"TestStrictLogsSignalHistoryOracle/nonnumeric_ticks","Output":"=== RUN   TestStrictLogsSignalHistoryOracle/nonnumeric_ticks\n"}
{"Time":"2026-09-11T21:37:12.499746161-07:00","Action":"output","Package":"github.com/JDinSeattle/forge-runtime/scripts/faults/application","Test":"TestStrictLogsSignalHistoryOracle/nonnumeric_ticks","Output":"--- PASS: TestStrictLogsSignalHistoryOracle/nonnumeric_ticks (0.00s)\n"}
{"Time":"2026-09-11T21:37:12.49974847-07:00","Action":"pass","Package":"github.com/JDinSeattle/forge-runtime/scripts/faults/application","Test":"TestStrictLogsSignalHistoryOracle/nonnumeric_ticks","Elapsed":0}
{"Time":"2026-09-11T21:37:12.49975405-07:00","Action":"run","Package":"github.com/JDinSeattle/forge-runtime/scripts/faults/application","Test":"TestStrictLogsSignalHistoryOracle/wrong_ticks"}
{"Time":"2026-09-11T21:37:12.499755818-07:00","Action":"output","Package":"github.com/JDinSeattle/forge-runtime/scripts/faults/application","Test":"TestStrictLogsSignalHistoryOracle/wrong_ticks","Output":"=== RUN   TestStrictLogsSignalHistoryOracle/wrong_ticks\n"}
{"Time":"2026-09-11T21:37:12.499793009-07:00","Action":"output","Package":"github.com/JDinSeattle/forge-runtime/scripts/faults/application","Test":"TestStrictLogsSignalHistoryOracle/wrong_ticks","Output":"--- PASS: TestStrictLogsSignalHistoryOracle/wrong_ticks (0.00s)\n"}
{"Time":"2026-09-11T21:37:12.499795265-07:00","Action":"pass","Package":"github.com/JDinSeattle/forge-runtime/scripts/faults/application","Test":"TestStrictLogsSignalHistoryOracle/wrong_ticks","Elapsed":0}
{"Time":"2026-09-11T21:37:12.499797736-07:00","Action":"run","Package":"github.com/JDinSeattle/forge-runtime/scripts/faults/application","Test":"TestStrictLogsSignalHistoryOracle/numeric_type_ticks"}
{"Time":"2026-09-11T21:37:12.499804365-07:00","Action":"output","Package":"github.com/JDinSeattle/forge-runtime/scripts/faults/application","Test":"TestStrictLogsSignalHistoryOracle/numeric_type_ticks","Output":"=== RUN   TestStrictLogsSignalHistoryOracle/numeric_type_ticks\n"}
{"Time":"2026-09-11T21:37:12.499836939-07:00","Action":"output","Package":"github.com/JDinSeattle/forge-runtime/scripts/faults/application","Test":"TestStrictLogsSignalHistoryOracle/numeric_type_ticks","Output":"--- PASS: TestStrictLogsSignalHistoryOracle/numeric_type_ticks (0.00s)\n"}
{"Time":"2026-09-11T21:37:12.499839275-07:00","Action":"pass","Package":"github.com/JDinSeattle/forge-runtime/scripts/faults/application","Test":"TestStrictLogsSignalHistoryOracle/numeric_type_ticks","Elapsed":0}
{"Time":"2026-09-11T21:37:12.499842232-07:00","Action":"run","Package":"github.com/JDinSeattle/forge-runtime/scripts/faults/application","Test":"TestStrictLogsSignalHistoryOracle/replacement_PID"}
{"Time":"2026-09-11T21:37:12.499843991-07:00","Action":"output","Package":"github.com/JDinSeattle/forge-runtime/scripts/faults/application","Test":"TestStrictLogsSignalHistoryOracle/replacement_PID","Output":"=== RUN   TestStrictLogsSignalHistoryOracle/replacement_PID\n"}
{"Time":"2026-09-11T21:37:12.49987965-07:00","Action":"output","Package":"github.com/JDinSeattle/forge-runtime/scripts/faults/application","Test":"TestStrictLogsSignalHistoryOracle/replacement_PID","Output":"--- PASS: TestStrictLogsSignalHistoryOracle/replacement_PID (0.00s)\n"}
{"Time":"2026-09-11T21:37:12.499881863-07:00","Action":"pass","Package":"github.com/JDinSeattle/forge-runtime/scripts/faults/application","Test":"TestStrictLogsSignalHistoryOracle/replacement_PID","Elapsed":0}
{"Time":"2026-09-11T21:37:12.49988429-07:00","Action":"run","Package":"github.com/JDinSeattle/forge-runtime/scripts/faults/application","Test":"TestStrictLogsSignalHistoryOracle/fractional_PID"}
{"Time":"2026-09-11T21:37:12.499886039-07:00","Action":"output","Package":"github.com/JDinSeattle/forge-runtime/scripts/faults/application","Test":"TestStrictLogsSignalHistoryOracle/fractional_PID","Output":"=== RUN   TestStrictLogsSignalHistoryOracle/fractional_PID\n"}
{"Time":"2026-09-11T21:37:12.499920435-07:00","Action":"output","Package":"github.com/JDinSeattle/forge-runtime/scripts/faults/application","Test":"TestStrictLogsSignalHistoryOracle/fractional_PID","Output":"--- PASS: TestStrictLogsSignalHistoryOracle/fractional_PID (0.00s)\n"}
{"Time":"2026-09-11T21:37:12.499923783-07:00","Action":"pass","Package":"github.com/JDinSeattle/forge-runtime/scripts/faults/application","Test":"TestStrictLogsSignalHistoryOracle/fractional_PID","Elapsed":0}
{"Time":"2026-09-11T21:37:12.499926504-07:00","Action":"run","Package":"github.com/JDinSeattle/forge-runtime/scripts/faults/application","Test":"TestStrictLogsSignalHistoryOracle/argv_change"}
{"Time":"2026-09-11T21:37:12.499928356-07:00","Action":"output","Package":"github.com/JDinSeattle/forge-runtime/scripts/faults/application","Test":"TestStrictLogsSignalHistoryOracle/argv_change","Output":"=== RUN   TestStrictLogsSignalHistoryOracle/argv_change\n"}
{"Time":"2026-09-11T21:37:12.499959313-07:00","Action":"output","Package":"github.com/JDinSeattle/forge-runtime/scripts/faults/application","Test":"TestStrictLogsSignalHistoryOracle/argv_change","Output":"--- PASS: TestStrictLogsSignalHistoryOracle/argv_change (0.00s)\n"}
{"Time":"2026-09-11T21:37:12.499961424-07:00","Action":"pass","Package":"github.com/JDinSeattle/forge-runtime/scripts/faults/application","Test":"TestStrictLogsSignalHistoryOracle/argv_change","Elapsed":0}
{"Time":"2026-09-11T21:37:12.499963873-07:00","Action":"run","Package":"github.com/JDinSeattle/forge-runtime/scripts/faults/application","Test":"TestStrictLogsSignalHistoryOracle/missing_exit_code"}
{"Time":"2026-09-11T21:37:12.499965635-07:00","Action":"output","Package":"github.com/JDinSeattle/forge-runtime/scripts/faults/application","Test":"TestStrictLogsSignalHistoryOracle/missing_exit_code","Output":"=== RUN   TestStrictLogsSignalHistoryOracle/missing_exit_code\n"}
{"Time":"2026-09-11T21:37:12.500000235-07:00","Action":"output","Package":"github.com/JDinSeattle/forge-runtime/scripts/faults/application","Test":"TestStrictLogsSignalHistoryOracle/missing_exit_code","Output":"--- PASS: TestStrictLogsSignalHistoryOracle/missing_exit_code (0.00s)\n"}
{"Time":"2026-09-11T21:37:12.500002399-07:00","Action":"pass","Package":"github.com/JDinSeattle/forge-runtime/scripts/faults/application","Test":"TestStrictLogsSignalHistoryOracle/missing_exit_code","Elapsed":0}
{"Time":"2026-09-11T21:37:12.500004785-07:00","Action":"run","Package":"github.com/JDinSeattle/forge-runtime/scripts/faults/application","Test":"TestStrictLogsSignalHistoryOracle/missing_ticks"}
{"Time":"2026-09-11T21:37:12.500006499-07:00","Action":"output","Package":"github.com/JDinSeattle/forge-runtime/scripts/faults/application","Test":"TestStrictLogsSignalHistoryOracle/missing_ticks","Output":"=== RUN   TestStrictLogsSignalHistoryOracle/missing_ticks\n"}
{"Time":"2026-09-11T21:37:12.500037414-07:00","Action":"output","Package":"github.com/JDinSeattle/forge-runtime/scripts/faults/application","Test":"TestStrictLogsSignalHistoryOracle/missing_ticks","Output":"--- PASS: TestStrictLogsSignalHistoryOracle/missing_ticks (0.00s)\n"}
{"Time":"2026-09-11T21:37:12.500039557-07:00","Action":"pass","Package":"github.com/JDinSeattle/forge-runtime/scripts/faults/application","Test":"TestStrictLogsSignalHistoryOracle/missing_ticks","Elapsed":0}
{"Time":"2026-09-11T21:37:12.500102299-07:00","Action":"output","Package":"github.com/JDinSeattle/forge-runtime/scripts/faults/application","Test":"TestStrictLogsSignalHistoryOracle","Output":"--- PASS: TestStrictLogsSignalHistoryOracle (0.00s)\n"}
{"Time":"2026-09-11T21:37:12.50010454-07:00","Action":"pass","Package":"github.com/JDinSeattle/forge-runtime/scripts/faults/application","Test":"TestStrictLogsSignalHistoryOracle","Elapsed":0}
{"Time":"2026-09-11T21:37:12.500106999-07:00","Action":"run","Package":"github.com/JDinSeattle/forge-runtime/scripts/faults/application","Test":"TestStrictLogsClaimHistoryOracle"}
{"Time":"2026-09-11T21:37:12.500108742-07:00","Action":"output","Package":"github.com/JDinSeattle/forge-runtime/scripts/faults/application","Test":"TestStrictLogsClaimHistoryOracle","Output":"=== RUN   TestStrictLogsClaimHistoryOracle\n"}
{"Time":"2026-09-11T21:37:12.50049953-07:00","Action":"run","Package":"github.com/JDinSeattle/forge-runtime/scripts/faults/application","Test":"TestStrictLogsClaimHistoryOracle/summary_lease_changed"}
{"Time":"2026-09-11T21:37:12.50050815-07:00","Action":"output","Package":"github.com/JDinSeattle/forge-runtime/scripts/faults/application","Test":"TestStrictLogsClaimHistoryOracle/summary_lease_changed","Output":"=== RUN   TestStrictLogsClaimHistoryOracle/summary_lease_changed\n"}
{"Time":"2026-09-11T21:37:12.500660354-07:00","Action":"output","Package":"github.com/JDinSeattle/forge-runtime/scripts/faults/application","Test":"TestStrictLogsClaimHistoryOracle/summary_lease_changed","Output":"--- PASS: TestStrictLogsClaimHistoryOracle/summary_lease_changed (0.00s)\n"}
{"Time":"2026-09-11T21:37:12.500663381-07:00","Action":"pass","Package":"github.com/JDinSeattle/forge-runtime/scripts/faults/application","Test":"TestStrictLogsClaimHistoryOracle/summary_lease_changed","Elapsed":0}
{"Time":"2026-09-11T21:37:12.500665893-07:00","Action":"run","Package":"github.com/JDinSeattle/forge-runtime/scripts/faults/application","Test":"TestStrictLogsClaimHistoryOracle/summary_claim_changed"}
{"Time":"2026-09-11T21:37:12.500667648-07:00","Action":"output","Package":"github.com/JDinSeattle/forge-runtime/scripts/faults/application","Test":"TestStrictLogsClaimHistoryOracle/summary_claim_changed","Output":"=== RUN   TestStrictLogsClaimHistoryOracle/summary_claim_changed\n"}
{"Time":"2026-09-11T21:37:12.500833924-07:00","Action":"output","Package":"github.com/JDinSeattle/forge-runtime/scripts/faults/application","Test":"TestStrictLogsClaimHistoryOracle/summary_claim_changed","Output":"--- PASS: TestStrictLogsClaimHistoryOracle/summary_claim_changed (0.00s)\n"}
{"Time":"2026-09-11T21:37:12.500836695-07:00","Action":"pass","Package":"github.com/JDinSeattle/forge-runtime/scripts/faults/application","Test":"TestStrictLogsClaimHistoryOracle/summary_claim_changed","Elapsed":0}
{"Time":"2026-09-11T21:37:12.500839217-07:00","Action":"run","Package":"github.com/JDinSeattle/forge-runtime/scripts/faults/application","Test":"TestStrictLogsClaimHistoryOracle/both_summaries_moved"}
{"Time":"2026-09-11T21:37:12.500840956-07:00","Action":"output","Package":"github.com/JDinSeattle/forge-runtime/scripts/faults/application","Test":"TestStrictLogsClaimHistoryOracle/both_summaries_moved","Output":"=== RUN   TestStrictLogsClaimHistoryOracle/both_summaries_moved\n"}
{"Time":"2026-09-11T21:37:12.501032369-07:00","Action":"output","Package":"github.com/JDinSeattle/forge-runtime/scripts/faults/application","Test":"TestStrictLogsClaimHistoryOracle/both_summaries_moved","Output":"--- PASS: TestStrictLogsClaimHistoryOracle/both_summaries_moved (0.00s)\n"}
{"Time":"2026-09-11T21:37:12.501036336-07:00","Action":"pass","Package":"github.com/JDinSeattle/forge-runtime/scripts/faults/application","Test":"TestStrictLogsClaimHistoryOracle/both_summaries_moved","Elapsed":0}
{"Time":"2026-09-11T21:37:12.50103939-07:00","Action":"run","Package":"github.com/JDinSeattle/forge-runtime/scripts/faults/application","Test":"TestStrictLogsClaimHistoryOracle/live_claim_changed"}
{"Time":"2026-09-11T21:37:12.501041574-07:00","Action":"output","Package":"github.com/JDinSeattle/forge-runtime/scripts/faults/application","Test":"TestStrictLogsClaimHistoryOracle/live_claim_changed","Output":"=== RUN   TestStrictLogsClaimHistoryOracle/live_claim_changed\n"}
{"Time":"2026-09-11T21:37:12.501228474-07:00","Action":"output","Package":"github.com/JDinSeattle/forge-runtime/scripts/faults/application","Test":"TestStrictLogsClaimHistoryOracle/live_claim_changed","Output":"--- PASS: TestStrictLogsClaimHistoryOracle/live_claim_changed (0.00s)\n"}
{"Time":"2026-09-11T21:37:12.501232425-07:00","Action":"pass","Package":"github.com/JDinSeattle/forge-runtime/scripts/faults/application","Test":"TestStrictLogsClaimHistoryOracle/live_claim_changed","Elapsed":0}
{"Time":"2026-09-11T21:37:12.501235554-07:00","Action":"run","Package":"github.com/JDinSeattle/forge-runtime/scripts/faults/application","Test":"TestStrictLogsClaimHistoryOracle/historical_claim_changed"}
{"Time":"2026-09-11T21:37:12.501237771-07:00","Action":"output","Package":"github.com/JDinSeattle/forge-runtime/scripts/faults/application","Test":"TestStrictLogsClaimHistoryOracle/historical_claim_changed","Output":"=== RUN   TestStrictLogsClaimHistoryOracle/historical_claim_changed\n"}
{"Time":"2026-09-11T21:37:12.501445496-07:00","Action":"output","Package":"github.com/JDinSeattle/forge-runtime/scripts/faults/application","Test":"TestStrictLogsClaimHistoryOracle/historical_claim_changed","Output":"--- PASS: TestStrictLogsClaimHistoryOracle/historical_claim_changed (0.00s)\n"}
{"Time":"2026-09-11T21:37:12.501449467-07:00","Action":"pass","Package":"github.com/JDinSeattle/forge-runtime/scripts/faults/application","Test":"TestStrictLogsClaimHistoryOracle/historical_claim_changed","Elapsed":0}
{"Time":"2026-09-11T21:37:12.501452558-07:00","Action":"run","Package":"github.com/JDinSeattle/forge-runtime/scripts/faults/application","Test":"TestStrictLogsClaimHistoryOracle/prior_epoch_changed"}
{"Time":"2026-09-11T21:37:12.501454703-07:00","Action":"output","Package":"github.com/JDinSeattle/forge-runtime/scripts/faults/application","Test":"TestStrictLogsClaimHistoryOracle/prior_epoch_changed","Output":"=== RUN   TestStrictLogsClaimHistoryOracle/prior_epoch_changed\n"}
{"Time":"2026-09-11T21:37:12.501664448-07:00","Action":"output","Package":"github.com/JDinSeattle/forge-runtime/scripts/faults/application","Test":"TestStrictLogsClaimHistoryOracle/prior_epoch_changed","Output":"--- PASS: TestStrictLogsClaimHistoryOracle/prior_epoch_changed (0.00s)\n"}
{"Time":"2026-09-11T21:37:12.501667311-07:00","Action":"pass","Package":"github.com/JDinSeattle/forge-runtime/scripts/faults/application","Test":"TestStrictLogsClaimHistoryOracle/prior_epoch_changed","Elapsed":0}
{"Time":"2026-09-11T21:37:12.501670834-07:00","Action":"output","Package":"github.com/JDinSeattle/forge-runtime/scripts/faults/application","Test":"TestStrictLogsClaimHistoryOracle","Output":"--- PASS: TestStrictLogsClaimHistoryOracle (0.00s)\n"}
{"Time":"2026-09-11T21:37:12.501673419-07:00","Action":"pass","Package":"github.com/JDinSeattle/forge-runtime/scripts/faults/application","Test":"TestStrictLogsClaimHistoryOracle","Elapsed":0}
{"Time":"2026-09-11T21:37:12.501676503-07:00","Action":"run","Package":"github.com/JDinSeattle/forge-runtime/scripts/faults/application","Test":"TestStrictLogsPauseControlOracle"}
{"Time":"2026-09-11T21:37:12.501678626-07:00","Action":"output","Package":"github.com/JDinSeattle/forge-runtime/scripts/faults/application","Test":"TestStrictLogsPauseControlOracle","Output":"=== RUN   TestStrictLogsPauseControlOracle\n"}
{"Time":"2026-09-11T21:37:12.501691376-07:00","Action":"run","Package":"github.com/JDinSeattle/forge-runtime/scripts/faults/application","Test":"TestStrictLogsPauseControlOracle/missing_tick"}
{"Time":"2026-09-11T21:37:12.501693758-07:00","Action":"output","Package":"github.com/JDinSeattle/forge-runtime/scripts/faults/application","Test":"TestStrictLogsPauseControlOracle/missing_tick","Output":"=== RUN   TestStrictLogsPauseControlOracle/missing_tick\n"}
{"Time":"2026-09-11T21:37:12.501700571-07:00","Action":"output","Package":"github.com/JDinSeattle/forge-runtime/scripts/faults/application","Test":"TestStrictLogsPauseControlOracle/missing_tick","Output":"--- PASS: TestStrictLogsPauseControlOracle/missing_tick (0.00s)\n"}
{"Time":"2026-09-11T21:37:12.501704835-07:00","Action":"pass","Package":"github.com/JDinSeattle/forge-runtime/scripts/faults/application","Test":"TestStrictLogsPauseControlOracle/missing_tick","Elapsed":0}
{"Time":"2026-09-11T21:37:12.50170792-07:00","Action":"run","Package":"github.com/JDinSeattle/forge-runtime/scripts/faults/application","Test":"TestStrictLogsPauseControlOracle/replacement_PID"}
{"Time":"2026-09-11T21:37:12.501710029-07:00","Action":"output","Package":"github.com/JDinSeattle/forge-runtime/scripts/faults/application","Test":"TestStrictLogsPauseControlOracle/replacement_PID","Output":"=== RUN   TestStrictLogsPauseControlOracle/replacement_PID\n"}
{"Time":"2026-09-11T21:37:12.501716902-07:00","Action":"output","Package":"github.com/JDinSeattle/forge-runtime/scripts/faults/application","Test":"TestStrictLogsPauseControlOracle/replacement_PID","Output":"--- PASS: TestStrictLogsPauseControlOracle/replacement_PID (0.00s)\n"}
{"Time":"2026-09-11T21:37:12.5017219-07:00","Action":"pass","Package":"github.com/JDinSeattle/forge-runtime/scripts/faults/application","Test":"TestStrictLogsPauseControlOracle/replacement_PID","Elapsed":0}
{"Time":"2026-09-11T21:37:12.501725026-07:00","Action":"run","Package":"github.com/JDinSeattle/forge-runtime/scripts/faults/application","Test":"TestStrictLogsPauseControlOracle/new_start"}
{"Time":"2026-09-11T21:37:12.501727179-07:00","Action":"output","Package":"github.com/JDinSeattle/forge-runtime/scripts/faults/application","Test":"TestStrictLogsPauseControlOracle/new_start","Output":"=== RUN   TestStrictLogsPauseControlOracle/new_start\n"}
{"Time":"2026-09-11T21:37:12.501731987-07:00","Action":"output","Package":"github.com/JDinSeattle/forge-runtime/scripts/faults/application","Test":"TestStrictLogsPauseControlOracle/new_start","Output":"--- PASS: TestStrictLogsPauseControlOracle/new_start (0.00s)\n"}
{"Time":"2026-09-11T21:37:12.501735151-07:00","Action":"pass","Package":"github.com/JDinSeattle/forge-runtime/scripts/faults/application","Test":"TestStrictLogsPauseControlOracle/new_start","Elapsed":0}
{"Time":"2026-09-11T21:37:12.501738134-07:00","Action":"run","Package":"github.com/JDinSeattle/forge-runtime/scripts/faults/application","Test":"TestStrictLogsPauseControlOracle/changed_executable"}
{"Time":"2026-09-11T21:37:12.501740227-07:00","Action":"output","Package":"github.com/JDinSeattle/forge-runtime/scripts/faults/application","Test":"TestStrictLogsPauseControlOracle/changed_executable","Output":"=== RUN   TestStrictLogsPauseControlOracle/changed_executable\n"}
{"Time":"2026-09-11T21:37:12.501743889-07:00","Action":"output","Package":"github.com/JDinSeattle/forge-runtime/scripts/faults/application","Test":"TestStrictLogsPauseControlOracle/changed_executable","Output":"--- PASS: TestStrictLogsPauseControlOracle/changed_executable (0.00s)\n"}
{"Time":"2026-09-11T21:37:12.501746308-07:00","Action":"pass","Package":"github.com/JDinSeattle/forge-runtime/scripts/faults/application","Test":"TestStrictLogsPauseControlOracle/changed_executable","Elapsed":0}
{"Time":"2026-09-11T21:37:12.501749286-07:00","Action":"run","Package":"github.com/JDinSeattle/forge-runtime/scripts/faults/application","Test":"TestStrictLogsPauseControlOracle/changed_arguments"}
{"Time":"2026-09-11T21:37:12.501751449-07:00","Action":"output","Package":"github.com/JDinSeattle/forge-runtime/scripts/faults/application","Test":"TestStrictLogsPauseControlOracle/changed_arguments","Output":"=== RUN   TestStrictLogsPauseControlOracle/changed_arguments\n"}
{"Time":"2026-09-11T21:37:12.501757285-07:00","Action":"output","Package":"github.com/JDinSeattle/forge-runtime/scripts/faults/application","Test":"TestStrictLogsPauseControlOracle/changed_arguments","Output":"--- PASS: TestStrictLogsPauseControlOracle/changed_arguments (0.00s)\n"}
{"Time":"2026-09-11T21:37:12.501760821-07:00","Action":"pass","Package":"github.com/JDinSeattle/forge-runtime/scripts/faults/application","Test":"TestStrictLogsPauseControlOracle/changed_arguments","Elapsed":0}
{"Time":"2026-09-11T21:37:12.501763659-07:00","Action":"output","Package":"github.com/JDinSeattle/forge-runtime/scripts/faults/application","Test":"TestStrictLogsPauseControlOracle","Output":"--- PASS: TestStrictLogsPauseControlOracle (0.00s)\n"}
{"Time":"2026-09-11T21:37:12.501766891-07:00","Action":"pass","Package":"github.com/JDinSeattle/forge-runtime/scripts/faults/application","Test":"TestStrictLogsPauseControlOracle","Elapsed":0}
{"Time":"2026-09-11T21:37:12.50176928-07:00","Action":"run","Package":"github.com/JDinSeattle/forge-runtime/scripts/faults/application","Test":"TestStrictLogsPauseSignalOrdering"}
{"Time":"2026-09-11T21:37:12.501771421-07:00","Action":"output","Package":"github.com/JDinSeattle/forge-runtime/scripts/faults/application","Test":"TestStrictLogsPauseSignalOrdering","Output":"=== RUN   TestStrictLogsPauseSignalOrdering\n"}
{"Time":"2026-09-11T21:37:12.501776607-07:00","Action":"output","Package":"github.com/JDinSeattle/forge-runtime/scripts/faults/application","Test":"TestStrictLogsPauseSignalOrdering","Output":"--- PASS: TestStrictLogsPauseSignalOrdering (0.00s)\n"}
{"Time":"2026-09-11T21:37:12.50177965-07:00","Action":"pass","Package":"github.com/JDinSeattle/forge-runtime/scripts/faults/application","Test":"TestStrictLogsPauseSignalOrdering","Elapsed":0}
{"Time":"2026-09-11T21:37:12.50178278-07:00","Action":"run","Package":"github.com/JDinSeattle/forge-runtime/scripts/faults/application","Test":"TestLifecycleAbortOracleControlOnly"}
{"Time":"2026-09-11T21:37:12.501784887-07:00","Action":"output","Package":"github.com/JDinSeattle/forge-runtime/scripts/faults/application","Test":"TestLifecycleAbortOracleControlOnly","Output":"=== RUN   TestLifecycleAbortOracleControlOnly\n"}
{"Time":"2026-09-11T21:37:12.502201851-07:00","Action":"output","Package":"github.com/JDinSeattle/forge-runtime/scripts/faults/application","Test":"TestLifecycleAbortOracleControlOnly","Output":"--- PASS: TestLifecycleAbortOracleControlOnly (0.00s)\n"}
{"Time":"2026-09-11T21:37:12.502205394-07:00","Action":"pass","Package":"github.com/JDinSeattle/forge-runtime/scripts/faults/application","Test":"TestLifecycleAbortOracleControlOnly","Elapsed":0}
{"Time":"2026-09-11T21:37:12.502209599-07:00","Action":"run","Package":"github.com/JDinSeattle/forge-runtime/scripts/faults/application","Test":"TestLifecycleAbortOracleRejectsUnexpectedState"}
{"Time":"2026-09-11T21:37:12.502211759-07:00","Action":"output","Package":"github.com/JDinSeattle/forge-runtime/scripts/faults/application","Test":"TestLifecycleAbortOracleRejectsUnexpectedState","Output":"=== RUN   TestLifecycleAbortOracleRejectsUnexpectedState\n"}
{"Time":"2026-09-11T21:37:12.50221903-07:00","Action":"run","Package":"github.com/JDinSeattle/forge-runtime/scripts/faults/application","Test":"TestLifecycleAbortOracleRejectsUnexpectedState/false_zero_steps"}
{"Time":"2026-09-11T21:37:12.502221306-07:00","Action":"output","Package":"github.com/JDinSeattle/forge-runtime/scripts/faults/application","Test":"TestLifecycleAbortOracleRejectsUnexpectedState/false_zero_steps","Output":"=== RUN   TestLifecycleAbortOracleRejectsUnexpectedState/false_zero_steps\n"}
{"Time":"2026-09-11T21:37:12.502287192-07:00","Action":"output","Package":"github.com/JDinSeattle/forge-runtime/scripts/faults/application","Test":"TestLifecycleAbortOracleRejectsUnexpectedState/false_zero_steps","Output":"--- PASS: TestLifecycleAbortOracleRejectsUnexpectedState/false_zero_steps (0.00s)\n"}
{"Time":"2026-09-11T21:37:12.502290179-07:00","Action":"pass","Package":"github.com/JDinSeattle/forge-runtime/scripts/faults/application","Test":"TestLifecycleAbortOracleRejectsUnexpectedState/false_zero_steps","Elapsed":0}
{"Time":"2026-09-11T21:37:12.502293347-07:00","Action":"run","Package":"github.com/JDinSeattle/forge-runtime/scripts/faults/application","Test":"TestLifecycleAbortOracleRejectsUnexpectedState/missing_count"}
{"Time":"2026-09-11T21:37:12.50229554-07:00","Action":"output","Package":"github.com/JDinSeattle/forge-runtime/scripts/faults/application","Test":"TestLifecycleAbortOracleRejectsUnexpectedState/missing_count","Output":"=== RUN   TestLifecycleAbortOracleRejectsUnexpectedState/missing_count\n"}
{"Time":"2026-09-11T21:37:12.50235223-07:00","Action":"output","Package":"github.com/JDinSeattle/forge-runtime/scripts/faults/application","Test":"TestLifecycleAbortOracleRejectsUnexpectedState/missing_count","Output":"--- PASS: TestLifecycleAbortOracleRejectsUnexpectedState/missing_count (0.00s)\n"}
{"Time":"2026-09-11T21:37:12.502355861-07:00","Action":"pass","Package":"github.com/JDinSeattle/forge-runtime/scripts/faults/application","Test":"TestLifecycleAbortOracleRejectsUnexpectedState/missing_count","Elapsed":0}
{"Time":"2026-09-11T21:37:12.502359046-07:00","Action":"run","Package":"github.com/JDinSeattle/forge-runtime/scripts/faults/application","Test":"TestLifecycleAbortOracleRejectsUnexpectedState/dropped_stop"}
{"Time":"2026-09-11T21:37:12.502362871-07:00","Action":"output","Package":"github.com/JDinSeattle/forge-runtime/scripts/faults/application","Test":"TestLifecycleAbortOracleRejectsUnexpectedState/dropped_stop","Output":"=== RUN   TestLifecycleAbortOracleRejectsUnexpectedState/dropped_stop\n"}
{"Time":"2026-09-11T21:37:12.502404076-07:00","Action":"output","Package":"github.com/JDinSeattle/forge-runtime/scripts/faults/application","Test":"TestLifecycleAbortOracleRejectsUnexpectedState/dropped_stop","Output":"--- PASS: TestLifecycleAbortOracleRejectsUnexpectedState/dropped_stop (0.00s)\n"}
{"Time":"2026-09-11T21:37:12.502417994-07:00","Action":"pass","Package":"github.com/JDinSeattle/forge-runtime/scripts/faults/application","Test":"TestLifecycleAbortOracleRejectsUnexpectedState/dropped_stop","Elapsed":0}
{"Time":"2026-09-11T21:37:12.502421683-07:00","Action":"run","Package":"github.com/JDinSeattle/forge-runtime/scripts/faults/application","Test":"TestLifecycleAbortOracleRejectsUnexpectedState/event_replaced"}
{"Time":"2026-09-11T21:37:12.502424566-07:00","Action":"output","Package":"github.com/JDinSeattle/forge-runtime/scripts/faults/application","Test":"TestLifecycleAbortOracleRejectsUnexpectedState/event_replaced","Output":"=== RUN   TestLifecycleAbortOracleRejectsUnexpectedState/event_replaced\n"}
{"Time":"2026-09-11T21:37:12.50250751-07:00","Action":"output","Package":"github.com/JDinSeattle/forge-runtime/scripts/faults/application","Test":"TestLifecycleAbortOracleRejectsUnexpectedState/event_replaced","Output":"--- PASS: TestLifecycleAbortOracleRejectsUnexpectedState/event_replaced (0.00s)\n"}
{"Time":"2026-09-11T21:37:12.502510794-07:00","Action":"pass","Package":"github.com/JDinSeattle/forge-runtime/scripts/faults/application","Test":"TestLifecycleAbortOracleRejectsUnexpectedState/event_replaced","Elapsed":0}
{"Time":"2026-09-11T21:37:12.502514413-07:00","Action":"run","Package":"github.com/JDinSeattle/forge-runtime/scripts/faults/application","Test":"TestLifecycleAbortOracleRejectsUnexpectedState/state_column"}
{"Time":"2026-09-11T21:37:12.502516795-07:00","Action":"output","Package":"github.com/JDinSeattle/forge-runtime/scripts/faults/application","Test":"TestLifecycleAbortOracleRejectsUnexpectedState/state_column","Output":"=== RUN   TestLifecycleAbortOracleRejectsUnexpectedState/state_column\n"}
{"Time":"2026-09-11T21:37:12.502572517-07:00","Action":"output","Package":"github.com/JDinSeattle/forge-runtime/scripts/faults/application","Test":"TestLifecycleAbortOracleRejectsUnexpectedState/state_column","Output":"--- PASS: TestLifecycleAbortOracleRejectsUnexpectedState/state_column (0.00s)\n"}
{"Time":"2026-09-11T21:37:12.502575425-07:00","Action":"pass","Package":"github.com/JDinSeattle/forge-runtime/scripts/faults/application","Test":"TestLifecycleAbortOracleRejectsUnexpectedState/state_column","Elapsed":0}
{"Time":"2026-09-11T21:37:12.502578845-07:00","Action":"run","Package":"github.com/JDinSeattle/forge-runtime/scripts/faults/application","Test":"TestLifecycleAbortOracleRejectsUnexpectedState/lease_epoch"}
{"Time":"2026-09-11T21:37:12.50258117-07:00","Action":"output","Package":"github.com/JDinSeattle/forge-runtime/scripts/faults/application","Test":"TestLifecycleAbortOracleRejectsUnexpectedState/lease_epoch","Output":"=== RUN   TestLifecycleAbortOracleRejectsUnexpectedState/lease_epoch\n"}
{"Time":"2026-09-11T21:37:12.502637413-07:00","Action":"output","Package":"github.com/JDinSeattle/forge-runtime/scripts/faults/application","Test":"TestLifecycleAbortOracleRejectsUnexpectedState/lease_epoch","Output":"--- PASS: TestLifecycleAbortOracleRejectsUnexpectedState/lease_epoch (0.00s)\n"}
{"Time":"2026-09-11T21:37:12.502640442-07:00","Action":"pass","Package":"github.com/JDinSeattle/forge-runtime/scripts/faults/application","Test":"TestLifecycleAbortOracleRejectsUnexpectedState/lease_epoch","Elapsed":0}
{"Time":"2026-09-11T21:37:12.502643826-07:00","Action":"run","Package":"github.com/JDinSeattle/forge-runtime/scripts/faults/application","Test":"TestLifecycleAbortOracleRejectsUnexpectedState/reserved_runner"}
{"Time":"2026-09-11T21:37:12.502646222-07:00","Action":"output","Package":"github.com/JDinSeattle/forge-runtime/scripts/faults/application","Test":"TestLifecycleAbortOracleRejectsUnexpectedState/reserved_runner","Output":"=== RUN   TestLifecycleAbortOracleRejectsUnexpectedState/reserved_runner\n"}
{"Time":"2026-09-11T21:37:12.502709682-07:00","Action":"output","Package":"github.com/JDinSeattle/forge-runtime/scripts/faults/application","Test":"TestLifecycleAbortOracleRejectsUnexpectedState/reserved_runner","Output":"--- PASS: TestLifecycleAbortOracleRejectsUnexpectedState/reserved_runner (0.00s)\n"}
{"Time":"2026-09-11T21:37:12.502712751-07:00","Action":"pass","Package":"github.com/JDinSeattle/forge-runtime/scripts/faults/application","Test":"TestLifecycleAbortOracleRejectsUnexpectedState/reserved_runner","Elapsed":0}
{"Time":"2026-09-11T21:37:12.50271613-07:00","Action":"run","Package":"github.com/JDinSeattle/forge-runtime/scripts/faults/application","Test":"TestLifecycleAbortOracleRejectsUnexpectedState/deadline_extension"}
{"Time":"2026-09-11T21:37:12.502718457-07:00","Action":"output","Package":"github.com/JDinSeattle/forge-runtime/scripts/faults/application","Test":"TestLifecycleAbortOracleRejectsUnexpectedState/deadline_extension","Output":"=== RUN   TestLifecycleAbortOracleRejectsUnexpectedState/deadline_extension\n"}
{"Time":"2026-09-11T21:37:12.50277136-07:00","Action":"output","Package":"github.com/JDinSeattle/forge-runtime/scripts/faults/application","Test":"TestLifecycleAbortOracleRejectsUnexpectedState/deadline_extension","Output":"--- PASS: TestLifecycleAbortOracleRejectsUnexpectedState/deadline_extension (0.00s)\n"}
{"Time":"2026-09-11T21:37:12.502775273-07:00","Action":"pass","Package":"github.com/JDinSeattle/forge-runtime/scripts/faults/application","Test":"TestLifecycleAbortOracleRejectsUnexpectedState/deadline_extension","Elapsed":0}
{"Time":"2026-09-11T21:37:12.502778753-07:00","Action":"run","Package":"github.com/JDinSeattle/forge-runtime/scripts/faults/application","Test":"TestLifecycleAbortOracleRejectsUnexpectedState/runner"}
{"Time":"2026-09-11T21:37:12.502781092-07:00","Action":"output","Package":"github.com/JDinSeattle/forge-runtime/scripts/faults/application","Test":"TestLifecycleAbortOracleRejectsUnexpectedState/runner","Output":"=== RUN   TestLifecycleAbortOracleRejectsUnexpectedState/runner\n"}
{"Time":"2026-09-11T21:37:12.503268237-07:00","Action":"output","Package":"github.com/JDinSeattle/forge-runtime/scripts/faults/application","Test":"TestLifecycleAbortOracleRejectsUnexpectedState/runner","Output":"--- PASS: TestLifecycleAbortOracleRejectsUnexpectedState/runner (0.00s)\n"}
{"Time":"2026-09-11T21:37:12.503293395-07:00","Action":"pass","Package":"github.com/JDinSeattle/forge-runtime/scripts/faults/application","Test":"TestLifecycleAbortOracleRejectsUnexpectedState/runner","Elapsed":0}
{"Time":"2026-09-11T21:37:12.503463154-07:00","Action":"run","Package":"github.com/JDinSeattle/forge-runtime/scripts/faults/application","Test":"TestLifecycleAbortOracleRejectsUnexpectedState/snapshot_rewritten"}
{"Time":"2026-09-11T21:37:12.503501909-07:00","Action":"output","Package":"github.com/JDinSeattle/forge-runtime/scripts/faults/application","Test":"TestLifecycleAbortOracleRejectsUnexpectedState/snapshot_rewritten","Output":"=== RUN   TestLifecycleAbortOracleRejectsUnexpectedState/snapshot_rewritten\n"}
{"Time":"2026-09-11T21:37:12.5044337-07:00","Action":"output","Package":"github.com/JDinSeattle/forge-runtime/scripts/faults/application","Test":"TestLifecycleAbortOracleRejectsUnexpectedState/snapshot_rewritten","Output":"--- PASS: TestLifecycleAbortOracleRejectsUnexpectedState/snapshot_rewritten (0.00s)\n"}
{"Time":"2026-09-11T21:37:12.504458294-07:00","Action":"pass","Package":"github.com/JDinSeattle/forge-runtime/scripts/faults/application","Test":"TestLifecycleAbortOracleRejectsUnexpectedState/snapshot_rewritten","Elapsed":0}
{"Time":"2026-09-11T21:37:12.504471148-07:00","Action":"run","Package":"github.com/JDinSeattle/forge-runtime/scripts/faults/application","Test":"TestLifecycleAbortOracleRejectsUnexpectedState/model"}
{"Time":"2026-09-11T21:37:12.504492482-07:00","Action":"output","Package":"github.com/JDinSeattle/forge-runtime/scripts/faults/application","Test":"TestLifecycleAbortOracleRejectsUnexpectedState/model","Output":"=== RUN   TestLifecycleAbortOracleRejectsUnexpectedState/model\n"}
{"Time":"2026-09-11T21:37:12.504674498-07:00","Action":"output","Package":"github.com/JDinSeattle/forge-runtime/scripts/faults/application","Test":"TestLifecycleAbortOracleRejectsUnexpectedState/model","Output":"--- PASS: TestLifecycleAbortOracleRejectsUnexpectedState/model (0.00s)\n"}
{"Time":"2026-09-11T21:37:12.504683784-07:00","Action":"pass","Package":"github.com/JDinSeattle/forge-runtime/scripts/faults/application","Test":"TestLifecycleAbortOracleRejectsUnexpectedState/model","Elapsed":0}
{"Time":"2026-09-11T21:37:12.504694186-07:00","Action":"run","Package":"github.com/JDinSeattle/forge-runtime/scripts/faults/application","Test":"TestLifecycleAbortOracleRejectsUnexpectedState/lease_owner"}
{"Time":"2026-09-11T21:37:12.504699816-07:00","Action":"output","Package":"github.com/JDinSeattle/forge-runtime/scripts/faults/application","Test":"TestLifecycleAbortOracleRejectsUnexpectedState/lease_owner","Output":"=== RUN   TestLifecycleAbortOracleRejectsUnexpectedState/lease_owner\n"}
{"Time":"2026-09-11T21:37:12.504876431-07:00","Action":"output","Package":"github.com/JDinSeattle/forge-runtime/scripts/faults/application","Test":"TestLifecycleAbortOracleRejectsUnexpectedState/lease_owner","Output":"--- PASS: TestLifecycleAbortOracleRejectsUnexpectedState/lease_owner (0.00s)\n"}
{"Time":"2026-09-11T21:37:12.504884868-07:00","Action":"pass","Package":"github.com/JDinSeattle/forge-runtime/scripts/faults/application","Test":"TestLifecycleAbortOracleRejectsUnexpectedState/lease_owner","Elapsed":0}
{"Time":"2026-09-11T21:37:12.504893125-07:00","Action":"run","Package":"github.com/JDinSeattle/forge-runtime/scripts/faults/application","Test":"TestLifecycleAbortOracleRejectsUnexpectedState/version_column"}
{"Time":"2026-09-11T21:37:12.504900079-07:00","Action":"output","Package":"github.com/JDinSeattle/forge-runtime/scripts/faults/application","Test":"TestLifecycleAbortOracleRejectsUnexpectedState/version_column","Output":"=== RUN   TestLifecycleAbortOracleRejectsUnexpectedState/version_column\n"}
{"Time":"2026-09-11T21:37:12.505022421-07:00","Action":"output","Package":"github.com/JDinSeattle/forge-runtime/scripts/faults/application","Test":"TestLifecycleAbortOracleRejectsUnexpectedState/version_column","Output":"--- PASS: TestLifecycleAbortOracleRejectsUnexpectedState/version_column (0.00s)\n"}
{"Time":"2026-09-11T21:37:12.505029905-07:00","Action":"pass","Package":"github.com/JDinSeattle/forge-runtime/scripts/faults/application","Test":"TestLifecycleAbortOracleRejectsUnexpectedState/version_column","Elapsed":0}
{"Time":"2026-09-11T21:37:12.50503705-07:00","Action":"run","Package":"github.com/JDinSeattle/forge-runtime/scripts/faults/application","Test":"TestLifecycleAbortOracleRejectsUnexpectedState/cleanup"}
{"Time":"2026-09-11T21:37:12.505042118-07:00","Action":"output","Package":"github.com/JDinSeattle/forge-runtime/scripts/faults/application","Test":"TestLifecycleAbortOracleRejectsUnexpectedState/cleanup","Output":"=== RUN   TestLifecycleAbortOracleRejectsUnexpectedState/cleanup\n"}
{"Time":"2026-09-11T21:37:12.505159924-07:00","Action":"output","Package":"github.com/JDinSeattle/forge-runtime/scripts/faults/application","Test":"TestLifecycleAbortOracleRejectsUnexpectedState/cleanup","Output":"--- PASS: TestLifecycleAbortOracleRejectsUnexpectedState/cleanup (0.00s)\n"}
{"Time":"2026-09-11T21:37:12.505167057-07:00","Action":"pass","Package":"github.com/JDinSeattle/forge-runtime/scripts/faults/application","Test":"TestLifecycleAbortOracleRejectsUnexpectedState/cleanup","Elapsed":0}
{"Time":"2026-09-11T21:37:12.505174166-07:00","Action":"run","Package":"github.com/JDinSeattle/forge-runtime/scripts/faults/application","Test":"TestLifecycleAbortOracleRejectsUnexpectedState/lease_until"}
{"Time":"2026-09-11T21:37:12.50517893-07:00","Action":"output","Package":"github.com/JDinSeattle/forge-runtime/scripts/faults/application","Test":"TestLifecycleAbortOracleRejectsUnexpectedState/lease_until","Output":"=== RUN   TestLifecycleAbortOracleRejectsUnexpectedState/lease_until\n"}
{"Time":"2026-09-11T21:37:12.505291596-07:00","Action":"output","Package":"github.com/JDinSeattle/forge-runtime/scripts/faults/application","Test":"TestLifecycleAbortOracleRejectsUnexpectedState/lease_until","Output":"--- PASS: TestLifecycleAbortOracleRejectsUnexpectedState/lease_until (0.00s)\n"}
{"Time":"2026-09-11T21:37:12.505299301-07:00","Action":"pass","Package":"github.com/JDinSeattle/forge-runtime/scripts/faults/application","Test":"TestLifecycleAbortOracleRejectsUnexpectedState/lease_until","Elapsed":0}
{"Time":"2026-09-11T21:37:12.505306516-07:00","Action":"run","Package":"github.com/JDinSeattle/forge-runtime/scripts/faults/application","Test":"TestLifecycleAbortOracleRejectsUnexpectedState/premature_terminal"}
{"Time":"2026-09-11T21:37:12.505311438-07:00","Action":"output","Package":"github.com/JDinSeattle/forge-runtime/scripts/faults/application","Test":"TestLifecycleAbortOracleRejectsUnexpectedState/premature_terminal","Output":"=== RUN   TestLifecycleAbortOracleRejectsUnexpectedState/premature_terminal\n"}
{"Time":"2026-09-11T21:37:12.505361459-07:00","Action":"output","Package":"github.com/JDinSeattle/forge-runtime/scripts/faults/application","Test":"TestLifecycleAbortOracleRejectsUnexpectedState/premature_terminal","Output":"--- PASS: TestLifecycleAbortOracleRejectsUnexpectedState/premature_terminal (0.00s)\n"}
{"Time":"2026-09-11T21:37:12.50536889-07:00","Action":"pass","Package":"github.com/JDinSeattle/forge-runtime/scripts/faults/application","Test":"TestLifecycleAbortOracleRejectsUnexpectedState/premature_terminal","Elapsed":0}
{"Time":"2026-09-11T21:37:12.505377395-07:00","Action":"run","Package":"github.com/JDinSeattle/forge-runtime/scripts/faults/application","Test":"TestLifecycleAbortOracleRejectsUnexpectedState/event_missing"}
{"Time":"2026-09-11T21:37:12.505382412-07:00","Action":"output","Package":"github.com/JDinSeattle/forge-runtime/scripts/faults/application","Test":"TestLifecycleAbortOracleRejectsUnexpectedState/event_missing","Output":"=== RUN   TestLifecycleAbortOracleRejectsUnexpectedState/event_missing\n"}
{"Time":"2026-09-11T21:37:12.505517583-07:00","Action":"output","Package":"github.com/JDinSeattle/forge-runtime/scripts/faults/application","Test":"TestLifecycleAbortOracleRejectsUnexpectedState/event_missing","Output":"--- PASS: TestLifecycleAbortOracleRejectsUnexpectedState/event_missing (0.00s)\n"}
{"Time":"2026-09-11T21:37:12.505528135-07:00","Action":"pass","Package":"github.com/JDinSeattle/forge-runtime/scripts/faults/application","Test":"TestLifecycleAbortOracleRejectsUnexpectedState/event_missing","Elapsed":0}
{"Time":"2026-09-11T21:37:12.505535649-07:00","Action":"run","Package":"github.com/JDinSeattle/forge-runtime/scripts/faults/application","Test":"TestLifecycleAbortOracleRejectsUnexpectedState/artifact"}
{"Time":"2026-09-11T21:37:12.505540423-07:00","Action":"output","Package":"github.com/JDinSeattle/forge-runtime/scripts/faults/application","Test":"TestLifecycleAbortOracleRejectsUnexpectedState/artifact","Output":"=== RUN   TestLifecycleAbortOracleRejectsUnexpectedState/artifact\n"}
{"Time":"2026-09-11T21:37:12.505640256-07:00","Action":"output","Package":"github.com/JDinSeattle/forge-runtime/scripts/faults/application","Test":"TestLifecycleAbortOracleRejectsUnexpectedState/artifact","Output":"--- PASS: TestLifecycleAbortOracleRejectsUnexpectedState/artifact (0.00s)\n"}
{"Time":"2026-09-11T21:37:12.505647653-07:00","Action":"pass","Package":"github.com/JDinSeattle/forge-runtime/scripts/faults/application","Test":"TestLifecycleAbortOracleRejectsUnexpectedState/artifact","Elapsed":0}
{"Time":"2026-09-11T21:37:12.505654809-07:00","Action":"run","Package":"github.com/JDinSeattle/forge-runtime/scripts/faults/application","Test":"TestLifecycleAbortOracleRejectsUnexpectedState/capacity"}
{"Time":"2026-09-11T21:37:12.505659582-07:00","Action":"output","Package":"github.com/JDinSeattle/forge-runtime/scripts/faults/application","Test":"TestLifecycleAbortOracleRejectsUnexpectedState/capacity","Output":"=== RUN   TestLifecycleAbortOracleRejectsUnexpectedState/capacity\n"}
{"Time":"2026-09-11T21:37:12.505784459-07:00","Action":"output","Package":"github.com/JDinSeattle/forge-runtime/scripts/faults/application","Test":"TestLifecycleAbortOracleRejectsUnexpectedState/capacity","Output":"--- PASS: TestLifecycleAbortOracleRejectsUnexpectedState/capacity (0.00s)\n"}
{"Time":"2026-09-11T21:37:12.505791855-07:00","Action":"pass","Package":"github.com/JDinSeattle/forge-runtime/scripts/faults/application","Test":"TestLifecycleAbortOracleRejectsUnexpectedState/capacity","Elapsed":0}
{"Time":"2026-09-11T21:37:12.505800958-07:00","Action":"run","Package":"github.com/JDinSeattle/forge-runtime/scripts/faults/application","Test":"TestLifecycleAbortOracleRejectsUnexpectedState/snapshot_lease"}
{"Time":"2026-09-11T21:37:12.505806338-07:00","Action":"output","Package":"github.com/JDinSeattle/forge-runtime/scripts/faults/application","Test":"TestLifecycleAbortOracleRejectsUnexpectedState/snapshot_lease","Output":"=== RUN   TestLifecycleAbortOracleRejectsUnexpectedState/snapshot_lease\n"}
{"Time":"2026-09-11T21:37:12.5059076-07:00","Action":"output","Package":"github.com/JDinSeattle/forge-runtime/scripts/faults/application","Test":"TestLifecycleAbortOracleRejectsUnexpectedState/snapshot_lease","Output":"--- PASS: TestLifecycleAbortOracleRejectsUnexpectedState/snapshot_lease (0.00s)\n"}
{"Time":"2026-09-11T21:37:12.50591493-07:00","Action":"pass","Package":"github.com/JDinSeattle/forge-runtime/scripts/faults/application","Test":"TestLifecycleAbortOracleRejectsUnexpectedState/snapshot_lease","Elapsed":0}
{"Time":"2026-09-11T21:37:12.505921911-07:00","Action":"run","Package":"github.com/JDinSeattle/forge-runtime/scripts/faults/application","Test":"TestLifecycleAbortOracleRejectsUnexpectedState/execution_step"}
{"Time":"2026-09-11T21:37:12.505927251-07:00","Action":"output","Package":"github.com/JDinSeattle/forge-runtime/scripts/faults/application","Test":"TestLifecycleAbortOracleRejectsUnexpectedState/execution_step","Output":"=== RUN   TestLifecycleAbortOracleRejectsUnexpectedState/execution_step\n"}
{"Time":"2026-09-11T21:37:12.506044588-07:00","Action":"output","Package":"github.com/JDinSeattle/forge-runtime/scripts/faults/application","Test":"TestLifecycleAbortOracleRejectsUnexpectedState/execution_step","Output":"--- PASS: TestLifecycleAbortOracleRejectsUnexpectedState/execution_step (0.00s)\n"}
{"Time":"2026-09-11T21:37:12.506051873-07:00","Action":"pass","Package":"github.com/JDinSeattle/forge-runtime/scripts/faults/application","Test":"TestLifecycleAbortOracleRejectsUnexpectedState/execution_step","Elapsed":0}
{"Time":"2026-09-11T21:37:12.506058929-07:00","Action":"run","Package":"github.com/JDinSeattle/forge-runtime/scripts/faults/application","Test":"TestLifecycleAbortOracleRejectsUnexpectedState/effects"}
{"Time":"2026-09-11T21:37:12.506063673-07:00","Action":"output","Package":"github.com/JDinSeattle/forge-runtime/scripts/faults/application","Test":"TestLifecycleAbortOracleRejectsUnexpectedState/effects","Output":"=== RUN   TestLifecycleAbortOracleRejectsUnexpectedState/effects\n"}
{"Time":"2026-09-11T21:37:12.506189463-07:00","Action":"output","Package":"github.com/JDinSeattle/forge-runtime/scripts/faults/application","Test":"TestLifecycleAbortOracleRejectsUnexpectedState/effects","Output":"--- PASS: TestLifecycleAbortOracleRejectsUnexpectedState/effects (0.00s)\n"}
{"Time":"2026-09-11T21:37:12.506196581-07:00","Action":"pass","Package":"github.com/JDinSeattle/forge-runtime/scripts/faults/application","Test":"TestLifecycleAbortOracleRejectsUnexpectedState/effects","Elapsed":0}
{"Time":"2026-09-11T21:37:12.506204232-07:00","Action":"run","Package":"github.com/JDinSeattle/forge-runtime/scripts/faults/application","Test":"TestLifecycleAbortOracleRejectsUnexpectedState/allocation"}
{"Time":"2026-09-11T21:37:12.506209022-07:00","Action":"output","Package":"github.com/JDinSeattle/forge-runtime/scripts/faults/application","Test":"TestLifecycleAbortOracleRejectsUnexpectedState/allocation","Output":"=== RUN   TestLifecycleAbortOracleRejectsUnexpectedState/allocation\n"}
{"Time":"2026-09-11T21:37:12.506312533-07:00","Action":"output","Package":"github.com/JDinSeattle/forge-runtime/scripts/faults/application","Test":"TestLifecycleAbortOracleRejectsUnexpectedState/allocation","Output":"--- PASS: TestLifecycleAbortOracleRejectsUnexpectedState/allocation (0.00s)\n"}
{"Time":"2026-09-11T21:37:12.506320292-07:00","Action":"pass","Package":"github.com/JDinSeattle/forge-runtime/scripts/faults/application","Test":"TestLifecycleAbortOracleRejectsUnexpectedState/allocation","Elapsed":0}
{"Time":"2026-09-11T21:37:12.50632747-07:00","Action":"run","Package":"github.com/JDinSeattle/forge-runtime/scripts/faults/application","Test":"TestLifecycleAbortOracleRejectsUnexpectedState/second_run"}
{"Time":"2026-09-11T21:37:12.50633211-07:00","Action":"output","Package":"github.com/JDinSeattle/forge-runtime/scripts/faults/application","Test":"TestLifecycleAbortOracleRejectsUnexpectedState/second_run","Output":"=== RUN   TestLifecycleAbortOracleRejectsUnexpectedState/second_run\n"}
{"Time":"2026-09-11T21:37:12.506441973-07:00","Action":"output","Package":"github.com/JDinSeattle/forge-runtime/scripts/faults/application","Test":"TestLifecycleAbortOracleRejectsUnexpectedState/second_run","Output":"--- PASS: TestLifecycleAbortOracleRejectsUnexpectedState/second_run (0.00s)\n"}
{"Time":"2026-09-11T21:37:12.506451521-07:00","Action":"pass","Package":"github.com/JDinSeattle/forge-runtime/scripts/faults/application","Test":"TestLifecycleAbortOracleRejectsUnexpectedState/second_run","Elapsed":0}
{"Time":"2026-09-11T21:37:12.506458911-07:00","Action":"run","Package":"github.com/JDinSeattle/forge-runtime/scripts/faults/application","Test":"TestLifecycleAbortOracleRejectsUnexpectedState/snapshot_effect"}
{"Time":"2026-09-11T21:37:12.506463734-07:00","Action":"output","Package":"github.com/JDinSeattle/forge-runtime/scripts/faults/application","Test":"TestLifecycleAbortOracleRejectsUnexpectedState/snapshot_effect","Output":"=== RUN   TestLifecycleAbortOracleRejectsUnexpectedState/snapshot_effect\n"}
{"Time":"2026-09-11T21:37:12.50657611-07:00","Action":"output","Package":"github.com/JDinSeattle/forge-runtime/scripts/faults/application","Test":"TestLifecycleAbortOracleRejectsUnexpectedState/snapshot_effect","Output":"--- PASS: TestLifecycleAbortOracleRejectsUnexpectedState/snapshot_effect (0.00s)\n"}
{"Time":"2026-09-11T21:37:12.50658349-07:00","Action":"pass","Package":"github.com/JDinSeattle/forge-runtime/scripts/faults/application","Test":"TestLifecycleAbortOracleRejectsUnexpectedState/snapshot_effect","Elapsed":0}
{"Time":"2026-09-11T21:37:12.506590482-07:00","Action":"run","Package":"github.com/JDinSeattle/forge-runtime/scripts/faults/application","Test":"TestLifecycleAbortOracleRejectsUnexpectedState/quota"}
{"Time":"2026-09-11T21:37:12.50659518-07:00","Action":"output","Package":"github.com/JDinSeattle/forge-runtime/scripts/faults/application","Test":"TestLifecycleAbortOracleRejectsUnexpectedState/quota","Output":"=== RUN   TestLifecycleAbortOracleRejectsUnexpectedState/quota\n"}
{"Time":"2026-09-11T21:37:12.506709147-07:00","Action":"output","Package":"github.com/JDinSeattle/forge-runtime/scripts/faults/application","Test":"TestLifecycleAbortOracleRejectsUnexpectedState/quota","Output":"--- PASS: TestLifecycleAbortOracleRejectsUnexpectedState/quota (0.00s)\n"}
{"Time":"2026-09-11T21:37:12.506716291-07:00","Action":"pass","Package":"github.com/JDinSeattle/forge-runtime/scripts/faults/application","Test":"TestLifecycleAbortOracleRejectsUnexpectedState/quota","Elapsed":0}
{"Time":"2026-09-11T21:37:12.506723399-07:00","Action":"run","Package":"github.com/JDinSeattle/forge-runtime/scripts/faults/application","Test":"TestLifecycleAbortOracleRejectsUnexpectedState/workspace"}
{"Time":"2026-09-11T21:37:12.50672827-07:00","Action":"output","Package":"github.com/JDinSeattle/forge-runtime/scripts/faults/application","Test":"TestLifecycleAbortOracleRejectsUnexpectedState/workspace","Output":"=== RUN   TestLifecycleAbortOracleRejectsUnexpectedState/workspace\n"}
{"Time":"2026-09-11T21:37:12.506855204-07:00","Action":"output","Package":"github.com/JDinSeattle/forge-runtime/scripts/faults/application","Test":"TestLifecycleAbortOracleRejectsUnexpectedState/workspace","Output":"--- PASS: TestLifecycleAbortOracleRejectsUnexpectedState/workspace (0.00s)\n"}
{"Time":"2026-09-11T21:37:12.506862928-07:00","Action":"pass","Package":"github.com/JDinSeattle/forge-runtime/scripts/faults/application","Test":"TestLifecycleAbortOracleRejectsUnexpectedState/workspace","Elapsed":0}
{"Time":"2026-09-11T21:37:12.50687006-07:00","Action":"run","Package":"github.com/JDinSeattle/forge-runtime/scripts/faults/application","Test":"TestLifecycleAbortOracleRejectsUnexpectedState/wrong_stop_target"}
{"Time":"2026-09-11T21:37:12.50687494-07:00","Action":"output","Package":"github.com/JDinSeattle/forge-runtime/scripts/faults/application","Test":"TestLifecycleAbortOracleRejectsUnexpectedState/wrong_stop_target","Output":"=== RUN   TestLifecycleAbortOracleRejectsUnexpectedState/wrong_stop_target\n"}
{"Time":"2026-09-11T21:37:12.50691787-07:00","Action":"output","Package":"github.com/JDinSeattle/forge-runtime/scripts/faults/application","Test":"TestLifecycleAbortOracleRejectsUnexpectedState/wrong_stop_target","Output":"--- PASS: TestLifecycleAbortOracleRejectsUnexpectedState/wrong_stop_target (0.00s)\n"}
{"Time":"2026-09-11T21:37:12.506927755-07:00","Action":"pass","Package":"github.com/JDinSeattle/forge-runtime/scripts/faults/application","Test":"TestLifecycleAbortOracleRejectsUnexpectedState/wrong_stop_target","Elapsed":0}
{"Time":"2026-09-11T21:37:12.50696259-07:00","Action":"run","Package":"github.com/JDinSeattle/forge-runtime/scripts/faults/application","Test":"TestLifecycleAbortOracleRejectsUnexpectedState/execute_command"}
{"Time":"2026-09-11T21:37:12.506968849-07:00","Action":"output","Package":"github.com/JDinSeattle/forge-runtime/scripts/faults/application","Test":"TestLifecycleAbortOracleRejectsUnexpectedState/execute_command","Output":"=== RUN   TestLifecycleAbortOracleRejectsUnexpectedState/execute_command\n"}
{"Time":"2026-09-11T21:37:12.507018519-07:00","Action":"output","Package":"github.com/JDinSeattle/forge-runtime/scripts/faults/application","Test":"TestLifecycleAbortOracleRejectsUnexpectedState/execute_command","Output":"--- PASS: TestLifecycleAbortOracleRejectsUnexpectedState/execute_command (0.00s)\n"}
{"Time":"2026-09-11T21:37:12.507025694-07:00","Action":"pass","Package":"github.com/JDinSeattle/forge-runtime/scripts/faults/application","Test":"TestLifecycleAbortOracleRejectsUnexpectedState/execute_command","Elapsed":0}
{"Time":"2026-09-11T21:37:12.507033669-07:00","Action":"output","Package":"github.com/JDinSeattle/forge-runtime/scripts/faults/application","Test":"TestLifecycleAbortOracleRejectsUnexpectedState","Output":"--- PASS: TestLifecycleAbortOracleRejectsUnexpectedState (0.00s)\n"}
{"Time":"2026-09-11T21:37:12.507039495-07:00","Action":"pass","Package":"github.com/JDinSeattle/forge-runtime/scripts/faults/application","Test":"TestLifecycleAbortOracleRejectsUnexpectedState","Elapsed":0}
{"Time":"2026-09-11T21:37:12.50704627-07:00","Action":"run","Package":"github.com/JDinSeattle/forge-runtime/scripts/faults/application","Test":"TestLifecycleAbortHistoryIsAppendOnly"}
{"Time":"2026-09-11T21:37:12.507053211-07:00","Action":"output","Package":"github.com/JDinSeattle/forge-runtime/scripts/faults/application","Test":"TestLifecycleAbortHistoryIsAppendOnly","Output":"=== RUN   TestLifecycleAbortHistoryIsAppendOnly\n"}
{"Time":"2026-09-11T21:37:12.50707569-07:00","Action":"run","Package":"github.com/JDinSeattle/forge-runtime/scripts/faults/application","Test":"TestLifecycleAbortHistoryIsAppendOnly/immutable"}
{"Time":"2026-09-11T21:37:12.507081556-07:00","Action":"output","Package":"github.com/JDinSeattle/forge-runtime/scripts/faults/application","Test":"TestLifecycleAbortHistoryIsAppendOnly/immutable","Output":"=== RUN   TestLifecycleAbortHistoryIsAppendOnly/immutable\n"}
{"Time":"2026-09-11T21:37:12.507190517-07:00","Action":"output","Package":"github.com/JDinSeattle/forge-runtime/scripts/faults/application","Test":"TestLifecycleAbortHistoryIsAppendOnly/immutable","Output":"--- PASS: TestLifecycleAbortHistoryIsAppendOnly/immutable (0.00s)\n"}
{"Time":"2026-09-11T21:37:12.507198201-07:00","Action":"pass","Package":"github.com/JDinSeattle/forge-runtime/scripts/faults/application","Test":"TestLifecycleAbortHistoryIsAppendOnly/immutable","Elapsed":0}
{"Time":"2026-09-11T21:37:12.507205848-07:00","Action":"run","Package":"github.com/JDinSeattle/forge-runtime/scripts/faults/application","Test":"TestLifecycleAbortHistoryIsAppendOnly/event"}
{"Time":"2026-09-11T21:37:12.507210828-07:00","Action":"output","Package":"github.com/JDinSeattle/forge-runtime/scripts/faults/application","Test":"TestLifecycleAbortHistoryIsAppendOnly/event","Output":"=== RUN   TestLifecycleAbortHistoryIsAppendOnly/event\n"}
{"Time":"2026-09-11T21:37:12.507323669-07:00","Action":"output","Package":"github.com/JDinSeattle/forge-runtime/scripts/faults/application","Test":"TestLifecycleAbortHistoryIsAppendOnly/event","Output":"--- PASS: TestLifecycleAbortHistoryIsAppendOnly/event (0.00s)\n"}
{"Time":"2026-09-11T21:37:12.50733116-07:00","Action":"pass","Package":"github.com/JDinSeattle/forge-runtime/scripts/faults/application","Test":"TestLifecycleAbortHistoryIsAppendOnly/event","Elapsed":0}
{"Time":"2026-09-11T21:37:12.507338482-07:00","Action":"run","Package":"github.com/JDinSeattle/forge-runtime/scripts/faults/application","Test":"TestLifecycleAbortHistoryIsAppendOnly/snapshot"}
{"Time":"2026-09-11T21:37:12.507343442-07:00","Action":"output","Package":"github.com/JDinSeattle/forge-runtime/scripts/faults/application","Test":"TestLifecycleAbortHistoryIsAppendOnly/snapshot","Output":"=== RUN   TestLifecycleAbortHistoryIsAppendOnly/snapshot\n"}
{"Time":"2026-09-11T21:37:12.507491873-07:00","Action":"output","Package":"github.com/JDinSeattle/forge-runtime/scripts/faults/application","Test":"TestLifecycleAbortHistoryIsAppendOnly/snapshot","Output":"--- PASS: TestLifecycleAbortHistoryIsAppendOnly/snapshot (0.00s)\n"}
{"Time":"2026-09-11T21:37:12.50750262-07:00","Action":"pass","Package":"github.com/JDinSeattle/forge-runtime/scripts/faults/application","Test":"TestLifecycleAbortHistoryIsAppendOnly/snapshot","Elapsed":0}
{"Time":"2026-09-11T21:37:12.507513196-07:00","Action":"output","Package":"github.com/JDinSeattle/forge-runtime/scripts/faults/application","Test":"TestLifecycleAbortHistoryIsAppendOnly","Output":"--- PASS: TestLifecycleAbortHistoryIsAppendOnly (0.00s)\n"}
{"Time":"2026-09-11T21:37:12.507519873-07:00","Action":"pass","Package":"github.com/JDinSeattle/forge-runtime/scripts/faults/application","Test":"TestLifecycleAbortHistoryIsAppendOnly","Elapsed":0}
{"Time":"2026-09-11T21:37:12.507526901-07:00","Action":"run","Package":"github.com/JDinSeattle/forge-runtime/scripts/faults/application","Test":"TestLifecycleExplicitAttemptAndBinaryRouting"}
{"Time":"2026-09-11T21:37:12.507531934-07:00","Action":"output","Package":"github.com/JDinSeattle/forge-runtime/scripts/faults/application","Test":"TestLifecycleExplicitAttemptAndBinaryRouting","Output":"=== RUN   TestLifecycleExplicitAttemptAndBinaryRouting\n"}
{"Time":"2026-09-11T21:37:12.50769376-07:00","Action":"output","Package":"github.com/JDinSeattle/forge-runtime/scripts/faults/application","Test":"TestLifecycleExplicitAttemptAndBinaryRouting","Output":"--- PASS: TestLifecycleExplicitAttemptAndBinaryRouting (0.00s)\n"}
{"Time":"2026-09-11T21:37:12.507701429-07:00","Action":"pass","Package":"github.com/JDinSeattle/forge-runtime/scripts/faults/application","Test":"TestLifecycleExplicitAttemptAndBinaryRouting","Elapsed":0}
{"Time":"2026-09-11T21:37:12.507708856-07:00","Action":"run","Package":"github.com/JDinSeattle/forge-runtime/scripts/faults/application","Test":"TestLifecycleOriginalDatabaseRoute"}
{"Time":"2026-09-11T21:37:12.507713872-07:00","Action":"output","Package":"github.com/JDinSeattle/forge-runtime/scripts/faults/application","Test":"TestLifecycleOriginalDatabaseRoute","Output":"=== RUN   TestLifecycleOriginalDatabaseRoute\n"}
{"Time":"2026-09-11T21:37:12.507776013-07:00","Action":"output","Package":"github.com/JDinSeattle/forge-runtime/scripts/faults/application","Test":"TestLifecycleOriginalDatabaseRoute","Output":"--- PASS: TestLifecycleOriginalDatabaseRoute (0.00s)\n"}
{"Time":"2026-09-11T21:37:12.507783663-07:00","Action":"pass","Package":"github.com/JDinSeattle/forge-runtime/scripts/faults/application","Test":"TestLifecycleOriginalDatabaseRoute","Elapsed":0}
{"Time":"2026-09-11T21:37:12.507790814-07:00","Action":"run","Package":"github.com/JDinSeattle/forge-runtime/scripts/faults/application","Test":"TestWorkerRunnerSIGTERMPreflight"}
{"Time":"2026-09-11T21:37:12.507795651-07:00","Action":"output","Package":"github.com/JDinSeattle/forge-runtime/scripts/faults/application","Test":"TestWorkerRunnerSIGTERMPreflight","Output":"=== RUN   TestWorkerRunnerSIGTERMPreflight\n"}
{"Time":"2026-09-11T21:37:12.531150023-07:00","Action":"run","Package":"github.com/JDinSeattle/forge-runtime/scripts/faults/application","Test":"TestWorkerRunnerSIGTERMPreflight/literal_parent_escape"}
{"Time":"2026-09-11T21:37:12.531180535-07:00","Action":"output","Package":"github.com/JDinSeattle/forge-runtime/scripts/faults/application","Test":"TestWorkerRunnerSIGTERMPreflight/literal_parent_escape","Output":"=== RUN   TestWorkerRunnerSIGTERMPreflight/literal_parent_escape\n"}
{"Time":"2026-09-11T21:37:12.585461113-07:00","Action":"output","Package":"github.com/JDinSeattle/forge-runtime/scripts/faults/application","Test":"TestWorkerRunnerSIGTERMPreflight/literal_parent_escape","Output":"--- PASS: TestWorkerRunnerSIGTERMPreflight/literal_parent_escape (0.05s)\n"}
{"Time":"2026-09-11T21:37:12.585482415-07:00","Action":"pass","Package":"github.com/JDinSeattle/forge-runtime/scripts/faults/application","Test":"TestWorkerRunnerSIGTERMPreflight/literal_parent_escape","Elapsed":0.05}
{"Time":"2026-09-11T21:37:12.585487434-07:00","Action":"run","Package":"github.com/JDinSeattle/forge-runtime/scripts/faults/application","Test":"TestWorkerRunnerSIGTERMPreflight/literal_child_escape"}
{"Time":"2026-09-11T21:37:12.585488803-07:00","Action":"output","Package":"github.com/JDinSeattle/forge-runtime/scripts/faults/application","Test":"TestWorkerRunnerSIGTERMPreflight/literal_child_escape","Output":"=== RUN   TestWorkerRunnerSIGTERMPreflight/literal_child_escape\n"}
{"Time":"2026-09-11T21:37:12.644635574-07:00","Action":"output","Package":"github.com/JDinSeattle/forge-runtime/scripts/faults/application","Test":"TestWorkerRunnerSIGTERMPreflight/literal_child_escape","Output":"--- PASS: TestWorkerRunnerSIGTERMPreflight/literal_child_escape (0.06s)\n"}
{"Time":"2026-09-11T21:37:12.644659602-07:00","Action":"pass","Package":"github.com/JDinSeattle/forge-runtime/scripts/faults/application","Test":"TestWorkerRunnerSIGTERMPreflight/literal_child_escape","Elapsed":0.06}
{"Time":"2026-09-11T21:37:12.644729007-07:00","Action":"output","Package":"github.com/JDinSeattle/forge-runtime/scripts/faults/application","Test":"TestWorkerRunnerSIGTERMPreflight","Output":"--- PASS: TestWorkerRunnerSIGTERMPreflight (0.14s)\n"}
{"Time":"2026-09-11T21:37:12.64473094-07:00","Action":"pass","Package":"github.com/JDinSeattle/forge-runtime/scripts/faults/application","Test":"TestWorkerRunnerSIGTERMPreflight","Elapsed":0.14}
{"Time":"2026-09-11T21:37:12.644741172-07:00","Action":"run","Package":"github.com/JDinSeattle/forge-runtime/scripts/faults/application","Test":"TestWorkerRunnerSIGTERMRejectsSharedState"}
{"Time":"2026-09-11T21:37:12.644742604-07:00","Action":"output","Package":"github.com/JDinSeattle/forge-runtime/scripts/faults/application","Test":"TestWorkerRunnerSIGTERMRejectsSharedState","Output":"=== RUN   TestWorkerRunnerSIGTERMRejectsSharedState\n"}
{"Time":"2026-09-11T21:37:12.644778755-07:00","Action":"run","Package":"github.com/JDinSeattle/forge-runtime/scripts/faults/application","Test":"TestWorkerRunnerSIGTERMRejectsSharedState/demo_pool"}
{"Time":"2026-09-11T21:37:12.644779887-07:00","Action":"output","Package":"github.com/JDinSeattle/forge-runtime/scripts/faults/application","Test":"TestWorkerRunnerSIGTERMRejectsSharedState/demo_pool","Output":"=== RUN   TestWorkerRunnerSIGTERMRejectsSharedState/demo_pool\n"}
{"Time":"2026-09-11T21:37:12.644912456-07:00","Action":"output","Package":"github.com/JDinSeattle/forge-runtime/scripts/faults/application","Test":"TestWorkerRunnerSIGTERMRejectsSharedState/demo_pool","Output":"--- PASS: TestWorkerRunnerSIGTERMRejectsSharedState/demo_pool (0.00s)\n"}
{"Time":"2026-09-11T21:37:12.64491711-07:00","Action":"pass","Package":"github.com/JDinSeattle/forge-runtime/scripts/faults/application","Test":"TestWorkerRunnerSIGTERMRejectsSharedState/demo_pool","Elapsed":0}
{"Time":"2026-09-11T21:37:12.644918766-07:00","Action":"run","Package":"github.com/JDinSeattle/forge-runtime/scripts/faults/application","Test":"TestWorkerRunnerSIGTERMRejectsSharedState/recovery_pool"}
{"Time":"2026-09-11T21:37:12.644919793-07:00","Action":"output","Package":"github.com/JDinSeattle/forge-runtime/scripts/faults/application","Test":"TestWorkerRunnerSIGTERMRejectsSharedState/recovery_pool","Output":"=== RUN   TestWorkerRunnerSIGTERMRejectsSharedState/recovery_pool\n"}
{"Time":"2026-09-11T21:37:12.644947713-07:00","Action":"output","Package":"github.com/JDinSeattle/forge-runtime/scripts/faults/application","Test":"TestWorkerRunnerSIGTERMRejectsSharedState/recovery_pool","Output":"--- PASS: TestWorkerRunnerSIGTERMRejectsSharedState/recovery_pool (0.00s)\n"}
{"Time":"2026-09-11T21:37:12.644949111-07:00","Action":"pass","Package":"github.com/JDinSeattle/forge-runtime/scripts/faults/application","Test":"TestWorkerRunnerSIGTERMRejectsSharedState/recovery_pool","Elapsed":0}
{"Time":"2026-09-11T21:37:12.644950614-07:00","Action":"run","Package":"github.com/JDinSeattle/forge-runtime/scripts/faults/application","Test":"TestWorkerRunnerSIGTERMRejectsSharedState/foreign_journal"}
{"Time":"2026-09-11T21:37:12.6449517-07:00","Action":"output","Package":"github.com/JDinSeattle/forge-runtime/scripts/faults/application","Test":"TestWorkerRunnerSIGTERMRejectsSharedState/foreign_journal","Output":"=== RUN   TestWorkerRunnerSIGTERMRejectsSharedState/foreign_journal\n"}
{"Time":"2026-09-11T21:37:12.644980914-07:00","Action":"output","Package":"github.com/JDinSeattle/forge-runtime/scripts/faults/application","Test":"TestWorkerRunnerSIGTERMRejectsSharedState/foreign_journal","Output":"--- PASS: TestWorkerRunnerSIGTERMRejectsSharedState/foreign_journal (0.00s)\n"}
{"Time":"2026-09-11T21:37:12.644982256-07:00","Action":"pass","Package":"github.com/JDinSeattle/forge-runtime/scripts/faults/application","Test":"TestWorkerRunnerSIGTERMRejectsSharedState/foreign_journal","Elapsed":0}
{"Time":"2026-09-11T21:37:12.644983413-07:00","Action":"run","Package":"github.com/JDinSeattle/forge-runtime/scripts/faults/application","Test":"TestWorkerRunnerSIGTERMRejectsSharedState/fake_backend"}
{"Time":"2026-09-11T21:37:12.644984398-07:00","Action":"output","Package":"github.com/JDinSeattle/forge-runtime/scripts/faults/application","Test":"TestWorkerRunnerSIGTERMRejectsSharedState/fake_backend","Output":"=== RUN   TestWorkerRunnerSIGTERMRejectsSharedState/fake_backend\n"}
{"Time":"2026-09-11T21:37:12.645008618-07:00","Action":"output","Package":"github.com/JDinSeattle/forge-runtime/scripts/faults/application","Test":"TestWorkerRunnerSIGTERMRejectsSharedState/fake_backend","Output":"--- PASS: TestWorkerRunnerSIGTERMRejectsSharedState/fake_backend (0.00s)\n"}
{"Time":"2026-09-11T21:37:12.64500992-07:00","Action":"pass","Package":"github.com/JDinSeattle/forge-runtime/scripts/faults/application","Test":"TestWorkerRunnerSIGTERMRejectsSharedState/fake_backend","Elapsed":0}
{"Time":"2026-09-11T21:37:12.645011996-07:00","Action":"run","Package":"github.com/JDinSeattle/forge-runtime/scripts/faults/application","Test":"TestWorkerRunnerSIGTERMRejectsSharedState/zero_log_cap"}
{"Time":"2026-09-11T21:37:12.645013031-07:00","Action":"output","Package":"github.com/JDinSeattle/forge-runtime/scripts/faults/application","Test":"TestWorkerRunnerSIGTERMRejectsSharedState/zero_log_cap","Output":"=== RUN   TestWorkerRunnerSIGTERMRejectsSharedState/zero_log_cap\n"}
{"Time":"2026-09-11T21:37:12.645040675-07:00","Action":"output","Package":"github.com/JDinSeattle/forge-runtime/scripts/faults/application","Test":"TestWorkerRunnerSIGTERMRejectsSharedState/zero_log_cap","Output":"--- PASS: TestWorkerRunnerSIGTERMRejectsSharedState/zero_log_cap (0.00s)\n"}
{"Time":"2026-09-11T21:37:12.645041987-07:00","Action":"pass","Package":"github.com/JDinSeattle/forge-runtime/scripts/faults/application","Test":"TestWorkerRunnerSIGTERMRejectsSharedState/zero_log_cap","Elapsed":0}
{"Time":"2026-09-11T21:37:12.64504348-07:00","Action":"run","Package":"github.com/JDinSeattle/forge-runtime/scripts/faults/application","Test":"TestWorkerRunnerSIGTERMRejectsSharedState/unbounded_profile"}
{"Time":"2026-09-11T21:37:12.645044581-07:00","Action":"output","Package":"github.com/JDinSeattle/forge-runtime/scripts/faults/application","Test":"TestWorkerRunnerSIGTERMRejectsSharedState/unbounded_profile","Output":"=== RUN   TestWorkerRunnerSIGTERMRejectsSharedState/unbounded_profile\n"}
{"Time":"2026-09-11T21:37:12.645071812-07:00","Action":"output","Package":"github.com/JDinSeattle/forge-runtime/scripts/faults/application","Test":"TestWorkerRunnerSIGTERMRejectsSharedState/unbounded_profile","Output":"--- PASS: TestWorkerRunnerSIGTERMRejectsSharedState/unbounded_profile (0.00s)\n"}
{"Time":"2026-09-11T21:37:12.645073152-07:00","Action":"pass","Package":"github.com/JDinSeattle/forge-runtime/scripts/faults/application","Test":"TestWorkerRunnerSIGTERMRejectsSharedState/unbounded_profile","Elapsed":0}
{"Time":"2026-09-11T21:37:12.64507432-07:00","Action":"run","Package":"github.com/JDinSeattle/forge-runtime/scripts/faults/application","Test":"TestWorkerRunnerSIGTERMRejectsSharedState/wrong_grader"}
{"Time":"2026-09-11T21:37:12.645075348-07:00","Action":"output","Package":"github.com/JDinSeattle/forge-runtime/scripts/faults/application","Test":"TestWorkerRunnerSIGTERMRejectsSharedState/wrong_grader","Output":"=== RUN   TestWorkerRunnerSIGTERMRejectsSharedState/wrong_grader\n"}
{"Time":"2026-09-11T21:37:12.645101923-07:00","Action":"output","Package":"github.com/JDinSeattle/forge-runtime/scripts/faults/application","Test":"TestWorkerRunnerSIGTERMRejectsSharedState/wrong_grader","Output":"--- PASS: TestWorkerRunnerSIGTERMRejectsSharedState/wrong_grader (0.00s)\n"}
{"Time":"2026-09-11T21:37:12.645103192-07:00","Action":"pass","Package":"github.com/JDinSeattle/forge-runtime/scripts/faults/application","Test":"TestWorkerRunnerSIGTERMRejectsSharedState/wrong_grader","Elapsed":0}
{"Time":"2026-09-11T21:37:12.645104618-07:00","Action":"run","Package":"github.com/JDinSeattle/forge-runtime/scripts/faults/application","Test":"TestWorkerRunnerSIGTERMRejectsSharedState/tcp_runner"}
{"Time":"2026-09-11T21:37:12.645105619-07:00","Action":"output","Package":"github.com/JDinSeattle/forge-runtime/scripts/faults/application","Test":"TestWorkerRunnerSIGTERMRejectsSharedState/tcp_runner","Output":"=== RUN   TestWorkerRunnerSIGTERMRejectsSharedState/tcp_runner\n"}
{"Time":"2026-09-11T21:37:12.645130283-07:00","Action":"output","Package":"github.com/JDinSeattle/forge-runtime/scripts/faults/application","Test":"TestWorkerRunnerSIGTERMRejectsSharedState/tcp_runner","Output":"--- PASS: TestWorkerRunnerSIGTERMRejectsSharedState/tcp_runner (0.00s)\n"}
{"Time":"2026-09-11T21:37:12.645131558-07:00","Action":"pass","Package":"github.com/JDinSeattle/forge-runtime/scripts/faults/application","Test":"TestWorkerRunnerSIGTERMRejectsSharedState/tcp_runner","Elapsed":0}
{"Time":"2026-09-11T21:37:12.645133018-07:00","Action":"run","Package":"github.com/JDinSeattle/forge-runtime/scripts/faults/application","Test":"TestWorkerRunnerSIGTERMRejectsSharedState/wrong_binary_digest"}
{"Time":"2026-09-11T21:37:12.645134431-07:00","Action":"output","Package":"github.com/JDinSeattle/forge-runtime/scripts/faults/application","Test":"TestWorkerRunnerSIGTERMRejectsSharedState/wrong_binary_digest","Output":"=== RUN   TestWorkerRunnerSIGTERMRejectsSharedState/wrong_binary_digest\n"}
{"Time":"2026-09-11T21:37:12.645164404-07:00","Action":"output","Package":"github.com/JDinSeattle/forge-runtime/scripts/faults/application","Test":"TestWorkerRunnerSIGTERMRejectsSharedState/wrong_binary_digest","Output":"--- PASS: TestWorkerRunnerSIGTERMRejectsSharedState/wrong_binary_digest (0.00s)\n"}
{"Time":"2026-09-11T21:37:12.645166755-07:00","Action":"pass","Package":"github.com/JDinSeattle/forge-runtime/scripts/faults/application","Test":"TestWorkerRunnerSIGTERMRejectsSharedState/wrong_binary_digest","Elapsed":0}
{"Time":"2026-09-11T21:37:12.645168153-07:00","Action":"output","Package":"github.com/JDinSeattle/forge-runtime/scripts/faults/application","Test":"TestWorkerRunnerSIGTERMRejectsSharedState","Output":"--- PASS: TestWorkerRunnerSIGTERMRejectsSharedState (0.00s)\n"}
{"Time":"2026-09-11T21:37:12.645169407-07:00","Action":"pass","Package":"github.com/JDinSeattle/forge-runtime/scripts/faults/application","Test":"TestWorkerRunnerSIGTERMRejectsSharedState","Elapsed":0}
{"Time":"2026-09-11T21:37:12.645172375-07:00","Action":"output","Package":"github.com/JDinSeattle/forge-runtime/scripts/faults/application","Output":"PASS\n"}
{"Time":"2026-09-11T21:37:12.646544986-07:00","Action":"output","Package":"github.com/JDinSeattle/forge-runtime/scripts/faults/application","Output":"ok  \tgithub.com/JDinSeattle/forge-runtime/scripts/faults/application\t0.159s\n"}
{"Time":"2026-09-11T21:37:12.646565132-07:00","Action":"pass","Package":"github.com/JDinSeattle/forge-runtime/scripts/faults/application","Elapsed":0.159}
