{"Time":"2026-09-11T21:37:15.100038233-07:00","Action":"start","Package":"github.com/JDinSeattle/forge-runtime/scripts/faults/application"}
{"Time":"2026-09-11T21:37:15.125450262-07:00","Action":"run","Package":"github.com/JDinSeattle/forge-runtime/scripts/faults/application","Test":"TestStrictLogsOfflineOracle"}
{"Time":"2026-09-11T21:37:15.125473071-07:00","Action":"output","Package":"github.com/JDinSeattle/forge-runtime/scripts/faults/application","Test":"TestStrictLogsOfflineOracle","Output":"=== RUN   TestStrictLogsOfflineOracle\n"}
{"Time":"2026-09-11T21:37:15.125943282-07:00","Action":"run","Package":"github.com/JDinSeattle/forge-runtime/scripts/faults/application","Test":"TestStrictLogsOfflineOracle/seen_mismatch"}
{"Time":"2026-09-11T21:37:15.125945672-07:00","Action":"output","Package":"github.com/JDinSeattle/forge-runtime/scripts/faults/application","Test":"TestStrictLogsOfflineOracle/seen_mismatch","Output":"=== RUN   TestStrictLogsOfflineOracle/seen_mismatch\n"}
{"Time":"2026-09-11T21:37:15.126139655-07:00","Action":"output","Package":"github.com/JDinSeattle/forge-runtime/scripts/faults/application","Test":"TestStrictLogsOfflineOracle/seen_mismatch","Output":"--- PASS: TestStrictLogsOfflineOracle/seen_mismatch (0.00s)\n"}
{"Time":"2026-09-11T21:37:15.126149992-07:00","Action":"pass","Package":"github.com/JDinSeattle/forge-runtime/scripts/faults/application","Test":"TestStrictLogsOfflineOracle/seen_mismatch","Elapsed":0}
{"Time":"2026-09-11T21:37:15.126172276-07:00","Action":"run","Package":"github.com/JDinSeattle/forge-runtime/scripts/faults/application","Test":"TestStrictLogsOfflineOracle/missing_stop"}
{"Time":"2026-09-11T21:37:15.126173523-07:00","Action":"output","Package":"github.com/JDinSeattle/forge-runtime/scripts/faults/application","Test":"TestStrictLogsOfflineOracle/missing_stop","Output":"=== RUN   TestStrictLogsOfflineOracle/missing_stop\n"}
{"Time":"2026-09-11T21:37:15.126349567-07:00","Action":"output","Package":"github.com/JDinSeattle/forge-runtime/scripts/faults/application","Test":"TestStrictLogsOfflineOracle/missing_stop","Output":"--- PASS: TestStrictLogsOfflineOracle/missing_stop (0.00s)\n"}
{"Time":"2026-09-11T21:37:15.12635605-07:00","Action":"pass","Package":"github.com/JDinSeattle/forge-runtime/scripts/faults/application","Test":"TestStrictLogsOfflineOracle/missing_stop","Elapsed":0}
{"Time":"2026-09-11T21:37:15.12637109-07:00","Action":"run","Package":"github.com/JDinSeattle/forge-runtime/scripts/faults/application","Test":"TestStrictLogsOfflineOracle/wrong_receipt_run"}
{"Time":"2026-09-11T21:37:15.126372207-07:00","Action":"output","Package":"github.com/JDinSeattle/forge-runtime/scripts/faults/application","Test":"TestStrictLogsOfflineOracle/wrong_receipt_run","Output":"=== RUN   TestStrictLogsOfflineOracle/wrong_receipt_run\n"}
{"Time":"2026-09-11T21:37:15.126453483-07:00","Action":"output","Package":"github.com/JDinSeattle/forge-runtime/scripts/faults/application","Test":"TestStrictLogsOfflineOracle/wrong_receipt_run","Output":"--- PASS: TestStrictLogsOfflineOracle/wrong_receipt_run (0.00s)\n"}
{"Time":"2026-09-11T21:37:15.126460031-07:00","Action":"pass","Package":"github.com/JDinSeattle/forge-runtime/scripts/faults/application","Test":"TestStrictLogsOfflineOracle/wrong_receipt_run","Elapsed":0}
{"Time":"2026-09-11T21:37:15.126481814-07:00","Action":"run","Package":"github.com/JDinSeattle/forge-runtime/scripts/faults/application","Test":"TestStrictLogsOfflineOracle/wrong_artifact_tenant"}
{"Time":"2026-09-11T21:37:15.126482948-07:00","Action":"output","Package":"github.com/JDinSeattle/forge-runtime/scripts/faults/application","Test":"TestStrictLogsOfflineOracle/wrong_artifact_tenant","Output":"=== RUN   TestStrictLogsOfflineOracle/wrong_artifact_tenant\n"}
{"Time":"2026-09-11T21:37:15.126658727-07:00","Action":"output","Package":"github.com/JDinSeattle/forge-runtime/scripts/faults/application","Test":"TestStrictLogsOfflineOracle/wrong_artifact_tenant","Output":"--- PASS: TestStrictLogsOfflineOracle/wrong_artifact_tenant (0.00s)\n"}
{"Time":"2026-09-11T21:37:15.12666509-07:00","Action":"pass","Package":"github.com/JDinSeattle/forge-runtime/scripts/faults/application","Test":"TestStrictLogsOfflineOracle/wrong_artifact_tenant","Elapsed":0}
{"Time":"2026-09-11T21:37:15.126678122-07:00","Action":"run","Package":"github.com/JDinSeattle/forge-runtime/scripts/faults/application","Test":"TestStrictLogsOfflineOracle/wrong_hash"}
{"Time":"2026-09-11T21:37:15.126679338-07:00","Action":"output","Package":"github.com/JDinSeattle/forge-runtime/scripts/faults/application","Test":"TestStrictLogsOfflineOracle/wrong_hash","Output":"=== RUN   TestStrictLogsOfflineOracle/wrong_hash\n"}
{"Time":"2026-09-11T21:37:15.12685807-07:00","Action":"output","Package":"github.com/JDinSeattle/forge-runtime/scripts/faults/application","Test":"TestStrictLogsOfflineOracle/wrong_hash","Output":"--- PASS: TestStrictLogsOfflineOracle/wrong_hash (0.00s)\n"}
{"Time":"2026-09-11T21:37:15.126865032-07:00","Action":"pass","Package":"github.com/JDinSeattle/forge-runtime/scripts/faults/application","Test":"TestStrictLogsOfflineOracle/wrong_hash","Elapsed":0}
{"Time":"2026-09-11T21:37:15.126879254-07:00","Action":"run","Package":"github.com/JDinSeattle/forge-runtime/scripts/faults/application","Test":"TestStrictLogsOfflineOracle/gap_with_exact_count"}
{"Time":"2026-09-11T21:37:15.126880385-07:00","Action":"output","Package":"github.com/JDinSeattle/forge-runtime/scripts/faults/application","Test":"TestStrictLogsOfflineOracle/gap_with_exact_count","Output":"=== RUN   TestStrictLogsOfflineOracle/gap_with_exact_count\n"}
{"Time":"2026-09-11T21:37:15.127057225-07:00","Action":"output","Package":"github.com/JDinSeattle/forge-runtime/scripts/faults/application","Test":"TestStrictLogsOfflineOracle/gap_with_exact_count","Output":"--- PASS: TestStrictLogsOfflineOracle/gap_with_exact_count (0.00s)\n"}
{"Time":"2026-09-11T21:37:15.12706383-07:00","Action":"pass","Package":"github.com/JDinSeattle/forge-runtime/scripts/faults/application","Test":"TestStrictLogsOfflineOracle/gap_with_exact_count","Elapsed":0}
{"Time":"2026-09-11T21:37:15.127076704-07:00","Action":"run","Package":"github.com/JDinSeattle/forge-runtime/scripts/faults/application","Test":"TestStrictLogsOfflineOracle/forged_success"}
{"Time":"2026-09-11T21:37:15.127077817-07:00","Action":"output","Package":"github.com/JDinSeattle/forge-runtime/scripts/faults/application","Test":"TestStrictLogsOfflineOracle/forged_success","Output":"=== RUN   TestStrictLogsOfflineOracle/forged_success\n"}
{"Time":"2026-09-11T21:37:15.127255868-07:00","Action":"output","Package":"github.com/JDinSeattle/forge-runtime/scripts/faults/application","Test":"TestStrictLogsOfflineOracle/forged_success","Output":"--- PASS: TestStrictLogsOfflineOracle/forged_success (0.00s)\n"}
{"Time":"2026-09-11T21:37:15.127262807-07:00","Action":"pass","Package":"github.com/JDinSeattle/forge-runtime/scripts/faults/application","Test":"TestStrictLogsOfflineOracle/forged_success","Elapsed":0}
{"Time":"2026-09-11T21:37:15.127346813-07:00","Action":"output","Package":"github.com/JDinSeattle/forge-runtime/scripts/faults/application","Test":"TestStrictLogsOfflineOracle","Output":"--- PASS: TestStrictLogsOfflineOracle (0.00s)\n"}
{"Time":"2026-09-11T21:37:15.127352506-07:00","Action":"pass","Package":"github.com/JDinSeattle/forge-runtime/scripts/faults/application","Test":"TestStrictLogsOfflineOracle","Elapsed":0}
{"Time":"2026-09-11T21:37:15.12736717-07:00","Action":"run","Package":"github.com/JDinSeattle/forge-runtime/scripts/faults/application","Test":"TestStrictLogsOfflinePreflight"}
{"Time":"2026-09-11T21:37:15.127368513-07:00","Action":"output","Package":"github.com/JDinSeattle/forge-runtime/scripts/faults/application","Test":"TestStrictLogsOfflinePreflight","Output":"=== RUN   TestStrictLogsOfflinePreflight\n"}
{"Time":"2026-09-11T21:37:15.127564341-07:00","Action":"run","Package":"github.com/JDinSeattle/forge-runtime/scripts/faults/application","Test":"TestStrictLogsOfflinePreflight/wrong_oracle"}
{"Time":"2026-09-11T21:37:15.127566677-07:00","Action":"output","Package":"github.com/JDinSeattle/forge-runtime/scripts/faults/application","Test":"TestStrictLogsOfflinePreflight/wrong_oracle","Output":"=== RUN   TestStrictLogsOfflinePreflight/wrong_oracle\n"}
{"Time":"2026-09-11T21:37:15.12769238-07:00","Action":"output","Package":"github.com/JDinSeattle/forge-runtime/scripts/faults/application","Test":"TestStrictLogsOfflinePreflight/wrong_oracle","Output":"--- PASS: TestStrictLogsOfflinePreflight/wrong_oracle (0.00s)\n"}
{"Time":"2026-09-11T21:37:15.127699285-07:00","Action":"pass","Package":"github.com/JDinSeattle/forge-runtime/scripts/faults/application","Test":"TestStrictLogsOfflinePreflight/wrong_oracle","Elapsed":0}
{"Time":"2026-09-11T21:37:15.127733486-07:00","Action":"run","Package":"github.com/JDinSeattle/forge-runtime/scripts/faults/application","Test":"TestStrictLogsOfflinePreflight/wrong_daemon"}
{"Time":"2026-09-11T21:37:15.127734599-07:00","Action":"output","Package":"github.com/JDinSeattle/forge-runtime/scripts/faults/application","Test":"TestStrictLogsOfflinePreflight/wrong_daemon","Output":"=== RUN   TestStrictLogsOfflinePreflight/wrong_daemon\n"}
{"Time":"2026-09-11T21:37:15.127851134-07:00","Action":"output","Package":"github.com/JDinSeattle/forge-runtime/scripts/faults/application","Test":"TestStrictLogsOfflinePreflight/wrong_daemon","Output":"--- PASS: TestStrictLogsOfflinePreflight/wrong_daemon (0.00s)\n"}
{"Time":"2026-09-11T21:37:15.127857582-07:00","Action":"pass","Package":"github.com/JDinSeattle/forge-runtime/scripts/faults/application","Test":"TestStrictLogsOfflinePreflight/wrong_daemon","Elapsed":0}
{"Time":"2026-09-11T21:37:15.127871953-07:00","Action":"run","Package":"github.com/JDinSeattle/forge-runtime/scripts/faults/application","Test":"TestStrictLogsOfflinePreflight/rebound_source"}
{"Time":"2026-09-11T21:37:15.127873385-07:00","Action":"output","Package":"github.com/JDinSeattle/forge-runtime/scripts/faults/application","Test":"TestStrictLogsOfflinePreflight/rebound_source","Output":"=== RUN   TestStrictLogsOfflinePreflight/rebound_source\n"}
{"Time":"2026-09-11T21:37:15.127989456-07:00","Action":"output","Package":"github.com/JDinSeattle/forge-runtime/scripts/faults/application","Test":"TestStrictLogsOfflinePreflight/rebound_source","Output":"--- PASS: TestStrictLogsOfflinePreflight/rebound_source (0.00s)\n"}
{"Time":"2026-09-11T21:37:15.127994651-07:00","Action":"pass","Package":"github.com/JDinSeattle/forge-runtime/scripts/faults/application","Test":"TestStrictLogsOfflinePreflight/rebound_source","Elapsed":0}
{"Time":"2026-09-11T21:37:15.128007314-07:00","Action":"run","Package":"github.com/JDinSeattle/forge-runtime/scripts/faults/application","Test":"TestStrictLogsOfflinePreflight/weaker_default_quota"}
{"Time":"2026-09-11T21:37:15.128008489-07:00","Action":"output","Package":"github.com/JDinSeattle/forge-runtime/scripts/faults/application","Test":"TestStrictLogsOfflinePreflight/weaker_default_quota","Output":"=== RUN   TestStrictLogsOfflinePreflight/weaker_default_quota\n"}
{"Time":"2026-09-11T21:37:15.128129516-07:00","Action":"output","Package":"github.com/JDinSeattle/forge-runtime/scripts/faults/application","Test":"TestStrictLogsOfflinePreflight/weaker_default_quota","Output":"--- PASS: TestStrictLogsOfflinePreflight/weaker_default_quota (0.00s)\n"}
{"Time":"2026-09-11T21:37:15.128136822-07:00","Action":"pass","Package":"github.com/JDinSeattle/forge-runtime/scripts/faults/application","Test":"TestStrictLogsOfflinePreflight/weaker_default_quota","Elapsed":0}
{"Time":"2026-09-11T21:37:15.128149285-07:00","Action":"run","Package":"github.com/JDinSeattle/forge-runtime/scripts/faults/application","Test":"TestStrictLogsOfflinePreflight/foreign_binary"}
{"Time":"2026-09-11T21:37:15.128150459-07:00","Action":"output","Package":"github.com/JDinSeattle/forge-runtime/scripts/faults/application","Test":"TestStrictLogsOfflinePreflight/foreign_binary","Output":"=== RUN   TestStrictLogsOfflinePreflight/foreign_binary\n"}
{"Time":"2026-09-11T21:37:15.128237875-07:00","Action":"output","Package":"github.com/JDinSeattle/forge-runtime/scripts/faults/application","Test":"TestStrictLogsOfflinePreflight/foreign_binary","Output":"--- PASS: TestStrictLogsOfflinePreflight/foreign_binary (0.00s)\n"}
{"Time":"2026-09-11T21:37:15.12824214-07:00","Action":"pass","Package":"github.com/JDinSeattle/forge-runtime/scripts/faults/application","Test":"TestStrictLogsOfflinePreflight/foreign_binary","Elapsed":0}
{"Time":"2026-09-11T21:37:15.128254439-07:00","Action":"run","Package":"github.com/JDinSeattle/forge-runtime/scripts/faults/application","Test":"TestStrictLogsOfflinePreflight/shared_journal"}
{"Time":"2026-09-11T21:37:15.128255633-07:00","Action":"output","Package":"github.com/JDinSeattle/forge-runtime/scripts/faults/application","Test":"TestStrictLogsOfflinePreflight/shared_journal","Output":"=== RUN   TestStrictLogsOfflinePreflight/shared_journal\n"}
{"Time":"2026-09-11T21:37:15.12836456-07:00","Action":"output","Package":"github.com/JDinSeattle/forge-runtime/scripts/faults/application","Test":"TestStrictLogsOfflinePreflight/shared_journal","Output":"--- PASS: TestStrictLogsOfflinePreflight/shared_journal (0.00s)\n"}
{"Time":"2026-09-11T21:37:15.12836745-07:00","Action":"pass","Package":"github.com/JDinSeattle/forge-runtime/scripts/faults/application","Test":"TestStrictLogsOfflinePreflight/shared_journal","Elapsed":0}
{"Time":"2026-09-11T21:37:15.128408374-07:00","Action":"run","Package":"github.com/JDinSeattle/forge-runtime/scripts/faults/application","Test":"TestStrictLogsOfflinePreflight/fake_backend"}
{"Time":"2026-09-11T21:37:15.128410809-07:00","Action":"output","Package":"github.com/JDinSeattle/forge-runtime/scripts/faults/application","Test":"TestStrictLogsOfflinePreflight/fake_backend","Output":"=== RUN   TestStrictLogsOfflinePreflight/fake_backend\n"}
{"Time":"2026-09-11T21:37:15.128515051-07:00","Action":"output","Package":"github.com/JDinSeattle/forge-runtime/scripts/faults/application","Test":"TestStrictLogsOfflinePreflight/fake_backend","Output":"--- PASS: TestStrictLogsOfflinePreflight/fake_backend (0.00s)\n"}
{"Time":"2026-09-11T21:37:15.128522183-07:00","Action":"pass","Package":"github.com/JDinSeattle/forge-runtime/scripts/faults/application","Test":"TestStrictLogsOfflinePreflight/fake_backend","Elapsed":0}
{"Time":"2026-09-11T21:37:15.128535147-07:00","Action":"run","Package":"github.com/JDinSeattle/forge-runtime/scripts/faults/application","Test":"TestStrictLogsOfflinePreflight/unbounded_profile"}
{"Time":"2026-09-11T21:37:15.12853633-07:00","Action":"output","Package":"github.com/JDinSeattle/forge-runtime/scripts/faults/application","Test":"TestStrictLogsOfflinePreflight/unbounded_profile","Output":"=== RUN   TestStrictLogsOfflinePreflight/unbounded_profile\n"}
{"Time":"2026-09-11T21:37:15.128649038-07:00","Action":"output","Package":"github.com/JDinSeattle/forge-runtime/scripts/faults/application","Test":"TestStrictLogsOfflinePreflight/unbounded_profile","Output":"--- PASS: TestStrictLogsOfflinePreflight/unbounded_profile (0.00s)\n"}
{"Time":"2026-09-11T21:37:15.128652226-07:00","Action":"pass","Package":"github.com/JDinSeattle/forge-runtime/scripts/faults/application","Test":"TestStrictLogsOfflinePreflight/unbounded_profile","Elapsed":0}
{"Time":"2026-09-11T21:37:15.128663785-07:00","Action":"run","Package":"github.com/JDinSeattle/forge-runtime/scripts/faults/application","Test":"TestStrictLogsOfflinePreflight/shared_pool"}
{"Time":"2026-09-11T21:37:15.128664971-07:00","Action":"output","Package":"github.com/JDinSeattle/forge-runtime/scripts/faults/application","Test":"TestStrictLogsOfflinePreflight/shared_pool","Output":"=== RUN   TestStrictLogsOfflinePreflight/shared_pool\n"}
{"Time":"2026-09-11T21:37:15.128790699-07:00","Action":"output","Package":"github.com/JDinSeattle/forge-runtime/scripts/faults/application","Test":"TestStrictLogsOfflinePreflight/shared_pool","Output":"--- PASS: TestStrictLogsOfflinePreflight/shared_pool (0.00s)\n"}
{"Time":"2026-09-11T21:37:15.128794636-07:00","Action":"pass","Package":"github.com/JDinSeattle/forge-runtime/scripts/faults/application","Test":"TestStrictLogsOfflinePreflight/shared_pool","Elapsed":0}
{"Time":"2026-09-11T21:37:15.128807564-07:00","Action":"run","Package":"github.com/JDinSeattle/forge-runtime/scripts/faults/application","Test":"TestStrictLogsOfflinePreflight/three_slots"}
{"Time":"2026-09-11T21:37:15.128810157-07:00","Action":"output","Package":"github.com/JDinSeattle/forge-runtime/scripts/faults/application","Test":"TestStrictLogsOfflinePreflight/three_slots","Output":"=== RUN   TestStrictLogsOfflinePreflight/three_slots\n"}
{"Time":"2026-09-11T21:37:15.128926746-07:00","Action":"output","Package":"github.com/JDinSeattle/forge-runtime/scripts/faults/application","Test":"TestStrictLogsOfflinePreflight/three_slots","Output":"--- PASS: TestStrictLogsOfflinePreflight/three_slots (0.00s)\n"}
{"Time":"2026-09-11T21:37:15.128932843-07:00","Action":"pass","Package":"github.com/JDinSeattle/forge-runtime/scripts/faults/application","Test":"TestStrictLogsOfflinePreflight/three_slots","Elapsed":0}
{"Time":"2026-09-11T21:37:15.129285717-07:00","Action":"output","Package":"github.com/JDinSeattle/forge-runtime/scripts/faults/application","Test":"TestStrictLogsOfflinePreflight","Output":"--- PASS: TestStrictLogsOfflinePreflight (0.00s)\n"}
{"Time":"2026-09-11T21:37:15.129292913-07:00","Action":"pass","Package":"github.com/JDinSeattle/forge-runtime/scripts/faults/application","Test":"TestStrictLogsOfflinePreflight","Elapsed":0}
{"Time":"2026-09-11T21:37:15.129307756-07:00","Action":"run","Package":"github.com/JDinSeattle/forge-runtime/scripts/faults/application","Test":"TestStrictLogsDurableBindingOracle"}
{"Time":"2026-09-11T21:37:15.129308844-07:00","Action":"output","Package":"github.com/JDinSeattle/forge-runtime/scripts/faults/application","Test":"TestStrictLogsDurableBindingOracle","Output":"=== RUN   TestStrictLogsDurableBindingOracle\n"}
{"Time":"2026-09-11T21:37:15.129491907-07:00","Action":"run","Package":"github.com/JDinSeattle/forge-runtime/scripts/faults/application","Test":"TestStrictLogsDurableBindingOracle/tenant_id"}
{"Time":"2026-09-11T21:37:15.129493185-07:00","Action":"output","Package":"github.com/JDinSeattle/forge-runtime/scripts/faults/application","Test":"TestStrictLogsDurableBindingOracle/tenant_id","Output":"=== RUN   TestStrictLogsDurableBindingOracle/tenant_id\n"}
{"Time":"2026-09-11T21:37:15.129619601-07:00","Action":"output","Package":"github.com/JDinSeattle/forge-runtime/scripts/faults/application","Test":"TestStrictLogsDurableBindingOracle/tenant_id","Output":"--- PASS: TestStrictLogsDurableBindingOracle/tenant_id (0.00s)\n"}
{"Time":"2026-09-11T21:37:15.129627912-07:00","Action":"pass","Package":"github.com/JDinSeattle/forge-runtime/scripts/faults/application","Test":"TestStrictLogsDurableBindingOracle/tenant_id","Elapsed":0}
{"Time":"2026-09-11T21:37:15.129642377-07:00","Action":"run","Package":"github.com/JDinSeattle/forge-runtime/scripts/faults/application","Test":"TestStrictLogsDurableBindingOracle/run_id"}
{"Time":"2026-09-11T21:37:15.1296435-07:00","Action":"output","Package":"github.com/JDinSeattle/forge-runtime/scripts/faults/application","Test":"TestStrictLogsDurableBindingOracle/run_id","Output":"=== RUN   TestStrictLogsDurableBindingOracle/run_id\n"}
{"Time":"2026-09-11T21:37:15.129764641-07:00","Action":"output","Package":"github.com/JDinSeattle/forge-runtime/scripts/faults/application","Test":"TestStrictLogsDurableBindingOracle/run_id","Output":"--- PASS: TestStrictLogsDurableBindingOracle/run_id (0.00s)\n"}
{"Time":"2026-09-11T21:37:15.129770487-07:00","Action":"pass","Package":"github.com/JDinSeattle/forge-runtime/scripts/faults/application","Test":"TestStrictLogsDurableBindingOracle/run_id","Elapsed":0}
{"Time":"2026-09-11T21:37:15.129784143-07:00","Action":"run","Package":"github.com/JDinSeattle/forge-runtime/scripts/faults/application","Test":"TestStrictLogsDurableBindingOracle/status"}
{"Time":"2026-09-11T21:37:15.129785283-07:00","Action":"output","Package":"github.com/JDinSeattle/forge-runtime/scripts/faults/application","Test":"TestStrictLogsDurableBindingOracle/status","Output":"=== RUN   TestStrictLogsDurableBindingOracle/status\n"}
{"Time":"2026-09-11T21:37:15.129902173-07:00","Action":"output","Package":"github.com/JDinSeattle/forge-runtime/scripts/faults/application","Test":"TestStrictLogsDurableBindingOracle/status","Output":"--- PASS: TestStrictLogsDurableBindingOracle/status (0.00s)\n"}
{"Time":"2026-09-11T21:37:15.129904832-07:00","Action":"pass","Package":"github.com/JDinSeattle/forge-runtime/scripts/faults/application","Test":"TestStrictLogsDurableBindingOracle/status","Elapsed":0}
{"Time":"2026-09-11T21:37:15.12991779-07:00","Action":"run","Package":"github.com/JDinSeattle/forge-runtime/scripts/faults/application","Test":"TestStrictLogsDurableBindingOracle/job_id"}
{"Time":"2026-09-11T21:37:15.129918991-07:00","Action":"output","Package":"github.com/JDinSeattle/forge-runtime/scripts/faults/application","Test":"TestStrictLogsDurableBindingOracle/job_id","Output":"=== RUN   TestStrictLogsDurableBindingOracle/job_id\n"}
{"Time":"2026-09-11T21:37:15.130055973-07:00","Action":"output","Package":"github.com/JDinSeattle/forge-runtime/scripts/faults/application","Test":"TestStrictLogsDurableBindingOracle/job_id","Output":"--- PASS: TestStrictLogsDurableBindingOracle/job_id (0.00s)\n"}
{"Time":"2026-09-11T21:37:15.130063313-07:00","Action":"pass","Package":"github.com/JDinSeattle/forge-runtime/scripts/faults/application","Test":"TestStrictLogsDurableBindingOracle/job_id","Elapsed":0}
{"Time":"2026-09-11T21:37:15.130076426-07:00","Action":"run","Package":"github.com/JDinSeattle/forge-runtime/scripts/faults/application","Test":"TestStrictLogsDurableBindingOracle/before_hash"}
{"Time":"2026-09-11T21:37:15.130077528-07:00","Action":"output","Package":"github.com/JDinSeattle/forge-runtime/scripts/faults/application","Test":"TestStrictLogsDurableBindingOracle/before_hash","Output":"=== RUN   TestStrictLogsDurableBindingOracle/before_hash\n"}
{"Time":"2026-09-11T21:37:15.130195224-07:00","Action":"output","Package":"github.com/JDinSeattle/forge-runtime/scripts/faults/application","Test":"TestStrictLogsDurableBindingOracle/before_hash","Output":"--- PASS: TestStrictLogsDurableBindingOracle/before_hash (0.00s)\n"}
{"Time":"2026-09-11T21:37:15.130203552-07:00","Action":"pass","Package":"github.com/JDinSeattle/forge-runtime/scripts/faults/application","Test":"TestStrictLogsDurableBindingOracle/before_hash","Elapsed":0}
{"Time":"2026-09-11T21:37:15.130235719-07:00","Action":"run","Package":"github.com/JDinSeattle/forge-runtime/scripts/faults/application","Test":"TestStrictLogsDurableBindingOracle/after_hash"}
{"Time":"2026-09-11T21:37:15.13024414-07:00","Action":"output","Package":"github.com/JDinSeattle/forge-runtime/scripts/faults/application","Test":"TestStrictLogsDurableBindingOracle/after_hash","Output":"=== RUN   TestStrictLogsDurableBindingOracle/after_hash\n"}
{"Time":"2026-09-11T21:37:15.13076755-07:00","Action":"output","Package":"github.com/JDinSeattle/forge-runtime/scripts/faults/application","Test":"TestStrictLogsDurableBindingOracle/after_hash","Output":"--- PASS: TestStrictLogsDurableBindingOracle/after_hash (0.00s)\n"}
{"Time":"2026-09-11T21:37:15.130773494-07:00","Action":"pass","Package":"github.com/JDinSeattle/forge-runtime/scripts/faults/application","Test":"TestStrictLogsDurableBindingOracle/after_hash","Elapsed":0}
{"Time":"2026-09-11T21:37:15.130798792-07:00","Action":"run","Package":"github.com/JDinSeattle/forge-runtime/scripts/faults/application","Test":"TestStrictLogsDurableBindingOracle/after_revision"}
{"Time":"2026-09-11T21:37:15.130799993-07:00","Action":"output","Package":"github.com/JDinSeattle/forge-runtime/scripts/faults/application","Test":"TestStrictLogsDurableBindingOracle/after_revision","Output":"=== RUN   TestStrictLogsDurableBindingOracle/after_revision\n"}
{"Time":"2026-09-11T21:37:15.130935423-07:00","Action":"output","Package":"github.com/JDinSeattle/forge-runtime/scripts/faults/application","Test":"TestStrictLogsDurableBindingOracle/after_revision","Output":"--- PASS: TestStrictLogsDurableBindingOracle/after_revision (0.00s)\n"}
{"Time":"2026-09-11T21:37:15.13094024-07:00","Action":"pass","Package":"github.com/JDinSeattle/forge-runtime/scripts/faults/application","Test":"TestStrictLogsDurableBindingOracle/after_revision","Elapsed":0}
{"Time":"2026-09-11T21:37:15.130955654-07:00","Action":"run","Package":"github.com/JDinSeattle/forge-runtime/scripts/faults/application","Test":"TestStrictLogsDurableBindingOracle/result_json"}
{"Time":"2026-09-11T21:37:15.130960795-07:00","Action":"output","Package":"github.com/JDinSeattle/forge-runtime/scripts/faults/application","Test":"TestStrictLogsDurableBindingOracle/result_json","Output":"=== RUN   TestStrictLogsDurableBindingOracle/result_json\n"}
{"Time":"2026-09-11T21:37:15.131068974-07:00","Action":"output","Package":"github.com/JDinSeattle/forge-runtime/scripts/faults/application","Test":"TestStrictLogsDurableBindingOracle/result_json","Output":"--- PASS: TestStrictLogsDurableBindingOracle/result_json (0.00s)\n"}
{"Time":"2026-09-11T21:37:15.131075347-07:00","Action":"pass","Package":"github.com/JDinSeattle/forge-runtime/scripts/faults/application","Test":"TestStrictLogsDurableBindingOracle/result_json","Elapsed":0}
{"Time":"2026-09-11T21:37:15.131088278-07:00","Action":"run","Package":"github.com/JDinSeattle/forge-runtime/scripts/faults/application","Test":"TestStrictLogsDurableBindingOracle/request_json"}
{"Time":"2026-09-11T21:37:15.131094906-07:00","Action":"output","Package":"github.com/JDinSeattle/forge-runtime/scripts/faults/application","Test":"TestStrictLogsDurableBindingOracle/request_json","Output":"=== RUN   TestStrictLogsDurableBindingOracle/request_json\n"}
{"Time":"2026-09-11T21:37:15.131126397-07:00","Action":"output","Package":"github.com/JDinSeattle/forge-runtime/scripts/faults/application","Test":"TestStrictLogsDurableBindingOracle/request_json","Output":"--- PASS: TestStrictLogsDurableBindingOracle/request_json (0.00s)\n"}
{"Time":"2026-09-11T21:37:15.131131835-07:00","Action":"pass","Package":"github.com/JDinSeattle/forge-runtime/scripts/faults/application","Test":"TestStrictLogsDurableBindingOracle/request_json","Elapsed":0}
{"Time":"2026-09-11T21:37:15.131152259-07:00","Action":"run","Package":"github.com/JDinSeattle/forge-runtime/scripts/faults/application","Test":"TestStrictLogsDurableBindingOracle/receipt_json"}
{"Time":"2026-09-11T21:37:15.13115361-07:00","Action":"output","Package":"github.com/JDinSeattle/forge-runtime/scripts/faults/application","Test":"TestStrictLogsDurableBindingOracle/receipt_json","Output":"=== RUN   TestStrictLogsDurableBindingOracle/receipt_json\n"}
{"Time":"2026-09-11T21:37:15.131218887-07:00","Action":"output","Package":"github.com/JDinSeattle/forge-runtime/scripts/faults/application","Test":"TestStrictLogsDurableBindingOracle/receipt_json","Output":"--- PASS: TestStrictLogsDurableBindingOracle/receipt_json (0.00s)\n"}
{"Time":"2026-09-11T21:37:15.13122537-07:00","Action":"pass","Package":"github.com/JDinSeattle/forge-runtime/scripts/faults/application","Test":"TestStrictLogsDurableBindingOracle/receipt_json","Elapsed":0}
{"Time":"2026-09-11T21:37:15.131237639-07:00","Action":"output","Package":"github.com/JDinSeattle/forge-runtime/scripts/faults/application","Test":"TestStrictLogsDurableBindingOracle","Output":"--- PASS: TestStrictLogsDurableBindingOracle (0.00s)\n"}
{"Time":"2026-09-11T21:37:15.131239653-07:00","Action":"pass","Package":"github.com/JDinSeattle/forge-runtime/scripts/faults/application","Test":"TestStrictLogsDurableBindingOracle","Elapsed":0}
{"Time":"2026-09-11T21:37:15.131263717-07:00","Action":"run","Package":"github.com/JDinSeattle/forge-runtime/scripts/faults/application","Test":"TestStrictLogsSignalHistoryOracle"}
{"Time":"2026-09-11T21:37:15.131264865-07:00","Action":"output","Package":"github.com/JDinSeattle/forge-runtime/scripts/faults/application","Test":"TestStrictLogsSignalHistoryOracle","Output":"=== RUN   TestStrictLogsSignalHistoryOracle\n"}
{"Time":"2026-09-11T21:37:15.131500324-07:00","Action":"run","Package":"github.com/JDinSeattle/forge-runtime/scripts/faults/application","Test":"TestStrictLogsSignalHistoryOracle/argv_change"}
{"Time":"2026-09-11T21:37:15.131502058-07:00","Action":"output","Package":"github.com/JDinSeattle/forge-runtime/scripts/faults/application","Test":"TestStrictLogsSignalHistoryOracle/argv_change","Output":"=== RUN   TestStrictLogsSignalHistoryOracle/argv_change\n"}
{"Time":"2026-09-11T21:37:15.131702225-07:00","Action":"output","Package":"github.com/JDinSeattle/forge-runtime/scripts/faults/application","Test":"TestStrictLogsSignalHistoryOracle/argv_change","Output":"--- PASS: TestStrictLogsSignalHistoryOracle/argv_change (0.00s)\n"}
{"Time":"2026-09-11T21:37:15.131709112-07:00","Action":"pass","Package":"github.com/JDinSeattle/forge-runtime/scripts/faults/application","Test":"TestStrictLogsSignalHistoryOracle/argv_change","Elapsed":0}
{"Time":"2026-09-11T21:37:15.131735015-07:00","Action":"run","Package":"github.com/JDinSeattle/forge-runtime/scripts/faults/application","Test":"TestStrictLogsSignalHistoryOracle/missing_exit_code"}
{"Time":"2026-09-11T21:37:15.131736115-07:00","Action":"output","Package":"github.com/JDinSeattle/forge-runtime/scripts/faults/application","Test":"TestStrictLogsSignalHistoryOracle/missing_exit_code","Output":"=== RUN   TestStrictLogsSignalHistoryOracle/missing_exit_code\n"}
{"Time":"2026-09-11T21:37:15.131935727-07:00","Action":"output","Package":"github.com/JDinSeattle/forge-runtime/scripts/faults/application","Test":"TestStrictLogsSignalHistoryOracle/missing_exit_code","Output":"--- PASS: TestStrictLogsSignalHistoryOracle/missing_exit_code (0.00s)\n"}
{"Time":"2026-09-11T21:37:15.131941618-07:00","Action":"pass","Package":"github.com/JDinSeattle/forge-runtime/scripts/faults/application","Test":"TestStrictLogsSignalHistoryOracle/missing_exit_code","Elapsed":0}
{"Time":"2026-09-11T21:37:15.131966479-07:00","Action":"run","Package":"github.com/JDinSeattle/forge-runtime/scripts/faults/application","Test":"TestStrictLogsSignalHistoryOracle/missing_ticks"}
{"Time":"2026-09-11T21:37:15.131969931-07:00","Action":"output","Package":"github.com/JDinSeattle/forge-runtime/scripts/faults/application","Test":"TestStrictLogsSignalHistoryOracle/missing_ticks","Output":"=== RUN   TestStrictLogsSignalHistoryOracle/missing_ticks\n"}
{"Time":"2026-09-11T21:37:15.132159954-07:00","Action":"output","Package":"github.com/JDinSeattle/forge-runtime/scripts/faults/application","Test":"TestStrictLogsSignalHistoryOracle/missing_ticks","Output":"--- PASS: TestStrictLogsSignalHistoryOracle/missing_ticks (0.00s)\n"}
{"Time":"2026-09-11T21:37:15.132165603-07:00","Action":"pass","Package":"github.com/JDinSeattle/forge-runtime/scripts/faults/application","Test":"TestStrictLogsSignalHistoryOracle/missing_ticks","Elapsed":0}
{"Time":"2026-09-11T21:37:15.132179011-07:00","Action":"run","Package":"github.com/JDinSeattle/forge-runtime/scripts/faults/application","Test":"TestStrictLogsSignalHistoryOracle/nonnumeric_ticks"}
{"Time":"2026-09-11T21:37:15.132180175-07:00","Action":"output","Package":"github.com/JDinSeattle/forge-runtime/scripts/faults/application","Test":"TestStrictLogsSignalHistoryOracle/nonnumeric_ticks","Output":"=== RUN   TestStrictLogsSignalHistoryOracle/nonnumeric_ticks\n"}
{"Time":"2026-09-11T21:37:15.13237896-07:00","Action":"output","Package":"github.com/JDinSeattle/forge-runtime/scripts/faults/application","Test":"TestStrictLogsSignalHistoryOracle/nonnumeric_ticks","Output":"--- PASS: TestStrictLogsSignalHistoryOracle/nonnumeric_ticks (0.00s)\n"}
{"Time":"2026-09-11T21:37:15.132385094-07:00","Action":"pass","Package":"github.com/JDinSeattle/forge-runtime/scripts/faults/application","Test":"TestStrictLogsSignalHistoryOracle/nonnumeric_ticks","Elapsed":0}
{"Time":"2026-09-11T21:37:15.13240592-07:00","Action":"run","Package":"github.com/JDinSeattle/forge-runtime/scripts/faults/application","Test":"TestStrictLogsSignalHistoryOracle/wrong_ticks"}
{"Time":"2026-09-11T21:37:15.132412686-07:00","Action":"output","Package":"github.com/JDinSeattle/forge-runtime/scripts/faults/application","Test":"TestStrictLogsSignalHistoryOracle/wrong_ticks","Output":"=== RUN   TestStrictLogsSignalHistoryOracle/wrong_ticks\n"}
{"Time":"2026-09-11T21:37:15.132618075-07:00","Action":"output","Package":"github.com/JDinSeattle/forge-runtime/scripts/faults/application","Test":"TestStrictLogsSignalHistoryOracle/wrong_ticks","Output":"--- PASS: TestStrictLogsSignalHistoryOracle/wrong_ticks (0.00s)\n"}
{"Time":"2026-09-11T21:37:15.132628468-07:00","Action":"pass","Package":"github.com/JDinSeattle/forge-runtime/scripts/faults/application","Test":"TestStrictLogsSignalHistoryOracle/wrong_ticks","Elapsed":0}
{"Time":"2026-09-11T21:37:15.132640264-07:00","Action":"run","Package":"github.com/JDinSeattle/forge-runtime/scripts/faults/application","Test":"TestStrictLogsSignalHistoryOracle/numeric_type_ticks"}
{"Time":"2026-09-11T21:37:15.132641504-07:00","Action":"output","Package":"github.com/JDinSeattle/forge-runtime/scripts/faults/application","Test":"TestStrictLogsSignalHistoryOracle/numeric_type_ticks","Output":"=== RUN   TestStrictLogsSignalHistoryOracle/numeric_type_ticks\n"}
{"Time":"2026-09-11T21:37:15.132846261-07:00","Action":"output","Package":"github.com/JDinSeattle/forge-runtime/scripts/faults/application","Test":"TestStrictLogsSignalHistoryOracle/numeric_type_ticks","Output":"--- PASS: TestStrictLogsSignalHistoryOracle/numeric_type_ticks (0.00s)\n"}
{"Time":"2026-09-11T21:37:15.132852982-07:00","Action":"pass","Package":"github.com/JDinSeattle/forge-runtime/scripts/faults/application","Test":"TestStrictLogsSignalHistoryOracle/numeric_type_ticks","Elapsed":0}
{"Time":"2026-09-11T21:37:15.132869345-07:00","Action":"run","Package":"github.com/JDinSeattle/forge-runtime/scripts/faults/application","Test":"TestStrictLogsSignalHistoryOracle/replacement_PID"}
{"Time":"2026-09-11T21:37:15.132870662-07:00","Action":"output","Package":"github.com/JDinSeattle/forge-runtime/scripts/faults/application","Test":"TestStrictLogsSignalHistoryOracle/replacement_PID","Output":"=== RUN   TestStrictLogsSignalHistoryOracle/replacement_PID\n"}
{"Time":"2026-09-11T21:37:15.133074349-07:00","Action":"output","Package":"github.com/JDinSeattle/forge-runtime/scripts/faults/application","Test":"TestStrictLogsSignalHistoryOracle/replacement_PID","Output":"--- PASS: TestStrictLogsSignalHistoryOracle/replacement_PID (0.00s)\n"}
{"Time":"2026-09-11T21:37:15.13308198-07:00","Action":"pass","Package":"github.com/JDinSeattle/forge-runtime/scripts/faults/application","Test":"TestStrictLogsSignalHistoryOracle/replacement_PID","Elapsed":0}
{"Time":"2026-09-11T21:37:15.133104389-07:00","Action":"run","Package":"github.com/JDinSeattle/forge-runtime/scripts/faults/application","Test":"TestStrictLogsSignalHistoryOracle/fractional_PID"}
{"Time":"2026-09-11T21:37:15.133105577-07:00","Action":"output","Package":"github.com/JDinSeattle/forge-runtime/scripts/faults/application","Test":"TestStrictLogsSignalHistoryOracle/fractional_PID","Output":"=== RUN   TestStrictLogsSignalHistoryOracle/fractional_PID\n"}
{"Time":"2026-09-11T21:37:15.13327722-07:00","Action":"output","Package":"github.com/JDinSeattle/forge-runtime/scripts/faults/application","Test":"TestStrictLogsSignalHistoryOracle/fractional_PID","Output":"--- PASS: TestStrictLogsSignalHistoryOracle/fractional_PID (0.00s)\n"}
{"Time":"2026-09-11T21:37:15.133284702-07:00","Action":"pass","Package":"github.com/JDinSeattle/forge-runtime/scripts/faults/application","Test":"TestStrictLogsSignalHistoryOracle/fractional_PID","Elapsed":0}
{"Time":"2026-09-11T21:37:15.133476439-07:00","Action":"output","Package":"github.com/JDinSeattle/forge-runtime/scripts/faults/application","Test":"TestStrictLogsSignalHistoryOracle","Output":"--- PASS: TestStrictLogsSignalHistoryOracle (0.00s)\n"}
{"Time":"2026-09-11T21:37:15.133482014-07:00","Action":"pass","Package":"github.com/JDinSeattle/forge-runtime/scripts/faults/application","Test":"TestStrictLogsSignalHistoryOracle","Elapsed":0}
{"Time":"2026-09-11T21:37:15.133497756-07:00","Action":"run","Package":"github.com/JDinSeattle/forge-runtime/scripts/faults/application","Test":"TestStrictLogsClaimHistoryOracle"}
{"Time":"2026-09-11T21:37:15.133498991-07:00","Action":"output","Package":"github.com/JDinSeattle/forge-runtime/scripts/faults/application","Test":"TestStrictLogsClaimHistoryOracle","Output":"=== RUN   TestStrictLogsClaimHistoryOracle\n"}
{"Time":"2026-09-11T21:37:15.135002991-07:00","Action":"run","Package":"github.com/JDinSeattle/forge-runtime/scripts/faults/application","Test":"TestStrictLogsClaimHistoryOracle/summary_lease_changed"}
{"Time":"2026-09-11T21:37:15.135006147-07:00","Action":"output","Package":"github.com/JDinSeattle/forge-runtime/scripts/faults/application","Test":"TestStrictLogsClaimHistoryOracle/summary_lease_changed","Output":"=== RUN   TestStrictLogsClaimHistoryOracle/summary_lease_changed\n"}
{"Time":"2026-09-11T21:37:15.135908518-07:00","Action":"output","Package":"github.com/JDinSeattle/forge-runtime/scripts/faults/application","Test":"TestStrictLogsClaimHistoryOracle/summary_lease_changed","Output":"--- PASS: TestStrictLogsClaimHistoryOracle/summary_lease_changed (0.00s)\n"}
{"Time":"2026-09-11T21:37:15.135918123-07:00","Action":"pass","Package":"github.com/JDinSeattle/forge-runtime/scripts/faults/application","Test":"TestStrictLogsClaimHistoryOracle/summary_lease_changed","Elapsed":0}
{"Time":"2026-09-11T21:37:15.135940723-07:00","Action":"run","Package":"github.com/JDinSeattle/forge-runtime/scripts/faults/application","Test":"TestStrictLogsClaimHistoryOracle/summary_claim_changed"}
{"Time":"2026-09-11T21:37:15.135941846-07:00","Action":"output","Package":"github.com/JDinSeattle/forge-runtime/scripts/faults/application","Test":"TestStrictLogsClaimHistoryOracle/summary_claim_changed","Output":"=== RUN   TestStrictLogsClaimHistoryOracle/summary_claim_changed\n"}
{"Time":"2026-09-11T21:37:15.136785173-07:00","Action":"output","Package":"github.com/JDinSeattle/forge-runtime/scripts/faults/application","Test":"TestStrictLogsClaimHistoryOracle/summary_claim_changed","Output":"--- PASS: TestStrictLogsClaimHistoryOracle/summary_claim_changed (0.00s)\n"}
{"Time":"2026-09-11T21:37:15.136794584-07:00","Action":"pass","Package":"github.com/JDinSeattle/forge-runtime/scripts/faults/application","Test":"TestStrictLogsClaimHistoryOracle/summary_claim_changed","Elapsed":0}
{"Time":"2026-09-11T21:37:15.136810549-07:00","Action":"run","Package":"github.com/JDinSeattle/forge-runtime/scripts/faults/application","Test":"TestStrictLogsClaimHistoryOracle/both_summaries_moved"}
{"Time":"2026-09-11T21:37:15.136811737-07:00","Action":"output","Package":"github.com/JDinSeattle/forge-runtime/scripts/faults/application","Test":"TestStrictLogsClaimHistoryOracle/both_summaries_moved","Output":"=== RUN   TestStrictLogsClaimHistoryOracle/both_summaries_moved\n"}
{"Time":"2026-09-11T21:37:15.137673479-07:00","Action":"output","Package":"github.com/JDinSeattle/forge-runtime/scripts/faults/application","Test":"TestStrictLogsClaimHistoryOracle/both_summaries_moved","Output":"--- PASS: TestStrictLogsClaimHistoryOracle/both_summaries_moved (0.00s)\n"}
{"Time":"2026-09-11T21:37:15.137682301-07:00","Action":"pass","Package":"github.com/JDinSeattle/forge-runtime/scripts/faults/application","Test":"TestStrictLogsClaimHistoryOracle/both_summaries_moved","Elapsed":0}
{"Time":"2026-09-11T21:37:15.137700688-07:00","Action":"run","Package":"github.com/JDinSeattle/forge-runtime/scripts/faults/application","Test":"TestStrictLogsClaimHistoryOracle/live_claim_changed"}
{"Time":"2026-09-11T21:37:15.137702205-07:00","Action":"output","Package":"github.com/JDinSeattle/forge-runtime/scripts/faults/application","Test":"TestStrictLogsClaimHistoryOracle/live_claim_changed","Output":"=== RUN   TestStrictLogsClaimHistoryOracle/live_claim_changed\n"}
{"Time":"2026-09-11T21:37:15.138582597-07:00","Action":"output","Package":"github.com/JDinSeattle/forge-runtime/scripts/faults/application","Test":"TestStrictLogsClaimHistoryOracle/live_claim_changed","Output":"--- PASS: TestStrictLogsClaimHistoryOracle/live_claim_changed (0.00s)\n"}
{"Time":"2026-09-11T21:37:15.138589284-07:00","Action":"pass","Package":"github.com/JDinSeattle/forge-runtime/scripts/faults/application","Test":"TestStrictLogsClaimHistoryOracle/live_claim_changed","Elapsed":0}
{"Time":"2026-09-11T21:37:15.138603826-07:00","Action":"run","Package":"github.com/JDinSeattle/forge-runtime/scripts/faults/application","Test":"TestStrictLogsClaimHistoryOracle/historical_claim_changed"}
{"Time":"2026-09-11T21:37:15.138605156-07:00","Action":"output","Package":"github.com/JDinSeattle/forge-runtime/scripts/faults/application","Test":"TestStrictLogsClaimHistoryOracle/historical_claim_changed","Output":"=== RUN   TestStrictLogsClaimHistoryOracle/historical_claim_changed\n"}
{"Time":"2026-09-11T21:37:15.139504374-07:00","Action":"output","Package":"github.com/JDinSeattle/forge-runtime/scripts/faults/application","Test":"TestStrictLogsClaimHistoryOracle/historical_claim_changed","Output":"--- PASS: TestStrictLogsClaimHistoryOracle/historical_claim_changed (0.00s)\n"}
{"Time":"2026-09-11T21:37:15.139515525-07:00","Action":"pass","Package":"github.com/JDinSeattle/forge-runtime/scripts/faults/application","Test":"TestStrictLogsClaimHistoryOracle/historical_claim_changed","Elapsed":0}
{"Time":"2026-09-11T21:37:15.139549882-07:00","Action":"run","Package":"github.com/JDinSeattle/forge-runtime/scripts/faults/application","Test":"TestStrictLogsClaimHistoryOracle/prior_epoch_changed"}
{"Time":"2026-09-11T21:37:15.139551103-07:00","Action":"output","Package":"github.com/JDinSeattle/forge-runtime/scripts/faults/application","Test":"TestStrictLogsClaimHistoryOracle/prior_epoch_changed","Output":"=== RUN   TestStrictLogsClaimHistoryOracle/prior_epoch_changed\n"}
{"Time":"2026-09-11T21:37:15.140520022-07:00","Action":"output","Package":"github.com/JDinSeattle/forge-runtime/scripts/faults/application","Test":"TestStrictLogsClaimHistoryOracle/prior_epoch_changed","Output":"--- PASS: TestStrictLogsClaimHistoryOracle/prior_epoch_changed (0.00s)\n"}
{"Time":"2026-09-11T21:37:15.140532558-07:00","Action":"pass","Package":"github.com/JDinSeattle/forge-runtime/scripts/faults/application","Test":"TestStrictLogsClaimHistoryOracle/prior_epoch_changed","Elapsed":0}
{"Time":"2026-09-11T21:37:15.140544745-07:00","Action":"output","Package":"github.com/JDinSeattle/forge-runtime/scripts/faults/application","Test":"TestStrictLogsClaimHistoryOracle","Output":"--- PASS: TestStrictLogsClaimHistoryOracle (0.01s)\n"}
{"Time":"2026-09-11T21:37:15.140553712-07:00","Action":"pass","Package":"github.com/JDinSeattle/forge-runtime/scripts/faults/application","Test":"TestStrictLogsClaimHistoryOracle","Elapsed":0.01}
{"Time":"2026-09-11T21:37:15.140565407-07:00","Action":"run","Package":"github.com/JDinSeattle/forge-runtime/scripts/faults/application","Test":"TestStrictLogsPauseControlOracle"}
{"Time":"2026-09-11T21:37:15.14057215-07:00","Action":"output","Package":"github.com/JDinSeattle/forge-runtime/scripts/faults/application","Test":"TestStrictLogsPauseControlOracle","Output":"=== RUN   TestStrictLogsPauseControlOracle\n"}
{"Time":"2026-09-11T21:37:15.140592446-07:00","Action":"run","Package":"github.com/JDinSeattle/forge-runtime/scripts/faults/application","Test":"TestStrictLogsPauseControlOracle/missing_tick"}
{"Time":"2026-09-11T21:37:15.140600304-07:00","Action":"output","Package":"github.com/JDinSeattle/forge-runtime/scripts/faults/application","Test":"TestStrictLogsPauseControlOracle/missing_tick","Output":"=== RUN   TestStrictLogsPauseControlOracle/missing_tick\n"}
{"Time":"2026-09-11T21:37:15.140623956-07:00","Action":"output","Package":"github.com/JDinSeattle/forge-runtime/scripts/faults/application","Test":"TestStrictLogsPauseControlOracle/missing_tick","Output":"--- PASS: TestStrictLogsPauseControlOracle/missing_tick (0.00s)\n"}
{"Time":"2026-09-11T21:37:15.140634705-07:00","Action":"pass","Package":"github.com/JDinSeattle/forge-runtime/scripts/faults/application","Test":"TestStrictLogsPauseControlOracle/missing_tick","Elapsed":0}
{"Time":"2026-09-11T21:37:15.140642649-07:00","Action":"run","Package":"github.com/JDinSeattle/forge-runtime/scripts/faults/application","Test":"TestStrictLogsPauseControlOracle/replacement_PID"}
{"Time":"2026-09-11T21:37:15.140646901-07:00","Action":"output","Package":"github.com/JDinSeattle/forge-runtime/scripts/faults/application","Test":"TestStrictLogsPauseControlOracle/replacement_PID","Output":"=== RUN   TestStrictLogsPauseControlOracle/replacement_PID\n"}
{"Time":"2026-09-11T21:37:15.140648678-07:00","Action":"output","Package":"github.com/JDinSeattle/forge-runtime/scripts/faults/application","Test":"TestStrictLogsPauseControlOracle/replacement_PID","Output":"--- PASS: TestStrictLogsPauseControlOracle/replacement_PID (0.00s)\n"}
{"Time":"2026-09-11T21:37:15.140656785-07:00","Action":"pass","Package":"github.com/JDinSeattle/forge-runtime/scripts/faults/application","Test":"TestStrictLogsPauseControlOracle/replacement_PID","Elapsed":0}
{"Time":"2026-09-11T21:37:15.140673757-07:00","Action":"run","Package":"github.com/JDinSeattle/forge-runtime/scripts/faults/application","Test":"TestStrictLogsPauseControlOracle/new_start"}
{"Time":"2026-09-11T21:37:15.140675042-07:00","Action":"output","Package":"github.com/JDinSeattle/forge-runtime/scripts/faults/application","Test":"TestStrictLogsPauseControlOracle/new_start","Output":"=== RUN   TestStrictLogsPauseControlOracle/new_start\n"}
{"Time":"2026-09-11T21:37:15.140688593-07:00","Action":"output","Package":"github.com/JDinSeattle/forge-runtime/scripts/faults/application","Test":"TestStrictLogsPauseControlOracle/new_start","Output":"--- PASS: TestStrictLogsPauseControlOracle/new_start (0.00s)\n"}
{"Time":"2026-09-11T21:37:15.140694036-07:00","Action":"pass","Package":"github.com/JDinSeattle/forge-runtime/scripts/faults/application","Test":"TestStrictLogsPauseControlOracle/new_start","Elapsed":0}
{"Time":"2026-09-11T21:37:15.14071309-07:00","Action":"run","Package":"github.com/JDinSeattle/forge-runtime/scripts/faults/application","Test":"TestStrictLogsPauseControlOracle/changed_executable"}
{"Time":"2026-09-11T21:37:15.140714348-07:00","Action":"output","Package":"github.com/JDinSeattle/forge-runtime/scripts/faults/application","Test":"TestStrictLogsPauseControlOracle/changed_executable","Output":"=== RUN   TestStrictLogsPauseControlOracle/changed_executable\n"}
{"Time":"2026-09-11T21:37:15.140726729-07:00","Action":"output","Package":"github.com/JDinSeattle/forge-runtime/scripts/faults/application","Test":"TestStrictLogsPauseControlOracle/changed_executable","Output":"--- PASS: TestStrictLogsPauseControlOracle/changed_executable (0.00s)\n"}
{"Time":"2026-09-11T21:37:15.140731495-07:00","Action":"pass","Package":"github.com/JDinSeattle/forge-runtime/scripts/faults/application","Test":"TestStrictLogsPauseControlOracle/changed_executable","Elapsed":0}
{"Time":"2026-09-11T21:37:15.140742671-07:00","Action":"run","Package":"github.com/JDinSeattle/forge-runtime/scripts/faults/application","Test":"TestStrictLogsPauseControlOracle/changed_arguments"}
{"Time":"2026-09-11T21:37:15.140743798-07:00","Action":"output","Package":"github.com/JDinSeattle/forge-runtime/scripts/faults/application","Test":"TestStrictLogsPauseControlOracle/changed_arguments","Output":"=== RUN   TestStrictLogsPauseControlOracle/changed_arguments\n"}
{"Time":"2026-09-11T21:37:15.14084616-07:00","Action":"output","Package":"github.com/JDinSeattle/forge-runtime/scripts/faults/application","Test":"TestStrictLogsPauseControlOracle/changed_arguments","Output":"--- PASS: TestStrictLogsPauseControlOracle/changed_arguments (0.00s)\n"}
{"Time":"2026-09-11T21:37:15.140852956-07:00","Action":"pass","Package":"github.com/JDinSeattle/forge-runtime/scripts/faults/application","Test":"TestStrictLogsPauseControlOracle/changed_arguments","Elapsed":0}
{"Time":"2026-09-11T21:37:15.140863109-07:00","Action":"output","Package":"github.com/JDinSeattle/forge-runtime/scripts/faults/application","Test":"TestStrictLogsPauseControlOracle","Output":"--- PASS: TestStrictLogsPauseControlOracle (0.00s)\n"}
{"Time":"2026-09-11T21:37:15.140868742-07:00","Action":"pass","Package":"github.com/JDinSeattle/forge-runtime/scripts/faults/application","Test":"TestStrictLogsPauseControlOracle","Elapsed":0}
{"Time":"2026-09-11T21:37:15.140881668-07:00","Action":"run","Package":"github.com/JDinSeattle/forge-runtime/scripts/faults/application","Test":"TestStrictLogsPauseSignalOrdering"}
{"Time":"2026-09-11T21:37:15.140882777-07:00","Action":"output","Package":"github.com/JDinSeattle/forge-runtime/scripts/faults/application","Test":"TestStrictLogsPauseSignalOrdering","Output":"=== RUN   TestStrictLogsPauseSignalOrdering\n"}
{"Time":"2026-09-11T21:37:15.140898481-07:00","Action":"output","Package":"github.com/JDinSeattle/forge-runtime/scripts/faults/application","Test":"TestStrictLogsPauseSignalOrdering","Output":"--- PASS: TestStrictLogsPauseSignalOrdering (0.00s)\n"}
{"Time":"2026-09-11T21:37:15.140903254-07:00","Action":"pass","Package":"github.com/JDinSeattle/forge-runtime/scripts/faults/application","Test":"TestStrictLogsPauseSignalOrdering","Elapsed":0}
{"Time":"2026-09-11T21:37:15.140919457-07:00","Action":"run","Package":"github.com/JDinSeattle/forge-runtime/scripts/faults/application","Test":"TestLifecycleAbortOracleControlOnly"}
{"Time":"2026-09-11T21:37:15.140920687-07:00","Action":"output","Package":"github.com/JDinSeattle/forge-runtime/scripts/faults/application","Test":"TestLifecycleAbortOracleControlOnly","Output":"=== RUN   TestLifecycleAbortOracleControlOnly\n"}
{"Time":"2026-09-11T21:37:15.142317709-07:00","Action":"output","Package":"github.com/JDinSeattle/forge-runtime/scripts/faults/application","Test":"TestLifecycleAbortOracleControlOnly","Output":"--- PASS: TestLifecycleAbortOracleControlOnly (0.00s)\n"}
{"Time":"2026-09-11T21:37:15.142329831-07:00","Action":"pass","Package":"github.com/JDinSeattle/forge-runtime/scripts/faults/application","Test":"TestLifecycleAbortOracleControlOnly","Elapsed":0}
{"Time":"2026-09-11T21:37:15.142339327-07:00","Action":"run","Package":"github.com/JDinSeattle/forge-runtime/scripts/faults/application","Test":"TestLifecycleAbortOracleRejectsUnexpectedState"}
{"Time":"2026-09-11T21:37:15.142346035-07:00","Action":"output","Package":"github.com/JDinSeattle/forge-runtime/scripts/faults/application","Test":"TestLifecycleAbortOracleRejectsUnexpectedState","Output":"=== RUN   TestLifecycleAbortOracleRejectsUnexpectedState\n"}
{"Time":"2026-09-11T21:37:15.142356288-07:00","Action":"run","Package":"github.com/JDinSeattle/forge-runtime/scripts/faults/application","Test":"TestLifecycleAbortOracleRejectsUnexpectedState/lease_until"}
{"Time":"2026-09-11T21:37:15.1423633-07:00","Action":"output","Package":"github.com/JDinSeattle/forge-runtime/scripts/faults/application","Test":"TestLifecycleAbortOracleRejectsUnexpectedState/lease_until","Output":"=== RUN   TestLifecycleAbortOracleRejectsUnexpectedState/lease_until\n"}
{"Time":"2026-09-11T21:37:15.142617089-07:00","Action":"output","Package":"github.com/JDinSeattle/forge-runtime/scripts/faults/application","Test":"TestLifecycleAbortOracleRejectsUnexpectedState/lease_until","Output":"--- PASS: TestLifecycleAbortOracleRejectsUnexpectedState/lease_until (0.00s)\n"}
{"Time":"2026-09-11T21:37:15.14262495-07:00","Action":"pass","Package":"github.com/JDinSeattle/forge-runtime/scripts/faults/application","Test":"TestLifecycleAbortOracleRejectsUnexpectedState/lease_until","Elapsed":0}
{"Time":"2026-09-11T21:37:15.142637891-07:00","Action":"run","Package":"github.com/JDinSeattle/forge-runtime/scripts/faults/application","Test":"TestLifecycleAbortOracleRejectsUnexpectedState/runner"}
{"Time":"2026-09-11T21:37:15.142639022-07:00","Action":"output","Package":"github.com/JDinSeattle/forge-runtime/scripts/faults/application","Test":"TestLifecycleAbortOracleRejectsUnexpectedState/runner","Output":"=== RUN   TestLifecycleAbortOracleRejectsUnexpectedState/runner\n"}
{"Time":"2026-09-11T21:37:15.14285665-07:00","Action":"output","Package":"github.com/JDinSeattle/forge-runtime/scripts/faults/application","Test":"TestLifecycleAbortOracleRejectsUnexpectedState/runner","Output":"--- PASS: TestLifecycleAbortOracleRejectsUnexpectedState/runner (0.00s)\n"}
{"Time":"2026-09-11T21:37:15.142864327-07:00","Action":"pass","Package":"github.com/JDinSeattle/forge-runtime/scripts/faults/application","Test":"TestLifecycleAbortOracleRejectsUnexpectedState/runner","Elapsed":0}
{"Time":"2026-09-11T21:37:15.142891521-07:00","Action":"run","Package":"github.com/JDinSeattle/forge-runtime/scripts/faults/application","Test":"TestLifecycleAbortOracleRejectsUnexpectedState/snapshot_effect"}
{"Time":"2026-09-11T21:37:15.1428928-07:00","Action":"output","Package":"github.com/JDinSeattle/forge-runtime/scripts/faults/application","Test":"TestLifecycleAbortOracleRejectsUnexpectedState/snapshot_effect","Output":"=== RUN   TestLifecycleAbortOracleRejectsUnexpectedState/snapshot_effect\n"}
{"Time":"2026-09-11T21:37:15.143119604-07:00","Action":"output","Package":"github.com/JDinSeattle/forge-runtime/scripts/faults/application","Test":"TestLifecycleAbortOracleRejectsUnexpectedState/snapshot_effect","Output":"--- PASS: TestLifecycleAbortOracleRejectsUnexpectedState/snapshot_effect (0.00s)\n"}
{"Time":"2026-09-11T21:37:15.143127023-07:00","Action":"pass","Package":"github.com/JDinSeattle/forge-runtime/scripts/faults/application","Test":"TestLifecycleAbortOracleRejectsUnexpectedState/snapshot_effect","Elapsed":0}
{"Time":"2026-09-11T21:37:15.143139322-07:00","Action":"run","Package":"github.com/JDinSeattle/forge-runtime/scripts/faults/application","Test":"TestLifecycleAbortOracleRejectsUnexpectedState/execute_command"}
{"Time":"2026-09-11T21:37:15.143140472-07:00","Action":"output","Package":"github.com/JDinSeattle/forge-runtime/scripts/faults/application","Test":"TestLifecycleAbortOracleRejectsUnexpectedState/execute_command","Output":"=== RUN   TestLifecycleAbortOracleRejectsUnexpectedState/execute_command\n"}
{"Time":"2026-09-11T21:37:15.143251063-07:00","Action":"output","Package":"github.com/JDinSeattle/forge-runtime/scripts/faults/application","Test":"TestLifecycleAbortOracleRejectsUnexpectedState/execute_command","Output":"--- PASS: TestLifecycleAbortOracleRejectsUnexpectedState/execute_command (0.00s)\n"}
{"Time":"2026-09-11T21:37:15.1432577-07:00","Action":"pass","Package":"github.com/JDinSeattle/forge-runtime/scripts/faults/application","Test":"TestLifecycleAbortOracleRejectsUnexpectedState/execute_command","Elapsed":0}
{"Time":"2026-09-11T21:37:15.143277752-07:00","Action":"run","Package":"github.com/JDinSeattle/forge-runtime/scripts/faults/application","Test":"TestLifecycleAbortOracleRejectsUnexpectedState/cleanup"}
{"Time":"2026-09-11T21:37:15.143278899-07:00","Action":"output","Package":"github.com/JDinSeattle/forge-runtime/scripts/faults/application","Test":"TestLifecycleAbortOracleRejectsUnexpectedState/cleanup","Output":"=== RUN   TestLifecycleAbortOracleRejectsUnexpectedState/cleanup\n"}
{"Time":"2026-09-11T21:37:15.143505495-07:00","Action":"output","Package":"github.com/JDinSeattle/forge-runtime/scripts/faults/application","Test":"TestLifecycleAbortOracleRejectsUnexpectedState/cleanup","Output":"--- PASS: TestLifecycleAbortOracleRejectsUnexpectedState/cleanup (0.00s)\n"}
{"Time":"2026-09-11T21:37:15.143513403-07:00","Action":"pass","Package":"github.com/JDinSeattle/forge-runtime/scripts/faults/application","Test":"TestLifecycleAbortOracleRejectsUnexpectedState/cleanup","Elapsed":0}
{"Time":"2026-09-11T21:37:15.143524897-07:00","Action":"run","Package":"github.com/JDinSeattle/forge-runtime/scripts/faults/application","Test":"TestLifecycleAbortOracleRejectsUnexpectedState/missing_count"}
{"Time":"2026-09-11T21:37:15.143526027-07:00","Action":"output","Package":"github.com/JDinSeattle/forge-runtime/scripts/faults/application","Test":"TestLifecycleAbortOracleRejectsUnexpectedState/missing_count","Output":"=== RUN   TestLifecycleAbortOracleRejectsUnexpectedState/missing_count\n"}
{"Time":"2026-09-11T21:37:15.14376097-07:00","Action":"output","Package":"github.com/JDinSeattle/forge-runtime/scripts/faults/application","Test":"TestLifecycleAbortOracleRejectsUnexpectedState/missing_count","Output":"--- PASS: TestLifecycleAbortOracleRejectsUnexpectedState/missing_count (0.00s)\n"}
{"Time":"2026-09-11T21:37:15.143767643-07:00","Action":"pass","Package":"github.com/JDinSeattle/forge-runtime/scripts/faults/application","Test":"TestLifecycleAbortOracleRejectsUnexpectedState/missing_count","Elapsed":0}
{"Time":"2026-09-11T21:37:15.143781362-07:00","Action":"run","Package":"github.com/JDinSeattle/forge-runtime/scripts/faults/application","Test":"TestLifecycleAbortOracleRejectsUnexpectedState/reserved_runner"}
{"Time":"2026-09-11T21:37:15.143782584-07:00","Action":"output","Package":"github.com/JDinSeattle/forge-runtime/scripts/faults/application","Test":"TestLifecycleAbortOracleRejectsUnexpectedState/reserved_runner","Output":"=== RUN   TestLifecycleAbortOracleRejectsUnexpectedState/reserved_runner\n"}
{"Time":"2026-09-11T21:37:15.144002052-07:00","Action":"output","Package":"github.com/JDinSeattle/forge-runtime/scripts/faults/application","Test":"TestLifecycleAbortOracleRejectsUnexpectedState/reserved_runner","Output":"--- PASS: TestLifecycleAbortOracleRejectsUnexpectedState/reserved_runner (0.00s)\n"}
{"Time":"2026-09-11T21:37:15.144009656-07:00","Action":"pass","Package":"github.com/JDinSeattle/forge-runtime/scripts/faults/application","Test":"TestLifecycleAbortOracleRejectsUnexpectedState/reserved_runner","Elapsed":0}
{"Time":"2026-09-11T21:37:15.144021062-07:00","Action":"run","Package":"github.com/JDinSeattle/forge-runtime/scripts/faults/application","Test":"TestLifecycleAbortOracleRejectsUnexpectedState/false_zero_steps"}
{"Time":"2026-09-11T21:37:15.144022221-07:00","Action":"output","Package":"github.com/JDinSeattle/forge-runtime/scripts/faults/application","Test":"TestLifecycleAbortOracleRejectsUnexpectedState/false_zero_steps","Output":"=== RUN   TestLifecycleAbortOracleRejectsUnexpectedState/false_zero_steps\n"}
{"Time":"2026-09-11T21:37:15.144242304-07:00","Action":"output","Package":"github.com/JDinSeattle/forge-runtime/scripts/faults/application","Test":"TestLifecycleAbortOracleRejectsUnexpectedState/false_zero_steps","Output":"--- PASS: TestLifecycleAbortOracleRejectsUnexpectedState/false_zero_steps (0.00s)\n"}
{"Time":"2026-09-11T21:37:15.144250203-07:00","Action":"pass","Package":"github.com/JDinSeattle/forge-runtime/scripts/faults/application","Test":"TestLifecycleAbortOracleRejectsUnexpectedState/false_zero_steps","Elapsed":0}
{"Time":"2026-09-11T21:37:15.144261301-07:00","Action":"run","Package":"github.com/JDinSeattle/forge-runtime/scripts/faults/application","Test":"TestLifecycleAbortOracleRejectsUnexpectedState/event_missing"}
{"Time":"2026-09-11T21:37:15.144262405-07:00","Action":"output","Package":"github.com/JDinSeattle/forge-runtime/scripts/faults/application","Test":"TestLifecycleAbortOracleRejectsUnexpectedState/event_missing","Output":"=== RUN   TestLifecycleAbortOracleRejectsUnexpectedState/event_missing\n"}
{"Time":"2026-09-11T21:37:15.144512933-07:00","Action":"output","Package":"github.com/JDinSeattle/forge-runtime/scripts/faults/application","Test":"TestLifecycleAbortOracleRejectsUnexpectedState/event_missing","Output":"--- PASS: TestLifecycleAbortOracleRejectsUnexpectedState/event_missing (0.00s)\n"}
{"Time":"2026-09-11T21:37:15.144520158-07:00","Action":"pass","Package":"github.com/JDinSeattle/forge-runtime/scripts/faults/application","Test":"TestLifecycleAbortOracleRejectsUnexpectedState/event_missing","Elapsed":0}
{"Time":"2026-09-11T21:37:15.144531174-07:00","Action":"run","Package":"github.com/JDinSeattle/forge-runtime/scripts/faults/application","Test":"TestLifecycleAbortOracleRejectsUnexpectedState/event_replaced"}
{"Time":"2026-09-11T21:37:15.144532336-07:00","Action":"output","Package":"github.com/JDinSeattle/forge-runtime/scripts/faults/application","Test":"TestLifecycleAbortOracleRejectsUnexpectedState/event_replaced","Output":"=== RUN   TestLifecycleAbortOracleRejectsUnexpectedState/event_replaced\n"}
{"Time":"2026-09-11T21:37:15.144805956-07:00","Action":"output","Package":"github.com/JDinSeattle/forge-runtime/scripts/faults/application","Test":"TestLifecycleAbortOracleRejectsUnexpectedState/event_replaced","Output":"--- PASS: TestLifecycleAbortOracleRejectsUnexpectedState/event_replaced (0.00s)\n"}
{"Time":"2026-09-11T21:37:15.144813363-07:00","Action":"pass","Package":"github.com/JDinSeattle/forge-runtime/scripts/faults/application","Test":"TestLifecycleAbortOracleRejectsUnexpectedState/event_replaced","Elapsed":0}
{"Time":"2026-09-11T21:37:15.144829279-07:00","Action":"run","Package":"github.com/JDinSeattle/forge-runtime/scripts/faults/application","Test":"TestLifecycleAbortOracleRejectsUnexpectedState/state_column"}
{"Time":"2026-09-11T21:37:15.144830541-07:00","Action":"output","Package":"github.com/JDinSeattle/forge-runtime/scripts/faults/application","Test":"TestLifecycleAbortOracleRejectsUnexpectedState/state_column","Output":"=== RUN   TestLifecycleAbortOracleRejectsUnexpectedState/state_column\n"}
{"Time":"2026-09-11T21:37:15.145105173-07:00","Action":"output","Package":"github.com/JDinSeattle/forge-runtime/scripts/faults/application","Test":"TestLifecycleAbortOracleRejectsUnexpectedState/state_column","Output":"--- PASS: TestLifecycleAbortOracleRejectsUnexpectedState/state_column (0.00s)\n"}
{"Time":"2026-09-11T21:37:15.145113422-07:00","Action":"pass","Package":"github.com/JDinSeattle/forge-runtime/scripts/faults/application","Test":"TestLifecycleAbortOracleRejectsUnexpectedState/state_column","Elapsed":0}
{"Time":"2026-09-11T21:37:15.14512461-07:00","Action":"run","Package":"github.com/JDinSeattle/forge-runtime/scripts/faults/application","Test":"TestLifecycleAbortOracleRejectsUnexpectedState/artifact"}
{"Time":"2026-09-11T21:37:15.145125754-07:00","Action":"output","Package":"github.com/JDinSeattle/forge-runtime/scripts/faults/application","Test":"TestLifecycleAbortOracleRejectsUnexpectedState/artifact","Output":"=== RUN   TestLifecycleAbortOracleRejectsUnexpectedState/artifact\n"}
{"Time":"2026-09-11T21:37:15.145410271-07:00","Action":"output","Package":"github.com/JDinSeattle/forge-runtime/scripts/faults/application","Test":"TestLifecycleAbortOracleRejectsUnexpectedState/artifact","Output":"--- PASS: TestLifecycleAbortOracleRejectsUnexpectedState/artifact (0.00s)\n"}
{"Time":"2026-09-11T21:37:15.145417874-07:00","Action":"pass","Package":"github.com/JDinSeattle/forge-runtime/scripts/faults/application","Test":"TestLifecycleAbortOracleRejectsUnexpectedState/artifact","Elapsed":0}
{"Time":"2026-09-11T21:37:15.145845566-07:00","Action":"run","Package":"github.com/JDinSeattle/forge-runtime/scripts/faults/application","Test":"TestLifecycleAbortOracleRejectsUnexpectedState/capacity"}
{"Time":"2026-09-11T21:37:15.145858279-07:00","Action":"output","Package":"github.com/JDinSeattle/forge-runtime/scripts/faults/application","Test":"TestLifecycleAbortOracleRejectsUnexpectedState/capacity","Output":"=== RUN   TestLifecycleAbortOracleRejectsUnexpectedState/capacity\n"}
{"Time":"2026-09-11T21:37:15.146278766-07:00","Action":"output","Package":"github.com/JDinSeattle/forge-runtime/scripts/faults/application","Test":"TestLifecycleAbortOracleRejectsUnexpectedState/capacity","Output":"--- PASS: TestLifecycleAbortOracleRejectsUnexpectedState/capacity (0.00s)\n"}
{"Time":"2026-09-11T21:37:15.146293206-07:00","Action":"pass","Package":"github.com/JDinSeattle/forge-runtime/scripts/faults/application","Test":"TestLifecycleAbortOracleRejectsUnexpectedState/capacity","Elapsed":0}
{"Time":"2026-09-11T21:37:15.146355597-07:00","Action":"run","Package":"github.com/JDinSeattle/forge-runtime/scripts/faults/application","Test":"TestLifecycleAbortOracleRejectsUnexpectedState/premature_terminal"}
{"Time":"2026-09-11T21:37:15.146358581-07:00","Action":"output","Package":"github.com/JDinSeattle/forge-runtime/scripts/faults/application","Test":"TestLifecycleAbortOracleRejectsUnexpectedState/premature_terminal","Output":"=== RUN   TestLifecycleAbortOracleRejectsUnexpectedState/premature_terminal\n"}
{"Time":"2026-09-11T21:37:15.146527787-07:00","Action":"output","Package":"github.com/JDinSeattle/forge-runtime/scripts/faults/application","Test":"TestLifecycleAbortOracleRejectsUnexpectedState/premature_terminal","Output":"--- PASS: TestLifecycleAbortOracleRejectsUnexpectedState/premature_terminal (0.00s)\n"}
{"Time":"2026-09-11T21:37:15.146535231-07:00","Action":"pass","Package":"github.com/JDinSeattle/forge-runtime/scripts/faults/application","Test":"TestLifecycleAbortOracleRejectsUnexpectedState/premature_terminal","Elapsed":0}
{"Time":"2026-09-11T21:37:15.146551659-07:00","Action":"run","Package":"github.com/JDinSeattle/forge-runtime/scripts/faults/application","Test":"TestLifecycleAbortOracleRejectsUnexpectedState/wrong_stop_target"}
{"Time":"2026-09-11T21:37:15.146552867-07:00","Action":"output","Package":"github.com/JDinSeattle/forge-runtime/scripts/faults/application","Test":"TestLifecycleAbortOracleRejectsUnexpectedState/wrong_stop_target","Output":"=== RUN   TestLifecycleAbortOracleRejectsUnexpectedState/wrong_stop_target\n"}
{"Time":"2026-09-11T21:37:15.146669465-07:00","Action":"output","Package":"github.com/JDinSeattle/forge-runtime/scripts/faults/application","Test":"TestLifecycleAbortOracleRejectsUnexpectedState/wrong_stop_target","Output":"--- PASS: TestLifecycleAbortOracleRejectsUnexpectedState/wrong_stop_target (0.00s)\n"}
{"Time":"2026-09-11T21:37:15.146676098-07:00","Action":"pass","Package":"github.com/JDinSeattle/forge-runtime/scripts/faults/application","Test":"TestLifecycleAbortOracleRejectsUnexpectedState/wrong_stop_target","Elapsed":0}
{"Time":"2026-09-11T21:37:15.146710481-07:00","Action":"run","Package":"github.com/JDinSeattle/forge-runtime/scripts/faults/application","Test":"TestLifecycleAbortOracleRejectsUnexpectedState/snapshot_rewritten"}
{"Time":"2026-09-11T21:37:15.146711605-07:00","Action":"output","Package":"github.com/JDinSeattle/forge-runtime/scripts/faults/application","Test":"TestLifecycleAbortOracleRejectsUnexpectedState/snapshot_rewritten","Output":"=== RUN   TestLifecycleAbortOracleRejectsUnexpectedState/snapshot_rewritten\n"}
{"Time":"2026-09-11T21:37:15.147045659-07:00","Action":"output","Package":"github.com/JDinSeattle/forge-runtime/scripts/faults/application","Test":"TestLifecycleAbortOracleRejectsUnexpectedState/snapshot_rewritten","Output":"--- PASS: TestLifecycleAbortOracleRejectsUnexpectedState/snapshot_rewritten (0.00s)\n"}
{"Time":"2026-09-11T21:37:15.147051649-07:00","Action":"pass","Package":"github.com/JDinSeattle/forge-runtime/scripts/faults/application","Test":"TestLifecycleAbortOracleRejectsUnexpectedState/snapshot_rewritten","Elapsed":0}
{"Time":"2026-09-11T21:37:15.147065352-07:00","Action":"run","Package":"github.com/JDinSeattle/forge-runtime/scripts/faults/application","Test":"TestLifecycleAbortOracleRejectsUnexpectedState/version_column"}
{"Time":"2026-09-11T21:37:15.147066564-07:00","Action":"output","Package":"github.com/JDinSeattle/forge-runtime/scripts/faults/application","Test":"TestLifecycleAbortOracleRejectsUnexpectedState/version_column","Output":"=== RUN   TestLifecycleAbortOracleRejectsUnexpectedState/version_column\n"}
{"Time":"2026-09-11T21:37:15.147304421-07:00","Action":"output","Package":"github.com/JDinSeattle/forge-runtime/scripts/faults/application","Test":"TestLifecycleAbortOracleRejectsUnexpectedState/version_column","Output":"--- PASS: TestLifecycleAbortOracleRejectsUnexpectedState/version_column (0.00s)\n"}
{"Time":"2026-09-11T21:37:15.147310046-07:00","Action":"pass","Package":"github.com/JDinSeattle/forge-runtime/scripts/faults/application","Test":"TestLifecycleAbortOracleRejectsUnexpectedState/version_column","Elapsed":0}
{"Time":"2026-09-11T21:37:15.14734254-07:00","Action":"run","Package":"github.com/JDinSeattle/forge-runtime/scripts/faults/application","Test":"TestLifecycleAbortOracleRejectsUnexpectedState/second_run"}
{"Time":"2026-09-11T21:37:15.147343651-07:00","Action":"output","Package":"github.com/JDinSeattle/forge-runtime/scripts/faults/application","Test":"TestLifecycleAbortOracleRejectsUnexpectedState/second_run","Output":"=== RUN   TestLifecycleAbortOracleRejectsUnexpectedState/second_run\n"}
{"Time":"2026-09-11T21:37:15.14757352-07:00","Action":"output","Package":"github.com/JDinSeattle/forge-runtime/scripts/faults/application","Test":"TestLifecycleAbortOracleRejectsUnexpectedState/second_run","Output":"--- PASS: TestLifecycleAbortOracleRejectsUnexpectedState/second_run (0.00s)\n"}
{"Time":"2026-09-11T21:37:15.147580096-07:00","Action":"pass","Package":"github.com/JDinSeattle/forge-runtime/scripts/faults/application","Test":"TestLifecycleAbortOracleRejectsUnexpectedState/second_run","Elapsed":0}
{"Time":"2026-09-11T21:37:15.147592361-07:00","Action":"run","Package":"github.com/JDinSeattle/forge-runtime/scripts/faults/application","Test":"TestLifecycleAbortOracleRejectsUnexpectedState/snapshot_lease"}
{"Time":"2026-09-11T21:37:15.147594599-07:00","Action":"output","Package":"github.com/JDinSeattle/forge-runtime/scripts/faults/application","Test":"TestLifecycleAbortOracleRejectsUnexpectedState/snapshot_lease","Output":"=== RUN   TestLifecycleAbortOracleRejectsUnexpectedState/snapshot_lease\n"}
{"Time":"2026-09-11T21:37:15.147821844-07:00","Action":"output","Package":"github.com/JDinSeattle/forge-runtime/scripts/faults/application","Test":"TestLifecycleAbortOracleRejectsUnexpectedState/snapshot_lease","Output":"--- PASS: TestLifecycleAbortOracleRejectsUnexpectedState/snapshot_lease (0.00s)\n"}
{"Time":"2026-09-11T21:37:15.147827351-07:00","Action":"pass","Package":"github.com/JDinSeattle/forge-runtime/scripts/faults/application","Test":"TestLifecycleAbortOracleRejectsUnexpectedState/snapshot_lease","Elapsed":0}
{"Time":"2026-09-11T21:37:15.147838086-07:00","Action":"run","Package":"github.com/JDinSeattle/forge-runtime/scripts/faults/application","Test":"TestLifecycleAbortOracleRejectsUnexpectedState/execution_step"}
{"Time":"2026-09-11T21:37:15.147839743-07:00","Action":"output","Package":"github.com/JDinSeattle/forge-runtime/scripts/faults/application","Test":"TestLifecycleAbortOracleRejectsUnexpectedState/execution_step","Output":"=== RUN   TestLifecycleAbortOracleRejectsUnexpectedState/execution_step\n"}
{"Time":"2026-09-11T21:37:15.1480818-07:00","Action":"output","Package":"github.com/JDinSeattle/forge-runtime/scripts/faults/application","Test":"TestLifecycleAbortOracleRejectsUnexpectedState/execution_step","Output":"--- PASS: TestLifecycleAbortOracleRejectsUnexpectedState/execution_step (0.00s)\n"}
{"Time":"2026-09-11T21:37:15.148087666-07:00","Action":"pass","Package":"github.com/JDinSeattle/forge-runtime/scripts/faults/application","Test":"TestLifecycleAbortOracleRejectsUnexpectedState/execution_step","Elapsed":0}
{"Time":"2026-09-11T21:37:15.148098251-07:00","Action":"run","Package":"github.com/JDinSeattle/forge-runtime/scripts/faults/application","Test":"TestLifecycleAbortOracleRejectsUnexpectedState/effects"}
{"Time":"2026-09-11T21:37:15.148099363-07:00","Action":"output","Package":"github.com/JDinSeattle/forge-runtime/scripts/faults/application","Test":"TestLifecycleAbortOracleRejectsUnexpectedState/effects","Output":"=== RUN   TestLifecycleAbortOracleRejectsUnexpectedState/effects\n"}
{"Time":"2026-09-11T21:37:15.148328691-07:00","Action":"output","Package":"github.com/JDinSeattle/forge-runtime/scripts/faults/application","Test":"TestLifecycleAbortOracleRejectsUnexpectedState/effects","Output":"--- PASS: TestLifecycleAbortOracleRejectsUnexpectedState/effects (0.00s)\n"}
{"Time":"2026-09-11T21:37:15.148334321-07:00","Action":"pass","Package":"github.com/JDinSeattle/forge-runtime/scripts/faults/application","Test":"TestLifecycleAbortOracleRejectsUnexpectedState/effects","Elapsed":0}
{"Time":"2026-09-11T21:37:15.148344876-07:00","Action":"run","Package":"github.com/JDinSeattle/forge-runtime/scripts/faults/application","Test":"TestLifecycleAbortOracleRejectsUnexpectedState/model"}
{"Time":"2026-09-11T21:37:15.148346011-07:00","Action":"output","Package":"github.com/JDinSeattle/forge-runtime/scripts/faults/application","Test":"TestLifecycleAbortOracleRejectsUnexpectedState/model","Output":"=== RUN   TestLifecycleAbortOracleRejectsUnexpectedState/model\n"}
{"Time":"2026-09-11T21:37:15.148576906-07:00","Action":"output","Package":"github.com/JDinSeattle/forge-runtime/scripts/faults/application","Test":"TestLifecycleAbortOracleRejectsUnexpectedState/model","Output":"--- PASS: TestLifecycleAbortOracleRejectsUnexpectedState/model (0.00s)\n"}
{"Time":"2026-09-11T21:37:15.148580976-07:00","Action":"pass","Package":"github.com/JDinSeattle/forge-runtime/scripts/faults/application","Test":"TestLifecycleAbortOracleRejectsUnexpectedState/model","Elapsed":0}
{"Time":"2026-09-11T21:37:15.148614344-07:00","Action":"run","Package":"github.com/JDinSeattle/forge-runtime/scripts/faults/application","Test":"TestLifecycleAbortOracleRejectsUnexpectedState/allocation"}
{"Time":"2026-09-11T21:37:15.148615486-07:00","Action":"output","Package":"github.com/JDinSeattle/forge-runtime/scripts/faults/application","Test":"TestLifecycleAbortOracleRejectsUnexpectedState/allocation","Output":"=== RUN   TestLifecycleAbortOracleRejectsUnexpectedState/allocation\n"}
{"Time":"2026-09-11T21:37:15.148837862-07:00","Action":"output","Package":"github.com/JDinSeattle/forge-runtime/scripts/faults/application","Test":"TestLifecycleAbortOracleRejectsUnexpectedState/allocation","Output":"--- PASS: TestLifecycleAbortOracleRejectsUnexpectedState/allocation (0.00s)\n"}
{"Time":"2026-09-11T21:37:15.148843658-07:00","Action":"pass","Package":"github.com/JDinSeattle/forge-runtime/scripts/faults/application","Test":"TestLifecycleAbortOracleRejectsUnexpectedState/allocation","Elapsed":0}
{"Time":"2026-09-11T21:37:15.148853851-07:00","Action":"run","Package":"github.com/JDinSeattle/forge-runtime/scripts/faults/application","Test":"TestLifecycleAbortOracleRejectsUnexpectedState/quota"}
{"Time":"2026-09-11T21:37:15.148855374-07:00","Action":"output","Package":"github.com/JDinSeattle/forge-runtime/scripts/faults/application","Test":"TestLifecycleAbortOracleRejectsUnexpectedState/quota","Output":"=== RUN   TestLifecycleAbortOracleRejectsUnexpectedState/quota\n"}
{"Time":"2026-09-11T21:37:15.149096175-07:00","Action":"output","Package":"github.com/JDinSeattle/forge-runtime/scripts/faults/application","Test":"TestLifecycleAbortOracleRejectsUnexpectedState/quota","Output":"--- PASS: TestLifecycleAbortOracleRejectsUnexpectedState/quota (0.00s)\n"}
{"Time":"2026-09-11T21:37:15.149101497-07:00","Action":"pass","Package":"github.com/JDinSeattle/forge-runtime/scripts/faults/application","Test":"TestLifecycleAbortOracleRejectsUnexpectedState/quota","Elapsed":0}
{"Time":"2026-09-11T21:37:15.149112285-07:00","Action":"run","Package":"github.com/JDinSeattle/forge-runtime/scripts/faults/application","Test":"TestLifecycleAbortOracleRejectsUnexpectedState/deadline_extension"}
{"Time":"2026-09-11T21:37:15.14911339-07:00","Action":"output","Package":"github.com/JDinSeattle/forge-runtime/scripts/faults/application","Test":"TestLifecycleAbortOracleRejectsUnexpectedState/deadline_extension","Output":"=== RUN   TestLifecycleAbortOracleRejectsUnexpectedState/deadline_extension\n"}
{"Time":"2026-09-11T21:37:15.149363421-07:00","Action":"output","Package":"github.com/JDinSeattle/forge-runtime/scripts/faults/application","Test":"TestLifecycleAbortOracleRejectsUnexpectedState/deadline_extension","Output":"--- PASS: TestLifecycleAbortOracleRejectsUnexpectedState/deadline_extension (0.00s)\n"}
{"Time":"2026-09-11T21:37:15.149368475-07:00","Action":"pass","Package":"github.com/JDinSeattle/forge-runtime/scripts/faults/application","Test":"TestLifecycleAbortOracleRejectsUnexpectedState/deadline_extension","Elapsed":0}
{"Time":"2026-09-11T21:37:15.149379068-07:00","Action":"run","Package":"github.com/JDinSeattle/forge-runtime/scripts/faults/application","Test":"TestLifecycleAbortOracleRejectsUnexpectedState/workspace"}
{"Time":"2026-09-11T21:37:15.149380154-07:00","Action":"output","Package":"github.com/JDinSeattle/forge-runtime/scripts/faults/application","Test":"TestLifecycleAbortOracleRejectsUnexpectedState/workspace","Output":"=== RUN   TestLifecycleAbortOracleRejectsUnexpectedState/workspace\n"}
{"Time":"2026-09-11T21:37:15.149636294-07:00","Action":"output","Package":"github.com/JDinSeattle/forge-runtime/scripts/faults/application","Test":"TestLifecycleAbortOracleRejectsUnexpectedState/workspace","Output":"--- PASS: TestLifecycleAbortOracleRejectsUnexpectedState/workspace (0.00s)\n"}
{"Time":"2026-09-11T21:37:15.149643089-07:00","Action":"pass","Package":"github.com/JDinSeattle/forge-runtime/scripts/faults/application","Test":"TestLifecycleAbortOracleRejectsUnexpectedState/workspace","Elapsed":0}
{"Time":"2026-09-11T21:37:15.149656093-07:00","Action":"run","Package":"github.com/JDinSeattle/forge-runtime/scripts/faults/application","Test":"TestLifecycleAbortOracleRejectsUnexpectedState/dropped_stop"}
{"Time":"2026-09-11T21:37:15.149657244-07:00","Action":"output","Package":"github.com/JDinSeattle/forge-runtime/scripts/faults/application","Test":"TestLifecycleAbortOracleRejectsUnexpectedState/dropped_stop","Output":"=== RUN   TestLifecycleAbortOracleRejectsUnexpectedState/dropped_stop\n"}
{"Time":"2026-09-11T21:37:15.149770908-07:00","Action":"output","Package":"github.com/JDinSeattle/forge-runtime/scripts/faults/application","Test":"TestLifecycleAbortOracleRejectsUnexpectedState/dropped_stop","Output":"--- PASS: TestLifecycleAbortOracleRejectsUnexpectedState/dropped_stop (0.00s)\n"}
{"Time":"2026-09-11T21:37:15.149774069-07:00","Action":"pass","Package":"github.com/JDinSeattle/forge-runtime/scripts/faults/application","Test":"TestLifecycleAbortOracleRejectsUnexpectedState/dropped_stop","Elapsed":0}
{"Time":"2026-09-11T21:37:15.149796832-07:00","Action":"run","Package":"github.com/JDinSeattle/forge-runtime/scripts/faults/application","Test":"TestLifecycleAbortOracleRejectsUnexpectedState/lease_epoch"}
{"Time":"2026-09-11T21:37:15.149797942-07:00","Action":"output","Package":"github.com/JDinSeattle/forge-runtime/scripts/faults/application","Test":"TestLifecycleAbortOracleRejectsUnexpectedState/lease_epoch","Output":"=== RUN   TestLifecycleAbortOracleRejectsUnexpectedState/lease_epoch\n"}
{"Time":"2026-09-11T21:37:15.150022426-07:00","Action":"output","Package":"github.com/JDinSeattle/forge-runtime/scripts/faults/application","Test":"TestLifecycleAbortOracleRejectsUnexpectedState/lease_epoch","Output":"--- PASS: TestLifecycleAbortOracleRejectsUnexpectedState/lease_epoch (0.00s)\n"}
{"Time":"2026-09-11T21:37:15.150028773-07:00","Action":"pass","Package":"github.com/JDinSeattle/forge-runtime/scripts/faults/application","Test":"TestLifecycleAbortOracleRejectsUnexpectedState/lease_epoch","Elapsed":0}
{"Time":"2026-09-11T21:37:15.150040392-07:00","Action":"run","Package":"github.com/JDinSeattle/forge-runtime/scripts/faults/application","Test":"TestLifecycleAbortOracleRejectsUnexpectedState/lease_owner"}
{"Time":"2026-09-11T21:37:15.15004151-07:00","Action":"output","Package":"github.com/JDinSeattle/forge-runtime/scripts/faults/application","Test":"TestLifecycleAbortOracleRejectsUnexpectedState/lease_owner","Output":"=== RUN   TestLifecycleAbortOracleRejectsUnexpectedState/lease_owner\n"}
{"Time":"2026-09-11T21:37:15.150266011-07:00","Action":"output","Package":"github.com/JDinSeattle/forge-runtime/scripts/faults/application","Test":"TestLifecycleAbortOracleRejectsUnexpectedState/lease_owner","Output":"--- PASS: TestLifecycleAbortOracleRejectsUnexpectedState/lease_owner (0.00s)\n"}
{"Time":"2026-09-11T21:37:15.15027244-07:00","Action":"pass","Package":"github.com/JDinSeattle/forge-runtime/scripts/faults/application","Test":"TestLifecycleAbortOracleRejectsUnexpectedState/lease_owner","Elapsed":0}
{"Time":"2026-09-11T21:37:15.150282039-07:00","Action":"output","Package":"github.com/JDinSeattle/forge-runtime/scripts/faults/application","Test":"TestLifecycleAbortOracleRejectsUnexpectedState","Output":"--- PASS: TestLifecycleAbortOracleRejectsUnexpectedState (0.01s)\n"}
{"Time":"2026-09-11T21:37:15.150288648-07:00","Action":"pass","Package":"github.com/JDinSeattle/forge-runtime/scripts/faults/application","Test":"TestLifecycleAbortOracleRejectsUnexpectedState","Elapsed":0.01}
{"Time":"2026-09-11T21:37:15.150301569-07:00","Action":"run","Package":"github.com/JDinSeattle/forge-runtime/scripts/faults/application","Test":"TestLifecycleAbortHistoryIsAppendOnly"}
{"Time":"2026-09-11T21:37:15.150302656-07:00","Action":"output","Package":"github.com/JDinSeattle/forge-runtime/scripts/faults/application","Test":"TestLifecycleAbortHistoryIsAppendOnly","Output":"=== RUN   TestLifecycleAbortHistoryIsAppendOnly\n"}
{"Time":"2026-09-11T21:37:15.150329105-07:00","Action":"run","Package":"github.com/JDinSeattle/forge-runtime/scripts/faults/application","Test":"TestLifecycleAbortHistoryIsAppendOnly/immutable"}
{"Time":"2026-09-11T21:37:15.150330339-07:00","Action":"output","Package":"github.com/JDinSeattle/forge-runtime/scripts/faults/application","Test":"TestLifecycleAbortHistoryIsAppendOnly/immutable","Output":"=== RUN   TestLifecycleAbortHistoryIsAppendOnly/immutable\n"}
{"Time":"2026-09-11T21:37:15.150494338-07:00","Action":"output","Package":"github.com/JDinSeattle/forge-runtime/scripts/faults/application","Test":"TestLifecycleAbortHistoryIsAppendOnly/immutable","Output":"--- PASS: TestLifecycleAbortHistoryIsAppendOnly/immutable (0.00s)\n"}
{"Time":"2026-09-11T21:37:15.150499348-07:00","Action":"pass","Package":"github.com/JDinSeattle/forge-runtime/scripts/faults/application","Test":"TestLifecycleAbortHistoryIsAppendOnly/immutable","Elapsed":0}
{"Time":"2026-09-11T21:37:15.150511571-07:00","Action":"run","Package":"github.com/JDinSeattle/forge-runtime/scripts/faults/application","Test":"TestLifecycleAbortHistoryIsAppendOnly/event"}
{"Time":"2026-09-11T21:37:15.150512705-07:00","Action":"output","Package":"github.com/JDinSeattle/forge-runtime/scripts/faults/application","Test":"TestLifecycleAbortHistoryIsAppendOnly/event","Output":"=== RUN   TestLifecycleAbortHistoryIsAppendOnly/event\n"}
{"Time":"2026-09-11T21:37:15.150702402-07:00","Action":"output","Package":"github.com/JDinSeattle/forge-runtime/scripts/faults/application","Test":"TestLifecycleAbortHistoryIsAppendOnly/event","Output":"--- PASS: TestLifecycleAbortHistoryIsAppendOnly/event (0.00s)\n"}
{"Time":"2026-09-11T21:37:15.150708925-07:00","Action":"pass","Package":"github.com/JDinSeattle/forge-runtime/scripts/faults/application","Test":"TestLifecycleAbortHistoryIsAppendOnly/event","Elapsed":0}
{"Time":"2026-09-11T21:37:15.150720007-07:00","Action":"run","Package":"github.com/JDinSeattle/forge-runtime/scripts/faults/application","Test":"TestLifecycleAbortHistoryIsAppendOnly/snapshot"}
{"Time":"2026-09-11T21:37:15.150721102-07:00","Action":"output","Package":"github.com/JDinSeattle/forge-runtime/scripts/faults/application","Test":"TestLifecycleAbortHistoryIsAppendOnly/snapshot","Output":"=== RUN   TestLifecycleAbortHistoryIsAppendOnly/snapshot\n"}
{"Time":"2026-09-11T21:37:15.150977573-07:00","Action":"output","Package":"github.com/JDinSeattle/forge-runtime/scripts/faults/application","Test":"TestLifecycleAbortHistoryIsAppendOnly/snapshot","Output":"--- PASS: TestLifecycleAbortHistoryIsAppendOnly/snapshot (0.00s)\n"}
{"Time":"2026-09-11T21:37:15.150983711-07:00","Action":"pass","Package":"github.com/JDinSeattle/forge-runtime/scripts/faults/application","Test":"TestLifecycleAbortHistoryIsAppendOnly/snapshot","Elapsed":0}
{"Time":"2026-09-11T21:37:15.150992725-07:00","Action":"output","Package":"github.com/JDinSeattle/forge-runtime/scripts/faults/application","Test":"TestLifecycleAbortHistoryIsAppendOnly","Output":"--- PASS: TestLifecycleAbortHistoryIsAppendOnly (0.00s)\n"}
{"Time":"2026-09-11T21:37:15.15099896-07:00","Action":"pass","Package":"github.com/JDinSeattle/forge-runtime/scripts/faults/application","Test":"TestLifecycleAbortHistoryIsAppendOnly","Elapsed":0}
{"Time":"2026-09-11T21:37:15.151016816-07:00","Action":"run","Package":"github.com/JDinSeattle/forge-runtime/scripts/faults/application","Test":"TestLifecycleExplicitAttemptAndBinaryRouting"}
{"Time":"2026-09-11T21:37:15.151017898-07:00","Action":"output","Package":"github.com/JDinSeattle/forge-runtime/scripts/faults/application","Test":"TestLifecycleExplicitAttemptAndBinaryRouting","Output":"=== RUN   TestLifecycleExplicitAttemptAndBinaryRouting\n"}
{"Time":"2026-09-11T21:37:15.151239531-07:00","Action":"output","Package":"github.com/JDinSeattle/forge-runtime/scripts/faults/application","Test":"TestLifecycleExplicitAttemptAndBinaryRouting","Output":"--- PASS: TestLifecycleExplicitAttemptAndBinaryRouting (0.00s)\n"}
{"Time":"2026-09-11T21:37:15.151242963-07:00","Action":"pass","Package":"github.com/JDinSeattle/forge-runtime/scripts/faults/application","Test":"TestLifecycleExplicitAttemptAndBinaryRouting","Elapsed":0}
{"Time":"2026-09-11T21:37:15.151255781-07:00","Action":"run","Package":"github.com/JDinSeattle/forge-runtime/scripts/faults/application","Test":"TestLifecycleOriginalDatabaseRoute"}
{"Time":"2026-09-11T21:37:15.151256866-07:00","Action":"output","Package":"github.com/JDinSeattle/forge-runtime/scripts/faults/application","Test":"TestLifecycleOriginalDatabaseRoute","Output":"=== RUN   TestLifecycleOriginalDatabaseRoute\n"}
{"Time":"2026-09-11T21:37:15.151305307-07:00","Action":"output","Package":"github.com/JDinSeattle/forge-runtime/scripts/faults/application","Test":"TestLifecycleOriginalDatabaseRoute","Output":"--- PASS: TestLifecycleOriginalDatabaseRoute (0.00s)\n"}
{"Time":"2026-09-11T21:37:15.15131078-07:00","Action":"pass","Package":"github.com/JDinSeattle/forge-runtime/scripts/faults/application","Test":"TestLifecycleOriginalDatabaseRoute","Elapsed":0}
{"Time":"2026-09-11T21:37:15.151329529-07:00","Action":"run","Package":"github.com/JDinSeattle/forge-runtime/scripts/faults/application","Test":"TestWorkerRunnerSIGTERMPreflight"}
{"Time":"2026-09-11T21:37:15.151330766-07:00","Action":"output","Package":"github.com/JDinSeattle/forge-runtime/scripts/faults/application","Test":"TestWorkerRunnerSIGTERMPreflight","Output":"=== RUN   TestWorkerRunnerSIGTERMPreflight\n"}
{"Time":"2026-09-11T21:37:15.165425391-07:00","Action":"run","Package":"github.com/JDinSeattle/forge-runtime/scripts/faults/application","Test":"TestWorkerRunnerSIGTERMPreflight/literal_parent_escape"}
{"Time":"2026-09-11T21:37:15.16544714-07:00","Action":"output","Package":"github.com/JDinSeattle/forge-runtime/scripts/faults/application","Test":"TestWorkerRunnerSIGTERMPreflight/literal_parent_escape","Output":"=== RUN   TestWorkerRunnerSIGTERMPreflight/literal_parent_escape\n"}
{"Time":"2026-09-11T21:37:15.223362964-07:00","Action":"output","Package":"github.com/JDinSeattle/forge-runtime/scripts/faults/application","Test":"TestWorkerRunnerSIGTERMPreflight/literal_parent_escape","Output":"--- PASS: TestWorkerRunnerSIGTERMPreflight/literal_parent_escape (0.06s)\n"}
{"Time":"2026-09-11T21:37:15.223387682-07:00","Action":"pass","Package":"github.com/JDinSeattle/forge-runtime/scripts/faults/application","Test":"TestWorkerRunnerSIGTERMPreflight/literal_parent_escape","Elapsed":0.06}
{"Time":"2026-09-11T21:37:15.223402349-07:00","Action":"run","Package":"github.com/JDinSeattle/forge-runtime/scripts/faults/application","Test":"TestWorkerRunnerSIGTERMPreflight/literal_child_escape"}
{"Time":"2026-09-11T21:37:15.223403989-07:00","Action":"output","Package":"github.com/JDinSeattle/forge-runtime/scripts/faults/application","Test":"TestWorkerRunnerSIGTERMPreflight/literal_child_escape","Output":"=== RUN   TestWorkerRunnerSIGTERMPreflight/literal_child_escape\n"}
{"Time":"2026-09-11T21:37:15.289265866-07:00","Action":"output","Package":"github.com/JDinSeattle/forge-runtime/scripts/faults/application","Test":"TestWorkerRunnerSIGTERMPreflight/literal_child_escape","Output":"--- PASS: TestWorkerRunnerSIGTERMPreflight/literal_child_escape (0.07s)\n"}
{"Time":"2026-09-11T21:37:15.289290892-07:00","Action":"pass","Package":"github.com/JDinSeattle/forge-runtime/scripts/faults/application","Test":"TestWorkerRunnerSIGTERMPreflight/literal_child_escape","Elapsed":0.07}
{"Time":"2026-09-11T21:37:15.289416877-07:00","Action":"output","Package":"github.com/JDinSeattle/forge-runtime/scripts/faults/application","Test":"TestWorkerRunnerSIGTERMPreflight","Output":"--- PASS: TestWorkerRunnerSIGTERMPreflight (0.14s)\n"}
{"Time":"2026-09-11T21:37:15.289420925-07:00","Action":"pass","Package":"github.com/JDinSeattle/forge-runtime/scripts/faults/application","Test":"TestWorkerRunnerSIGTERMPreflight","Elapsed":0.14}
{"Time":"2026-09-11T21:37:15.289452287-07:00","Action":"run","Package":"github.com/JDinSeattle/forge-runtime/scripts/faults/application","Test":"TestWorkerRunnerSIGTERMRejectsSharedState"}
{"Time":"2026-09-11T21:37:15.289453694-07:00","Action":"output","Package":"github.com/JDinSeattle/forge-runtime/scripts/faults/application","Test":"TestWorkerRunnerSIGTERMRejectsSharedState","Output":"=== RUN   TestWorkerRunnerSIGTERMRejectsSharedState\n"}
{"Time":"2026-09-11T21:37:15.289623343-07:00","Action":"run","Package":"github.com/JDinSeattle/forge-runtime/scripts/faults/application","Test":"TestWorkerRunnerSIGTERMRejectsSharedState/demo_pool"}
{"Time":"2026-09-11T21:37:15.289624535-07:00","Action":"output","Package":"github.com/JDinSeattle/forge-runtime/scripts/faults/application","Test":"TestWorkerRunnerSIGTERMRejectsSharedState/demo_pool","Output":"=== RUN   TestWorkerRunnerSIGTERMRejectsSharedState/demo_pool\n"}
{"Time":"2026-09-11T21:37:15.290225346-07:00","Action":"output","Package":"github.com/JDinSeattle/forge-runtime/scripts/faults/application","Test":"TestWorkerRunnerSIGTERMRejectsSharedState/demo_pool","Output":"--- PASS: TestWorkerRunnerSIGTERMRejectsSharedState/demo_pool (0.00s)\n"}
{"Time":"2026-09-11T21:37:15.290244998-07:00","Action":"pass","Package":"github.com/JDinSeattle/forge-runtime/scripts/faults/application","Test":"TestWorkerRunnerSIGTERMRejectsSharedState/demo_pool","Elapsed":0}
{"Time":"2026-09-11T21:37:15.290258204-07:00","Action":"run","Package":"github.com/JDinSeattle/forge-runtime/scripts/faults/application","Test":"TestWorkerRunnerSIGTERMRejectsSharedState/recovery_pool"}
{"Time":"2026-09-11T21:37:15.290259857-07:00","Action":"output","Package":"github.com/JDinSeattle/forge-runtime/scripts/faults/application","Test":"TestWorkerRunnerSIGTERMRejectsSharedState/recovery_pool","Output":"=== RUN   TestWorkerRunnerSIGTERMRejectsSharedState/recovery_pool\n"}
{"Time":"2026-09-11T21:37:15.290528777-07:00","Action":"output","Package":"github.com/JDinSeattle/forge-runtime/scripts/faults/application","Test":"TestWorkerRunnerSIGTERMRejectsSharedState/recovery_pool","Output":"--- PASS: TestWorkerRunnerSIGTERMRejectsSharedState/recovery_pool (0.00s)\n"}
{"Time":"2026-09-11T21:37:15.290534785-07:00","Action":"pass","Package":"github.com/JDinSeattle/forge-runtime/scripts/faults/application","Test":"TestWorkerRunnerSIGTERMRejectsSharedState/recovery_pool","Elapsed":0}
{"Time":"2026-09-11T21:37:15.290547743-07:00","Action":"run","Package":"github.com/JDinSeattle/forge-runtime/scripts/faults/application","Test":"TestWorkerRunnerSIGTERMRejectsSharedState/foreign_journal"}
{"Time":"2026-09-11T21:37:15.290548911-07:00","Action":"output","Package":"github.com/JDinSeattle/forge-runtime/scripts/faults/application","Test":"TestWorkerRunnerSIGTERMRejectsSharedState/foreign_journal","Output":"=== RUN   TestWorkerRunnerSIGTERMRejectsSharedState/foreign_journal\n"}
{"Time":"2026-09-11T21:37:15.290852682-07:00","Action":"output","Package":"github.com/JDinSeattle/forge-runtime/scripts/faults/application","Test":"TestWorkerRunnerSIGTERMRejectsSharedState/foreign_journal","Output":"--- PASS: TestWorkerRunnerSIGTERMRejectsSharedState/foreign_journal (0.00s)\n"}
{"Time":"2026-09-11T21:37:15.290856805-07:00","Action":"pass","Package":"github.com/JDinSeattle/forge-runtime/scripts/faults/application","Test":"TestWorkerRunnerSIGTERMRejectsSharedState/foreign_journal","Elapsed":0}
{"Time":"2026-09-11T21:37:15.290871226-07:00","Action":"run","Package":"github.com/JDinSeattle/forge-runtime/scripts/faults/application","Test":"TestWorkerRunnerSIGTERMRejectsSharedState/fake_backend"}
{"Time":"2026-09-11T21:37:15.290872455-07:00","Action":"output","Package":"github.com/JDinSeattle/forge-runtime/scripts/faults/application","Test":"TestWorkerRunnerSIGTERMRejectsSharedState/fake_backend","Output":"=== RUN   TestWorkerRunnerSIGTERMRejectsSharedState/fake_backend\n"}
{"Time":"2026-09-11T21:37:15.291195732-07:00","Action":"output","Package":"github.com/JDinSeattle/forge-runtime/scripts/faults/application","Test":"TestWorkerRunnerSIGTERMRejectsSharedState/fake_backend","Output":"--- PASS: TestWorkerRunnerSIGTERMRejectsSharedState/fake_backend (0.00s)\n"}
{"Time":"2026-09-11T21:37:15.291201767-07:00","Action":"pass","Package":"github.com/JDinSeattle/forge-runtime/scripts/faults/application","Test":"TestWorkerRunnerSIGTERMRejectsSharedState/fake_backend","Elapsed":0}
{"Time":"2026-09-11T21:37:15.291213846-07:00","Action":"run","Package":"github.com/JDinSeattle/forge-runtime/scripts/faults/application","Test":"TestWorkerRunnerSIGTERMRejectsSharedState/zero_log_cap"}
{"Time":"2026-09-11T21:37:15.291215001-07:00","Action":"output","Package":"github.com/JDinSeattle/forge-runtime/scripts/faults/application","Test":"TestWorkerRunnerSIGTERMRejectsSharedState/zero_log_cap","Output":"=== RUN   TestWorkerRunnerSIGTERMRejectsSharedState/zero_log_cap\n"}
{"Time":"2026-09-11T21:37:15.291641702-07:00","Action":"output","Package":"github.com/JDinSeattle/forge-runtime/scripts/faults/application","Test":"TestWorkerRunnerSIGTERMRejectsSharedState/zero_log_cap","Output":"--- PASS: TestWorkerRunnerSIGTERMRejectsSharedState/zero_log_cap (0.00s)\n"}
{"Time":"2026-09-11T21:37:15.291644168-07:00","Action":"pass","Package":"github.com/JDinSeattle/forge-runtime/scripts/faults/application","Test":"TestWorkerRunnerSIGTERMRejectsSharedState/zero_log_cap","Elapsed":0}
{"Time":"2026-09-11T21:37:15.291645781-07:00","Action":"run","Package":"github.com/JDinSeattle/forge-runtime/scripts/faults/application","Test":"TestWorkerRunnerSIGTERMRejectsSharedState/unbounded_profile"}
{"Time":"2026-09-11T21:37:15.291646949-07:00","Action":"output","Package":"github.com/JDinSeattle/forge-runtime/scripts/faults/application","Test":"TestWorkerRunnerSIGTERMRejectsSharedState/unbounded_profile","Output":"=== RUN   TestWorkerRunnerSIGTERMRejectsSharedState/unbounded_profile\n"}
{"Time":"2026-09-11T21:37:15.292020175-07:00","Action":"output","Package":"github.com/JDinSeattle/forge-runtime/scripts/faults/application","Test":"TestWorkerRunnerSIGTERMRejectsSharedState/unbounded_profile","Output":"--- PASS: TestWorkerRunnerSIGTERMRejectsSharedState/unbounded_profile (0.00s)\n"}
{"Time":"2026-09-11T21:37:15.292027092-07:00","Action":"pass","Package":"github.com/JDinSeattle/forge-runtime/scripts/faults/application","Test":"TestWorkerRunnerSIGTERMRejectsSharedState/unbounded_profile","Elapsed":0}
{"Time":"2026-09-11T21:37:15.292039783-07:00","Action":"run","Package":"github.com/JDinSeattle/forge-runtime/scripts/faults/application","Test":"TestWorkerRunnerSIGTERMRejectsSharedState/wrong_grader"}
{"Time":"2026-09-11T21:37:15.292041029-07:00","Action":"output","Package":"github.com/JDinSeattle/forge-runtime/scripts/faults/application","Test":"TestWorkerRunnerSIGTERMRejectsSharedState/wrong_grader","Output":"=== RUN   TestWorkerRunnerSIGTERMRejectsSharedState/wrong_grader\n"}
{"Time":"2026-09-11T21:37:15.292364935-07:00","Action":"output","Package":"github.com/JDinSeattle/forge-runtime/scripts/faults/application","Test":"TestWorkerRunnerSIGTERMRejectsSharedState/wrong_grader","Output":"--- PASS: TestWorkerRunnerSIGTERMRejectsSharedState/wrong_grader (0.00s)\n"}
{"Time":"2026-09-11T21:37:15.292371039-07:00","Action":"pass","Package":"github.com/JDinSeattle/forge-runtime/scripts/faults/application","Test":"TestWorkerRunnerSIGTERMRejectsSharedState/wrong_grader","Elapsed":0}
{"Time":"2026-09-11T21:37:15.29238485-07:00","Action":"run","Package":"github.com/JDinSeattle/forge-runtime/scripts/faults/application","Test":"TestWorkerRunnerSIGTERMRejectsSharedState/tcp_runner"}
{"Time":"2026-09-11T21:37:15.292386011-07:00","Action":"output","Package":"github.com/JDinSeattle/forge-runtime/scripts/faults/application","Test":"TestWorkerRunnerSIGTERMRejectsSharedState/tcp_runner","Output":"=== RUN   TestWorkerRunnerSIGTERMRejectsSharedState/tcp_runner\n"}
{"Time":"2026-09-11T21:37:15.292700819-07:00","Action":"output","Package":"github.com/JDinSeattle/forge-runtime/scripts/faults/application","Test":"TestWorkerRunnerSIGTERMRejectsSharedState/tcp_runner","Output":"--- PASS: TestWorkerRunnerSIGTERMRejectsSharedState/tcp_runner (0.00s)\n"}
{"Time":"2026-09-11T21:37:15.292706826-07:00","Action":"pass","Package":"github.com/JDinSeattle/forge-runtime/scripts/faults/application","Test":"TestWorkerRunnerSIGTERMRejectsSharedState/tcp_runner","Elapsed":0}
{"Time":"2026-09-11T21:37:15.292719421-07:00","Action":"run","Package":"github.com/JDinSeattle/forge-runtime/scripts/faults/application","Test":"TestWorkerRunnerSIGTERMRejectsSharedState/wrong_binary_digest"}
{"Time":"2026-09-11T21:37:15.292720852-07:00","Action":"output","Package":"github.com/JDinSeattle/forge-runtime/scripts/faults/application","Test":"TestWorkerRunnerSIGTERMRejectsSharedState/wrong_binary_digest","Output":"=== RUN   TestWorkerRunnerSIGTERMRejectsSharedState/wrong_binary_digest\n"}
{"Time":"2026-09-11T21:37:15.293059512-07:00","Action":"output","Package":"github.com/JDinSeattle/forge-runtime/scripts/faults/application","Test":"TestWorkerRunnerSIGTERMRejectsSharedState/wrong_binary_digest","Output":"--- PASS: TestWorkerRunnerSIGTERMRejectsSharedState/wrong_binary_digest (0.00s)\n"}
{"Time":"2026-09-11T21:37:15.293069485-07:00","Action":"pass","Package":"github.com/JDinSeattle/forge-runtime/scripts/faults/application","Test":"TestWorkerRunnerSIGTERMRejectsSharedState/wrong_binary_digest","Elapsed":0}
{"Time":"2026-09-11T21:37:15.293075301-07:00","Action":"output","Package":"github.com/JDinSeattle/forge-runtime/scripts/faults/application","Test":"TestWorkerRunnerSIGTERMRejectsSharedState","Output":"--- PASS: TestWorkerRunnerSIGTERMRejectsSharedState (0.00s)\n"}
{"Time":"2026-09-11T21:37:15.293082465-07:00","Action":"pass","Package":"github.com/JDinSeattle/forge-runtime/scripts/faults/application","Test":"TestWorkerRunnerSIGTERMRejectsSharedState","Elapsed":0}
{"Time":"2026-09-11T21:37:15.293276921-07:00","Action":"output","Package":"github.com/JDinSeattle/forge-runtime/scripts/faults/application","Output":"PASS\n"}
{"Time":"2026-09-11T21:37:16.297477115-07:00","Action":"output","Package":"github.com/JDinSeattle/forge-runtime/scripts/faults/application","Output":"ok  \tgithub.com/JDinSeattle/forge-runtime/scripts/faults/application\t1.197s\n"}
{"Time":"2026-09-11T21:37:16.297517973-07:00","Action":"pass","Package":"github.com/JDinSeattle/forge-runtime/scripts/faults/application","Elapsed":1.197}
