=== RUN   TestTextBatchPostgresTimerAndSize
=== RUN   TestTextBatchPostgresTimerAndSize/timer
=== RUN   TestTextBatchPostgresTimerAndSize/size_and_encoding
--- PASS: TestTextBatchPostgresTimerAndSize (0.67s)
    --- PASS: TestTextBatchPostgresTimerAndSize/timer (0.32s)
    --- PASS: TestTextBatchPostgresTimerAndSize/size_and_encoding (0.34s)
=== RUN   TestTextBatchPostgresControlBypassesPausedText
--- PASS: TestTextBatchPostgresControlBypassesPausedText (0.26s)
=== RUN   TestTextBatchDriverPreservesCompleteModelArtifact
--- PASS: TestTextBatchDriverPreservesCompleteModelArtifact (1.35s)
=== RUN   TestTextBatchConfigDefaultsAndBounds
--- PASS: TestTextBatchConfigDefaultsAndBounds (0.00s)
=== RUN   TestTextBatchExactUnicodeAndEscaping
=== RUN   TestTextBatchExactUnicodeAndEscaping/html_expansion
=== RUN   TestTextBatchExactUnicodeAndEscaping/all_escaping
=== RUN   TestTextBatchExactUnicodeAndEscaping/original_chinese_boundary
=== RUN   TestTextBatchExactUnicodeAndEscaping/emoji_boundary
--- PASS: TestTextBatchExactUnicodeAndEscaping (0.66s)
    --- PASS: TestTextBatchExactUnicodeAndEscaping/html_expansion (0.14s)
    --- PASS: TestTextBatchExactUnicodeAndEscaping/all_escaping (0.35s)
    --- PASS: TestTextBatchExactUnicodeAndEscaping/original_chinese_boundary (0.09s)
    --- PASS: TestTextBatchExactUnicodeAndEscaping/emoji_boundary (0.08s)
=== RUN   TestTextBatchCloseAndConsumerFailureNeverReplay
=== RUN   TestTextBatchCloseAndConsumerFailureNeverReplay/size
=== RUN   TestTextBatchCloseAndConsumerFailureNeverReplay/close
=== RUN   TestTextBatchCloseAndConsumerFailureNeverReplay/timer
--- PASS: TestTextBatchCloseAndConsumerFailureNeverReplay (0.01s)
    --- PASS: TestTextBatchCloseAndConsumerFailureNeverReplay/size (0.00s)
    --- PASS: TestTextBatchCloseAndConsumerFailureNeverReplay/close (0.00s)
    --- PASS: TestTextBatchCloseAndConsumerFailureNeverReplay/timer (0.01s)
=== RUN   TestTextBatchRejectsInvalidUTF8WithoutReplacement
--- PASS: TestTextBatchRejectsInvalidUTF8WithoutReplacement (0.00s)
PASS
