{"Time":"2026-09-12T12:15:54.449085468-07:00","Action":"start","Package":"github.com/JDinSeattle/forge-runtime/scripts/faults/application"}
{"Time":"2026-09-12T12:15:54.457234601-07:00","Action":"run","Package":"github.com/JDinSeattle/forge-runtime/scripts/faults/application","Test":"TestStrictLogsL4RecoverySavedInputs"}
{"Time":"2026-09-12T12:15:54.457252451-07:00","Action":"output","Package":"github.com/JDinSeattle/forge-runtime/scripts/faults/application","Test":"TestStrictLogsL4RecoverySavedInputs","Output":"=== RUN   TestStrictLogsL4RecoverySavedInputs\n"}
{"Time":"2026-09-12T12:15:55.101147984-07:00","Action":"output","Package":"github.com/JDinSeattle/forge-runtime/scripts/faults/application","Test":"TestStrictLogsL4RecoverySavedInputs","Output":"    strict_logs_l4_recovery_offline_test.go:86: 610 immutable saved nonsecret inputs verified; no live state accessed\n"}
{"Time":"2026-09-12T12:15:55.101167977-07:00","Action":"output","Package":"github.com/JDinSeattle/forge-runtime/scripts/faults/application","Test":"TestStrictLogsL4RecoverySavedInputs","Output":"--- PASS: TestStrictLogsL4RecoverySavedInputs (0.64s)\n"}
{"Time":"2026-09-12T12:15:55.101170092-07:00","Action":"pass","Package":"github.com/JDinSeattle/forge-runtime/scripts/faults/application","Test":"TestStrictLogsL4RecoverySavedInputs","Elapsed":0.64}
{"Time":"2026-09-12T12:15:55.101178346-07:00","Action":"run","Package":"github.com/JDinSeattle/forge-runtime/scripts/faults/application","Test":"TestStrictLogsL4RecoveryOfflinePressureArchive"}
{"Time":"2026-09-12T12:15:55.101179415-07:00","Action":"output","Package":"github.com/JDinSeattle/forge-runtime/scripts/faults/application","Test":"TestStrictLogsL4RecoveryOfflinePressureArchive","Output":"=== RUN   TestStrictLogsL4RecoveryOfflinePressureArchive\n"}
{"Time":"2026-09-12T12:15:55.129536169-07:00","Action":"output","Package":"github.com/JDinSeattle/forge-runtime/scripts/faults/application","Test":"TestStrictLogsL4RecoveryOfflinePressureArchive","Output":"--- PASS: TestStrictLogsL4RecoveryOfflinePressureArchive (0.03s)\n"}
{"Time":"2026-09-12T12:15:55.129555807-07:00","Action":"pass","Package":"github.com/JDinSeattle/forge-runtime/scripts/faults/application","Test":"TestStrictLogsL4RecoveryOfflinePressureArchive","Elapsed":0.03}
{"Time":"2026-09-12T12:15:55.129566612-07:00","Action":"run","Package":"github.com/JDinSeattle/forge-runtime/scripts/faults/application","Test":"TestStrictLogsL4RecoveryOfflinePressureRefusals"}
{"Time":"2026-09-12T12:15:55.129569043-07:00","Action":"output","Package":"github.com/JDinSeattle/forge-runtime/scripts/faults/application","Test":"TestStrictLogsL4RecoveryOfflinePressureRefusals","Output":"=== RUN   TestStrictLogsL4RecoveryOfflinePressureRefusals\n"}
{"Time":"2026-09-12T12:15:55.129571578-07:00","Action":"run","Package":"github.com/JDinSeattle/forge-runtime/scripts/faults/application","Test":"TestStrictLogsL4RecoveryOfflinePressureRefusals/inode"}
{"Time":"2026-09-12T12:15:55.129573532-07:00","Action":"output","Package":"github.com/JDinSeattle/forge-runtime/scripts/faults/application","Test":"TestStrictLogsL4RecoveryOfflinePressureRefusals/inode","Output":"=== RUN   TestStrictLogsL4RecoveryOfflinePressureRefusals/inode\n"}
{"Time":"2026-09-12T12:15:55.12987003-07:00","Action":"output","Package":"github.com/JDinSeattle/forge-runtime/scripts/faults/application","Test":"TestStrictLogsL4RecoveryOfflinePressureRefusals/inode","Output":"--- PASS: TestStrictLogsL4RecoveryOfflinePressureRefusals/inode (0.00s)\n"}
{"Time":"2026-09-12T12:15:55.129873651-07:00","Action":"pass","Package":"github.com/JDinSeattle/forge-runtime/scripts/faults/application","Test":"TestStrictLogsL4RecoveryOfflinePressureRefusals/inode","Elapsed":0}
{"Time":"2026-09-12T12:15:55.129877-07:00","Action":"run","Package":"github.com/JDinSeattle/forge-runtime/scripts/faults/application","Test":"TestStrictLogsL4RecoveryOfflinePressureRefusals/device"}
{"Time":"2026-09-12T12:15:55.129878978-07:00","Action":"output","Package":"github.com/JDinSeattle/forge-runtime/scripts/faults/application","Test":"TestStrictLogsL4RecoveryOfflinePressureRefusals/device","Output":"=== RUN   TestStrictLogsL4RecoveryOfflinePressureRefusals/device\n"}
{"Time":"2026-09-12T12:15:55.130104482-07:00","Action":"output","Package":"github.com/JDinSeattle/forge-runtime/scripts/faults/application","Test":"TestStrictLogsL4RecoveryOfflinePressureRefusals/device","Output":"--- PASS: TestStrictLogsL4RecoveryOfflinePressureRefusals/device (0.00s)\n"}
{"Time":"2026-09-12T12:15:55.130107689-07:00","Action":"pass","Package":"github.com/JDinSeattle/forge-runtime/scripts/faults/application","Test":"TestStrictLogsL4RecoveryOfflinePressureRefusals/device","Elapsed":0}
{"Time":"2026-09-12T12:15:55.130110804-07:00","Action":"run","Package":"github.com/JDinSeattle/forge-runtime/scripts/faults/application","Test":"TestStrictLogsL4RecoveryOfflinePressureRefusals/uid"}
{"Time":"2026-09-12T12:15:55.130113227-07:00","Action":"output","Package":"github.com/JDinSeattle/forge-runtime/scripts/faults/application","Test":"TestStrictLogsL4RecoveryOfflinePressureRefusals/uid","Output":"=== RUN   TestStrictLogsL4RecoveryOfflinePressureRefusals/uid\n"}
{"Time":"2026-09-12T12:15:55.130340264-07:00","Action":"output","Package":"github.com/JDinSeattle/forge-runtime/scripts/faults/application","Test":"TestStrictLogsL4RecoveryOfflinePressureRefusals/uid","Output":"--- PASS: TestStrictLogsL4RecoveryOfflinePressureRefusals/uid (0.00s)\n"}
{"Time":"2026-09-12T12:15:55.130343138-07:00","Action":"pass","Package":"github.com/JDinSeattle/forge-runtime/scripts/faults/application","Test":"TestStrictLogsL4RecoveryOfflinePressureRefusals/uid","Elapsed":0}
{"Time":"2026-09-12T12:15:55.130356922-07:00","Action":"run","Package":"github.com/JDinSeattle/forge-runtime/scripts/faults/application","Test":"TestStrictLogsL4RecoveryOfflinePressureRefusals/size"}
{"Time":"2026-09-12T12:15:55.130358939-07:00","Action":"output","Package":"github.com/JDinSeattle/forge-runtime/scripts/faults/application","Test":"TestStrictLogsL4RecoveryOfflinePressureRefusals/size","Output":"=== RUN   TestStrictLogsL4RecoveryOfflinePressureRefusals/size\n"}
{"Time":"2026-09-12T12:15:55.130606944-07:00","Action":"output","Package":"github.com/JDinSeattle/forge-runtime/scripts/faults/application","Test":"TestStrictLogsL4RecoveryOfflinePressureRefusals/size","Output":"--- PASS: TestStrictLogsL4RecoveryOfflinePressureRefusals/size (0.00s)\n"}
{"Time":"2026-09-12T12:15:55.130609535-07:00","Action":"pass","Package":"github.com/JDinSeattle/forge-runtime/scripts/faults/application","Test":"TestStrictLogsL4RecoveryOfflinePressureRefusals/size","Elapsed":0}
{"Time":"2026-09-12T12:15:55.130612716-07:00","Action":"run","Package":"github.com/JDinSeattle/forge-runtime/scripts/faults/application","Test":"TestStrictLogsL4RecoveryOfflinePressureRefusals/content"}
{"Time":"2026-09-12T12:15:55.130614674-07:00","Action":"output","Package":"github.com/JDinSeattle/forge-runtime/scripts/faults/application","Test":"TestStrictLogsL4RecoveryOfflinePressureRefusals/content","Output":"=== RUN   TestStrictLogsL4RecoveryOfflinePressureRefusals/content\n"}
{"Time":"2026-09-12T12:15:55.130943861-07:00","Action":"output","Package":"github.com/JDinSeattle/forge-runtime/scripts/faults/application","Test":"TestStrictLogsL4RecoveryOfflinePressureRefusals/content","Output":"--- PASS: TestStrictLogsL4RecoveryOfflinePressureRefusals/content (0.00s)\n"}
{"Time":"2026-09-12T12:15:55.130947451-07:00","Action":"pass","Package":"github.com/JDinSeattle/forge-runtime/scripts/faults/application","Test":"TestStrictLogsL4RecoveryOfflinePressureRefusals/content","Elapsed":0}
{"Time":"2026-09-12T12:15:55.130950742-07:00","Action":"run","Package":"github.com/JDinSeattle/forge-runtime/scripts/faults/application","Test":"TestStrictLogsL4RecoveryOfflinePressureRefusals/hardlink"}
{"Time":"2026-09-12T12:15:55.130952856-07:00","Action":"output","Package":"github.com/JDinSeattle/forge-runtime/scripts/faults/application","Test":"TestStrictLogsL4RecoveryOfflinePressureRefusals/hardlink","Output":"=== RUN   TestStrictLogsL4RecoveryOfflinePressureRefusals/hardlink\n"}
{"Time":"2026-09-12T12:15:55.131204898-07:00","Action":"output","Package":"github.com/JDinSeattle/forge-runtime/scripts/faults/application","Test":"TestStrictLogsL4RecoveryOfflinePressureRefusals/hardlink","Output":"--- PASS: TestStrictLogsL4RecoveryOfflinePressureRefusals/hardlink (0.00s)\n"}
{"Time":"2026-09-12T12:15:55.131209529-07:00","Action":"pass","Package":"github.com/JDinSeattle/forge-runtime/scripts/faults/application","Test":"TestStrictLogsL4RecoveryOfflinePressureRefusals/hardlink","Elapsed":0}
{"Time":"2026-09-12T12:15:55.13121273-07:00","Action":"run","Package":"github.com/JDinSeattle/forge-runtime/scripts/faults/application","Test":"TestStrictLogsL4RecoveryOfflinePressureRefusals/file_symlink"}
{"Time":"2026-09-12T12:15:55.131214927-07:00","Action":"output","Package":"github.com/JDinSeattle/forge-runtime/scripts/faults/application","Test":"TestStrictLogsL4RecoveryOfflinePressureRefusals/file_symlink","Output":"=== RUN   TestStrictLogsL4RecoveryOfflinePressureRefusals/file_symlink\n"}
{"Time":"2026-09-12T12:15:55.131528935-07:00","Action":"output","Package":"github.com/JDinSeattle/forge-runtime/scripts/faults/application","Test":"TestStrictLogsL4RecoveryOfflinePressureRefusals/file_symlink","Output":"--- PASS: TestStrictLogsL4RecoveryOfflinePressureRefusals/file_symlink (0.00s)\n"}
{"Time":"2026-09-12T12:15:55.131531774-07:00","Action":"pass","Package":"github.com/JDinSeattle/forge-runtime/scripts/faults/application","Test":"TestStrictLogsL4RecoveryOfflinePressureRefusals/file_symlink","Elapsed":0}
{"Time":"2026-09-12T12:15:55.131535217-07:00","Action":"run","Package":"github.com/JDinSeattle/forge-runtime/scripts/faults/application","Test":"TestStrictLogsL4RecoveryOfflinePressureRefusals/ancestor_symlink"}
{"Time":"2026-09-12T12:15:55.131540295-07:00","Action":"output","Package":"github.com/JDinSeattle/forge-runtime/scripts/faults/application","Test":"TestStrictLogsL4RecoveryOfflinePressureRefusals/ancestor_symlink","Output":"=== RUN   TestStrictLogsL4RecoveryOfflinePressureRefusals/ancestor_symlink\n"}
{"Time":"2026-09-12T12:15:55.131933793-07:00","Action":"output","Package":"github.com/JDinSeattle/forge-runtime/scripts/faults/application","Test":"TestStrictLogsL4RecoveryOfflinePressureRefusals/ancestor_symlink","Output":"--- PASS: TestStrictLogsL4RecoveryOfflinePressureRefusals/ancestor_symlink (0.00s)\n"}
{"Time":"2026-09-12T12:15:55.131937754-07:00","Action":"pass","Package":"github.com/JDinSeattle/forge-runtime/scripts/faults/application","Test":"TestStrictLogsL4RecoveryOfflinePressureRefusals/ancestor_symlink","Elapsed":0}
{"Time":"2026-09-12T12:15:55.131944405-07:00","Action":"run","Package":"github.com/JDinSeattle/forge-runtime/scripts/faults/application","Test":"TestStrictLogsL4RecoveryOfflinePressureRefusals/corrupt_archive"}
{"Time":"2026-09-12T12:15:55.131946675-07:00","Action":"output","Package":"github.com/JDinSeattle/forge-runtime/scripts/faults/application","Test":"TestStrictLogsL4RecoveryOfflinePressureRefusals/corrupt_archive","Output":"=== RUN   TestStrictLogsL4RecoveryOfflinePressureRefusals/corrupt_archive\n"}
{"Time":"2026-09-12T12:15:55.151551392-07:00","Action":"output","Package":"github.com/JDinSeattle/forge-runtime/scripts/faults/application","Test":"TestStrictLogsL4RecoveryOfflinePressureRefusals/corrupt_archive","Output":"--- PASS: TestStrictLogsL4RecoveryOfflinePressureRefusals/corrupt_archive (0.02s)\n"}
{"Time":"2026-09-12T12:15:55.151578988-07:00","Action":"pass","Package":"github.com/JDinSeattle/forge-runtime/scripts/faults/application","Test":"TestStrictLogsL4RecoveryOfflinePressureRefusals/corrupt_archive","Elapsed":0.02}
{"Time":"2026-09-12T12:15:55.151589135-07:00","Action":"run","Package":"github.com/JDinSeattle/forge-runtime/scripts/faults/application","Test":"TestStrictLogsL4RecoveryOfflinePressureRefusals/changed_after_archive"}
{"Time":"2026-09-12T12:15:55.151593233-07:00","Action":"output","Package":"github.com/JDinSeattle/forge-runtime/scripts/faults/application","Test":"TestStrictLogsL4RecoveryOfflinePressureRefusals/changed_after_archive","Output":"=== RUN   TestStrictLogsL4RecoveryOfflinePressureRefusals/changed_after_archive\n"}
{"Time":"2026-09-12T12:15:55.172029758-07:00","Action":"output","Package":"github.com/JDinSeattle/forge-runtime/scripts/faults/application","Test":"TestStrictLogsL4RecoveryOfflinePressureRefusals/changed_after_archive","Output":"--- PASS: TestStrictLogsL4RecoveryOfflinePressureRefusals/changed_after_archive (0.02s)\n"}
{"Time":"2026-09-12T12:15:55.172048067-07:00","Action":"pass","Package":"github.com/JDinSeattle/forge-runtime/scripts/faults/application","Test":"TestStrictLogsL4RecoveryOfflinePressureRefusals/changed_after_archive","Elapsed":0.02}
{"Time":"2026-09-12T12:15:55.172054875-07:00","Action":"run","Package":"github.com/JDinSeattle/forge-runtime/scripts/faults/application","Test":"TestStrictLogsL4RecoveryOfflinePressureRefusals/replaced_after_archive"}
{"Time":"2026-09-12T12:15:55.172057739-07:00","Action":"output","Package":"github.com/JDinSeattle/forge-runtime/scripts/faults/application","Test":"TestStrictLogsL4RecoveryOfflinePressureRefusals/replaced_after_archive","Output":"=== RUN   TestStrictLogsL4RecoveryOfflinePressureRefusals/replaced_after_archive\n"}
{"Time":"2026-09-12T12:15:55.193635728-07:00","Action":"output","Package":"github.com/JDinSeattle/forge-runtime/scripts/faults/application","Test":"TestStrictLogsL4RecoveryOfflinePressureRefusals/replaced_after_archive","Output":"--- PASS: TestStrictLogsL4RecoveryOfflinePressureRefusals/replaced_after_archive (0.02s)\n"}
{"Time":"2026-09-12T12:15:55.193667839-07:00","Action":"pass","Package":"github.com/JDinSeattle/forge-runtime/scripts/faults/application","Test":"TestStrictLogsL4RecoveryOfflinePressureRefusals/replaced_after_archive","Elapsed":0.02}
{"Time":"2026-09-12T12:15:55.193681117-07:00","Action":"run","Package":"github.com/JDinSeattle/forge-runtime/scripts/faults/application","Test":"TestStrictLogsL4RecoveryOfflinePressureRefusals/partial_archive"}
{"Time":"2026-09-12T12:15:55.193687081-07:00","Action":"output","Package":"github.com/JDinSeattle/forge-runtime/scripts/faults/application","Test":"TestStrictLogsL4RecoveryOfflinePressureRefusals/partial_archive","Output":"=== RUN   TestStrictLogsL4RecoveryOfflinePressureRefusals/partial_archive\n"}
{"Time":"2026-09-12T12:15:55.194409229-07:00","Action":"output","Package":"github.com/JDinSeattle/forge-runtime/scripts/faults/application","Test":"TestStrictLogsL4RecoveryOfflinePressureRefusals/partial_archive","Output":"--- PASS: TestStrictLogsL4RecoveryOfflinePressureRefusals/partial_archive (0.00s)\n"}
{"Time":"2026-09-12T12:15:55.194416301-07:00","Action":"pass","Package":"github.com/JDinSeattle/forge-runtime/scripts/faults/application","Test":"TestStrictLogsL4RecoveryOfflinePressureRefusals/partial_archive","Elapsed":0}
{"Time":"2026-09-12T12:15:55.194424185-07:00","Action":"run","Package":"github.com/JDinSeattle/forge-runtime/scripts/faults/application","Test":"TestStrictLogsL4RecoveryOfflinePressureRefusals/wrong_name"}
{"Time":"2026-09-12T12:15:55.194429451-07:00","Action":"output","Package":"github.com/JDinSeattle/forge-runtime/scripts/faults/application","Test":"TestStrictLogsL4RecoveryOfflinePressureRefusals/wrong_name","Output":"=== RUN   TestStrictLogsL4RecoveryOfflinePressureRefusals/wrong_name\n"}
{"Time":"2026-09-12T12:15:55.194897292-07:00","Action":"output","Package":"github.com/JDinSeattle/forge-runtime/scripts/faults/application","Test":"TestStrictLogsL4RecoveryOfflinePressureRefusals/wrong_name","Output":"--- PASS: TestStrictLogsL4RecoveryOfflinePressureRefusals/wrong_name (0.00s)\n"}
{"Time":"2026-09-12T12:15:55.194906603-07:00","Action":"pass","Package":"github.com/JDinSeattle/forge-runtime/scripts/faults/application","Test":"TestStrictLogsL4RecoveryOfflinePressureRefusals/wrong_name","Elapsed":0}
{"Time":"2026-09-12T12:15:55.194914705-07:00","Action":"output","Package":"github.com/JDinSeattle/forge-runtime/scripts/faults/application","Test":"TestStrictLogsL4RecoveryOfflinePressureRefusals","Output":"--- PASS: TestStrictLogsL4RecoveryOfflinePressureRefusals (0.07s)\n"}
{"Time":"2026-09-12T12:15:55.19492371-07:00","Action":"pass","Package":"github.com/JDinSeattle/forge-runtime/scripts/faults/application","Test":"TestStrictLogsL4RecoveryOfflinePressureRefusals","Elapsed":0.07}
{"Time":"2026-09-12T12:15:55.194942843-07:00","Action":"run","Package":"github.com/JDinSeattle/forge-runtime/scripts/faults/application","Test":"TestStrictLogsL4RecoveryOfflineRPCFence"}
{"Time":"2026-09-12T12:15:55.194949074-07:00","Action":"output","Package":"github.com/JDinSeattle/forge-runtime/scripts/faults/application","Test":"TestStrictLogsL4RecoveryOfflineRPCFence","Output":"=== RUN   TestStrictLogsL4RecoveryOfflineRPCFence\n"}
{"Time":"2026-09-12T12:15:55.194957995-07:00","Action":"output","Package":"github.com/JDinSeattle/forge-runtime/scripts/faults/application","Test":"TestStrictLogsL4RecoveryOfflineRPCFence","Output":"--- PASS: TestStrictLogsL4RecoveryOfflineRPCFence (0.00s)\n"}
{"Time":"2026-09-12T12:15:55.194966322-07:00","Action":"pass","Package":"github.com/JDinSeattle/forge-runtime/scripts/faults/application","Test":"TestStrictLogsL4RecoveryOfflineRPCFence","Elapsed":0}
{"Time":"2026-09-12T12:15:55.194973951-07:00","Action":"run","Package":"github.com/JDinSeattle/forge-runtime/scripts/faults/application","Test":"TestStrictLogsL4RecoveryOfflineJournalContract"}
{"Time":"2026-09-12T12:15:55.194978745-07:00","Action":"output","Package":"github.com/JDinSeattle/forge-runtime/scripts/faults/application","Test":"TestStrictLogsL4RecoveryOfflineJournalContract","Output":"=== RUN   TestStrictLogsL4RecoveryOfflineJournalContract\n"}
{"Time":"2026-09-12T12:15:55.195875404-07:00","Action":"run","Package":"github.com/JDinSeattle/forge-runtime/scripts/faults/application","Test":"TestStrictLogsL4RecoveryOfflineJournalContract/rebound_intent"}
{"Time":"2026-09-12T12:15:55.195889455-07:00","Action":"output","Package":"github.com/JDinSeattle/forge-runtime/scripts/faults/application","Test":"TestStrictLogsL4RecoveryOfflineJournalContract/rebound_intent","Output":"=== RUN   TestStrictLogsL4RecoveryOfflineJournalContract/rebound_intent\n"}
{"Time":"2026-09-12T12:15:55.195998373-07:00","Action":"output","Package":"github.com/JDinSeattle/forge-runtime/scripts/faults/application","Test":"TestStrictLogsL4RecoveryOfflineJournalContract/rebound_intent","Output":"--- PASS: TestStrictLogsL4RecoveryOfflineJournalContract/rebound_intent (0.00s)\n"}
{"Time":"2026-09-12T12:15:55.196006463-07:00","Action":"pass","Package":"github.com/JDinSeattle/forge-runtime/scripts/faults/application","Test":"TestStrictLogsL4RecoveryOfflineJournalContract/rebound_intent","Elapsed":0}
{"Time":"2026-09-12T12:15:55.196029603-07:00","Action":"run","Package":"github.com/JDinSeattle/forge-runtime/scripts/faults/application","Test":"TestStrictLogsL4RecoveryOfflineJournalContract/new_job"}
{"Time":"2026-09-12T12:15:55.196037441-07:00","Action":"output","Package":"github.com/JDinSeattle/forge-runtime/scripts/faults/application","Test":"TestStrictLogsL4RecoveryOfflineJournalContract/new_job","Output":"=== RUN   TestStrictLogsL4RecoveryOfflineJournalContract/new_job\n"}
{"Time":"2026-09-12T12:15:55.196145108-07:00","Action":"output","Package":"github.com/JDinSeattle/forge-runtime/scripts/faults/application","Test":"TestStrictLogsL4RecoveryOfflineJournalContract/new_job","Output":"--- PASS: TestStrictLogsL4RecoveryOfflineJournalContract/new_job (0.00s)\n"}
{"Time":"2026-09-12T12:15:55.196152588-07:00","Action":"pass","Package":"github.com/JDinSeattle/forge-runtime/scripts/faults/application","Test":"TestStrictLogsL4RecoveryOfflineJournalContract/new_job","Elapsed":0}
{"Time":"2026-09-12T12:15:55.196159686-07:00","Action":"run","Package":"github.com/JDinSeattle/forge-runtime/scripts/faults/application","Test":"TestStrictLogsL4RecoveryOfflineJournalContract/foreign_change"}
{"Time":"2026-09-12T12:15:55.196164686-07:00","Action":"output","Package":"github.com/JDinSeattle/forge-runtime/scripts/faults/application","Test":"TestStrictLogsL4RecoveryOfflineJournalContract/foreign_change","Output":"=== RUN   TestStrictLogsL4RecoveryOfflineJournalContract/foreign_change\n"}
{"Time":"2026-09-12T12:15:55.196310333-07:00","Action":"output","Package":"github.com/JDinSeattle/forge-runtime/scripts/faults/application","Test":"TestStrictLogsL4RecoveryOfflineJournalContract/foreign_change","Output":"--- PASS: TestStrictLogsL4RecoveryOfflineJournalContract/foreign_change (0.00s)\n"}
{"Time":"2026-09-12T12:15:55.196320735-07:00","Action":"pass","Package":"github.com/JDinSeattle/forge-runtime/scripts/faults/application","Test":"TestStrictLogsL4RecoveryOfflineJournalContract/foreign_change","Elapsed":0}
{"Time":"2026-09-12T12:15:55.196328371-07:00","Action":"run","Package":"github.com/JDinSeattle/forge-runtime/scripts/faults/application","Test":"TestStrictLogsL4RecoveryOfflineJournalContract/refund"}
{"Time":"2026-09-12T12:15:55.196335076-07:00","Action":"output","Package":"github.com/JDinSeattle/forge-runtime/scripts/faults/application","Test":"TestStrictLogsL4RecoveryOfflineJournalContract/refund","Output":"=== RUN   TestStrictLogsL4RecoveryOfflineJournalContract/refund\n"}
{"Time":"2026-09-12T12:15:55.196520361-07:00","Action":"output","Package":"github.com/JDinSeattle/forge-runtime/scripts/faults/application","Test":"TestStrictLogsL4RecoveryOfflineJournalContract/refund","Output":"--- PASS: TestStrictLogsL4RecoveryOfflineJournalContract/refund (0.00s)\n"}
{"Time":"2026-09-12T12:15:55.196529715-07:00","Action":"pass","Package":"github.com/JDinSeattle/forge-runtime/scripts/faults/application","Test":"TestStrictLogsL4RecoveryOfflineJournalContract/refund","Elapsed":0}
{"Time":"2026-09-12T12:15:55.196541603-07:00","Action":"run","Package":"github.com/JDinSeattle/forge-runtime/scripts/faults/application","Test":"TestStrictLogsL4RecoveryOfflineJournalContract/uuid"}
{"Time":"2026-09-12T12:15:55.196546608-07:00","Action":"output","Package":"github.com/JDinSeattle/forge-runtime/scripts/faults/application","Test":"TestStrictLogsL4RecoveryOfflineJournalContract/uuid","Output":"=== RUN   TestStrictLogsL4RecoveryOfflineJournalContract/uuid\n"}
{"Time":"2026-09-12T12:15:55.196620648-07:00","Action":"output","Package":"github.com/JDinSeattle/forge-runtime/scripts/faults/application","Test":"TestStrictLogsL4RecoveryOfflineJournalContract/uuid","Output":"--- PASS: TestStrictLogsL4RecoveryOfflineJournalContract/uuid (0.00s)\n"}
{"Time":"2026-09-12T12:15:55.196627732-07:00","Action":"pass","Package":"github.com/JDinSeattle/forge-runtime/scripts/faults/application","Test":"TestStrictLogsL4RecoveryOfflineJournalContract/uuid","Elapsed":0}
{"Time":"2026-09-12T12:15:55.196634977-07:00","Action":"run","Package":"github.com/JDinSeattle/forge-runtime/scripts/faults/application","Test":"TestStrictLogsL4RecoveryOfflineJournalContract/new_operation"}
{"Time":"2026-09-12T12:15:55.196639904-07:00","Action":"output","Package":"github.com/JDinSeattle/forge-runtime/scripts/faults/application","Test":"TestStrictLogsL4RecoveryOfflineJournalContract/new_operation","Output":"=== RUN   TestStrictLogsL4RecoveryOfflineJournalContract/new_operation\n"}
{"Time":"2026-09-12T12:15:55.196718672-07:00","Action":"output","Package":"github.com/JDinSeattle/forge-runtime/scripts/faults/application","Test":"TestStrictLogsL4RecoveryOfflineJournalContract/new_operation","Output":"--- PASS: TestStrictLogsL4RecoveryOfflineJournalContract/new_operation (0.00s)\n"}
{"Time":"2026-09-12T12:15:55.196725438-07:00","Action":"pass","Package":"github.com/JDinSeattle/forge-runtime/scripts/faults/application","Test":"TestStrictLogsL4RecoveryOfflineJournalContract/new_operation","Elapsed":0}
{"Time":"2026-09-12T12:15:55.196732671-07:00","Action":"run","Package":"github.com/JDinSeattle/forge-runtime/scripts/faults/application","Test":"TestStrictLogsL4RecoveryOfflineJournalContract/replaced_id"}
{"Time":"2026-09-12T12:15:55.196737474-07:00","Action":"output","Package":"github.com/JDinSeattle/forge-runtime/scripts/faults/application","Test":"TestStrictLogsL4RecoveryOfflineJournalContract/replaced_id","Output":"=== RUN   TestStrictLogsL4RecoveryOfflineJournalContract/replaced_id\n"}
{"Time":"2026-09-12T12:15:55.196818246-07:00","Action":"output","Package":"github.com/JDinSeattle/forge-runtime/scripts/faults/application","Test":"TestStrictLogsL4RecoveryOfflineJournalContract/replaced_id","Output":"--- PASS: TestStrictLogsL4RecoveryOfflineJournalContract/replaced_id (0.00s)\n"}
{"Time":"2026-09-12T12:15:55.196829458-07:00","Action":"pass","Package":"github.com/JDinSeattle/forge-runtime/scripts/faults/application","Test":"TestStrictLogsL4RecoveryOfflineJournalContract/replaced_id","Elapsed":0}
{"Time":"2026-09-12T12:15:55.196836027-07:00","Action":"output","Package":"github.com/JDinSeattle/forge-runtime/scripts/faults/application","Test":"TestStrictLogsL4RecoveryOfflineJournalContract","Output":"--- PASS: TestStrictLogsL4RecoveryOfflineJournalContract (0.00s)\n"}
{"Time":"2026-09-12T12:15:55.196841851-07:00","Action":"pass","Package":"github.com/JDinSeattle/forge-runtime/scripts/faults/application","Test":"TestStrictLogsL4RecoveryOfflineJournalContract","Elapsed":0}
{"Time":"2026-09-12T12:15:55.196848885-07:00","Action":"run","Package":"github.com/JDinSeattle/forge-runtime/scripts/faults/application","Test":"TestStrictLogsL4RecoveryOfflineSnapshotContract"}
{"Time":"2026-09-12T12:15:55.19685373-07:00","Action":"output","Package":"github.com/JDinSeattle/forge-runtime/scripts/faults/application","Test":"TestStrictLogsL4RecoveryOfflineSnapshotContract","Output":"=== RUN   TestStrictLogsL4RecoveryOfflineSnapshotContract\n"}
{"Time":"2026-09-12T12:15:55.197073679-07:00","Action":"run","Package":"github.com/JDinSeattle/forge-runtime/scripts/faults/application","Test":"TestStrictLogsL4RecoveryOfflineSnapshotContract/foreign"}
{"Time":"2026-09-12T12:15:55.197080701-07:00","Action":"output","Package":"github.com/JDinSeattle/forge-runtime/scripts/faults/application","Test":"TestStrictLogsL4RecoveryOfflineSnapshotContract/foreign","Output":"=== RUN   TestStrictLogsL4RecoveryOfflineSnapshotContract/foreign\n"}
{"Time":"2026-09-12T12:15:55.197174476-07:00","Action":"output","Package":"github.com/JDinSeattle/forge-runtime/scripts/faults/application","Test":"TestStrictLogsL4RecoveryOfflineSnapshotContract/foreign","Output":"--- PASS: TestStrictLogsL4RecoveryOfflineSnapshotContract/foreign (0.00s)\n"}
{"Time":"2026-09-12T12:15:55.197181027-07:00","Action":"pass","Package":"github.com/JDinSeattle/forge-runtime/scripts/faults/application","Test":"TestStrictLogsL4RecoveryOfflineSnapshotContract/foreign","Elapsed":0}
{"Time":"2026-09-12T12:15:55.197188079-07:00","Action":"run","Package":"github.com/JDinSeattle/forge-runtime/scripts/faults/application","Test":"TestStrictLogsL4RecoveryOfflineSnapshotContract/epoch"}
{"Time":"2026-09-12T12:15:55.197192772-07:00","Action":"output","Package":"github.com/JDinSeattle/forge-runtime/scripts/faults/application","Test":"TestStrictLogsL4RecoveryOfflineSnapshotContract/epoch","Output":"=== RUN   TestStrictLogsL4RecoveryOfflineSnapshotContract/epoch\n"}
{"Time":"2026-09-12T12:15:55.197273997-07:00","Action":"output","Package":"github.com/JDinSeattle/forge-runtime/scripts/faults/application","Test":"TestStrictLogsL4RecoveryOfflineSnapshotContract/epoch","Output":"--- PASS: TestStrictLogsL4RecoveryOfflineSnapshotContract/epoch (0.00s)\n"}
{"Time":"2026-09-12T12:15:55.197280735-07:00","Action":"pass","Package":"github.com/JDinSeattle/forge-runtime/scripts/faults/application","Test":"TestStrictLogsL4RecoveryOfflineSnapshotContract/epoch","Elapsed":0}
{"Time":"2026-09-12T12:15:55.197288021-07:00","Action":"run","Package":"github.com/JDinSeattle/forge-runtime/scripts/faults/application","Test":"TestStrictLogsL4RecoveryOfflineSnapshotContract/content"}
{"Time":"2026-09-12T12:15:55.197292744-07:00","Action":"output","Package":"github.com/JDinSeattle/forge-runtime/scripts/faults/application","Test":"TestStrictLogsL4RecoveryOfflineSnapshotContract/content","Output":"=== RUN   TestStrictLogsL4RecoveryOfflineSnapshotContract/content\n"}
{"Time":"2026-09-12T12:15:55.197364982-07:00","Action":"output","Package":"github.com/JDinSeattle/forge-runtime/scripts/faults/application","Test":"TestStrictLogsL4RecoveryOfflineSnapshotContract/content","Output":"--- PASS: TestStrictLogsL4RecoveryOfflineSnapshotContract/content (0.00s)\n"}
{"Time":"2026-09-12T12:15:55.197371081-07:00","Action":"pass","Package":"github.com/JDinSeattle/forge-runtime/scripts/faults/application","Test":"TestStrictLogsL4RecoveryOfflineSnapshotContract/content","Elapsed":0}
{"Time":"2026-09-12T12:15:55.197380835-07:00","Action":"run","Package":"github.com/JDinSeattle/forge-runtime/scripts/faults/application","Test":"TestStrictLogsL4RecoveryOfflineSnapshotContract/extra"}
{"Time":"2026-09-12T12:15:55.197385652-07:00","Action":"output","Package":"github.com/JDinSeattle/forge-runtime/scripts/faults/application","Test":"TestStrictLogsL4RecoveryOfflineSnapshotContract/extra","Output":"=== RUN   TestStrictLogsL4RecoveryOfflineSnapshotContract/extra\n"}
{"Time":"2026-09-12T12:15:55.197478016-07:00","Action":"output","Package":"github.com/JDinSeattle/forge-runtime/scripts/faults/application","Test":"TestStrictLogsL4RecoveryOfflineSnapshotContract/extra","Output":"--- PASS: TestStrictLogsL4RecoveryOfflineSnapshotContract/extra (0.00s)\n"}
{"Time":"2026-09-12T12:15:55.197484546-07:00","Action":"pass","Package":"github.com/JDinSeattle/forge-runtime/scripts/faults/application","Test":"TestStrictLogsL4RecoveryOfflineSnapshotContract/extra","Elapsed":0}
{"Time":"2026-09-12T12:15:55.197492424-07:00","Action":"run","Package":"github.com/JDinSeattle/forge-runtime/scripts/faults/application","Test":"TestStrictLogsL4RecoveryOfflineSnapshotContract/executable"}
{"Time":"2026-09-12T12:15:55.1974972-07:00","Action":"output","Package":"github.com/JDinSeattle/forge-runtime/scripts/faults/application","Test":"TestStrictLogsL4RecoveryOfflineSnapshotContract/executable","Output":"=== RUN   TestStrictLogsL4RecoveryOfflineSnapshotContract/executable\n"}
{"Time":"2026-09-12T12:15:55.197568497-07:00","Action":"output","Package":"github.com/JDinSeattle/forge-runtime/scripts/faults/application","Test":"TestStrictLogsL4RecoveryOfflineSnapshotContract/executable","Output":"--- PASS: TestStrictLogsL4RecoveryOfflineSnapshotContract/executable (0.00s)\n"}
{"Time":"2026-09-12T12:15:55.197576977-07:00","Action":"pass","Package":"github.com/JDinSeattle/forge-runtime/scripts/faults/application","Test":"TestStrictLogsL4RecoveryOfflineSnapshotContract/executable","Elapsed":0}
{"Time":"2026-09-12T12:15:55.197584648-07:00","Action":"output","Package":"github.com/JDinSeattle/forge-runtime/scripts/faults/application","Test":"TestStrictLogsL4RecoveryOfflineSnapshotContract","Output":"--- PASS: TestStrictLogsL4RecoveryOfflineSnapshotContract (0.00s)\n"}
{"Time":"2026-09-12T12:15:55.197594175-07:00","Action":"pass","Package":"github.com/JDinSeattle/forge-runtime/scripts/faults/application","Test":"TestStrictLogsL4RecoveryOfflineSnapshotContract","Elapsed":0}
{"Time":"2026-09-12T12:15:55.197601803-07:00","Action":"run","Package":"github.com/JDinSeattle/forge-runtime/scripts/faults/application","Test":"TestStrictLogsL4RecoveryOfflineTerminalContract"}
{"Time":"2026-09-12T12:15:55.197608231-07:00","Action":"output","Package":"github.com/JDinSeattle/forge-runtime/scripts/faults/application","Test":"TestStrictLogsL4RecoveryOfflineTerminalContract","Output":"=== RUN   TestStrictLogsL4RecoveryOfflineTerminalContract\n"}
{"Time":"2026-09-12T12:15:55.19761818-07:00","Action":"run","Package":"github.com/JDinSeattle/forge-runtime/scripts/faults/application","Test":"TestStrictLogsL4RecoveryOfflineTerminalContract/deadline"}
{"Time":"2026-09-12T12:15:55.197626335-07:00","Action":"output","Package":"github.com/JDinSeattle/forge-runtime/scripts/faults/application","Test":"TestStrictLogsL4RecoveryOfflineTerminalContract/deadline","Output":"=== RUN   TestStrictLogsL4RecoveryOfflineTerminalContract/deadline\n"}
{"Time":"2026-09-12T12:15:55.197638739-07:00","Action":"output","Package":"github.com/JDinSeattle/forge-runtime/scripts/faults/application","Test":"TestStrictLogsL4RecoveryOfflineTerminalContract/deadline","Output":"--- PASS: TestStrictLogsL4RecoveryOfflineTerminalContract/deadline (0.00s)\n"}
{"Time":"2026-09-12T12:15:55.197647126-07:00","Action":"pass","Package":"github.com/JDinSeattle/forge-runtime/scripts/faults/application","Test":"TestStrictLogsL4RecoveryOfflineTerminalContract/deadline","Elapsed":0}
{"Time":"2026-09-12T12:15:55.197662277-07:00","Action":"run","Package":"github.com/JDinSeattle/forge-runtime/scripts/faults/application","Test":"TestStrictLogsL4RecoveryOfflineTerminalContract/fees"}
{"Time":"2026-09-12T12:15:55.197669951-07:00","Action":"output","Package":"github.com/JDinSeattle/forge-runtime/scripts/faults/application","Test":"TestStrictLogsL4RecoveryOfflineTerminalContract/fees","Output":"=== RUN   TestStrictLogsL4RecoveryOfflineTerminalContract/fees\n"}
{"Time":"2026-09-12T12:15:55.197678967-07:00","Action":"output","Package":"github.com/JDinSeattle/forge-runtime/scripts/faults/application","Test":"TestStrictLogsL4RecoveryOfflineTerminalContract/fees","Output":"--- PASS: TestStrictLogsL4RecoveryOfflineTerminalContract/fees (0.00s)\n"}
{"Time":"2026-09-12T12:15:55.197687126-07:00","Action":"pass","Package":"github.com/JDinSeattle/forge-runtime/scripts/faults/application","Test":"TestStrictLogsL4RecoveryOfflineTerminalContract/fees","Elapsed":0}
{"Time":"2026-09-12T12:15:55.197692444-07:00","Action":"run","Package":"github.com/JDinSeattle/forge-runtime/scripts/faults/application","Test":"TestStrictLogsL4RecoveryOfflineTerminalContract/retry"}
{"Time":"2026-09-12T12:15:55.197697262-07:00","Action":"output","Package":"github.com/JDinSeattle/forge-runtime/scripts/faults/application","Test":"TestStrictLogsL4RecoveryOfflineTerminalContract/retry","Output":"=== RUN   TestStrictLogsL4RecoveryOfflineTerminalContract/retry\n"}
{"Time":"2026-09-12T12:15:55.197703381-07:00","Action":"output","Package":"github.com/JDinSeattle/forge-runtime/scripts/faults/application","Test":"TestStrictLogsL4RecoveryOfflineTerminalContract/retry","Output":"--- PASS: TestStrictLogsL4RecoveryOfflineTerminalContract/retry (0.00s)\n"}
{"Time":"2026-09-12T12:15:55.197709068-07:00","Action":"pass","Package":"github.com/JDinSeattle/forge-runtime/scripts/faults/application","Test":"TestStrictLogsL4RecoveryOfflineTerminalContract/retry","Elapsed":0}
{"Time":"2026-09-12T12:15:55.197716122-07:00","Action":"run","Package":"github.com/JDinSeattle/forge-runtime/scripts/faults/application","Test":"TestStrictLogsL4RecoveryOfflineTerminalContract/trusted"}
{"Time":"2026-09-12T12:15:55.197720879-07:00","Action":"output","Package":"github.com/JDinSeattle/forge-runtime/scripts/faults/application","Test":"TestStrictLogsL4RecoveryOfflineTerminalContract/trusted","Output":"=== RUN   TestStrictLogsL4RecoveryOfflineTerminalContract/trusted\n"}
{"Time":"2026-09-12T12:15:55.197727436-07:00","Action":"output","Package":"github.com/JDinSeattle/forge-runtime/scripts/faults/application","Test":"TestStrictLogsL4RecoveryOfflineTerminalContract/trusted","Output":"--- PASS: TestStrictLogsL4RecoveryOfflineTerminalContract/trusted (0.00s)\n"}
{"Time":"2026-09-12T12:15:55.197733033-07:00","Action":"pass","Package":"github.com/JDinSeattle/forge-runtime/scripts/faults/application","Test":"TestStrictLogsL4RecoveryOfflineTerminalContract/trusted","Elapsed":0}
{"Time":"2026-09-12T12:15:55.197740574-07:00","Action":"run","Package":"github.com/JDinSeattle/forge-runtime/scripts/faults/application","Test":"TestStrictLogsL4RecoveryOfflineTerminalContract/unknown"}
{"Time":"2026-09-12T12:15:55.197745741-07:00","Action":"output","Package":"github.com/JDinSeattle/forge-runtime/scripts/faults/application","Test":"TestStrictLogsL4RecoveryOfflineTerminalContract/unknown","Output":"=== RUN   TestStrictLogsL4RecoveryOfflineTerminalContract/unknown\n"}
{"Time":"2026-09-12T12:15:55.19775533-07:00","Action":"output","Package":"github.com/JDinSeattle/forge-runtime/scripts/faults/application","Test":"TestStrictLogsL4RecoveryOfflineTerminalContract/unknown","Output":"--- PASS: TestStrictLogsL4RecoveryOfflineTerminalContract/unknown (0.00s)\n"}
{"Time":"2026-09-12T12:15:55.197760945-07:00","Action":"pass","Package":"github.com/JDinSeattle/forge-runtime/scripts/faults/application","Test":"TestStrictLogsL4RecoveryOfflineTerminalContract/unknown","Elapsed":0}
{"Time":"2026-09-12T12:15:55.19776644-07:00","Action":"run","Package":"github.com/JDinSeattle/forge-runtime/scripts/faults/application","Test":"TestStrictLogsL4RecoveryOfflineTerminalContract/not_terminal"}
{"Time":"2026-09-12T12:15:55.19777397-07:00","Action":"output","Package":"github.com/JDinSeattle/forge-runtime/scripts/faults/application","Test":"TestStrictLogsL4RecoveryOfflineTerminalContract/not_terminal","Output":"=== RUN   TestStrictLogsL4RecoveryOfflineTerminalContract/not_terminal\n"}
{"Time":"2026-09-12T12:15:55.197780574-07:00","Action":"output","Package":"github.com/JDinSeattle/forge-runtime/scripts/faults/application","Test":"TestStrictLogsL4RecoveryOfflineTerminalContract/not_terminal","Output":"--- PASS: TestStrictLogsL4RecoveryOfflineTerminalContract/not_terminal (0.00s)\n"}
{"Time":"2026-09-12T12:15:55.197786107-07:00","Action":"pass","Package":"github.com/JDinSeattle/forge-runtime/scripts/faults/application","Test":"TestStrictLogsL4RecoveryOfflineTerminalContract/not_terminal","Elapsed":0}
{"Time":"2026-09-12T12:15:55.197792209-07:00","Action":"output","Package":"github.com/JDinSeattle/forge-runtime/scripts/faults/application","Test":"TestStrictLogsL4RecoveryOfflineTerminalContract","Output":"--- PASS: TestStrictLogsL4RecoveryOfflineTerminalContract (0.00s)\n"}
{"Time":"2026-09-12T12:15:55.197799754-07:00","Action":"pass","Package":"github.com/JDinSeattle/forge-runtime/scripts/faults/application","Test":"TestStrictLogsL4RecoveryOfflineTerminalContract","Elapsed":0}
{"Time":"2026-09-12T12:15:55.1978057-07:00","Action":"run","Package":"github.com/JDinSeattle/forge-runtime/scripts/faults/application","Test":"TestStrictLogsL4Recovery"}
{"Time":"2026-09-12T12:15:55.197810912-07:00","Action":"output","Package":"github.com/JDinSeattle/forge-runtime/scripts/faults/application","Test":"TestStrictLogsL4Recovery","Output":"=== RUN   TestStrictLogsL4Recovery\n"}
{"Time":"2026-09-12T12:15:55.197818719-07:00","Action":"output","Package":"github.com/JDinSeattle/forge-runtime/scripts/faults/application","Test":"TestStrictLogsL4Recovery","Output":"    strict_logs_l4_recovery_test.go:109: operator-only retained L4 recovery; requires independent review and explicit dedicated fixture\n"}
{"Time":"2026-09-12T12:15:55.197828803-07:00","Action":"output","Package":"github.com/JDinSeattle/forge-runtime/scripts/faults/application","Test":"TestStrictLogsL4Recovery","Output":"--- SKIP: TestStrictLogsL4Recovery (0.00s)\n"}
{"Time":"2026-09-12T12:15:55.197835969-07:00","Action":"skip","Package":"github.com/JDinSeattle/forge-runtime/scripts/faults/application","Test":"TestStrictLogsL4Recovery","Elapsed":0}
{"Time":"2026-09-12T12:15:55.19786117-07:00","Action":"output","Package":"github.com/JDinSeattle/forge-runtime/scripts/faults/application","Output":"PASS\n"}
{"Time":"2026-09-12T12:15:55.208860079-07:00","Action":"output","Package":"github.com/JDinSeattle/forge-runtime/scripts/faults/application","Output":"ok  \tgithub.com/JDinSeattle/forge-runtime/scripts/faults/application\t0.759s\n"}
{"Time":"2026-09-12T12:15:55.208896979-07:00","Action":"pass","Package":"github.com/JDinSeattle/forge-runtime/scripts/faults/application","Elapsed":0.76}
