{"Time":"2026-09-12T12:15:58.05304785-07:00","Action":"start","Package":"github.com/JDinSeattle/forge-runtime/scripts/faults/application"}
{"Time":"2026-09-12T12:15:58.075300768-07:00","Action":"run","Package":"github.com/JDinSeattle/forge-runtime/scripts/faults/application","Test":"TestStrictLogsL4RecoverySavedInputs"}
{"Time":"2026-09-12T12:15:58.075316394-07:00","Action":"output","Package":"github.com/JDinSeattle/forge-runtime/scripts/faults/application","Test":"TestStrictLogsL4RecoverySavedInputs","Output":"=== RUN   TestStrictLogsL4RecoverySavedInputs\n"}
{"Time":"2026-09-12T12:16:03.253759791-07:00","Action":"output","Package":"github.com/JDinSeattle/forge-runtime/scripts/faults/application","Test":"TestStrictLogsL4RecoverySavedInputs","Output":"    strict_logs_l4_recovery_offline_test.go:86: 610 immutable saved nonsecret inputs verified; no live state accessed\n"}
{"Time":"2026-09-12T12:16:03.253782127-07:00","Action":"output","Package":"github.com/JDinSeattle/forge-runtime/scripts/faults/application","Test":"TestStrictLogsL4RecoverySavedInputs","Output":"--- PASS: TestStrictLogsL4RecoverySavedInputs (5.18s)\n"}
{"Time":"2026-09-12T12:16:03.253784238-07:00","Action":"pass","Package":"github.com/JDinSeattle/forge-runtime/scripts/faults/application","Test":"TestStrictLogsL4RecoverySavedInputs","Elapsed":5.18}
{"Time":"2026-09-12T12:16:03.253789178-07:00","Action":"run","Package":"github.com/JDinSeattle/forge-runtime/scripts/faults/application","Test":"TestStrictLogsL4RecoveryOfflinePressureArchive"}
{"Time":"2026-09-12T12:16:03.253790235-07:00","Action":"output","Package":"github.com/JDinSeattle/forge-runtime/scripts/faults/application","Test":"TestStrictLogsL4RecoveryOfflinePressureArchive","Output":"=== RUN   TestStrictLogsL4RecoveryOfflinePressureArchive\n"}
{"Time":"2026-09-12T12:16:03.30074966-07:00","Action":"output","Package":"github.com/JDinSeattle/forge-runtime/scripts/faults/application","Test":"TestStrictLogsL4RecoveryOfflinePressureArchive","Output":"--- PASS: TestStrictLogsL4RecoveryOfflinePressureArchive (0.05s)\n"}
{"Time":"2026-09-12T12:16:03.300797364-07:00","Action":"pass","Package":"github.com/JDinSeattle/forge-runtime/scripts/faults/application","Test":"TestStrictLogsL4RecoveryOfflinePressureArchive","Elapsed":0.05}
{"Time":"2026-09-12T12:16:03.300809572-07:00","Action":"run","Package":"github.com/JDinSeattle/forge-runtime/scripts/faults/application","Test":"TestStrictLogsL4RecoveryOfflinePressureRefusals"}
{"Time":"2026-09-12T12:16:03.300814702-07:00","Action":"output","Package":"github.com/JDinSeattle/forge-runtime/scripts/faults/application","Test":"TestStrictLogsL4RecoveryOfflinePressureRefusals","Output":"=== RUN   TestStrictLogsL4RecoveryOfflinePressureRefusals\n"}
{"Time":"2026-09-12T12:16:03.300869504-07:00","Action":"run","Package":"github.com/JDinSeattle/forge-runtime/scripts/faults/application","Test":"TestStrictLogsL4RecoveryOfflinePressureRefusals/inode"}
{"Time":"2026-09-12T12:16:03.300875681-07:00","Action":"output","Package":"github.com/JDinSeattle/forge-runtime/scripts/faults/application","Test":"TestStrictLogsL4RecoveryOfflinePressureRefusals/inode","Output":"=== RUN   TestStrictLogsL4RecoveryOfflinePressureRefusals/inode\n"}
{"Time":"2026-09-12T12:16:03.302197053-07:00","Action":"output","Package":"github.com/JDinSeattle/forge-runtime/scripts/faults/application","Test":"TestStrictLogsL4RecoveryOfflinePressureRefusals/inode","Output":"--- PASS: TestStrictLogsL4RecoveryOfflinePressureRefusals/inode (0.00s)\n"}
{"Time":"2026-09-12T12:16:03.302215922-07:00","Action":"pass","Package":"github.com/JDinSeattle/forge-runtime/scripts/faults/application","Test":"TestStrictLogsL4RecoveryOfflinePressureRefusals/inode","Elapsed":0}
{"Time":"2026-09-12T12:16:03.302273129-07:00","Action":"run","Package":"github.com/JDinSeattle/forge-runtime/scripts/faults/application","Test":"TestStrictLogsL4RecoveryOfflinePressureRefusals/device"}
{"Time":"2026-09-12T12:16:03.302284529-07:00","Action":"output","Package":"github.com/JDinSeattle/forge-runtime/scripts/faults/application","Test":"TestStrictLogsL4RecoveryOfflinePressureRefusals/device","Output":"=== RUN   TestStrictLogsL4RecoveryOfflinePressureRefusals/device\n"}
{"Time":"2026-09-12T12:16:03.303366228-07:00","Action":"output","Package":"github.com/JDinSeattle/forge-runtime/scripts/faults/application","Test":"TestStrictLogsL4RecoveryOfflinePressureRefusals/device","Output":"--- PASS: TestStrictLogsL4RecoveryOfflinePressureRefusals/device (0.00s)\n"}
{"Time":"2026-09-12T12:16:03.303384383-07:00","Action":"pass","Package":"github.com/JDinSeattle/forge-runtime/scripts/faults/application","Test":"TestStrictLogsL4RecoveryOfflinePressureRefusals/device","Elapsed":0}
{"Time":"2026-09-12T12:16:03.3034317-07:00","Action":"run","Package":"github.com/JDinSeattle/forge-runtime/scripts/faults/application","Test":"TestStrictLogsL4RecoveryOfflinePressureRefusals/uid"}
{"Time":"2026-09-12T12:16:03.303437028-07:00","Action":"output","Package":"github.com/JDinSeattle/forge-runtime/scripts/faults/application","Test":"TestStrictLogsL4RecoveryOfflinePressureRefusals/uid","Output":"=== RUN   TestStrictLogsL4RecoveryOfflinePressureRefusals/uid\n"}
{"Time":"2026-09-12T12:16:03.3045183-07:00","Action":"output","Package":"github.com/JDinSeattle/forge-runtime/scripts/faults/application","Test":"TestStrictLogsL4RecoveryOfflinePressureRefusals/uid","Output":"--- PASS: TestStrictLogsL4RecoveryOfflinePressureRefusals/uid (0.00s)\n"}
{"Time":"2026-09-12T12:16:03.304527855-07:00","Action":"pass","Package":"github.com/JDinSeattle/forge-runtime/scripts/faults/application","Test":"TestStrictLogsL4RecoveryOfflinePressureRefusals/uid","Elapsed":0}
{"Time":"2026-09-12T12:16:03.304558637-07:00","Action":"run","Package":"github.com/JDinSeattle/forge-runtime/scripts/faults/application","Test":"TestStrictLogsL4RecoveryOfflinePressureRefusals/size"}
{"Time":"2026-09-12T12:16:03.304563476-07:00","Action":"output","Package":"github.com/JDinSeattle/forge-runtime/scripts/faults/application","Test":"TestStrictLogsL4RecoveryOfflinePressureRefusals/size","Output":"=== RUN   TestStrictLogsL4RecoveryOfflinePressureRefusals/size\n"}
{"Time":"2026-09-12T12:16:03.305473299-07:00","Action":"output","Package":"github.com/JDinSeattle/forge-runtime/scripts/faults/application","Test":"TestStrictLogsL4RecoveryOfflinePressureRefusals/size","Output":"--- PASS: TestStrictLogsL4RecoveryOfflinePressureRefusals/size (0.00s)\n"}
{"Time":"2026-09-12T12:16:03.305482854-07:00","Action":"pass","Package":"github.com/JDinSeattle/forge-runtime/scripts/faults/application","Test":"TestStrictLogsL4RecoveryOfflinePressureRefusals/size","Elapsed":0}
{"Time":"2026-09-12T12:16:03.305507791-07:00","Action":"run","Package":"github.com/JDinSeattle/forge-runtime/scripts/faults/application","Test":"TestStrictLogsL4RecoveryOfflinePressureRefusals/content"}
{"Time":"2026-09-12T12:16:03.305511705-07:00","Action":"output","Package":"github.com/JDinSeattle/forge-runtime/scripts/faults/application","Test":"TestStrictLogsL4RecoveryOfflinePressureRefusals/content","Output":"=== RUN   TestStrictLogsL4RecoveryOfflinePressureRefusals/content\n"}
{"Time":"2026-09-12T12:16:03.307222936-07:00","Action":"output","Package":"github.com/JDinSeattle/forge-runtime/scripts/faults/application","Test":"TestStrictLogsL4RecoveryOfflinePressureRefusals/content","Output":"--- PASS: TestStrictLogsL4RecoveryOfflinePressureRefusals/content (0.00s)\n"}
{"Time":"2026-09-12T12:16:03.307237925-07:00","Action":"pass","Package":"github.com/JDinSeattle/forge-runtime/scripts/faults/application","Test":"TestStrictLogsL4RecoveryOfflinePressureRefusals/content","Elapsed":0}
{"Time":"2026-09-12T12:16:03.307242784-07:00","Action":"run","Package":"github.com/JDinSeattle/forge-runtime/scripts/faults/application","Test":"TestStrictLogsL4RecoveryOfflinePressureRefusals/hardlink"}
{"Time":"2026-09-12T12:16:03.30724437-07:00","Action":"output","Package":"github.com/JDinSeattle/forge-runtime/scripts/faults/application","Test":"TestStrictLogsL4RecoveryOfflinePressureRefusals/hardlink","Output":"=== RUN   TestStrictLogsL4RecoveryOfflinePressureRefusals/hardlink\n"}
{"Time":"2026-09-12T12:16:03.307703874-07:00","Action":"output","Package":"github.com/JDinSeattle/forge-runtime/scripts/faults/application","Test":"TestStrictLogsL4RecoveryOfflinePressureRefusals/hardlink","Output":"--- PASS: TestStrictLogsL4RecoveryOfflinePressureRefusals/hardlink (0.00s)\n"}
{"Time":"2026-09-12T12:16:03.307715096-07:00","Action":"pass","Package":"github.com/JDinSeattle/forge-runtime/scripts/faults/application","Test":"TestStrictLogsL4RecoveryOfflinePressureRefusals/hardlink","Elapsed":0}
{"Time":"2026-09-12T12:16:03.30772624-07:00","Action":"run","Package":"github.com/JDinSeattle/forge-runtime/scripts/faults/application","Test":"TestStrictLogsL4RecoveryOfflinePressureRefusals/file_symlink"}
{"Time":"2026-09-12T12:16:03.307727582-07:00","Action":"output","Package":"github.com/JDinSeattle/forge-runtime/scripts/faults/application","Test":"TestStrictLogsL4RecoveryOfflinePressureRefusals/file_symlink","Output":"=== RUN   TestStrictLogsL4RecoveryOfflinePressureRefusals/file_symlink\n"}
{"Time":"2026-09-12T12:16:03.308181631-07:00","Action":"output","Package":"github.com/JDinSeattle/forge-runtime/scripts/faults/application","Test":"TestStrictLogsL4RecoveryOfflinePressureRefusals/file_symlink","Output":"--- PASS: TestStrictLogsL4RecoveryOfflinePressureRefusals/file_symlink (0.00s)\n"}
{"Time":"2026-09-12T12:16:03.308191411-07:00","Action":"pass","Package":"github.com/JDinSeattle/forge-runtime/scripts/faults/application","Test":"TestStrictLogsL4RecoveryOfflinePressureRefusals/file_symlink","Elapsed":0}
{"Time":"2026-09-12T12:16:03.308202536-07:00","Action":"run","Package":"github.com/JDinSeattle/forge-runtime/scripts/faults/application","Test":"TestStrictLogsL4RecoveryOfflinePressureRefusals/ancestor_symlink"}
{"Time":"2026-09-12T12:16:03.308203772-07:00","Action":"output","Package":"github.com/JDinSeattle/forge-runtime/scripts/faults/application","Test":"TestStrictLogsL4RecoveryOfflinePressureRefusals/ancestor_symlink","Output":"=== RUN   TestStrictLogsL4RecoveryOfflinePressureRefusals/ancestor_symlink\n"}
{"Time":"2026-09-12T12:16:03.308998006-07:00","Action":"output","Package":"github.com/JDinSeattle/forge-runtime/scripts/faults/application","Test":"TestStrictLogsL4RecoveryOfflinePressureRefusals/ancestor_symlink","Output":"--- PASS: TestStrictLogsL4RecoveryOfflinePressureRefusals/ancestor_symlink (0.00s)\n"}
{"Time":"2026-09-12T12:16:03.309006307-07:00","Action":"pass","Package":"github.com/JDinSeattle/forge-runtime/scripts/faults/application","Test":"TestStrictLogsL4RecoveryOfflinePressureRefusals/ancestor_symlink","Elapsed":0}
{"Time":"2026-09-12T12:16:03.309030546-07:00","Action":"run","Package":"github.com/JDinSeattle/forge-runtime/scripts/faults/application","Test":"TestStrictLogsL4RecoveryOfflinePressureRefusals/corrupt_archive"}
{"Time":"2026-09-12T12:16:03.309033535-07:00","Action":"output","Package":"github.com/JDinSeattle/forge-runtime/scripts/faults/application","Test":"TestStrictLogsL4RecoveryOfflinePressureRefusals/corrupt_archive","Output":"=== RUN   TestStrictLogsL4RecoveryOfflinePressureRefusals/corrupt_archive\n"}
{"Time":"2026-09-12T12:16:03.342902945-07:00","Action":"output","Package":"github.com/JDinSeattle/forge-runtime/scripts/faults/application","Test":"TestStrictLogsL4RecoveryOfflinePressureRefusals/corrupt_archive","Output":"--- PASS: TestStrictLogsL4RecoveryOfflinePressureRefusals/corrupt_archive (0.03s)\n"}
{"Time":"2026-09-12T12:16:03.342921607-07:00","Action":"pass","Package":"github.com/JDinSeattle/forge-runtime/scripts/faults/application","Test":"TestStrictLogsL4RecoveryOfflinePressureRefusals/corrupt_archive","Elapsed":0.03}
{"Time":"2026-09-12T12:16:03.342927365-07:00","Action":"run","Package":"github.com/JDinSeattle/forge-runtime/scripts/faults/application","Test":"TestStrictLogsL4RecoveryOfflinePressureRefusals/changed_after_archive"}
{"Time":"2026-09-12T12:16:03.342928586-07:00","Action":"output","Package":"github.com/JDinSeattle/forge-runtime/scripts/faults/application","Test":"TestStrictLogsL4RecoveryOfflinePressureRefusals/changed_after_archive","Output":"=== RUN   TestStrictLogsL4RecoveryOfflinePressureRefusals/changed_after_archive\n"}
{"Time":"2026-09-12T12:16:03.370899065-07:00","Action":"output","Package":"github.com/JDinSeattle/forge-runtime/scripts/faults/application","Test":"TestStrictLogsL4RecoveryOfflinePressureRefusals/changed_after_archive","Output":"--- PASS: TestStrictLogsL4RecoveryOfflinePressureRefusals/changed_after_archive (0.03s)\n"}
{"Time":"2026-09-12T12:16:03.370928479-07:00","Action":"pass","Package":"github.com/JDinSeattle/forge-runtime/scripts/faults/application","Test":"TestStrictLogsL4RecoveryOfflinePressureRefusals/changed_after_archive","Elapsed":0.03}
{"Time":"2026-09-12T12:16:03.370932926-07:00","Action":"run","Package":"github.com/JDinSeattle/forge-runtime/scripts/faults/application","Test":"TestStrictLogsL4RecoveryOfflinePressureRefusals/replaced_after_archive"}
{"Time":"2026-09-12T12:16:03.370934355-07:00","Action":"output","Package":"github.com/JDinSeattle/forge-runtime/scripts/faults/application","Test":"TestStrictLogsL4RecoveryOfflinePressureRefusals/replaced_after_archive","Output":"=== RUN   TestStrictLogsL4RecoveryOfflinePressureRefusals/replaced_after_archive\n"}
{"Time":"2026-09-12T12:16:03.406085783-07:00","Action":"output","Package":"github.com/JDinSeattle/forge-runtime/scripts/faults/application","Test":"TestStrictLogsL4RecoveryOfflinePressureRefusals/replaced_after_archive","Output":"--- PASS: TestStrictLogsL4RecoveryOfflinePressureRefusals/replaced_after_archive (0.04s)\n"}
{"Time":"2026-09-12T12:16:03.406138001-07:00","Action":"pass","Package":"github.com/JDinSeattle/forge-runtime/scripts/faults/application","Test":"TestStrictLogsL4RecoveryOfflinePressureRefusals/replaced_after_archive","Elapsed":0.04}
{"Time":"2026-09-12T12:16:03.406155023-07:00","Action":"run","Package":"github.com/JDinSeattle/forge-runtime/scripts/faults/application","Test":"TestStrictLogsL4RecoveryOfflinePressureRefusals/partial_archive"}
{"Time":"2026-09-12T12:16:03.406156573-07:00","Action":"output","Package":"github.com/JDinSeattle/forge-runtime/scripts/faults/application","Test":"TestStrictLogsL4RecoveryOfflinePressureRefusals/partial_archive","Output":"=== RUN   TestStrictLogsL4RecoveryOfflinePressureRefusals/partial_archive\n"}
{"Time":"2026-09-12T12:16:03.406543081-07:00","Action":"output","Package":"github.com/JDinSeattle/forge-runtime/scripts/faults/application","Test":"TestStrictLogsL4RecoveryOfflinePressureRefusals/partial_archive","Output":"--- PASS: TestStrictLogsL4RecoveryOfflinePressureRefusals/partial_archive (0.00s)\n"}
{"Time":"2026-09-12T12:16:03.406551231-07:00","Action":"pass","Package":"github.com/JDinSeattle/forge-runtime/scripts/faults/application","Test":"TestStrictLogsL4RecoveryOfflinePressureRefusals/partial_archive","Elapsed":0}
{"Time":"2026-09-12T12:16:03.406563308-07:00","Action":"run","Package":"github.com/JDinSeattle/forge-runtime/scripts/faults/application","Test":"TestStrictLogsL4RecoveryOfflinePressureRefusals/wrong_name"}
{"Time":"2026-09-12T12:16:03.406564749-07:00","Action":"output","Package":"github.com/JDinSeattle/forge-runtime/scripts/faults/application","Test":"TestStrictLogsL4RecoveryOfflinePressureRefusals/wrong_name","Output":"=== RUN   TestStrictLogsL4RecoveryOfflinePressureRefusals/wrong_name\n"}
{"Time":"2026-09-12T12:16:03.406886531-07:00","Action":"output","Package":"github.com/JDinSeattle/forge-runtime/scripts/faults/application","Test":"TestStrictLogsL4RecoveryOfflinePressureRefusals/wrong_name","Output":"--- PASS: TestStrictLogsL4RecoveryOfflinePressureRefusals/wrong_name (0.00s)\n"}
{"Time":"2026-09-12T12:16:03.406893639-07:00","Action":"pass","Package":"github.com/JDinSeattle/forge-runtime/scripts/faults/application","Test":"TestStrictLogsL4RecoveryOfflinePressureRefusals/wrong_name","Elapsed":0}
{"Time":"2026-09-12T12:16:03.406905546-07:00","Action":"output","Package":"github.com/JDinSeattle/forge-runtime/scripts/faults/application","Test":"TestStrictLogsL4RecoveryOfflinePressureRefusals","Output":"--- PASS: TestStrictLogsL4RecoveryOfflinePressureRefusals (0.11s)\n"}
{"Time":"2026-09-12T12:16:03.406911252-07:00","Action":"pass","Package":"github.com/JDinSeattle/forge-runtime/scripts/faults/application","Test":"TestStrictLogsL4RecoveryOfflinePressureRefusals","Elapsed":0.11}
{"Time":"2026-09-12T12:16:03.406923716-07:00","Action":"run","Package":"github.com/JDinSeattle/forge-runtime/scripts/faults/application","Test":"TestStrictLogsL4RecoveryOfflineRPCFence"}
{"Time":"2026-09-12T12:16:03.406925068-07:00","Action":"output","Package":"github.com/JDinSeattle/forge-runtime/scripts/faults/application","Test":"TestStrictLogsL4RecoveryOfflineRPCFence","Output":"=== RUN   TestStrictLogsL4RecoveryOfflineRPCFence\n"}
{"Time":"2026-09-12T12:16:03.406954563-07:00","Action":"output","Package":"github.com/JDinSeattle/forge-runtime/scripts/faults/application","Test":"TestStrictLogsL4RecoveryOfflineRPCFence","Output":"--- PASS: TestStrictLogsL4RecoveryOfflineRPCFence (0.00s)\n"}
{"Time":"2026-09-12T12:16:03.406959446-07:00","Action":"pass","Package":"github.com/JDinSeattle/forge-runtime/scripts/faults/application","Test":"TestStrictLogsL4RecoveryOfflineRPCFence","Elapsed":0}
{"Time":"2026-09-12T12:16:03.406966116-07:00","Action":"run","Package":"github.com/JDinSeattle/forge-runtime/scripts/faults/application","Test":"TestStrictLogsL4RecoveryOfflineJournalContract"}
{"Time":"2026-09-12T12:16:03.406967225-07:00","Action":"output","Package":"github.com/JDinSeattle/forge-runtime/scripts/faults/application","Test":"TestStrictLogsL4RecoveryOfflineJournalContract","Output":"=== RUN   TestStrictLogsL4RecoveryOfflineJournalContract\n"}
{"Time":"2026-09-12T12:16:03.408499493-07:00","Action":"run","Package":"github.com/JDinSeattle/forge-runtime/scripts/faults/application","Test":"TestStrictLogsL4RecoveryOfflineJournalContract/new_operation"}
{"Time":"2026-09-12T12:16:03.408507474-07:00","Action":"output","Package":"github.com/JDinSeattle/forge-runtime/scripts/faults/application","Test":"TestStrictLogsL4RecoveryOfflineJournalContract/new_operation","Output":"=== RUN   TestStrictLogsL4RecoveryOfflineJournalContract/new_operation\n"}
{"Time":"2026-09-12T12:16:03.40865946-07:00","Action":"output","Package":"github.com/JDinSeattle/forge-runtime/scripts/faults/application","Test":"TestStrictLogsL4RecoveryOfflineJournalContract/new_operation","Output":"--- PASS: TestStrictLogsL4RecoveryOfflineJournalContract/new_operation (0.00s)\n"}
{"Time":"2026-09-12T12:16:03.408671148-07:00","Action":"pass","Package":"github.com/JDinSeattle/forge-runtime/scripts/faults/application","Test":"TestStrictLogsL4RecoveryOfflineJournalContract/new_operation","Elapsed":0}
{"Time":"2026-09-12T12:16:03.408679804-07:00","Action":"run","Package":"github.com/JDinSeattle/forge-runtime/scripts/faults/application","Test":"TestStrictLogsL4RecoveryOfflineJournalContract/replaced_id"}
{"Time":"2026-09-12T12:16:03.408680847-07:00","Action":"output","Package":"github.com/JDinSeattle/forge-runtime/scripts/faults/application","Test":"TestStrictLogsL4RecoveryOfflineJournalContract/replaced_id","Output":"=== RUN   TestStrictLogsL4RecoveryOfflineJournalContract/replaced_id\n"}
{"Time":"2026-09-12T12:16:03.408835308-07:00","Action":"output","Package":"github.com/JDinSeattle/forge-runtime/scripts/faults/application","Test":"TestStrictLogsL4RecoveryOfflineJournalContract/replaced_id","Output":"--- PASS: TestStrictLogsL4RecoveryOfflineJournalContract/replaced_id (0.00s)\n"}
{"Time":"2026-09-12T12:16:03.40884268-07:00","Action":"pass","Package":"github.com/JDinSeattle/forge-runtime/scripts/faults/application","Test":"TestStrictLogsL4RecoveryOfflineJournalContract/replaced_id","Elapsed":0}
{"Time":"2026-09-12T12:16:03.408850918-07:00","Action":"run","Package":"github.com/JDinSeattle/forge-runtime/scripts/faults/application","Test":"TestStrictLogsL4RecoveryOfflineJournalContract/rebound_intent"}
{"Time":"2026-09-12T12:16:03.408852399-07:00","Action":"output","Package":"github.com/JDinSeattle/forge-runtime/scripts/faults/application","Test":"TestStrictLogsL4RecoveryOfflineJournalContract/rebound_intent","Output":"=== RUN   TestStrictLogsL4RecoveryOfflineJournalContract/rebound_intent\n"}
{"Time":"2026-09-12T12:16:03.409021241-07:00","Action":"output","Package":"github.com/JDinSeattle/forge-runtime/scripts/faults/application","Test":"TestStrictLogsL4RecoveryOfflineJournalContract/rebound_intent","Output":"--- PASS: TestStrictLogsL4RecoveryOfflineJournalContract/rebound_intent (0.00s)\n"}
{"Time":"2026-09-12T12:16:03.409028045-07:00","Action":"pass","Package":"github.com/JDinSeattle/forge-runtime/scripts/faults/application","Test":"TestStrictLogsL4RecoveryOfflineJournalContract/rebound_intent","Elapsed":0}
{"Time":"2026-09-12T12:16:03.409035317-07:00","Action":"run","Package":"github.com/JDinSeattle/forge-runtime/scripts/faults/application","Test":"TestStrictLogsL4RecoveryOfflineJournalContract/new_job"}
{"Time":"2026-09-12T12:16:03.409036494-07:00","Action":"output","Package":"github.com/JDinSeattle/forge-runtime/scripts/faults/application","Test":"TestStrictLogsL4RecoveryOfflineJournalContract/new_job","Output":"=== RUN   TestStrictLogsL4RecoveryOfflineJournalContract/new_job\n"}
{"Time":"2026-09-12T12:16:03.409209293-07:00","Action":"output","Package":"github.com/JDinSeattle/forge-runtime/scripts/faults/application","Test":"TestStrictLogsL4RecoveryOfflineJournalContract/new_job","Output":"--- PASS: TestStrictLogsL4RecoveryOfflineJournalContract/new_job (0.00s)\n"}
{"Time":"2026-09-12T12:16:03.409213149-07:00","Action":"pass","Package":"github.com/JDinSeattle/forge-runtime/scripts/faults/application","Test":"TestStrictLogsL4RecoveryOfflineJournalContract/new_job","Elapsed":0}
{"Time":"2026-09-12T12:16:03.409221461-07:00","Action":"run","Package":"github.com/JDinSeattle/forge-runtime/scripts/faults/application","Test":"TestStrictLogsL4RecoveryOfflineJournalContract/foreign_change"}
{"Time":"2026-09-12T12:16:03.409222588-07:00","Action":"output","Package":"github.com/JDinSeattle/forge-runtime/scripts/faults/application","Test":"TestStrictLogsL4RecoveryOfflineJournalContract/foreign_change","Output":"=== RUN   TestStrictLogsL4RecoveryOfflineJournalContract/foreign_change\n"}
{"Time":"2026-09-12T12:16:03.409484351-07:00","Action":"output","Package":"github.com/JDinSeattle/forge-runtime/scripts/faults/application","Test":"TestStrictLogsL4RecoveryOfflineJournalContract/foreign_change","Output":"--- PASS: TestStrictLogsL4RecoveryOfflineJournalContract/foreign_change (0.00s)\n"}
{"Time":"2026-09-12T12:16:03.409487815-07:00","Action":"pass","Package":"github.com/JDinSeattle/forge-runtime/scripts/faults/application","Test":"TestStrictLogsL4RecoveryOfflineJournalContract/foreign_change","Elapsed":0}
{"Time":"2026-09-12T12:16:03.409496465-07:00","Action":"run","Package":"github.com/JDinSeattle/forge-runtime/scripts/faults/application","Test":"TestStrictLogsL4RecoveryOfflineJournalContract/refund"}
{"Time":"2026-09-12T12:16:03.409497632-07:00","Action":"output","Package":"github.com/JDinSeattle/forge-runtime/scripts/faults/application","Test":"TestStrictLogsL4RecoveryOfflineJournalContract/refund","Output":"=== RUN   TestStrictLogsL4RecoveryOfflineJournalContract/refund\n"}
{"Time":"2026-09-12T12:16:03.409806903-07:00","Action":"output","Package":"github.com/JDinSeattle/forge-runtime/scripts/faults/application","Test":"TestStrictLogsL4RecoveryOfflineJournalContract/refund","Output":"--- PASS: TestStrictLogsL4RecoveryOfflineJournalContract/refund (0.00s)\n"}
{"Time":"2026-09-12T12:16:03.409814039-07:00","Action":"pass","Package":"github.com/JDinSeattle/forge-runtime/scripts/faults/application","Test":"TestStrictLogsL4RecoveryOfflineJournalContract/refund","Elapsed":0}
{"Time":"2026-09-12T12:16:03.409820438-07:00","Action":"run","Package":"github.com/JDinSeattle/forge-runtime/scripts/faults/application","Test":"TestStrictLogsL4RecoveryOfflineJournalContract/uuid"}
{"Time":"2026-09-12T12:16:03.409821549-07:00","Action":"output","Package":"github.com/JDinSeattle/forge-runtime/scripts/faults/application","Test":"TestStrictLogsL4RecoveryOfflineJournalContract/uuid","Output":"=== RUN   TestStrictLogsL4RecoveryOfflineJournalContract/uuid\n"}
{"Time":"2026-09-12T12:16:03.409973188-07:00","Action":"output","Package":"github.com/JDinSeattle/forge-runtime/scripts/faults/application","Test":"TestStrictLogsL4RecoveryOfflineJournalContract/uuid","Output":"--- PASS: TestStrictLogsL4RecoveryOfflineJournalContract/uuid (0.00s)\n"}
{"Time":"2026-09-12T12:16:03.409976964-07:00","Action":"pass","Package":"github.com/JDinSeattle/forge-runtime/scripts/faults/application","Test":"TestStrictLogsL4RecoveryOfflineJournalContract/uuid","Elapsed":0}
{"Time":"2026-09-12T12:16:03.409987937-07:00","Action":"output","Package":"github.com/JDinSeattle/forge-runtime/scripts/faults/application","Test":"TestStrictLogsL4RecoveryOfflineJournalContract","Output":"--- PASS: TestStrictLogsL4RecoveryOfflineJournalContract (0.00s)\n"}
{"Time":"2026-09-12T12:16:03.409996013-07:00","Action":"pass","Package":"github.com/JDinSeattle/forge-runtime/scripts/faults/application","Test":"TestStrictLogsL4RecoveryOfflineJournalContract","Elapsed":0}
{"Time":"2026-09-12T12:16:03.410005451-07:00","Action":"run","Package":"github.com/JDinSeattle/forge-runtime/scripts/faults/application","Test":"TestStrictLogsL4RecoveryOfflineSnapshotContract"}
{"Time":"2026-09-12T12:16:03.410006562-07:00","Action":"output","Package":"github.com/JDinSeattle/forge-runtime/scripts/faults/application","Test":"TestStrictLogsL4RecoveryOfflineSnapshotContract","Output":"=== RUN   TestStrictLogsL4RecoveryOfflineSnapshotContract\n"}
{"Time":"2026-09-12T12:16:03.410199363-07:00","Action":"run","Package":"github.com/JDinSeattle/forge-runtime/scripts/faults/application","Test":"TestStrictLogsL4RecoveryOfflineSnapshotContract/foreign"}
{"Time":"2026-09-12T12:16:03.410200415-07:00","Action":"output","Package":"github.com/JDinSeattle/forge-runtime/scripts/faults/application","Test":"TestStrictLogsL4RecoveryOfflineSnapshotContract/foreign","Output":"=== RUN   TestStrictLogsL4RecoveryOfflineSnapshotContract/foreign\n"}
{"Time":"2026-09-12T12:16:03.410351615-07:00","Action":"output","Package":"github.com/JDinSeattle/forge-runtime/scripts/faults/application","Test":"TestStrictLogsL4RecoveryOfflineSnapshotContract/foreign","Output":"--- PASS: TestStrictLogsL4RecoveryOfflineSnapshotContract/foreign (0.00s)\n"}
{"Time":"2026-09-12T12:16:03.410359127-07:00","Action":"pass","Package":"github.com/JDinSeattle/forge-runtime/scripts/faults/application","Test":"TestStrictLogsL4RecoveryOfflineSnapshotContract/foreign","Elapsed":0}
{"Time":"2026-09-12T12:16:03.410369529-07:00","Action":"run","Package":"github.com/JDinSeattle/forge-runtime/scripts/faults/application","Test":"TestStrictLogsL4RecoveryOfflineSnapshotContract/epoch"}
{"Time":"2026-09-12T12:16:03.410370604-07:00","Action":"output","Package":"github.com/JDinSeattle/forge-runtime/scripts/faults/application","Test":"TestStrictLogsL4RecoveryOfflineSnapshotContract/epoch","Output":"=== RUN   TestStrictLogsL4RecoveryOfflineSnapshotContract/epoch\n"}
{"Time":"2026-09-12T12:16:03.410518817-07:00","Action":"output","Package":"github.com/JDinSeattle/forge-runtime/scripts/faults/application","Test":"TestStrictLogsL4RecoveryOfflineSnapshotContract/epoch","Output":"--- PASS: TestStrictLogsL4RecoveryOfflineSnapshotContract/epoch (0.00s)\n"}
{"Time":"2026-09-12T12:16:03.410524376-07:00","Action":"pass","Package":"github.com/JDinSeattle/forge-runtime/scripts/faults/application","Test":"TestStrictLogsL4RecoveryOfflineSnapshotContract/epoch","Elapsed":0}
{"Time":"2026-09-12T12:16:03.410531764-07:00","Action":"run","Package":"github.com/JDinSeattle/forge-runtime/scripts/faults/application","Test":"TestStrictLogsL4RecoveryOfflineSnapshotContract/content"}
{"Time":"2026-09-12T12:16:03.41053285-07:00","Action":"output","Package":"github.com/JDinSeattle/forge-runtime/scripts/faults/application","Test":"TestStrictLogsL4RecoveryOfflineSnapshotContract/content","Output":"=== RUN   TestStrictLogsL4RecoveryOfflineSnapshotContract/content\n"}
{"Time":"2026-09-12T12:16:03.410694097-07:00","Action":"output","Package":"github.com/JDinSeattle/forge-runtime/scripts/faults/application","Test":"TestStrictLogsL4RecoveryOfflineSnapshotContract/content","Output":"--- PASS: TestStrictLogsL4RecoveryOfflineSnapshotContract/content (0.00s)\n"}
{"Time":"2026-09-12T12:16:03.410701677-07:00","Action":"pass","Package":"github.com/JDinSeattle/forge-runtime/scripts/faults/application","Test":"TestStrictLogsL4RecoveryOfflineSnapshotContract/content","Elapsed":0}
{"Time":"2026-09-12T12:16:03.410708561-07:00","Action":"run","Package":"github.com/JDinSeattle/forge-runtime/scripts/faults/application","Test":"TestStrictLogsL4RecoveryOfflineSnapshotContract/extra"}
{"Time":"2026-09-12T12:16:03.410709671-07:00","Action":"output","Package":"github.com/JDinSeattle/forge-runtime/scripts/faults/application","Test":"TestStrictLogsL4RecoveryOfflineSnapshotContract/extra","Output":"=== RUN   TestStrictLogsL4RecoveryOfflineSnapshotContract/extra\n"}
{"Time":"2026-09-12T12:16:03.410898207-07:00","Action":"output","Package":"github.com/JDinSeattle/forge-runtime/scripts/faults/application","Test":"TestStrictLogsL4RecoveryOfflineSnapshotContract/extra","Output":"--- PASS: TestStrictLogsL4RecoveryOfflineSnapshotContract/extra (0.00s)\n"}
{"Time":"2026-09-12T12:16:03.410903835-07:00","Action":"pass","Package":"github.com/JDinSeattle/forge-runtime/scripts/faults/application","Test":"TestStrictLogsL4RecoveryOfflineSnapshotContract/extra","Elapsed":0}
{"Time":"2026-09-12T12:16:03.410911965-07:00","Action":"run","Package":"github.com/JDinSeattle/forge-runtime/scripts/faults/application","Test":"TestStrictLogsL4RecoveryOfflineSnapshotContract/executable"}
{"Time":"2026-09-12T12:16:03.410913155-07:00","Action":"output","Package":"github.com/JDinSeattle/forge-runtime/scripts/faults/application","Test":"TestStrictLogsL4RecoveryOfflineSnapshotContract/executable","Output":"=== RUN   TestStrictLogsL4RecoveryOfflineSnapshotContract/executable\n"}
{"Time":"2026-09-12T12:16:03.411073307-07:00","Action":"output","Package":"github.com/JDinSeattle/forge-runtime/scripts/faults/application","Test":"TestStrictLogsL4RecoveryOfflineSnapshotContract/executable","Output":"--- PASS: TestStrictLogsL4RecoveryOfflineSnapshotContract/executable (0.00s)\n"}
{"Time":"2026-09-12T12:16:03.411079343-07:00","Action":"pass","Package":"github.com/JDinSeattle/forge-runtime/scripts/faults/application","Test":"TestStrictLogsL4RecoveryOfflineSnapshotContract/executable","Elapsed":0}
{"Time":"2026-09-12T12:16:03.411088715-07:00","Action":"output","Package":"github.com/JDinSeattle/forge-runtime/scripts/faults/application","Test":"TestStrictLogsL4RecoveryOfflineSnapshotContract","Output":"--- PASS: TestStrictLogsL4RecoveryOfflineSnapshotContract (0.00s)\n"}
{"Time":"2026-09-12T12:16:03.411095181-07:00","Action":"pass","Package":"github.com/JDinSeattle/forge-runtime/scripts/faults/application","Test":"TestStrictLogsL4RecoveryOfflineSnapshotContract","Elapsed":0}
{"Time":"2026-09-12T12:16:03.411103277-07:00","Action":"run","Package":"github.com/JDinSeattle/forge-runtime/scripts/faults/application","Test":"TestStrictLogsL4RecoveryOfflineTerminalContract"}
{"Time":"2026-09-12T12:16:03.411104342-07:00","Action":"output","Package":"github.com/JDinSeattle/forge-runtime/scripts/faults/application","Test":"TestStrictLogsL4RecoveryOfflineTerminalContract","Output":"=== RUN   TestStrictLogsL4RecoveryOfflineTerminalContract\n"}
{"Time":"2026-09-12T12:16:03.411123342-07:00","Action":"run","Package":"github.com/JDinSeattle/forge-runtime/scripts/faults/application","Test":"TestStrictLogsL4RecoveryOfflineTerminalContract/deadline"}
{"Time":"2026-09-12T12:16:03.411124425-07:00","Action":"output","Package":"github.com/JDinSeattle/forge-runtime/scripts/faults/application","Test":"TestStrictLogsL4RecoveryOfflineTerminalContract/deadline","Output":"=== RUN   TestStrictLogsL4RecoveryOfflineTerminalContract/deadline\n"}
{"Time":"2026-09-12T12:16:03.411145743-07:00","Action":"output","Package":"github.com/JDinSeattle/forge-runtime/scripts/faults/application","Test":"TestStrictLogsL4RecoveryOfflineTerminalContract/deadline","Output":"--- PASS: TestStrictLogsL4RecoveryOfflineTerminalContract/deadline (0.00s)\n"}
{"Time":"2026-09-12T12:16:03.411150583-07:00","Action":"pass","Package":"github.com/JDinSeattle/forge-runtime/scripts/faults/application","Test":"TestStrictLogsL4RecoveryOfflineTerminalContract/deadline","Elapsed":0}
{"Time":"2026-09-12T12:16:03.411159814-07:00","Action":"run","Package":"github.com/JDinSeattle/forge-runtime/scripts/faults/application","Test":"TestStrictLogsL4RecoveryOfflineTerminalContract/fees"}
{"Time":"2026-09-12T12:16:03.41116089-07:00","Action":"output","Package":"github.com/JDinSeattle/forge-runtime/scripts/faults/application","Test":"TestStrictLogsL4RecoveryOfflineTerminalContract/fees","Output":"=== RUN   TestStrictLogsL4RecoveryOfflineTerminalContract/fees\n"}
{"Time":"2026-09-12T12:16:03.411181271-07:00","Action":"output","Package":"github.com/JDinSeattle/forge-runtime/scripts/faults/application","Test":"TestStrictLogsL4RecoveryOfflineTerminalContract/fees","Output":"--- PASS: TestStrictLogsL4RecoveryOfflineTerminalContract/fees (0.00s)\n"}
{"Time":"2026-09-12T12:16:03.411186394-07:00","Action":"pass","Package":"github.com/JDinSeattle/forge-runtime/scripts/faults/application","Test":"TestStrictLogsL4RecoveryOfflineTerminalContract/fees","Elapsed":0}
{"Time":"2026-09-12T12:16:03.411193709-07:00","Action":"run","Package":"github.com/JDinSeattle/forge-runtime/scripts/faults/application","Test":"TestStrictLogsL4RecoveryOfflineTerminalContract/retry"}
{"Time":"2026-09-12T12:16:03.411194753-07:00","Action":"output","Package":"github.com/JDinSeattle/forge-runtime/scripts/faults/application","Test":"TestStrictLogsL4RecoveryOfflineTerminalContract/retry","Output":"=== RUN   TestStrictLogsL4RecoveryOfflineTerminalContract/retry\n"}
{"Time":"2026-09-12T12:16:03.411210697-07:00","Action":"output","Package":"github.com/JDinSeattle/forge-runtime/scripts/faults/application","Test":"TestStrictLogsL4RecoveryOfflineTerminalContract/retry","Output":"--- PASS: TestStrictLogsL4RecoveryOfflineTerminalContract/retry (0.00s)\n"}
{"Time":"2026-09-12T12:16:03.411215533-07:00","Action":"pass","Package":"github.com/JDinSeattle/forge-runtime/scripts/faults/application","Test":"TestStrictLogsL4RecoveryOfflineTerminalContract/retry","Elapsed":0}
{"Time":"2026-09-12T12:16:03.411224517-07:00","Action":"run","Package":"github.com/JDinSeattle/forge-runtime/scripts/faults/application","Test":"TestStrictLogsL4RecoveryOfflineTerminalContract/trusted"}
{"Time":"2026-09-12T12:16:03.411225657-07:00","Action":"output","Package":"github.com/JDinSeattle/forge-runtime/scripts/faults/application","Test":"TestStrictLogsL4RecoveryOfflineTerminalContract/trusted","Output":"=== RUN   TestStrictLogsL4RecoveryOfflineTerminalContract/trusted\n"}
{"Time":"2026-09-12T12:16:03.411241148-07:00","Action":"output","Package":"github.com/JDinSeattle/forge-runtime/scripts/faults/application","Test":"TestStrictLogsL4RecoveryOfflineTerminalContract/trusted","Output":"--- PASS: TestStrictLogsL4RecoveryOfflineTerminalContract/trusted (0.00s)\n"}
{"Time":"2026-09-12T12:16:03.411245988-07:00","Action":"pass","Package":"github.com/JDinSeattle/forge-runtime/scripts/faults/application","Test":"TestStrictLogsL4RecoveryOfflineTerminalContract/trusted","Elapsed":0}
{"Time":"2026-09-12T12:16:03.411251943-07:00","Action":"run","Package":"github.com/JDinSeattle/forge-runtime/scripts/faults/application","Test":"TestStrictLogsL4RecoveryOfflineTerminalContract/unknown"}
{"Time":"2026-09-12T12:16:03.411253002-07:00","Action":"output","Package":"github.com/JDinSeattle/forge-runtime/scripts/faults/application","Test":"TestStrictLogsL4RecoveryOfflineTerminalContract/unknown","Output":"=== RUN   TestStrictLogsL4RecoveryOfflineTerminalContract/unknown\n"}
{"Time":"2026-09-12T12:16:03.411269549-07:00","Action":"output","Package":"github.com/JDinSeattle/forge-runtime/scripts/faults/application","Test":"TestStrictLogsL4RecoveryOfflineTerminalContract/unknown","Output":"--- PASS: TestStrictLogsL4RecoveryOfflineTerminalContract/unknown (0.00s)\n"}
{"Time":"2026-09-12T12:16:03.411275548-07:00","Action":"pass","Package":"github.com/JDinSeattle/forge-runtime/scripts/faults/application","Test":"TestStrictLogsL4RecoveryOfflineTerminalContract/unknown","Elapsed":0}
{"Time":"2026-09-12T12:16:03.41128083-07:00","Action":"run","Package":"github.com/JDinSeattle/forge-runtime/scripts/faults/application","Test":"TestStrictLogsL4RecoveryOfflineTerminalContract/not_terminal"}
{"Time":"2026-09-12T12:16:03.411282622-07:00","Action":"output","Package":"github.com/JDinSeattle/forge-runtime/scripts/faults/application","Test":"TestStrictLogsL4RecoveryOfflineTerminalContract/not_terminal","Output":"=== RUN   TestStrictLogsL4RecoveryOfflineTerminalContract/not_terminal\n"}
{"Time":"2026-09-12T12:16:03.411296725-07:00","Action":"output","Package":"github.com/JDinSeattle/forge-runtime/scripts/faults/application","Test":"TestStrictLogsL4RecoveryOfflineTerminalContract/not_terminal","Output":"--- PASS: TestStrictLogsL4RecoveryOfflineTerminalContract/not_terminal (0.00s)\n"}
{"Time":"2026-09-12T12:16:03.411302104-07:00","Action":"pass","Package":"github.com/JDinSeattle/forge-runtime/scripts/faults/application","Test":"TestStrictLogsL4RecoveryOfflineTerminalContract/not_terminal","Elapsed":0}
{"Time":"2026-09-12T12:16:03.411311069-07:00","Action":"output","Package":"github.com/JDinSeattle/forge-runtime/scripts/faults/application","Test":"TestStrictLogsL4RecoveryOfflineTerminalContract","Output":"--- PASS: TestStrictLogsL4RecoveryOfflineTerminalContract (0.00s)\n"}
{"Time":"2026-09-12T12:16:03.411316522-07:00","Action":"pass","Package":"github.com/JDinSeattle/forge-runtime/scripts/faults/application","Test":"TestStrictLogsL4RecoveryOfflineTerminalContract","Elapsed":0}
{"Time":"2026-09-12T12:16:03.411323449-07:00","Action":"run","Package":"github.com/JDinSeattle/forge-runtime/scripts/faults/application","Test":"TestStrictLogsL4Recovery"}
{"Time":"2026-09-12T12:16:03.411324843-07:00","Action":"output","Package":"github.com/JDinSeattle/forge-runtime/scripts/faults/application","Test":"TestStrictLogsL4Recovery","Output":"=== RUN   TestStrictLogsL4Recovery\n"}
{"Time":"2026-09-12T12:16:03.41135089-07:00","Action":"output","Package":"github.com/JDinSeattle/forge-runtime/scripts/faults/application","Test":"TestStrictLogsL4Recovery","Output":"    strict_logs_l4_recovery_test.go:109: operator-only retained L4 recovery; requires independent review and explicit dedicated fixture\n"}
{"Time":"2026-09-12T12:16:03.411361324-07:00","Action":"output","Package":"github.com/JDinSeattle/forge-runtime/scripts/faults/application","Test":"TestStrictLogsL4Recovery","Output":"--- SKIP: TestStrictLogsL4Recovery (0.00s)\n"}
{"Time":"2026-09-12T12:16:03.411368048-07:00","Action":"skip","Package":"github.com/JDinSeattle/forge-runtime/scripts/faults/application","Test":"TestStrictLogsL4Recovery","Elapsed":0}
{"Time":"2026-09-12T12:16:03.411411189-07:00","Action":"output","Package":"github.com/JDinSeattle/forge-runtime/scripts/faults/application","Output":"PASS\n"}
{"Time":"2026-09-12T12:16:04.42170871-07:00","Action":"output","Package":"github.com/JDinSeattle/forge-runtime/scripts/faults/application","Output":"ok  \tgithub.com/JDinSeattle/forge-runtime/scripts/faults/application\t6.368s\n"}
{"Time":"2026-09-12T12:16:04.421733105-07:00","Action":"pass","Package":"github.com/JDinSeattle/forge-runtime/scripts/faults/application","Elapsed":6.369}
