=== RUN   TestStrictLogsOfflineOracle
=== RUN   TestStrictLogsOfflineOracle/wrong_hash
=== RUN   TestStrictLogsOfflineOracle/gap_with_exact_count
=== RUN   TestStrictLogsOfflineOracle/forged_success
=== RUN   TestStrictLogsOfflineOracle/seen_mismatch
=== RUN   TestStrictLogsOfflineOracle/missing_stop
=== RUN   TestStrictLogsOfflineOracle/wrong_receipt_run
=== RUN   TestStrictLogsOfflineOracle/wrong_artifact_tenant
--- PASS: TestStrictLogsOfflineOracle (0.00s)
    --- PASS: TestStrictLogsOfflineOracle/wrong_hash (0.00s)
    --- PASS: TestStrictLogsOfflineOracle/gap_with_exact_count (0.00s)
    --- PASS: TestStrictLogsOfflineOracle/forged_success (0.00s)
    --- PASS: TestStrictLogsOfflineOracle/seen_mismatch (0.00s)
    --- PASS: TestStrictLogsOfflineOracle/missing_stop (0.00s)
    --- PASS: TestStrictLogsOfflineOracle/wrong_receipt_run (0.00s)
    --- PASS: TestStrictLogsOfflineOracle/wrong_artifact_tenant (0.00s)
=== RUN   TestStrictLogsOfflinePreflight
=== RUN   TestStrictLogsOfflinePreflight/shared_pool
=== RUN   TestStrictLogsOfflinePreflight/shared_journal
=== RUN   TestStrictLogsOfflinePreflight/unbounded_profile
=== RUN   TestStrictLogsOfflinePreflight/wrong_daemon
=== RUN   TestStrictLogsOfflinePreflight/rebound_source
=== RUN   TestStrictLogsOfflinePreflight/foreign_binary
=== RUN   TestStrictLogsOfflinePreflight/three_slots
=== RUN   TestStrictLogsOfflinePreflight/fake_backend
=== RUN   TestStrictLogsOfflinePreflight/wrong_oracle
=== RUN   TestStrictLogsOfflinePreflight/weaker_default_quota
--- PASS: TestStrictLogsOfflinePreflight (0.00s)
    --- PASS: TestStrictLogsOfflinePreflight/shared_pool (0.00s)
    --- PASS: TestStrictLogsOfflinePreflight/shared_journal (0.00s)
    --- PASS: TestStrictLogsOfflinePreflight/unbounded_profile (0.00s)
    --- PASS: TestStrictLogsOfflinePreflight/wrong_daemon (0.00s)
    --- PASS: TestStrictLogsOfflinePreflight/rebound_source (0.00s)
    --- PASS: TestStrictLogsOfflinePreflight/foreign_binary (0.00s)
    --- PASS: TestStrictLogsOfflinePreflight/three_slots (0.00s)
    --- PASS: TestStrictLogsOfflinePreflight/fake_backend (0.00s)
    --- PASS: TestStrictLogsOfflinePreflight/wrong_oracle (0.00s)
    --- PASS: TestStrictLogsOfflinePreflight/weaker_default_quota (0.00s)
=== RUN   TestStrictLogsDurableBindingOracle
=== RUN   TestStrictLogsDurableBindingOracle/tenant_id
=== RUN   TestStrictLogsDurableBindingOracle/run_id
=== RUN   TestStrictLogsDurableBindingOracle/status
=== RUN   TestStrictLogsDurableBindingOracle/job_id
=== RUN   TestStrictLogsDurableBindingOracle/before_hash
=== RUN   TestStrictLogsDurableBindingOracle/after_hash
=== RUN   TestStrictLogsDurableBindingOracle/after_revision
=== RUN   TestStrictLogsDurableBindingOracle/result_json
=== RUN   TestStrictLogsDurableBindingOracle/request_json
=== RUN   TestStrictLogsDurableBindingOracle/receipt_json
--- PASS: TestStrictLogsDurableBindingOracle (0.00s)
    --- PASS: TestStrictLogsDurableBindingOracle/tenant_id (0.00s)
    --- PASS: TestStrictLogsDurableBindingOracle/run_id (0.00s)
    --- PASS: TestStrictLogsDurableBindingOracle/status (0.00s)
    --- PASS: TestStrictLogsDurableBindingOracle/job_id (0.00s)
    --- PASS: TestStrictLogsDurableBindingOracle/before_hash (0.00s)
    --- PASS: TestStrictLogsDurableBindingOracle/after_hash (0.00s)
    --- PASS: TestStrictLogsDurableBindingOracle/after_revision (0.00s)
    --- PASS: TestStrictLogsDurableBindingOracle/result_json (0.00s)
    --- PASS: TestStrictLogsDurableBindingOracle/request_json (0.00s)
    --- PASS: TestStrictLogsDurableBindingOracle/receipt_json (0.00s)
=== RUN   TestStrictLogsSignalHistoryOracle
=== RUN   TestStrictLogsSignalHistoryOracle/nonnumeric_ticks
=== RUN   TestStrictLogsSignalHistoryOracle/wrong_ticks
=== RUN   TestStrictLogsSignalHistoryOracle/numeric_type_ticks
=== RUN   TestStrictLogsSignalHistoryOracle/replacement_PID
=== RUN   TestStrictLogsSignalHistoryOracle/fractional_PID
=== RUN   TestStrictLogsSignalHistoryOracle/argv_change
=== RUN   TestStrictLogsSignalHistoryOracle/missing_exit_code
=== RUN   TestStrictLogsSignalHistoryOracle/missing_ticks
--- PASS: TestStrictLogsSignalHistoryOracle (0.00s)
    --- PASS: TestStrictLogsSignalHistoryOracle/nonnumeric_ticks (0.00s)
    --- PASS: TestStrictLogsSignalHistoryOracle/wrong_ticks (0.00s)
    --- PASS: TestStrictLogsSignalHistoryOracle/numeric_type_ticks (0.00s)
    --- PASS: TestStrictLogsSignalHistoryOracle/replacement_PID (0.00s)
    --- PASS: TestStrictLogsSignalHistoryOracle/fractional_PID (0.00s)
    --- PASS: TestStrictLogsSignalHistoryOracle/argv_change (0.00s)
    --- PASS: TestStrictLogsSignalHistoryOracle/missing_exit_code (0.00s)
    --- PASS: TestStrictLogsSignalHistoryOracle/missing_ticks (0.00s)
=== RUN   TestStrictLogsClaimHistoryOracle
=== RUN   TestStrictLogsClaimHistoryOracle/summary_lease_changed
=== RUN   TestStrictLogsClaimHistoryOracle/summary_claim_changed
=== RUN   TestStrictLogsClaimHistoryOracle/both_summaries_moved
=== RUN   TestStrictLogsClaimHistoryOracle/live_claim_changed
=== RUN   TestStrictLogsClaimHistoryOracle/historical_claim_changed
=== RUN   TestStrictLogsClaimHistoryOracle/prior_epoch_changed
--- PASS: TestStrictLogsClaimHistoryOracle (0.00s)
    --- PASS: TestStrictLogsClaimHistoryOracle/summary_lease_changed (0.00s)
    --- PASS: TestStrictLogsClaimHistoryOracle/summary_claim_changed (0.00s)
    --- PASS: TestStrictLogsClaimHistoryOracle/both_summaries_moved (0.00s)
    --- PASS: TestStrictLogsClaimHistoryOracle/live_claim_changed (0.00s)
    --- PASS: TestStrictLogsClaimHistoryOracle/historical_claim_changed (0.00s)
    --- PASS: TestStrictLogsClaimHistoryOracle/prior_epoch_changed (0.00s)
=== RUN   TestStrictLogsPauseControlOracle
=== RUN   TestStrictLogsPauseControlOracle/missing_tick
=== RUN   TestStrictLogsPauseControlOracle/replacement_PID
=== RUN   TestStrictLogsPauseControlOracle/new_start
=== RUN   TestStrictLogsPauseControlOracle/changed_executable
=== RUN   TestStrictLogsPauseControlOracle/changed_arguments
--- PASS: TestStrictLogsPauseControlOracle (0.00s)
    --- PASS: TestStrictLogsPauseControlOracle/missing_tick (0.00s)
    --- PASS: TestStrictLogsPauseControlOracle/replacement_PID (0.00s)
    --- PASS: TestStrictLogsPauseControlOracle/new_start (0.00s)
    --- PASS: TestStrictLogsPauseControlOracle/changed_executable (0.00s)
    --- PASS: TestStrictLogsPauseControlOracle/changed_arguments (0.00s)
=== RUN   TestStrictLogsPauseSignalOrdering
--- PASS: TestStrictLogsPauseSignalOrdering (0.00s)
=== RUN   TestLifecycleAbortOracleControlOnly
--- PASS: TestLifecycleAbortOracleControlOnly (0.00s)
=== RUN   TestLifecycleAbortOracleRejectsUnexpectedState
=== RUN   TestLifecycleAbortOracleRejectsUnexpectedState/cleanup
=== RUN   TestLifecycleAbortOracleRejectsUnexpectedState/reserved_runner
=== RUN   TestLifecycleAbortOracleRejectsUnexpectedState/lease_owner
=== RUN   TestLifecycleAbortOracleRejectsUnexpectedState/execution_step
=== RUN   TestLifecycleAbortOracleRejectsUnexpectedState/state_column
=== RUN   TestLifecycleAbortOracleRejectsUnexpectedState/deadline_extension
=== RUN   TestLifecycleAbortOracleRejectsUnexpectedState/runner
=== RUN   TestLifecycleAbortOracleRejectsUnexpectedState/snapshot_lease
=== RUN   TestLifecycleAbortOracleRejectsUnexpectedState/version_column
=== RUN   TestLifecycleAbortOracleRejectsUnexpectedState/lease_until
=== RUN   TestLifecycleAbortOracleRejectsUnexpectedState/workspace
=== RUN   TestLifecycleAbortOracleRejectsUnexpectedState/snapshot_effect
=== RUN   TestLifecycleAbortOracleRejectsUnexpectedState/wrong_stop_target
=== RUN   TestLifecycleAbortOracleRejectsUnexpectedState/false_zero_steps
=== RUN   TestLifecycleAbortOracleRejectsUnexpectedState/snapshot_rewritten
=== RUN   TestLifecycleAbortOracleRejectsUnexpectedState/model
=== RUN   TestLifecycleAbortOracleRejectsUnexpectedState/second_run
=== RUN   TestLifecycleAbortOracleRejectsUnexpectedState/execute_command
=== RUN   TestLifecycleAbortOracleRejectsUnexpectedState/event_missing
=== RUN   TestLifecycleAbortOracleRejectsUnexpectedState/premature_terminal
=== RUN   TestLifecycleAbortOracleRejectsUnexpectedState/dropped_stop
=== RUN   TestLifecycleAbortOracleRejectsUnexpectedState/capacity
=== RUN   TestLifecycleAbortOracleRejectsUnexpectedState/lease_epoch
=== RUN   TestLifecycleAbortOracleRejectsUnexpectedState/event_replaced
=== RUN   TestLifecycleAbortOracleRejectsUnexpectedState/effects
=== RUN   TestLifecycleAbortOracleRejectsUnexpectedState/quota
=== RUN   TestLifecycleAbortOracleRejectsUnexpectedState/artifact
=== RUN   TestLifecycleAbortOracleRejectsUnexpectedState/allocation
=== RUN   TestLifecycleAbortOracleRejectsUnexpectedState/missing_count
--- PASS: TestLifecycleAbortOracleRejectsUnexpectedState (0.00s)
    --- PASS: TestLifecycleAbortOracleRejectsUnexpectedState/cleanup (0.00s)
    --- PASS: TestLifecycleAbortOracleRejectsUnexpectedState/reserved_runner (0.00s)
    --- PASS: TestLifecycleAbortOracleRejectsUnexpectedState/lease_owner (0.00s)
    --- PASS: TestLifecycleAbortOracleRejectsUnexpectedState/execution_step (0.00s)
    --- PASS: TestLifecycleAbortOracleRejectsUnexpectedState/state_column (0.00s)
    --- PASS: TestLifecycleAbortOracleRejectsUnexpectedState/deadline_extension (0.00s)
    --- PASS: TestLifecycleAbortOracleRejectsUnexpectedState/runner (0.00s)
    --- PASS: TestLifecycleAbortOracleRejectsUnexpectedState/snapshot_lease (0.00s)
    --- PASS: TestLifecycleAbortOracleRejectsUnexpectedState/version_column (0.00s)
    --- PASS: TestLifecycleAbortOracleRejectsUnexpectedState/lease_until (0.00s)
    --- PASS: TestLifecycleAbortOracleRejectsUnexpectedState/workspace (0.00s)
    --- PASS: TestLifecycleAbortOracleRejectsUnexpectedState/snapshot_effect (0.00s)
    --- PASS: TestLifecycleAbortOracleRejectsUnexpectedState/wrong_stop_target (0.00s)
    --- PASS: TestLifecycleAbortOracleRejectsUnexpectedState/false_zero_steps (0.00s)
    --- PASS: TestLifecycleAbortOracleRejectsUnexpectedState/snapshot_rewritten (0.00s)
    --- PASS: TestLifecycleAbortOracleRejectsUnexpectedState/model (0.00s)
    --- PASS: TestLifecycleAbortOracleRejectsUnexpectedState/second_run (0.00s)
    --- PASS: TestLifecycleAbortOracleRejectsUnexpectedState/execute_command (0.00s)
    --- PASS: TestLifecycleAbortOracleRejectsUnexpectedState/event_missing (0.00s)
    --- PASS: TestLifecycleAbortOracleRejectsUnexpectedState/premature_terminal (0.00s)
    --- PASS: TestLifecycleAbortOracleRejectsUnexpectedState/dropped_stop (0.00s)
    --- PASS: TestLifecycleAbortOracleRejectsUnexpectedState/capacity (0.00s)
    --- PASS: TestLifecycleAbortOracleRejectsUnexpectedState/lease_epoch (0.00s)
    --- PASS: TestLifecycleAbortOracleRejectsUnexpectedState/event_replaced (0.00s)
    --- PASS: TestLifecycleAbortOracleRejectsUnexpectedState/effects (0.00s)
    --- PASS: TestLifecycleAbortOracleRejectsUnexpectedState/quota (0.00s)
    --- PASS: TestLifecycleAbortOracleRejectsUnexpectedState/artifact (0.00s)
    --- PASS: TestLifecycleAbortOracleRejectsUnexpectedState/allocation (0.00s)
    --- PASS: TestLifecycleAbortOracleRejectsUnexpectedState/missing_count (0.00s)
=== RUN   TestLifecycleAbortHistoryIsAppendOnly
=== RUN   TestLifecycleAbortHistoryIsAppendOnly/immutable
=== RUN   TestLifecycleAbortHistoryIsAppendOnly/event
=== RUN   TestLifecycleAbortHistoryIsAppendOnly/snapshot
--- PASS: TestLifecycleAbortHistoryIsAppendOnly (0.00s)
    --- PASS: TestLifecycleAbortHistoryIsAppendOnly/immutable (0.00s)
    --- PASS: TestLifecycleAbortHistoryIsAppendOnly/event (0.00s)
    --- PASS: TestLifecycleAbortHistoryIsAppendOnly/snapshot (0.00s)
=== RUN   TestLifecycleExplicitAttemptAndBinaryRouting
--- PASS: TestLifecycleExplicitAttemptAndBinaryRouting (0.00s)
=== RUN   TestWorkerRunnerSIGTERMPreflight
=== RUN   TestWorkerRunnerSIGTERMPreflight/literal_parent_escape
=== RUN   TestWorkerRunnerSIGTERMPreflight/literal_child_escape
--- PASS: TestWorkerRunnerSIGTERMPreflight (0.13s)
    --- PASS: TestWorkerRunnerSIGTERMPreflight/literal_parent_escape (0.06s)
    --- PASS: TestWorkerRunnerSIGTERMPreflight/literal_child_escape (0.06s)
=== RUN   TestWorkerRunnerSIGTERMRejectsSharedState
=== RUN   TestWorkerRunnerSIGTERMRejectsSharedState/demo_pool
=== RUN   TestWorkerRunnerSIGTERMRejectsSharedState/recovery_pool
=== RUN   TestWorkerRunnerSIGTERMRejectsSharedState/foreign_journal
=== RUN   TestWorkerRunnerSIGTERMRejectsSharedState/fake_backend
=== RUN   TestWorkerRunnerSIGTERMRejectsSharedState/zero_log_cap
=== RUN   TestWorkerRunnerSIGTERMRejectsSharedState/unbounded_profile
=== RUN   TestWorkerRunnerSIGTERMRejectsSharedState/wrong_grader
=== RUN   TestWorkerRunnerSIGTERMRejectsSharedState/tcp_runner
=== RUN   TestWorkerRunnerSIGTERMRejectsSharedState/wrong_binary_digest
--- PASS: TestWorkerRunnerSIGTERMRejectsSharedState (0.00s)
    --- PASS: TestWorkerRunnerSIGTERMRejectsSharedState/demo_pool (0.00s)
    --- PASS: TestWorkerRunnerSIGTERMRejectsSharedState/recovery_pool (0.00s)
    --- PASS: TestWorkerRunnerSIGTERMRejectsSharedState/foreign_journal (0.00s)
    --- PASS: TestWorkerRunnerSIGTERMRejectsSharedState/fake_backend (0.00s)
    --- PASS: TestWorkerRunnerSIGTERMRejectsSharedState/zero_log_cap (0.00s)
    --- PASS: TestWorkerRunnerSIGTERMRejectsSharedState/unbounded_profile (0.00s)
    --- PASS: TestWorkerRunnerSIGTERMRejectsSharedState/wrong_grader (0.00s)
    --- PASS: TestWorkerRunnerSIGTERMRejectsSharedState/tcp_runner (0.00s)
    --- PASS: TestWorkerRunnerSIGTERMRejectsSharedState/wrong_binary_digest (0.00s)
PASS
ok  	github.com/JDinSeattle/forge-runtime/scripts/faults/application	0.143s
