{"Time":"2026-09-11T21:40:12.949988972-07:00","Action":"start","Package":"github.com/JDinSeattle/forge-runtime/scripts/faults/application"}
{"Time":"2026-09-11T21:40:12.960218646-07:00","Action":"run","Package":"github.com/JDinSeattle/forge-runtime/scripts/faults/application","Test":"TestStrictLogsOfflineOracle"}
{"Time":"2026-09-11T21:40:12.960245463-07:00","Action":"output","Package":"github.com/JDinSeattle/forge-runtime/scripts/faults/application","Test":"TestStrictLogsOfflineOracle","Output":"=== RUN   TestStrictLogsOfflineOracle\n"}
{"Time":"2026-09-11T21:40:12.960365379-07:00","Action":"run","Package":"github.com/JDinSeattle/forge-runtime/scripts/faults/application","Test":"TestStrictLogsOfflineOracle/forged_success"}
{"Time":"2026-09-11T21:40:12.960369061-07:00","Action":"output","Package":"github.com/JDinSeattle/forge-runtime/scripts/faults/application","Test":"TestStrictLogsOfflineOracle/forged_success","Output":"=== RUN   TestStrictLogsOfflineOracle/forged_success\n"}
{"Time":"2026-09-11T21:40:12.960409807-07:00","Action":"output","Package":"github.com/JDinSeattle/forge-runtime/scripts/faults/application","Test":"TestStrictLogsOfflineOracle/forged_success","Output":"--- PASS: TestStrictLogsOfflineOracle/forged_success (0.00s)\n"}
{"Time":"2026-09-11T21:40:12.960415352-07:00","Action":"pass","Package":"github.com/JDinSeattle/forge-runtime/scripts/faults/application","Test":"TestStrictLogsOfflineOracle/forged_success","Elapsed":0}
{"Time":"2026-09-11T21:40:12.960419737-07:00","Action":"run","Package":"github.com/JDinSeattle/forge-runtime/scripts/faults/application","Test":"TestStrictLogsOfflineOracle/seen_mismatch"}
{"Time":"2026-09-11T21:40:12.960421852-07:00","Action":"output","Package":"github.com/JDinSeattle/forge-runtime/scripts/faults/application","Test":"TestStrictLogsOfflineOracle/seen_mismatch","Output":"=== RUN   TestStrictLogsOfflineOracle/seen_mismatch\n"}
{"Time":"2026-09-11T21:40:12.960449485-07:00","Action":"output","Package":"github.com/JDinSeattle/forge-runtime/scripts/faults/application","Test":"TestStrictLogsOfflineOracle/seen_mismatch","Output":"--- PASS: TestStrictLogsOfflineOracle/seen_mismatch (0.00s)\n"}
{"Time":"2026-09-11T21:40:12.960452553-07:00","Action":"pass","Package":"github.com/JDinSeattle/forge-runtime/scripts/faults/application","Test":"TestStrictLogsOfflineOracle/seen_mismatch","Elapsed":0}
{"Time":"2026-09-11T21:40:12.960465134-07:00","Action":"run","Package":"github.com/JDinSeattle/forge-runtime/scripts/faults/application","Test":"TestStrictLogsOfflineOracle/missing_stop"}
{"Time":"2026-09-11T21:40:12.960467878-07:00","Action":"output","Package":"github.com/JDinSeattle/forge-runtime/scripts/faults/application","Test":"TestStrictLogsOfflineOracle/missing_stop","Output":"=== RUN   TestStrictLogsOfflineOracle/missing_stop\n"}
{"Time":"2026-09-11T21:40:12.960490654-07:00","Action":"output","Package":"github.com/JDinSeattle/forge-runtime/scripts/faults/application","Test":"TestStrictLogsOfflineOracle/missing_stop","Output":"--- PASS: TestStrictLogsOfflineOracle/missing_stop (0.00s)\n"}
{"Time":"2026-09-11T21:40:12.960493555-07:00","Action":"pass","Package":"github.com/JDinSeattle/forge-runtime/scripts/faults/application","Test":"TestStrictLogsOfflineOracle/missing_stop","Elapsed":0}
{"Time":"2026-09-11T21:40:12.960496669-07:00","Action":"run","Package":"github.com/JDinSeattle/forge-runtime/scripts/faults/application","Test":"TestStrictLogsOfflineOracle/wrong_receipt_run"}
{"Time":"2026-09-11T21:40:12.960498942-07:00","Action":"output","Package":"github.com/JDinSeattle/forge-runtime/scripts/faults/application","Test":"TestStrictLogsOfflineOracle/wrong_receipt_run","Output":"=== RUN   TestStrictLogsOfflineOracle/wrong_receipt_run\n"}
{"Time":"2026-09-11T21:40:12.960516492-07:00","Action":"output","Package":"github.com/JDinSeattle/forge-runtime/scripts/faults/application","Test":"TestStrictLogsOfflineOracle/wrong_receipt_run","Output":"--- PASS: TestStrictLogsOfflineOracle/wrong_receipt_run (0.00s)\n"}
{"Time":"2026-09-11T21:40:12.960519476-07:00","Action":"pass","Package":"github.com/JDinSeattle/forge-runtime/scripts/faults/application","Test":"TestStrictLogsOfflineOracle/wrong_receipt_run","Elapsed":0}
{"Time":"2026-09-11T21:40:12.960528812-07:00","Action":"run","Package":"github.com/JDinSeattle/forge-runtime/scripts/faults/application","Test":"TestStrictLogsOfflineOracle/wrong_artifact_tenant"}
{"Time":"2026-09-11T21:40:12.960531172-07:00","Action":"output","Package":"github.com/JDinSeattle/forge-runtime/scripts/faults/application","Test":"TestStrictLogsOfflineOracle/wrong_artifact_tenant","Output":"=== RUN   TestStrictLogsOfflineOracle/wrong_artifact_tenant\n"}
{"Time":"2026-09-11T21:40:12.960546641-07:00","Action":"output","Package":"github.com/JDinSeattle/forge-runtime/scripts/faults/application","Test":"TestStrictLogsOfflineOracle/wrong_artifact_tenant","Output":"--- PASS: TestStrictLogsOfflineOracle/wrong_artifact_tenant (0.00s)\n"}
{"Time":"2026-09-11T21:40:12.960549543-07:00","Action":"pass","Package":"github.com/JDinSeattle/forge-runtime/scripts/faults/application","Test":"TestStrictLogsOfflineOracle/wrong_artifact_tenant","Elapsed":0}
{"Time":"2026-09-11T21:40:12.9605535-07:00","Action":"run","Package":"github.com/JDinSeattle/forge-runtime/scripts/faults/application","Test":"TestStrictLogsOfflineOracle/wrong_hash"}
{"Time":"2026-09-11T21:40:12.960555548-07:00","Action":"output","Package":"github.com/JDinSeattle/forge-runtime/scripts/faults/application","Test":"TestStrictLogsOfflineOracle/wrong_hash","Output":"=== RUN   TestStrictLogsOfflineOracle/wrong_hash\n"}
{"Time":"2026-09-11T21:40:12.960577067-07:00","Action":"output","Package":"github.com/JDinSeattle/forge-runtime/scripts/faults/application","Test":"TestStrictLogsOfflineOracle/wrong_hash","Output":"--- PASS: TestStrictLogsOfflineOracle/wrong_hash (0.00s)\n"}
{"Time":"2026-09-11T21:40:12.960579925-07:00","Action":"pass","Package":"github.com/JDinSeattle/forge-runtime/scripts/faults/application","Test":"TestStrictLogsOfflineOracle/wrong_hash","Elapsed":0}
{"Time":"2026-09-11T21:40:12.960582845-07:00","Action":"run","Package":"github.com/JDinSeattle/forge-runtime/scripts/faults/application","Test":"TestStrictLogsOfflineOracle/gap_with_exact_count"}
{"Time":"2026-09-11T21:40:12.960584812-07:00","Action":"output","Package":"github.com/JDinSeattle/forge-runtime/scripts/faults/application","Test":"TestStrictLogsOfflineOracle/gap_with_exact_count","Output":"=== RUN   TestStrictLogsOfflineOracle/gap_with_exact_count\n"}
{"Time":"2026-09-11T21:40:12.96060762-07:00","Action":"output","Package":"github.com/JDinSeattle/forge-runtime/scripts/faults/application","Test":"TestStrictLogsOfflineOracle/gap_with_exact_count","Output":"--- PASS: TestStrictLogsOfflineOracle/gap_with_exact_count (0.00s)\n"}
{"Time":"2026-09-11T21:40:12.960610559-07:00","Action":"pass","Package":"github.com/JDinSeattle/forge-runtime/scripts/faults/application","Test":"TestStrictLogsOfflineOracle/gap_with_exact_count","Elapsed":0}
{"Time":"2026-09-11T21:40:12.960614548-07:00","Action":"output","Package":"github.com/JDinSeattle/forge-runtime/scripts/faults/application","Test":"TestStrictLogsOfflineOracle","Output":"--- PASS: TestStrictLogsOfflineOracle (0.00s)\n"}
{"Time":"2026-09-11T21:40:12.960617697-07:00","Action":"pass","Package":"github.com/JDinSeattle/forge-runtime/scripts/faults/application","Test":"TestStrictLogsOfflineOracle","Elapsed":0}
{"Time":"2026-09-11T21:40:12.960620615-07:00","Action":"run","Package":"github.com/JDinSeattle/forge-runtime/scripts/faults/application","Test":"TestStrictLogsOfflinePreflight"}
{"Time":"2026-09-11T21:40:12.960622589-07:00","Action":"output","Package":"github.com/JDinSeattle/forge-runtime/scripts/faults/application","Test":"TestStrictLogsOfflinePreflight","Output":"=== RUN   TestStrictLogsOfflinePreflight\n"}
{"Time":"2026-09-11T21:40:12.960661117-07:00","Action":"run","Package":"github.com/JDinSeattle/forge-runtime/scripts/faults/application","Test":"TestStrictLogsOfflinePreflight/shared_journal"}
{"Time":"2026-09-11T21:40:12.960663695-07:00","Action":"output","Package":"github.com/JDinSeattle/forge-runtime/scripts/faults/application","Test":"TestStrictLogsOfflinePreflight/shared_journal","Output":"=== RUN   TestStrictLogsOfflinePreflight/shared_journal\n"}
{"Time":"2026-09-11T21:40:12.960693872-07:00","Action":"output","Package":"github.com/JDinSeattle/forge-runtime/scripts/faults/application","Test":"TestStrictLogsOfflinePreflight/shared_journal","Output":"--- PASS: TestStrictLogsOfflinePreflight/shared_journal (0.00s)\n"}
{"Time":"2026-09-11T21:40:12.960697827-07:00","Action":"pass","Package":"github.com/JDinSeattle/forge-runtime/scripts/faults/application","Test":"TestStrictLogsOfflinePreflight/shared_journal","Elapsed":0}
{"Time":"2026-09-11T21:40:12.960700282-07:00","Action":"run","Package":"github.com/JDinSeattle/forge-runtime/scripts/faults/application","Test":"TestStrictLogsOfflinePreflight/three_slots"}
{"Time":"2026-09-11T21:40:12.960702187-07:00","Action":"output","Package":"github.com/JDinSeattle/forge-runtime/scripts/faults/application","Test":"TestStrictLogsOfflinePreflight/three_slots","Output":"=== RUN   TestStrictLogsOfflinePreflight/three_slots\n"}
{"Time":"2026-09-11T21:40:12.960721325-07:00","Action":"output","Package":"github.com/JDinSeattle/forge-runtime/scripts/faults/application","Test":"TestStrictLogsOfflinePreflight/three_slots","Output":"--- PASS: TestStrictLogsOfflinePreflight/three_slots (0.00s)\n"}
{"Time":"2026-09-11T21:40:12.960724253-07:00","Action":"pass","Package":"github.com/JDinSeattle/forge-runtime/scripts/faults/application","Test":"TestStrictLogsOfflinePreflight/three_slots","Elapsed":0}
{"Time":"2026-09-11T21:40:12.960727169-07:00","Action":"run","Package":"github.com/JDinSeattle/forge-runtime/scripts/faults/application","Test":"TestStrictLogsOfflinePreflight/unbounded_profile"}
{"Time":"2026-09-11T21:40:12.960729168-07:00","Action":"output","Package":"github.com/JDinSeattle/forge-runtime/scripts/faults/application","Test":"TestStrictLogsOfflinePreflight/unbounded_profile","Output":"=== RUN   TestStrictLogsOfflinePreflight/unbounded_profile\n"}
{"Time":"2026-09-11T21:40:12.960743977-07:00","Action":"output","Package":"github.com/JDinSeattle/forge-runtime/scripts/faults/application","Test":"TestStrictLogsOfflinePreflight/unbounded_profile","Output":"--- PASS: TestStrictLogsOfflinePreflight/unbounded_profile (0.00s)\n"}
{"Time":"2026-09-11T21:40:12.960746961-07:00","Action":"pass","Package":"github.com/JDinSeattle/forge-runtime/scripts/faults/application","Test":"TestStrictLogsOfflinePreflight/unbounded_profile","Elapsed":0}
{"Time":"2026-09-11T21:40:12.960749914-07:00","Action":"run","Package":"github.com/JDinSeattle/forge-runtime/scripts/faults/application","Test":"TestStrictLogsOfflinePreflight/wrong_daemon"}
{"Time":"2026-09-11T21:40:12.960751883-07:00","Action":"output","Package":"github.com/JDinSeattle/forge-runtime/scripts/faults/application","Test":"TestStrictLogsOfflinePreflight/wrong_daemon","Output":"=== RUN   TestStrictLogsOfflinePreflight/wrong_daemon\n"}
{"Time":"2026-09-11T21:40:12.960764622-07:00","Action":"output","Package":"github.com/JDinSeattle/forge-runtime/scripts/faults/application","Test":"TestStrictLogsOfflinePreflight/wrong_daemon","Output":"--- PASS: TestStrictLogsOfflinePreflight/wrong_daemon (0.00s)\n"}
{"Time":"2026-09-11T21:40:12.960767412-07:00","Action":"pass","Package":"github.com/JDinSeattle/forge-runtime/scripts/faults/application","Test":"TestStrictLogsOfflinePreflight/wrong_daemon","Elapsed":0}
{"Time":"2026-09-11T21:40:12.960770315-07:00","Action":"run","Package":"github.com/JDinSeattle/forge-runtime/scripts/faults/application","Test":"TestStrictLogsOfflinePreflight/rebound_source"}
{"Time":"2026-09-11T21:40:12.960772303-07:00","Action":"output","Package":"github.com/JDinSeattle/forge-runtime/scripts/faults/application","Test":"TestStrictLogsOfflinePreflight/rebound_source","Output":"=== RUN   TestStrictLogsOfflinePreflight/rebound_source\n"}
{"Time":"2026-09-11T21:40:12.960785215-07:00","Action":"output","Package":"github.com/JDinSeattle/forge-runtime/scripts/faults/application","Test":"TestStrictLogsOfflinePreflight/rebound_source","Output":"--- PASS: TestStrictLogsOfflinePreflight/rebound_source (0.00s)\n"}
{"Time":"2026-09-11T21:40:12.96079022-07:00","Action":"pass","Package":"github.com/JDinSeattle/forge-runtime/scripts/faults/application","Test":"TestStrictLogsOfflinePreflight/rebound_source","Elapsed":0}
{"Time":"2026-09-11T21:40:12.960799627-07:00","Action":"run","Package":"github.com/JDinSeattle/forge-runtime/scripts/faults/application","Test":"TestStrictLogsOfflinePreflight/weaker_default_quota"}
{"Time":"2026-09-11T21:40:12.960802099-07:00","Action":"output","Package":"github.com/JDinSeattle/forge-runtime/scripts/faults/application","Test":"TestStrictLogsOfflinePreflight/weaker_default_quota","Output":"=== RUN   TestStrictLogsOfflinePreflight/weaker_default_quota\n"}
{"Time":"2026-09-11T21:40:12.960814249-07:00","Action":"output","Package":"github.com/JDinSeattle/forge-runtime/scripts/faults/application","Test":"TestStrictLogsOfflinePreflight/weaker_default_quota","Output":"--- PASS: TestStrictLogsOfflinePreflight/weaker_default_quota (0.00s)\n"}
{"Time":"2026-09-11T21:40:12.960817158-07:00","Action":"pass","Package":"github.com/JDinSeattle/forge-runtime/scripts/faults/application","Test":"TestStrictLogsOfflinePreflight/weaker_default_quota","Elapsed":0}
{"Time":"2026-09-11T21:40:12.960820083-07:00","Action":"run","Package":"github.com/JDinSeattle/forge-runtime/scripts/faults/application","Test":"TestStrictLogsOfflinePreflight/shared_pool"}
{"Time":"2026-09-11T21:40:12.96082207-07:00","Action":"output","Package":"github.com/JDinSeattle/forge-runtime/scripts/faults/application","Test":"TestStrictLogsOfflinePreflight/shared_pool","Output":"=== RUN   TestStrictLogsOfflinePreflight/shared_pool\n"}
{"Time":"2026-09-11T21:40:12.960841807-07:00","Action":"output","Package":"github.com/JDinSeattle/forge-runtime/scripts/faults/application","Test":"TestStrictLogsOfflinePreflight/shared_pool","Output":"--- PASS: TestStrictLogsOfflinePreflight/shared_pool (0.00s)\n"}
{"Time":"2026-09-11T21:40:12.960844645-07:00","Action":"pass","Package":"github.com/JDinSeattle/forge-runtime/scripts/faults/application","Test":"TestStrictLogsOfflinePreflight/shared_pool","Elapsed":0}
{"Time":"2026-09-11T21:40:12.960847476-07:00","Action":"run","Package":"github.com/JDinSeattle/forge-runtime/scripts/faults/application","Test":"TestStrictLogsOfflinePreflight/fake_backend"}
{"Time":"2026-09-11T21:40:12.960849452-07:00","Action":"output","Package":"github.com/JDinSeattle/forge-runtime/scripts/faults/application","Test":"TestStrictLogsOfflinePreflight/fake_backend","Output":"=== RUN   TestStrictLogsOfflinePreflight/fake_backend\n"}
{"Time":"2026-09-11T21:40:12.960862213-07:00","Action":"output","Package":"github.com/JDinSeattle/forge-runtime/scripts/faults/application","Test":"TestStrictLogsOfflinePreflight/fake_backend","Output":"--- PASS: TestStrictLogsOfflinePreflight/fake_backend (0.00s)\n"}
{"Time":"2026-09-11T21:40:12.960865112-07:00","Action":"pass","Package":"github.com/JDinSeattle/forge-runtime/scripts/faults/application","Test":"TestStrictLogsOfflinePreflight/fake_backend","Elapsed":0}
{"Time":"2026-09-11T21:40:12.96086807-07:00","Action":"run","Package":"github.com/JDinSeattle/forge-runtime/scripts/faults/application","Test":"TestStrictLogsOfflinePreflight/wrong_oracle"}
{"Time":"2026-09-11T21:40:12.960870025-07:00","Action":"output","Package":"github.com/JDinSeattle/forge-runtime/scripts/faults/application","Test":"TestStrictLogsOfflinePreflight/wrong_oracle","Output":"=== RUN   TestStrictLogsOfflinePreflight/wrong_oracle\n"}
{"Time":"2026-09-11T21:40:12.960886071-07:00","Action":"output","Package":"github.com/JDinSeattle/forge-runtime/scripts/faults/application","Test":"TestStrictLogsOfflinePreflight/wrong_oracle","Output":"--- PASS: TestStrictLogsOfflinePreflight/wrong_oracle (0.00s)\n"}
{"Time":"2026-09-11T21:40:12.960892256-07:00","Action":"pass","Package":"github.com/JDinSeattle/forge-runtime/scripts/faults/application","Test":"TestStrictLogsOfflinePreflight/wrong_oracle","Elapsed":0}
{"Time":"2026-09-11T21:40:12.96089532-07:00","Action":"run","Package":"github.com/JDinSeattle/forge-runtime/scripts/faults/application","Test":"TestStrictLogsOfflinePreflight/foreign_binary"}
{"Time":"2026-09-11T21:40:12.960899513-07:00","Action":"output","Package":"github.com/JDinSeattle/forge-runtime/scripts/faults/application","Test":"TestStrictLogsOfflinePreflight/foreign_binary","Output":"=== RUN   TestStrictLogsOfflinePreflight/foreign_binary\n"}
{"Time":"2026-09-11T21:40:12.960909463-07:00","Action":"output","Package":"github.com/JDinSeattle/forge-runtime/scripts/faults/application","Test":"TestStrictLogsOfflinePreflight/foreign_binary","Output":"--- PASS: TestStrictLogsOfflinePreflight/foreign_binary (0.00s)\n"}
{"Time":"2026-09-11T21:40:12.960912274-07:00","Action":"pass","Package":"github.com/JDinSeattle/forge-runtime/scripts/faults/application","Test":"TestStrictLogsOfflinePreflight/foreign_binary","Elapsed":0}
{"Time":"2026-09-11T21:40:12.961284665-07:00","Action":"output","Package":"github.com/JDinSeattle/forge-runtime/scripts/faults/application","Test":"TestStrictLogsOfflinePreflight","Output":"--- PASS: TestStrictLogsOfflinePreflight (0.00s)\n"}
{"Time":"2026-09-11T21:40:12.96129029-07:00","Action":"pass","Package":"github.com/JDinSeattle/forge-runtime/scripts/faults/application","Test":"TestStrictLogsOfflinePreflight","Elapsed":0}
{"Time":"2026-09-11T21:40:12.961295339-07:00","Action":"run","Package":"github.com/JDinSeattle/forge-runtime/scripts/faults/application","Test":"TestStrictLogsDurableBindingOracle"}
{"Time":"2026-09-11T21:40:12.961297361-07:00","Action":"output","Package":"github.com/JDinSeattle/forge-runtime/scripts/faults/application","Test":"TestStrictLogsDurableBindingOracle","Output":"=== RUN   TestStrictLogsDurableBindingOracle\n"}
{"Time":"2026-09-11T21:40:12.961349748-07:00","Action":"run","Package":"github.com/JDinSeattle/forge-runtime/scripts/faults/application","Test":"TestStrictLogsDurableBindingOracle/tenant_id"}
{"Time":"2026-09-11T21:40:12.961352231-07:00","Action":"output","Package":"github.com/JDinSeattle/forge-runtime/scripts/faults/application","Test":"TestStrictLogsDurableBindingOracle/tenant_id","Output":"=== RUN   TestStrictLogsDurableBindingOracle/tenant_id\n"}
{"Time":"2026-09-11T21:40:12.961386247-07:00","Action":"output","Package":"github.com/JDinSeattle/forge-runtime/scripts/faults/application","Test":"TestStrictLogsDurableBindingOracle/tenant_id","Output":"--- PASS: TestStrictLogsDurableBindingOracle/tenant_id (0.00s)\n"}
{"Time":"2026-09-11T21:40:12.96139281-07:00","Action":"pass","Package":"github.com/JDinSeattle/forge-runtime/scripts/faults/application","Test":"TestStrictLogsDurableBindingOracle/tenant_id","Elapsed":0}
{"Time":"2026-09-11T21:40:12.961397032-07:00","Action":"run","Package":"github.com/JDinSeattle/forge-runtime/scripts/faults/application","Test":"TestStrictLogsDurableBindingOracle/run_id"}
{"Time":"2026-09-11T21:40:12.961399255-07:00","Action":"output","Package":"github.com/JDinSeattle/forge-runtime/scripts/faults/application","Test":"TestStrictLogsDurableBindingOracle/run_id","Output":"=== RUN   TestStrictLogsDurableBindingOracle/run_id\n"}
{"Time":"2026-09-11T21:40:12.961428746-07:00","Action":"output","Package":"github.com/JDinSeattle/forge-runtime/scripts/faults/application","Test":"TestStrictLogsDurableBindingOracle/run_id","Output":"--- PASS: TestStrictLogsDurableBindingOracle/run_id (0.00s)\n"}
{"Time":"2026-09-11T21:40:12.961431578-07:00","Action":"pass","Package":"github.com/JDinSeattle/forge-runtime/scripts/faults/application","Test":"TestStrictLogsDurableBindingOracle/run_id","Elapsed":0}
{"Time":"2026-09-11T21:40:12.961434391-07:00","Action":"run","Package":"github.com/JDinSeattle/forge-runtime/scripts/faults/application","Test":"TestStrictLogsDurableBindingOracle/status"}
{"Time":"2026-09-11T21:40:12.961436314-07:00","Action":"output","Package":"github.com/JDinSeattle/forge-runtime/scripts/faults/application","Test":"TestStrictLogsDurableBindingOracle/status","Output":"=== RUN   TestStrictLogsDurableBindingOracle/status\n"}
{"Time":"2026-09-11T21:40:12.961461861-07:00","Action":"output","Package":"github.com/JDinSeattle/forge-runtime/scripts/faults/application","Test":"TestStrictLogsDurableBindingOracle/status","Output":"--- PASS: TestStrictLogsDurableBindingOracle/status (0.00s)\n"}
{"Time":"2026-09-11T21:40:12.961467149-07:00","Action":"pass","Package":"github.com/JDinSeattle/forge-runtime/scripts/faults/application","Test":"TestStrictLogsDurableBindingOracle/status","Elapsed":0}
{"Time":"2026-09-11T21:40:12.961470164-07:00","Action":"run","Package":"github.com/JDinSeattle/forge-runtime/scripts/faults/application","Test":"TestStrictLogsDurableBindingOracle/job_id"}
{"Time":"2026-09-11T21:40:12.961472153-07:00","Action":"output","Package":"github.com/JDinSeattle/forge-runtime/scripts/faults/application","Test":"TestStrictLogsDurableBindingOracle/job_id","Output":"=== RUN   TestStrictLogsDurableBindingOracle/job_id\n"}
{"Time":"2026-09-11T21:40:12.961495039-07:00","Action":"output","Package":"github.com/JDinSeattle/forge-runtime/scripts/faults/application","Test":"TestStrictLogsDurableBindingOracle/job_id","Output":"--- PASS: TestStrictLogsDurableBindingOracle/job_id (0.00s)\n"}
{"Time":"2026-09-11T21:40:12.961497874-07:00","Action":"pass","Package":"github.com/JDinSeattle/forge-runtime/scripts/faults/application","Test":"TestStrictLogsDurableBindingOracle/job_id","Elapsed":0}
{"Time":"2026-09-11T21:40:12.961500776-07:00","Action":"run","Package":"github.com/JDinSeattle/forge-runtime/scripts/faults/application","Test":"TestStrictLogsDurableBindingOracle/before_hash"}
{"Time":"2026-09-11T21:40:12.961502745-07:00","Action":"output","Package":"github.com/JDinSeattle/forge-runtime/scripts/faults/application","Test":"TestStrictLogsDurableBindingOracle/before_hash","Output":"=== RUN   TestStrictLogsDurableBindingOracle/before_hash\n"}
{"Time":"2026-09-11T21:40:12.961525273-07:00","Action":"output","Package":"github.com/JDinSeattle/forge-runtime/scripts/faults/application","Test":"TestStrictLogsDurableBindingOracle/before_hash","Output":"--- PASS: TestStrictLogsDurableBindingOracle/before_hash (0.00s)\n"}
{"Time":"2026-09-11T21:40:12.961528197-07:00","Action":"pass","Package":"github.com/JDinSeattle/forge-runtime/scripts/faults/application","Test":"TestStrictLogsDurableBindingOracle/before_hash","Elapsed":0}
{"Time":"2026-09-11T21:40:12.961531168-07:00","Action":"run","Package":"github.com/JDinSeattle/forge-runtime/scripts/faults/application","Test":"TestStrictLogsDurableBindingOracle/after_hash"}
{"Time":"2026-09-11T21:40:12.961533247-07:00","Action":"output","Package":"github.com/JDinSeattle/forge-runtime/scripts/faults/application","Test":"TestStrictLogsDurableBindingOracle/after_hash","Output":"=== RUN   TestStrictLogsDurableBindingOracle/after_hash\n"}
{"Time":"2026-09-11T21:40:12.961563423-07:00","Action":"output","Package":"github.com/JDinSeattle/forge-runtime/scripts/faults/application","Test":"TestStrictLogsDurableBindingOracle/after_hash","Output":"--- PASS: TestStrictLogsDurableBindingOracle/after_hash (0.00s)\n"}
{"Time":"2026-09-11T21:40:12.961566352-07:00","Action":"pass","Package":"github.com/JDinSeattle/forge-runtime/scripts/faults/application","Test":"TestStrictLogsDurableBindingOracle/after_hash","Elapsed":0}
{"Time":"2026-09-11T21:40:12.961569277-07:00","Action":"run","Package":"github.com/JDinSeattle/forge-runtime/scripts/faults/application","Test":"TestStrictLogsDurableBindingOracle/after_revision"}
{"Time":"2026-09-11T21:40:12.961571255-07:00","Action":"output","Package":"github.com/JDinSeattle/forge-runtime/scripts/faults/application","Test":"TestStrictLogsDurableBindingOracle/after_revision","Output":"=== RUN   TestStrictLogsDurableBindingOracle/after_revision\n"}
{"Time":"2026-09-11T21:40:12.961593514-07:00","Action":"output","Package":"github.com/JDinSeattle/forge-runtime/scripts/faults/application","Test":"TestStrictLogsDurableBindingOracle/after_revision","Output":"--- PASS: TestStrictLogsDurableBindingOracle/after_revision (0.00s)\n"}
{"Time":"2026-09-11T21:40:12.961596382-07:00","Action":"pass","Package":"github.com/JDinSeattle/forge-runtime/scripts/faults/application","Test":"TestStrictLogsDurableBindingOracle/after_revision","Elapsed":0}
{"Time":"2026-09-11T21:40:12.961603907-07:00","Action":"run","Package":"github.com/JDinSeattle/forge-runtime/scripts/faults/application","Test":"TestStrictLogsDurableBindingOracle/result_json"}
{"Time":"2026-09-11T21:40:12.961606192-07:00","Action":"output","Package":"github.com/JDinSeattle/forge-runtime/scripts/faults/application","Test":"TestStrictLogsDurableBindingOracle/result_json","Output":"=== RUN   TestStrictLogsDurableBindingOracle/result_json\n"}
{"Time":"2026-09-11T21:40:12.961623004-07:00","Action":"output","Package":"github.com/JDinSeattle/forge-runtime/scripts/faults/application","Test":"TestStrictLogsDurableBindingOracle/result_json","Output":"--- PASS: TestStrictLogsDurableBindingOracle/result_json (0.00s)\n"}
{"Time":"2026-09-11T21:40:12.961625812-07:00","Action":"pass","Package":"github.com/JDinSeattle/forge-runtime/scripts/faults/application","Test":"TestStrictLogsDurableBindingOracle/result_json","Elapsed":0}
{"Time":"2026-09-11T21:40:12.961629238-07:00","Action":"run","Package":"github.com/JDinSeattle/forge-runtime/scripts/faults/application","Test":"TestStrictLogsDurableBindingOracle/request_json"}
{"Time":"2026-09-11T21:40:12.961631316-07:00","Action":"output","Package":"github.com/JDinSeattle/forge-runtime/scripts/faults/application","Test":"TestStrictLogsDurableBindingOracle/request_json","Output":"=== RUN   TestStrictLogsDurableBindingOracle/request_json\n"}
{"Time":"2026-09-11T21:40:12.961635807-07:00","Action":"output","Package":"github.com/JDinSeattle/forge-runtime/scripts/faults/application","Test":"TestStrictLogsDurableBindingOracle/request_json","Output":"--- PASS: TestStrictLogsDurableBindingOracle/request_json (0.00s)\n"}
{"Time":"2026-09-11T21:40:12.961638979-07:00","Action":"pass","Package":"github.com/JDinSeattle/forge-runtime/scripts/faults/application","Test":"TestStrictLogsDurableBindingOracle/request_json","Elapsed":0}
{"Time":"2026-09-11T21:40:12.961641758-07:00","Action":"run","Package":"github.com/JDinSeattle/forge-runtime/scripts/faults/application","Test":"TestStrictLogsDurableBindingOracle/receipt_json"}
{"Time":"2026-09-11T21:40:12.961643702-07:00","Action":"output","Package":"github.com/JDinSeattle/forge-runtime/scripts/faults/application","Test":"TestStrictLogsDurableBindingOracle/receipt_json","Output":"=== RUN   TestStrictLogsDurableBindingOracle/receipt_json\n"}
{"Time":"2026-09-11T21:40:12.961659806-07:00","Action":"output","Package":"github.com/JDinSeattle/forge-runtime/scripts/faults/application","Test":"TestStrictLogsDurableBindingOracle/receipt_json","Output":"--- PASS: TestStrictLogsDurableBindingOracle/receipt_json (0.00s)\n"}
{"Time":"2026-09-11T21:40:12.961662622-07:00","Action":"pass","Package":"github.com/JDinSeattle/forge-runtime/scripts/faults/application","Test":"TestStrictLogsDurableBindingOracle/receipt_json","Elapsed":0}
{"Time":"2026-09-11T21:40:12.961665907-07:00","Action":"output","Package":"github.com/JDinSeattle/forge-runtime/scripts/faults/application","Test":"TestStrictLogsDurableBindingOracle","Output":"--- PASS: TestStrictLogsDurableBindingOracle (0.00s)\n"}
{"Time":"2026-09-11T21:40:12.961668265-07:00","Action":"pass","Package":"github.com/JDinSeattle/forge-runtime/scripts/faults/application","Test":"TestStrictLogsDurableBindingOracle","Elapsed":0}
{"Time":"2026-09-11T21:40:12.961671025-07:00","Action":"run","Package":"github.com/JDinSeattle/forge-runtime/scripts/faults/application","Test":"TestStrictLogsSignalHistoryOracle"}
{"Time":"2026-09-11T21:40:12.961673008-07:00","Action":"output","Package":"github.com/JDinSeattle/forge-runtime/scripts/faults/application","Test":"TestStrictLogsSignalHistoryOracle","Output":"=== RUN   TestStrictLogsSignalHistoryOracle\n"}
{"Time":"2026-09-11T21:40:12.961726872-07:00","Action":"run","Package":"github.com/JDinSeattle/forge-runtime/scripts/faults/application","Test":"TestStrictLogsSignalHistoryOracle/nonnumeric_ticks"}
{"Time":"2026-09-11T21:40:12.961729295-07:00","Action":"output","Package":"github.com/JDinSeattle/forge-runtime/scripts/faults/application","Test":"TestStrictLogsSignalHistoryOracle/nonnumeric_ticks","Output":"=== RUN   TestStrictLogsSignalHistoryOracle/nonnumeric_ticks\n"}
{"Time":"2026-09-11T21:40:12.961785183-07:00","Action":"output","Package":"github.com/JDinSeattle/forge-runtime/scripts/faults/application","Test":"TestStrictLogsSignalHistoryOracle/nonnumeric_ticks","Output":"--- PASS: TestStrictLogsSignalHistoryOracle/nonnumeric_ticks (0.00s)\n"}
{"Time":"2026-09-11T21:40:12.96178886-07:00","Action":"pass","Package":"github.com/JDinSeattle/forge-runtime/scripts/faults/application","Test":"TestStrictLogsSignalHistoryOracle/nonnumeric_ticks","Elapsed":0}
{"Time":"2026-09-11T21:40:12.961791743-07:00","Action":"run","Package":"github.com/JDinSeattle/forge-runtime/scripts/faults/application","Test":"TestStrictLogsSignalHistoryOracle/wrong_ticks"}
{"Time":"2026-09-11T21:40:12.961793804-07:00","Action":"output","Package":"github.com/JDinSeattle/forge-runtime/scripts/faults/application","Test":"TestStrictLogsSignalHistoryOracle/wrong_ticks","Output":"=== RUN   TestStrictLogsSignalHistoryOracle/wrong_ticks\n"}
{"Time":"2026-09-11T21:40:12.961831594-07:00","Action":"output","Package":"github.com/JDinSeattle/forge-runtime/scripts/faults/application","Test":"TestStrictLogsSignalHistoryOracle/wrong_ticks","Output":"--- PASS: TestStrictLogsSignalHistoryOracle/wrong_ticks (0.00s)\n"}
{"Time":"2026-09-11T21:40:12.961834501-07:00","Action":"pass","Package":"github.com/JDinSeattle/forge-runtime/scripts/faults/application","Test":"TestStrictLogsSignalHistoryOracle/wrong_ticks","Elapsed":0}
{"Time":"2026-09-11T21:40:12.961837391-07:00","Action":"run","Package":"github.com/JDinSeattle/forge-runtime/scripts/faults/application","Test":"TestStrictLogsSignalHistoryOracle/numeric_type_ticks"}
{"Time":"2026-09-11T21:40:12.961842222-07:00","Action":"output","Package":"github.com/JDinSeattle/forge-runtime/scripts/faults/application","Test":"TestStrictLogsSignalHistoryOracle/numeric_type_ticks","Output":"=== RUN   TestStrictLogsSignalHistoryOracle/numeric_type_ticks\n"}
{"Time":"2026-09-11T21:40:12.961877115-07:00","Action":"output","Package":"github.com/JDinSeattle/forge-runtime/scripts/faults/application","Test":"TestStrictLogsSignalHistoryOracle/numeric_type_ticks","Output":"--- PASS: TestStrictLogsSignalHistoryOracle/numeric_type_ticks (0.00s)\n"}
{"Time":"2026-09-11T21:40:12.961880912-07:00","Action":"pass","Package":"github.com/JDinSeattle/forge-runtime/scripts/faults/application","Test":"TestStrictLogsSignalHistoryOracle/numeric_type_ticks","Elapsed":0}
{"Time":"2026-09-11T21:40:12.961885157-07:00","Action":"run","Package":"github.com/JDinSeattle/forge-runtime/scripts/faults/application","Test":"TestStrictLogsSignalHistoryOracle/replacement_PID"}
{"Time":"2026-09-11T21:40:12.961887765-07:00","Action":"output","Package":"github.com/JDinSeattle/forge-runtime/scripts/faults/application","Test":"TestStrictLogsSignalHistoryOracle/replacement_PID","Output":"=== RUN   TestStrictLogsSignalHistoryOracle/replacement_PID\n"}
{"Time":"2026-09-11T21:40:12.96192141-07:00","Action":"output","Package":"github.com/JDinSeattle/forge-runtime/scripts/faults/application","Test":"TestStrictLogsSignalHistoryOracle/replacement_PID","Output":"--- PASS: TestStrictLogsSignalHistoryOracle/replacement_PID (0.00s)\n"}
{"Time":"2026-09-11T21:40:12.961924373-07:00","Action":"pass","Package":"github.com/JDinSeattle/forge-runtime/scripts/faults/application","Test":"TestStrictLogsSignalHistoryOracle/replacement_PID","Elapsed":0}
{"Time":"2026-09-11T21:40:12.961927499-07:00","Action":"run","Package":"github.com/JDinSeattle/forge-runtime/scripts/faults/application","Test":"TestStrictLogsSignalHistoryOracle/fractional_PID"}
{"Time":"2026-09-11T21:40:12.96192947-07:00","Action":"output","Package":"github.com/JDinSeattle/forge-runtime/scripts/faults/application","Test":"TestStrictLogsSignalHistoryOracle/fractional_PID","Output":"=== RUN   TestStrictLogsSignalHistoryOracle/fractional_PID\n"}
{"Time":"2026-09-11T21:40:12.961971407-07:00","Action":"output","Package":"github.com/JDinSeattle/forge-runtime/scripts/faults/application","Test":"TestStrictLogsSignalHistoryOracle/fractional_PID","Output":"--- PASS: TestStrictLogsSignalHistoryOracle/fractional_PID (0.00s)\n"}
{"Time":"2026-09-11T21:40:12.961976654-07:00","Action":"pass","Package":"github.com/JDinSeattle/forge-runtime/scripts/faults/application","Test":"TestStrictLogsSignalHistoryOracle/fractional_PID","Elapsed":0}
{"Time":"2026-09-11T21:40:12.961981155-07:00","Action":"run","Package":"github.com/JDinSeattle/forge-runtime/scripts/faults/application","Test":"TestStrictLogsSignalHistoryOracle/argv_change"}
{"Time":"2026-09-11T21:40:12.961983939-07:00","Action":"output","Package":"github.com/JDinSeattle/forge-runtime/scripts/faults/application","Test":"TestStrictLogsSignalHistoryOracle/argv_change","Output":"=== RUN   TestStrictLogsSignalHistoryOracle/argv_change\n"}
{"Time":"2026-09-11T21:40:12.962012156-07:00","Action":"output","Package":"github.com/JDinSeattle/forge-runtime/scripts/faults/application","Test":"TestStrictLogsSignalHistoryOracle/argv_change","Output":"--- PASS: TestStrictLogsSignalHistoryOracle/argv_change (0.00s)\n"}
{"Time":"2026-09-11T21:40:12.962015066-07:00","Action":"pass","Package":"github.com/JDinSeattle/forge-runtime/scripts/faults/application","Test":"TestStrictLogsSignalHistoryOracle/argv_change","Elapsed":0}
{"Time":"2026-09-11T21:40:12.962018024-07:00","Action":"run","Package":"github.com/JDinSeattle/forge-runtime/scripts/faults/application","Test":"TestStrictLogsSignalHistoryOracle/missing_exit_code"}
{"Time":"2026-09-11T21:40:12.962020043-07:00","Action":"output","Package":"github.com/JDinSeattle/forge-runtime/scripts/faults/application","Test":"TestStrictLogsSignalHistoryOracle/missing_exit_code","Output":"=== RUN   TestStrictLogsSignalHistoryOracle/missing_exit_code\n"}
{"Time":"2026-09-11T21:40:12.962053192-07:00","Action":"output","Package":"github.com/JDinSeattle/forge-runtime/scripts/faults/application","Test":"TestStrictLogsSignalHistoryOracle/missing_exit_code","Output":"--- PASS: TestStrictLogsSignalHistoryOracle/missing_exit_code (0.00s)\n"}
{"Time":"2026-09-11T21:40:12.96205621-07:00","Action":"pass","Package":"github.com/JDinSeattle/forge-runtime/scripts/faults/application","Test":"TestStrictLogsSignalHistoryOracle/missing_exit_code","Elapsed":0}
{"Time":"2026-09-11T21:40:12.962059535-07:00","Action":"run","Package":"github.com/JDinSeattle/forge-runtime/scripts/faults/application","Test":"TestStrictLogsSignalHistoryOracle/missing_ticks"}
{"Time":"2026-09-11T21:40:12.962061499-07:00","Action":"output","Package":"github.com/JDinSeattle/forge-runtime/scripts/faults/application","Test":"TestStrictLogsSignalHistoryOracle/missing_ticks","Output":"=== RUN   TestStrictLogsSignalHistoryOracle/missing_ticks\n"}
{"Time":"2026-09-11T21:40:12.962090955-07:00","Action":"output","Package":"github.com/JDinSeattle/forge-runtime/scripts/faults/application","Test":"TestStrictLogsSignalHistoryOracle/missing_ticks","Output":"--- PASS: TestStrictLogsSignalHistoryOracle/missing_ticks (0.00s)\n"}
{"Time":"2026-09-11T21:40:12.962093742-07:00","Action":"pass","Package":"github.com/JDinSeattle/forge-runtime/scripts/faults/application","Test":"TestStrictLogsSignalHistoryOracle/missing_ticks","Elapsed":0}
{"Time":"2026-09-11T21:40:12.962155047-07:00","Action":"output","Package":"github.com/JDinSeattle/forge-runtime/scripts/faults/application","Test":"TestStrictLogsSignalHistoryOracle","Output":"--- PASS: TestStrictLogsSignalHistoryOracle (0.00s)\n"}
{"Time":"2026-09-11T21:40:12.962158011-07:00","Action":"pass","Package":"github.com/JDinSeattle/forge-runtime/scripts/faults/application","Test":"TestStrictLogsSignalHistoryOracle","Elapsed":0}
{"Time":"2026-09-11T21:40:12.962160853-07:00","Action":"run","Package":"github.com/JDinSeattle/forge-runtime/scripts/faults/application","Test":"TestStrictLogsClaimHistoryOracle"}
{"Time":"2026-09-11T21:40:12.962162777-07:00","Action":"output","Package":"github.com/JDinSeattle/forge-runtime/scripts/faults/application","Test":"TestStrictLogsClaimHistoryOracle","Output":"=== RUN   TestStrictLogsClaimHistoryOracle\n"}
{"Time":"2026-09-11T21:40:12.962519965-07:00","Action":"run","Package":"github.com/JDinSeattle/forge-runtime/scripts/faults/application","Test":"TestStrictLogsClaimHistoryOracle/summary_lease_changed"}
{"Time":"2026-09-11T21:40:12.962526501-07:00","Action":"output","Package":"github.com/JDinSeattle/forge-runtime/scripts/faults/application","Test":"TestStrictLogsClaimHistoryOracle/summary_lease_changed","Output":"=== RUN   TestStrictLogsClaimHistoryOracle/summary_lease_changed\n"}
{"Time":"2026-09-11T21:40:12.962685094-07:00","Action":"output","Package":"github.com/JDinSeattle/forge-runtime/scripts/faults/application","Test":"TestStrictLogsClaimHistoryOracle/summary_lease_changed","Output":"--- PASS: TestStrictLogsClaimHistoryOracle/summary_lease_changed (0.00s)\n"}
{"Time":"2026-09-11T21:40:12.962689175-07:00","Action":"pass","Package":"github.com/JDinSeattle/forge-runtime/scripts/faults/application","Test":"TestStrictLogsClaimHistoryOracle/summary_lease_changed","Elapsed":0}
{"Time":"2026-09-11T21:40:12.962692373-07:00","Action":"run","Package":"github.com/JDinSeattle/forge-runtime/scripts/faults/application","Test":"TestStrictLogsClaimHistoryOracle/summary_claim_changed"}
{"Time":"2026-09-11T21:40:12.962694458-07:00","Action":"output","Package":"github.com/JDinSeattle/forge-runtime/scripts/faults/application","Test":"TestStrictLogsClaimHistoryOracle/summary_claim_changed","Output":"=== RUN   TestStrictLogsClaimHistoryOracle/summary_claim_changed\n"}
{"Time":"2026-09-11T21:40:12.962842766-07:00","Action":"output","Package":"github.com/JDinSeattle/forge-runtime/scripts/faults/application","Test":"TestStrictLogsClaimHistoryOracle/summary_claim_changed","Output":"--- PASS: TestStrictLogsClaimHistoryOracle/summary_claim_changed (0.00s)\n"}
{"Time":"2026-09-11T21:40:12.962845964-07:00","Action":"pass","Package":"github.com/JDinSeattle/forge-runtime/scripts/faults/application","Test":"TestStrictLogsClaimHistoryOracle/summary_claim_changed","Elapsed":0}
{"Time":"2026-09-11T21:40:12.962848979-07:00","Action":"run","Package":"github.com/JDinSeattle/forge-runtime/scripts/faults/application","Test":"TestStrictLogsClaimHistoryOracle/both_summaries_moved"}
{"Time":"2026-09-11T21:40:12.962851107-07:00","Action":"output","Package":"github.com/JDinSeattle/forge-runtime/scripts/faults/application","Test":"TestStrictLogsClaimHistoryOracle/both_summaries_moved","Output":"=== RUN   TestStrictLogsClaimHistoryOracle/both_summaries_moved\n"}
{"Time":"2026-09-11T21:40:12.963017722-07:00","Action":"output","Package":"github.com/JDinSeattle/forge-runtime/scripts/faults/application","Test":"TestStrictLogsClaimHistoryOracle/both_summaries_moved","Output":"--- PASS: TestStrictLogsClaimHistoryOracle/both_summaries_moved (0.00s)\n"}
{"Time":"2026-09-11T21:40:12.963023983-07:00","Action":"pass","Package":"github.com/JDinSeattle/forge-runtime/scripts/faults/application","Test":"TestStrictLogsClaimHistoryOracle/both_summaries_moved","Elapsed":0}
{"Time":"2026-09-11T21:40:12.963027583-07:00","Action":"run","Package":"github.com/JDinSeattle/forge-runtime/scripts/faults/application","Test":"TestStrictLogsClaimHistoryOracle/live_claim_changed"}
{"Time":"2026-09-11T21:40:12.963029834-07:00","Action":"output","Package":"github.com/JDinSeattle/forge-runtime/scripts/faults/application","Test":"TestStrictLogsClaimHistoryOracle/live_claim_changed","Output":"=== RUN   TestStrictLogsClaimHistoryOracle/live_claim_changed\n"}
{"Time":"2026-09-11T21:40:12.963171358-07:00","Action":"output","Package":"github.com/JDinSeattle/forge-runtime/scripts/faults/application","Test":"TestStrictLogsClaimHistoryOracle/live_claim_changed","Output":"--- PASS: TestStrictLogsClaimHistoryOracle/live_claim_changed (0.00s)\n"}
{"Time":"2026-09-11T21:40:12.9631765-07:00","Action":"pass","Package":"github.com/JDinSeattle/forge-runtime/scripts/faults/application","Test":"TestStrictLogsClaimHistoryOracle/live_claim_changed","Elapsed":0}
{"Time":"2026-09-11T21:40:12.96317989-07:00","Action":"run","Package":"github.com/JDinSeattle/forge-runtime/scripts/faults/application","Test":"TestStrictLogsClaimHistoryOracle/historical_claim_changed"}
{"Time":"2026-09-11T21:40:12.963182136-07:00","Action":"output","Package":"github.com/JDinSeattle/forge-runtime/scripts/faults/application","Test":"TestStrictLogsClaimHistoryOracle/historical_claim_changed","Output":"=== RUN   TestStrictLogsClaimHistoryOracle/historical_claim_changed\n"}
{"Time":"2026-09-11T21:40:12.963345097-07:00","Action":"output","Package":"github.com/JDinSeattle/forge-runtime/scripts/faults/application","Test":"TestStrictLogsClaimHistoryOracle/historical_claim_changed","Output":"--- PASS: TestStrictLogsClaimHistoryOracle/historical_claim_changed (0.00s)\n"}
{"Time":"2026-09-11T21:40:12.963352027-07:00","Action":"pass","Package":"github.com/JDinSeattle/forge-runtime/scripts/faults/application","Test":"TestStrictLogsClaimHistoryOracle/historical_claim_changed","Elapsed":0}
{"Time":"2026-09-11T21:40:12.963354711-07:00","Action":"run","Package":"github.com/JDinSeattle/forge-runtime/scripts/faults/application","Test":"TestStrictLogsClaimHistoryOracle/prior_epoch_changed"}
{"Time":"2026-09-11T21:40:12.963356858-07:00","Action":"output","Package":"github.com/JDinSeattle/forge-runtime/scripts/faults/application","Test":"TestStrictLogsClaimHistoryOracle/prior_epoch_changed","Output":"=== RUN   TestStrictLogsClaimHistoryOracle/prior_epoch_changed\n"}
{"Time":"2026-09-11T21:40:12.96352553-07:00","Action":"output","Package":"github.com/JDinSeattle/forge-runtime/scripts/faults/application","Test":"TestStrictLogsClaimHistoryOracle/prior_epoch_changed","Output":"--- PASS: TestStrictLogsClaimHistoryOracle/prior_epoch_changed (0.00s)\n"}
{"Time":"2026-09-11T21:40:12.963530516-07:00","Action":"pass","Package":"github.com/JDinSeattle/forge-runtime/scripts/faults/application","Test":"TestStrictLogsClaimHistoryOracle/prior_epoch_changed","Elapsed":0}
{"Time":"2026-09-11T21:40:12.963534222-07:00","Action":"output","Package":"github.com/JDinSeattle/forge-runtime/scripts/faults/application","Test":"TestStrictLogsClaimHistoryOracle","Output":"--- PASS: TestStrictLogsClaimHistoryOracle (0.00s)\n"}
{"Time":"2026-09-11T21:40:12.963536768-07:00","Action":"pass","Package":"github.com/JDinSeattle/forge-runtime/scripts/faults/application","Test":"TestStrictLogsClaimHistoryOracle","Elapsed":0}
{"Time":"2026-09-11T21:40:12.963539188-07:00","Action":"run","Package":"github.com/JDinSeattle/forge-runtime/scripts/faults/application","Test":"TestStrictLogsPauseControlOracle"}
{"Time":"2026-09-11T21:40:12.963541126-07:00","Action":"output","Package":"github.com/JDinSeattle/forge-runtime/scripts/faults/application","Test":"TestStrictLogsPauseControlOracle","Output":"=== RUN   TestStrictLogsPauseControlOracle\n"}
{"Time":"2026-09-11T21:40:12.963545435-07:00","Action":"run","Package":"github.com/JDinSeattle/forge-runtime/scripts/faults/application","Test":"TestStrictLogsPauseControlOracle/missing_tick"}
{"Time":"2026-09-11T21:40:12.963547701-07:00","Action":"output","Package":"github.com/JDinSeattle/forge-runtime/scripts/faults/application","Test":"TestStrictLogsPauseControlOracle/missing_tick","Output":"=== RUN   TestStrictLogsPauseControlOracle/missing_tick\n"}
{"Time":"2026-09-11T21:40:12.96356064-07:00","Action":"output","Package":"github.com/JDinSeattle/forge-runtime/scripts/faults/application","Test":"TestStrictLogsPauseControlOracle/missing_tick","Output":"--- PASS: TestStrictLogsPauseControlOracle/missing_tick (0.00s)\n"}
{"Time":"2026-09-11T21:40:12.963563645-07:00","Action":"pass","Package":"github.com/JDinSeattle/forge-runtime/scripts/faults/application","Test":"TestStrictLogsPauseControlOracle/missing_tick","Elapsed":0}
{"Time":"2026-09-11T21:40:12.963566849-07:00","Action":"run","Package":"github.com/JDinSeattle/forge-runtime/scripts/faults/application","Test":"TestStrictLogsPauseControlOracle/replacement_PID"}
{"Time":"2026-09-11T21:40:12.963568929-07:00","Action":"output","Package":"github.com/JDinSeattle/forge-runtime/scripts/faults/application","Test":"TestStrictLogsPauseControlOracle/replacement_PID","Output":"=== RUN   TestStrictLogsPauseControlOracle/replacement_PID\n"}
{"Time":"2026-09-11T21:40:12.963572153-07:00","Action":"output","Package":"github.com/JDinSeattle/forge-runtime/scripts/faults/application","Test":"TestStrictLogsPauseControlOracle/replacement_PID","Output":"--- PASS: TestStrictLogsPauseControlOracle/replacement_PID (0.00s)\n"}
{"Time":"2026-09-11T21:40:12.963578051-07:00","Action":"pass","Package":"github.com/JDinSeattle/forge-runtime/scripts/faults/application","Test":"TestStrictLogsPauseControlOracle/replacement_PID","Elapsed":0}
{"Time":"2026-09-11T21:40:12.963580658-07:00","Action":"run","Package":"github.com/JDinSeattle/forge-runtime/scripts/faults/application","Test":"TestStrictLogsPauseControlOracle/new_start"}
{"Time":"2026-09-11T21:40:12.963582692-07:00","Action":"output","Package":"github.com/JDinSeattle/forge-runtime/scripts/faults/application","Test":"TestStrictLogsPauseControlOracle/new_start","Output":"=== RUN   TestStrictLogsPauseControlOracle/new_start\n"}
{"Time":"2026-09-11T21:40:12.96358762-07:00","Action":"output","Package":"github.com/JDinSeattle/forge-runtime/scripts/faults/application","Test":"TestStrictLogsPauseControlOracle/new_start","Output":"--- PASS: TestStrictLogsPauseControlOracle/new_start (0.00s)\n"}
{"Time":"2026-09-11T21:40:12.963590168-07:00","Action":"pass","Package":"github.com/JDinSeattle/forge-runtime/scripts/faults/application","Test":"TestStrictLogsPauseControlOracle/new_start","Elapsed":0}
{"Time":"2026-09-11T21:40:12.963592436-07:00","Action":"run","Package":"github.com/JDinSeattle/forge-runtime/scripts/faults/application","Test":"TestStrictLogsPauseControlOracle/changed_executable"}
{"Time":"2026-09-11T21:40:12.963594411-07:00","Action":"output","Package":"github.com/JDinSeattle/forge-runtime/scripts/faults/application","Test":"TestStrictLogsPauseControlOracle/changed_executable","Output":"=== RUN   TestStrictLogsPauseControlOracle/changed_executable\n"}
{"Time":"2026-09-11T21:40:12.96359766-07:00","Action":"output","Package":"github.com/JDinSeattle/forge-runtime/scripts/faults/application","Test":"TestStrictLogsPauseControlOracle/changed_executable","Output":"--- PASS: TestStrictLogsPauseControlOracle/changed_executable (0.00s)\n"}
{"Time":"2026-09-11T21:40:12.963600066-07:00","Action":"pass","Package":"github.com/JDinSeattle/forge-runtime/scripts/faults/application","Test":"TestStrictLogsPauseControlOracle/changed_executable","Elapsed":0}
{"Time":"2026-09-11T21:40:12.963602886-07:00","Action":"run","Package":"github.com/JDinSeattle/forge-runtime/scripts/faults/application","Test":"TestStrictLogsPauseControlOracle/changed_arguments"}
{"Time":"2026-09-11T21:40:12.963605042-07:00","Action":"output","Package":"github.com/JDinSeattle/forge-runtime/scripts/faults/application","Test":"TestStrictLogsPauseControlOracle/changed_arguments","Output":"=== RUN   TestStrictLogsPauseControlOracle/changed_arguments\n"}
{"Time":"2026-09-11T21:40:12.963612237-07:00","Action":"output","Package":"github.com/JDinSeattle/forge-runtime/scripts/faults/application","Test":"TestStrictLogsPauseControlOracle/changed_arguments","Output":"--- PASS: TestStrictLogsPauseControlOracle/changed_arguments (0.00s)\n"}
{"Time":"2026-09-11T21:40:12.963615685-07:00","Action":"pass","Package":"github.com/JDinSeattle/forge-runtime/scripts/faults/application","Test":"TestStrictLogsPauseControlOracle/changed_arguments","Elapsed":0}
{"Time":"2026-09-11T21:40:12.963618326-07:00","Action":"output","Package":"github.com/JDinSeattle/forge-runtime/scripts/faults/application","Test":"TestStrictLogsPauseControlOracle","Output":"--- PASS: TestStrictLogsPauseControlOracle (0.00s)\n"}
{"Time":"2026-09-11T21:40:12.963620627-07:00","Action":"pass","Package":"github.com/JDinSeattle/forge-runtime/scripts/faults/application","Test":"TestStrictLogsPauseControlOracle","Elapsed":0}
{"Time":"2026-09-11T21:40:12.963623744-07:00","Action":"run","Package":"github.com/JDinSeattle/forge-runtime/scripts/faults/application","Test":"TestStrictLogsPauseSignalOrdering"}
{"Time":"2026-09-11T21:40:12.96362582-07:00","Action":"output","Package":"github.com/JDinSeattle/forge-runtime/scripts/faults/application","Test":"TestStrictLogsPauseSignalOrdering","Output":"=== RUN   TestStrictLogsPauseSignalOrdering\n"}
{"Time":"2026-09-11T21:40:12.963630893-07:00","Action":"output","Package":"github.com/JDinSeattle/forge-runtime/scripts/faults/application","Test":"TestStrictLogsPauseSignalOrdering","Output":"--- PASS: TestStrictLogsPauseSignalOrdering (0.00s)\n"}
{"Time":"2026-09-11T21:40:12.963633408-07:00","Action":"pass","Package":"github.com/JDinSeattle/forge-runtime/scripts/faults/application","Test":"TestStrictLogsPauseSignalOrdering","Elapsed":0}
{"Time":"2026-09-11T21:40:12.963636315-07:00","Action":"run","Package":"github.com/JDinSeattle/forge-runtime/scripts/faults/application","Test":"TestLifecycleAbortOracleControlOnly"}
{"Time":"2026-09-11T21:40:12.963638314-07:00","Action":"output","Package":"github.com/JDinSeattle/forge-runtime/scripts/faults/application","Test":"TestLifecycleAbortOracleControlOnly","Output":"=== RUN   TestLifecycleAbortOracleControlOnly\n"}
{"Time":"2026-09-11T21:40:12.963976308-07:00","Action":"output","Package":"github.com/JDinSeattle/forge-runtime/scripts/faults/application","Test":"TestLifecycleAbortOracleControlOnly","Output":"--- PASS: TestLifecycleAbortOracleControlOnly (0.00s)\n"}
{"Time":"2026-09-11T21:40:12.963979685-07:00","Action":"pass","Package":"github.com/JDinSeattle/forge-runtime/scripts/faults/application","Test":"TestLifecycleAbortOracleControlOnly","Elapsed":0}
{"Time":"2026-09-11T21:40:12.963982867-07:00","Action":"run","Package":"github.com/JDinSeattle/forge-runtime/scripts/faults/application","Test":"TestLifecycleAbortOracleRejectsUnexpectedState"}
{"Time":"2026-09-11T21:40:12.963985009-07:00","Action":"output","Package":"github.com/JDinSeattle/forge-runtime/scripts/faults/application","Test":"TestLifecycleAbortOracleRejectsUnexpectedState","Output":"=== RUN   TestLifecycleAbortOracleRejectsUnexpectedState\n"}
{"Time":"2026-09-11T21:40:12.963996062-07:00","Action":"run","Package":"github.com/JDinSeattle/forge-runtime/scripts/faults/application","Test":"TestLifecycleAbortOracleRejectsUnexpectedState/second_run"}
{"Time":"2026-09-11T21:40:12.963998695-07:00","Action":"output","Package":"github.com/JDinSeattle/forge-runtime/scripts/faults/application","Test":"TestLifecycleAbortOracleRejectsUnexpectedState/second_run","Output":"=== RUN   TestLifecycleAbortOracleRejectsUnexpectedState/second_run\n"}
{"Time":"2026-09-11T21:40:12.964048992-07:00","Action":"output","Package":"github.com/JDinSeattle/forge-runtime/scripts/faults/application","Test":"TestLifecycleAbortOracleRejectsUnexpectedState/second_run","Output":"--- PASS: TestLifecycleAbortOracleRejectsUnexpectedState/second_run (0.00s)\n"}
{"Time":"2026-09-11T21:40:12.964052321-07:00","Action":"pass","Package":"github.com/JDinSeattle/forge-runtime/scripts/faults/application","Test":"TestLifecycleAbortOracleRejectsUnexpectedState/second_run","Elapsed":0}
{"Time":"2026-09-11T21:40:12.964055471-07:00","Action":"run","Package":"github.com/JDinSeattle/forge-runtime/scripts/faults/application","Test":"TestLifecycleAbortOracleRejectsUnexpectedState/reserved_runner"}
{"Time":"2026-09-11T21:40:12.964057747-07:00","Action":"output","Package":"github.com/JDinSeattle/forge-runtime/scripts/faults/application","Test":"TestLifecycleAbortOracleRejectsUnexpectedState/reserved_runner","Output":"=== RUN   TestLifecycleAbortOracleRejectsUnexpectedState/reserved_runner\n"}
{"Time":"2026-09-11T21:40:12.964111037-07:00","Action":"output","Package":"github.com/JDinSeattle/forge-runtime/scripts/faults/application","Test":"TestLifecycleAbortOracleRejectsUnexpectedState/reserved_runner","Output":"--- PASS: TestLifecycleAbortOracleRejectsUnexpectedState/reserved_runner (0.00s)\n"}
{"Time":"2026-09-11T21:40:12.964114178-07:00","Action":"pass","Package":"github.com/JDinSeattle/forge-runtime/scripts/faults/application","Test":"TestLifecycleAbortOracleRejectsUnexpectedState/reserved_runner","Elapsed":0}
{"Time":"2026-09-11T21:40:12.964117313-07:00","Action":"run","Package":"github.com/JDinSeattle/forge-runtime/scripts/faults/application","Test":"TestLifecycleAbortOracleRejectsUnexpectedState/deadline_extension"}
{"Time":"2026-09-11T21:40:12.964119451-07:00","Action":"output","Package":"github.com/JDinSeattle/forge-runtime/scripts/faults/application","Test":"TestLifecycleAbortOracleRejectsUnexpectedState/deadline_extension","Output":"=== RUN   TestLifecycleAbortOracleRejectsUnexpectedState/deadline_extension\n"}
{"Time":"2026-09-11T21:40:12.964166345-07:00","Action":"output","Package":"github.com/JDinSeattle/forge-runtime/scripts/faults/application","Test":"TestLifecycleAbortOracleRejectsUnexpectedState/deadline_extension","Output":"--- PASS: TestLifecycleAbortOracleRejectsUnexpectedState/deadline_extension (0.00s)\n"}
{"Time":"2026-09-11T21:40:12.964169793-07:00","Action":"pass","Package":"github.com/JDinSeattle/forge-runtime/scripts/faults/application","Test":"TestLifecycleAbortOracleRejectsUnexpectedState/deadline_extension","Elapsed":0}
{"Time":"2026-09-11T21:40:12.964172901-07:00","Action":"run","Package":"github.com/JDinSeattle/forge-runtime/scripts/faults/application","Test":"TestLifecycleAbortOracleRejectsUnexpectedState/lease_epoch"}
{"Time":"2026-09-11T21:40:12.964175012-07:00","Action":"output","Package":"github.com/JDinSeattle/forge-runtime/scripts/faults/application","Test":"TestLifecycleAbortOracleRejectsUnexpectedState/lease_epoch","Output":"=== RUN   TestLifecycleAbortOracleRejectsUnexpectedState/lease_epoch\n"}
{"Time":"2026-09-11T21:40:12.964221492-07:00","Action":"output","Package":"github.com/JDinSeattle/forge-runtime/scripts/faults/application","Test":"TestLifecycleAbortOracleRejectsUnexpectedState/lease_epoch","Output":"--- PASS: TestLifecycleAbortOracleRejectsUnexpectedState/lease_epoch (0.00s)\n"}
{"Time":"2026-09-11T21:40:12.964225283-07:00","Action":"pass","Package":"github.com/JDinSeattle/forge-runtime/scripts/faults/application","Test":"TestLifecycleAbortOracleRejectsUnexpectedState/lease_epoch","Elapsed":0}
{"Time":"2026-09-11T21:40:12.964228426-07:00","Action":"run","Package":"github.com/JDinSeattle/forge-runtime/scripts/faults/application","Test":"TestLifecycleAbortOracleRejectsUnexpectedState/version_column"}
{"Time":"2026-09-11T21:40:12.964230662-07:00","Action":"output","Package":"github.com/JDinSeattle/forge-runtime/scripts/faults/application","Test":"TestLifecycleAbortOracleRejectsUnexpectedState/version_column","Output":"=== RUN   TestLifecycleAbortOracleRejectsUnexpectedState/version_column\n"}
{"Time":"2026-09-11T21:40:12.964276234-07:00","Action":"output","Package":"github.com/JDinSeattle/forge-runtime/scripts/faults/application","Test":"TestLifecycleAbortOracleRejectsUnexpectedState/version_column","Output":"--- PASS: TestLifecycleAbortOracleRejectsUnexpectedState/version_column (0.00s)\n"}
{"Time":"2026-09-11T21:40:12.96427973-07:00","Action":"pass","Package":"github.com/JDinSeattle/forge-runtime/scripts/faults/application","Test":"TestLifecycleAbortOracleRejectsUnexpectedState/version_column","Elapsed":0}
{"Time":"2026-09-11T21:40:12.964282803-07:00","Action":"run","Package":"github.com/JDinSeattle/forge-runtime/scripts/faults/application","Test":"TestLifecycleAbortOracleRejectsUnexpectedState/allocation"}
{"Time":"2026-09-11T21:40:12.964284855-07:00","Action":"output","Package":"github.com/JDinSeattle/forge-runtime/scripts/faults/application","Test":"TestLifecycleAbortOracleRejectsUnexpectedState/allocation","Output":"=== RUN   TestLifecycleAbortOracleRejectsUnexpectedState/allocation\n"}
{"Time":"2026-09-11T21:40:12.96432718-07:00","Action":"output","Package":"github.com/JDinSeattle/forge-runtime/scripts/faults/application","Test":"TestLifecycleAbortOracleRejectsUnexpectedState/allocation","Output":"--- PASS: TestLifecycleAbortOracleRejectsUnexpectedState/allocation (0.00s)\n"}
{"Time":"2026-09-11T21:40:12.96433041-07:00","Action":"pass","Package":"github.com/JDinSeattle/forge-runtime/scripts/faults/application","Test":"TestLifecycleAbortOracleRejectsUnexpectedState/allocation","Elapsed":0}
{"Time":"2026-09-11T21:40:12.964333554-07:00","Action":"run","Package":"github.com/JDinSeattle/forge-runtime/scripts/faults/application","Test":"TestLifecycleAbortOracleRejectsUnexpectedState/artifact"}
{"Time":"2026-09-11T21:40:12.964335732-07:00","Action":"output","Package":"github.com/JDinSeattle/forge-runtime/scripts/faults/application","Test":"TestLifecycleAbortOracleRejectsUnexpectedState/artifact","Output":"=== RUN   TestLifecycleAbortOracleRejectsUnexpectedState/artifact\n"}
{"Time":"2026-09-11T21:40:12.964383367-07:00","Action":"output","Package":"github.com/JDinSeattle/forge-runtime/scripts/faults/application","Test":"TestLifecycleAbortOracleRejectsUnexpectedState/artifact","Output":"--- PASS: TestLifecycleAbortOracleRejectsUnexpectedState/artifact (0.00s)\n"}
{"Time":"2026-09-11T21:40:12.964386588-07:00","Action":"pass","Package":"github.com/JDinSeattle/forge-runtime/scripts/faults/application","Test":"TestLifecycleAbortOracleRejectsUnexpectedState/artifact","Elapsed":0}
{"Time":"2026-09-11T21:40:12.964394132-07:00","Action":"run","Package":"github.com/JDinSeattle/forge-runtime/scripts/faults/application","Test":"TestLifecycleAbortOracleRejectsUnexpectedState/effects"}
{"Time":"2026-09-11T21:40:12.964396493-07:00","Action":"output","Package":"github.com/JDinSeattle/forge-runtime/scripts/faults/application","Test":"TestLifecycleAbortOracleRejectsUnexpectedState/effects","Output":"=== RUN   TestLifecycleAbortOracleRejectsUnexpectedState/effects\n"}
{"Time":"2026-09-11T21:40:12.964443168-07:00","Action":"output","Package":"github.com/JDinSeattle/forge-runtime/scripts/faults/application","Test":"TestLifecycleAbortOracleRejectsUnexpectedState/effects","Output":"--- PASS: TestLifecycleAbortOracleRejectsUnexpectedState/effects (0.00s)\n"}
{"Time":"2026-09-11T21:40:12.964446293-07:00","Action":"pass","Package":"github.com/JDinSeattle/forge-runtime/scripts/faults/application","Test":"TestLifecycleAbortOracleRejectsUnexpectedState/effects","Elapsed":0}
{"Time":"2026-09-11T21:40:12.964449323-07:00","Action":"run","Package":"github.com/JDinSeattle/forge-runtime/scripts/faults/application","Test":"TestLifecycleAbortOracleRejectsUnexpectedState/quota"}
{"Time":"2026-09-11T21:40:12.96445136-07:00","Action":"output","Package":"github.com/JDinSeattle/forge-runtime/scripts/faults/application","Test":"TestLifecycleAbortOracleRejectsUnexpectedState/quota","Output":"=== RUN   TestLifecycleAbortOracleRejectsUnexpectedState/quota\n"}
{"Time":"2026-09-11T21:40:12.964511015-07:00","Action":"output","Package":"github.com/JDinSeattle/forge-runtime/scripts/faults/application","Test":"TestLifecycleAbortOracleRejectsUnexpectedState/quota","Output":"--- PASS: TestLifecycleAbortOracleRejectsUnexpectedState/quota (0.00s)\n"}
{"Time":"2026-09-11T21:40:12.964514083-07:00","Action":"pass","Package":"github.com/JDinSeattle/forge-runtime/scripts/faults/application","Test":"TestLifecycleAbortOracleRejectsUnexpectedState/quota","Elapsed":0}
{"Time":"2026-09-11T21:40:12.964517056-07:00","Action":"run","Package":"github.com/JDinSeattle/forge-runtime/scripts/faults/application","Test":"TestLifecycleAbortOracleRejectsUnexpectedState/cleanup"}
{"Time":"2026-09-11T21:40:12.964519132-07:00","Action":"output","Package":"github.com/JDinSeattle/forge-runtime/scripts/faults/application","Test":"TestLifecycleAbortOracleRejectsUnexpectedState/cleanup","Output":"=== RUN   TestLifecycleAbortOracleRejectsUnexpectedState/cleanup\n"}
{"Time":"2026-09-11T21:40:12.964572518-07:00","Action":"output","Package":"github.com/JDinSeattle/forge-runtime/scripts/faults/application","Test":"TestLifecycleAbortOracleRejectsUnexpectedState/cleanup","Output":"--- PASS: TestLifecycleAbortOracleRejectsUnexpectedState/cleanup (0.00s)\n"}
{"Time":"2026-09-11T21:40:12.964575633-07:00","Action":"pass","Package":"github.com/JDinSeattle/forge-runtime/scripts/faults/application","Test":"TestLifecycleAbortOracleRejectsUnexpectedState/cleanup","Elapsed":0}
{"Time":"2026-09-11T21:40:12.964581305-07:00","Action":"run","Package":"github.com/JDinSeattle/forge-runtime/scripts/faults/application","Test":"TestLifecycleAbortOracleRejectsUnexpectedState/snapshot_lease"}
{"Time":"2026-09-11T21:40:12.964583654-07:00","Action":"output","Package":"github.com/JDinSeattle/forge-runtime/scripts/faults/application","Test":"TestLifecycleAbortOracleRejectsUnexpectedState/snapshot_lease","Output":"=== RUN   TestLifecycleAbortOracleRejectsUnexpectedState/snapshot_lease\n"}
{"Time":"2026-09-11T21:40:12.964633127-07:00","Action":"output","Package":"github.com/JDinSeattle/forge-runtime/scripts/faults/application","Test":"TestLifecycleAbortOracleRejectsUnexpectedState/snapshot_lease","Output":"--- PASS: TestLifecycleAbortOracleRejectsUnexpectedState/snapshot_lease (0.00s)\n"}
{"Time":"2026-09-11T21:40:12.964636264-07:00","Action":"pass","Package":"github.com/JDinSeattle/forge-runtime/scripts/faults/application","Test":"TestLifecycleAbortOracleRejectsUnexpectedState/snapshot_lease","Elapsed":0}
{"Time":"2026-09-11T21:40:12.964639487-07:00","Action":"run","Package":"github.com/JDinSeattle/forge-runtime/scripts/faults/application","Test":"TestLifecycleAbortOracleRejectsUnexpectedState/wrong_stop_target"}
{"Time":"2026-09-11T21:40:12.964641783-07:00","Action":"output","Package":"github.com/JDinSeattle/forge-runtime/scripts/faults/application","Test":"TestLifecycleAbortOracleRejectsUnexpectedState/wrong_stop_target","Output":"=== RUN   TestLifecycleAbortOracleRejectsUnexpectedState/wrong_stop_target\n"}
{"Time":"2026-09-11T21:40:12.964664504-07:00","Action":"output","Package":"github.com/JDinSeattle/forge-runtime/scripts/faults/application","Test":"TestLifecycleAbortOracleRejectsUnexpectedState/wrong_stop_target","Output":"--- PASS: TestLifecycleAbortOracleRejectsUnexpectedState/wrong_stop_target (0.00s)\n"}
{"Time":"2026-09-11T21:40:12.96466758-07:00","Action":"pass","Package":"github.com/JDinSeattle/forge-runtime/scripts/faults/application","Test":"TestLifecycleAbortOracleRejectsUnexpectedState/wrong_stop_target","Elapsed":0}
{"Time":"2026-09-11T21:40:12.964670889-07:00","Action":"run","Package":"github.com/JDinSeattle/forge-runtime/scripts/faults/application","Test":"TestLifecycleAbortOracleRejectsUnexpectedState/execution_step"}
{"Time":"2026-09-11T21:40:12.964673066-07:00","Action":"output","Package":"github.com/JDinSeattle/forge-runtime/scripts/faults/application","Test":"TestLifecycleAbortOracleRejectsUnexpectedState/execution_step","Output":"=== RUN   TestLifecycleAbortOracleRejectsUnexpectedState/execution_step\n"}
{"Time":"2026-09-11T21:40:12.964719909-07:00","Action":"output","Package":"github.com/JDinSeattle/forge-runtime/scripts/faults/application","Test":"TestLifecycleAbortOracleRejectsUnexpectedState/execution_step","Output":"--- PASS: TestLifecycleAbortOracleRejectsUnexpectedState/execution_step (0.00s)\n"}
{"Time":"2026-09-11T21:40:12.964722988-07:00","Action":"pass","Package":"github.com/JDinSeattle/forge-runtime/scripts/faults/application","Test":"TestLifecycleAbortOracleRejectsUnexpectedState/execution_step","Elapsed":0}
{"Time":"2026-09-11T21:40:12.964726002-07:00","Action":"run","Package":"github.com/JDinSeattle/forge-runtime/scripts/faults/application","Test":"TestLifecycleAbortOracleRejectsUnexpectedState/snapshot_rewritten"}
{"Time":"2026-09-11T21:40:12.964728203-07:00","Action":"output","Package":"github.com/JDinSeattle/forge-runtime/scripts/faults/application","Test":"TestLifecycleAbortOracleRejectsUnexpectedState/snapshot_rewritten","Output":"=== RUN   TestLifecycleAbortOracleRejectsUnexpectedState/snapshot_rewritten\n"}
{"Time":"2026-09-11T21:40:12.964802577-07:00","Action":"output","Package":"github.com/JDinSeattle/forge-runtime/scripts/faults/application","Test":"TestLifecycleAbortOracleRejectsUnexpectedState/snapshot_rewritten","Output":"--- PASS: TestLifecycleAbortOracleRejectsUnexpectedState/snapshot_rewritten (0.00s)\n"}
{"Time":"2026-09-11T21:40:12.964805684-07:00","Action":"pass","Package":"github.com/JDinSeattle/forge-runtime/scripts/faults/application","Test":"TestLifecycleAbortOracleRejectsUnexpectedState/snapshot_rewritten","Elapsed":0}
{"Time":"2026-09-11T21:40:12.964808736-07:00","Action":"run","Package":"github.com/JDinSeattle/forge-runtime/scripts/faults/application","Test":"TestLifecycleAbortOracleRejectsUnexpectedState/lease_owner"}
{"Time":"2026-09-11T21:40:12.964810806-07:00","Action":"output","Package":"github.com/JDinSeattle/forge-runtime/scripts/faults/application","Test":"TestLifecycleAbortOracleRejectsUnexpectedState/lease_owner","Output":"=== RUN   TestLifecycleAbortOracleRejectsUnexpectedState/lease_owner\n"}
{"Time":"2026-09-11T21:40:12.964855267-07:00","Action":"output","Package":"github.com/JDinSeattle/forge-runtime/scripts/faults/application","Test":"TestLifecycleAbortOracleRejectsUnexpectedState/lease_owner","Output":"--- PASS: TestLifecycleAbortOracleRejectsUnexpectedState/lease_owner (0.00s)\n"}
{"Time":"2026-09-11T21:40:12.964867213-07:00","Action":"pass","Package":"github.com/JDinSeattle/forge-runtime/scripts/faults/application","Test":"TestLifecycleAbortOracleRejectsUnexpectedState/lease_owner","Elapsed":0}
{"Time":"2026-09-11T21:40:12.964870595-07:00","Action":"run","Package":"github.com/JDinSeattle/forge-runtime/scripts/faults/application","Test":"TestLifecycleAbortOracleRejectsUnexpectedState/workspace"}
{"Time":"2026-09-11T21:40:12.96487329-07:00","Action":"output","Package":"github.com/JDinSeattle/forge-runtime/scripts/faults/application","Test":"TestLifecycleAbortOracleRejectsUnexpectedState/workspace","Output":"=== RUN   TestLifecycleAbortOracleRejectsUnexpectedState/workspace\n"}
{"Time":"2026-09-11T21:40:12.964907179-07:00","Action":"output","Package":"github.com/JDinSeattle/forge-runtime/scripts/faults/application","Test":"TestLifecycleAbortOracleRejectsUnexpectedState/workspace","Output":"--- PASS: TestLifecycleAbortOracleRejectsUnexpectedState/workspace (0.00s)\n"}
{"Time":"2026-09-11T21:40:12.964910218-07:00","Action":"pass","Package":"github.com/JDinSeattle/forge-runtime/scripts/faults/application","Test":"TestLifecycleAbortOracleRejectsUnexpectedState/workspace","Elapsed":0}
{"Time":"2026-09-11T21:40:12.964913257-07:00","Action":"run","Package":"github.com/JDinSeattle/forge-runtime/scripts/faults/application","Test":"TestLifecycleAbortOracleRejectsUnexpectedState/runner"}
{"Time":"2026-09-11T21:40:12.964915276-07:00","Action":"output","Package":"github.com/JDinSeattle/forge-runtime/scripts/faults/application","Test":"TestLifecycleAbortOracleRejectsUnexpectedState/runner","Output":"=== RUN   TestLifecycleAbortOracleRejectsUnexpectedState/runner\n"}
{"Time":"2026-09-11T21:40:12.964960102-07:00","Action":"output","Package":"github.com/JDinSeattle/forge-runtime/scripts/faults/application","Test":"TestLifecycleAbortOracleRejectsUnexpectedState/runner","Output":"--- PASS: TestLifecycleAbortOracleRejectsUnexpectedState/runner (0.00s)\n"}
{"Time":"2026-09-11T21:40:12.964963523-07:00","Action":"pass","Package":"github.com/JDinSeattle/forge-runtime/scripts/faults/application","Test":"TestLifecycleAbortOracleRejectsUnexpectedState/runner","Elapsed":0}
{"Time":"2026-09-11T21:40:12.96496651-07:00","Action":"run","Package":"github.com/JDinSeattle/forge-runtime/scripts/faults/application","Test":"TestLifecycleAbortOracleRejectsUnexpectedState/snapshot_effect"}
{"Time":"2026-09-11T21:40:12.964968612-07:00","Action":"output","Package":"github.com/JDinSeattle/forge-runtime/scripts/faults/application","Test":"TestLifecycleAbortOracleRejectsUnexpectedState/snapshot_effect","Output":"=== RUN   TestLifecycleAbortOracleRejectsUnexpectedState/snapshot_effect\n"}
{"Time":"2026-09-11T21:40:12.965015156-07:00","Action":"output","Package":"github.com/JDinSeattle/forge-runtime/scripts/faults/application","Test":"TestLifecycleAbortOracleRejectsUnexpectedState/snapshot_effect","Output":"--- PASS: TestLifecycleAbortOracleRejectsUnexpectedState/snapshot_effect (0.00s)\n"}
{"Time":"2026-09-11T21:40:12.965023009-07:00","Action":"pass","Package":"github.com/JDinSeattle/forge-runtime/scripts/faults/application","Test":"TestLifecycleAbortOracleRejectsUnexpectedState/snapshot_effect","Elapsed":0}
{"Time":"2026-09-11T21:40:12.965026404-07:00","Action":"run","Package":"github.com/JDinSeattle/forge-runtime/scripts/faults/application","Test":"TestLifecycleAbortOracleRejectsUnexpectedState/model"}
{"Time":"2026-09-11T21:40:12.965028719-07:00","Action":"output","Package":"github.com/JDinSeattle/forge-runtime/scripts/faults/application","Test":"TestLifecycleAbortOracleRejectsUnexpectedState/model","Output":"=== RUN   TestLifecycleAbortOracleRejectsUnexpectedState/model\n"}
{"Time":"2026-09-11T21:40:12.965063002-07:00","Action":"output","Package":"github.com/JDinSeattle/forge-runtime/scripts/faults/application","Test":"TestLifecycleAbortOracleRejectsUnexpectedState/model","Output":"--- PASS: TestLifecycleAbortOracleRejectsUnexpectedState/model (0.00s)\n"}
{"Time":"2026-09-11T21:40:12.965066753-07:00","Action":"pass","Package":"github.com/JDinSeattle/forge-runtime/scripts/faults/application","Test":"TestLifecycleAbortOracleRejectsUnexpectedState/model","Elapsed":0}
{"Time":"2026-09-11T21:40:12.965070348-07:00","Action":"run","Package":"github.com/JDinSeattle/forge-runtime/scripts/faults/application","Test":"TestLifecycleAbortOracleRejectsUnexpectedState/missing_count"}
{"Time":"2026-09-11T21:40:12.965073937-07:00","Action":"output","Package":"github.com/JDinSeattle/forge-runtime/scripts/faults/application","Test":"TestLifecycleAbortOracleRejectsUnexpectedState/missing_count","Output":"=== RUN   TestLifecycleAbortOracleRejectsUnexpectedState/missing_count\n"}
{"Time":"2026-09-11T21:40:12.965114328-07:00","Action":"output","Package":"github.com/JDinSeattle/forge-runtime/scripts/faults/application","Test":"TestLifecycleAbortOracleRejectsUnexpectedState/missing_count","Output":"--- PASS: TestLifecycleAbortOracleRejectsUnexpectedState/missing_count (0.00s)\n"}
{"Time":"2026-09-11T21:40:12.965117479-07:00","Action":"pass","Package":"github.com/JDinSeattle/forge-runtime/scripts/faults/application","Test":"TestLifecycleAbortOracleRejectsUnexpectedState/missing_count","Elapsed":0}
{"Time":"2026-09-11T21:40:12.965120779-07:00","Action":"run","Package":"github.com/JDinSeattle/forge-runtime/scripts/faults/application","Test":"TestLifecycleAbortOracleRejectsUnexpectedState/capacity"}
{"Time":"2026-09-11T21:40:12.965122895-07:00","Action":"output","Package":"github.com/JDinSeattle/forge-runtime/scripts/faults/application","Test":"TestLifecycleAbortOracleRejectsUnexpectedState/capacity","Output":"=== RUN   TestLifecycleAbortOracleRejectsUnexpectedState/capacity\n"}
{"Time":"2026-09-11T21:40:12.965285693-07:00","Action":"output","Package":"github.com/JDinSeattle/forge-runtime/scripts/faults/application","Test":"TestLifecycleAbortOracleRejectsUnexpectedState/capacity","Output":"--- PASS: TestLifecycleAbortOracleRejectsUnexpectedState/capacity (0.00s)\n"}
{"Time":"2026-09-11T21:40:12.965370038-07:00","Action":"pass","Package":"github.com/JDinSeattle/forge-runtime/scripts/faults/application","Test":"TestLifecycleAbortOracleRejectsUnexpectedState/capacity","Elapsed":0}
{"Time":"2026-09-11T21:40:12.965462486-07:00","Action":"run","Package":"github.com/JDinSeattle/forge-runtime/scripts/faults/application","Test":"TestLifecycleAbortOracleRejectsUnexpectedState/lease_until"}
{"Time":"2026-09-11T21:40:12.965473648-07:00","Action":"output","Package":"github.com/JDinSeattle/forge-runtime/scripts/faults/application","Test":"TestLifecycleAbortOracleRejectsUnexpectedState/lease_until","Output":"=== RUN   TestLifecycleAbortOracleRejectsUnexpectedState/lease_until\n"}
{"Time":"2026-09-11T21:40:12.965820258-07:00","Action":"output","Package":"github.com/JDinSeattle/forge-runtime/scripts/faults/application","Test":"TestLifecycleAbortOracleRejectsUnexpectedState/lease_until","Output":"--- PASS: TestLifecycleAbortOracleRejectsUnexpectedState/lease_until (0.00s)\n"}
{"Time":"2026-09-11T21:40:12.965830798-07:00","Action":"pass","Package":"github.com/JDinSeattle/forge-runtime/scripts/faults/application","Test":"TestLifecycleAbortOracleRejectsUnexpectedState/lease_until","Elapsed":0}
{"Time":"2026-09-11T21:40:12.965836723-07:00","Action":"run","Package":"github.com/JDinSeattle/forge-runtime/scripts/faults/application","Test":"TestLifecycleAbortOracleRejectsUnexpectedState/premature_terminal"}
{"Time":"2026-09-11T21:40:12.965839303-07:00","Action":"output","Package":"github.com/JDinSeattle/forge-runtime/scripts/faults/application","Test":"TestLifecycleAbortOracleRejectsUnexpectedState/premature_terminal","Output":"=== RUN   TestLifecycleAbortOracleRejectsUnexpectedState/premature_terminal\n"}
{"Time":"2026-09-11T21:40:12.965882917-07:00","Action":"output","Package":"github.com/JDinSeattle/forge-runtime/scripts/faults/application","Test":"TestLifecycleAbortOracleRejectsUnexpectedState/premature_terminal","Output":"--- PASS: TestLifecycleAbortOracleRejectsUnexpectedState/premature_terminal (0.00s)\n"}
{"Time":"2026-09-11T21:40:12.965886959-07:00","Action":"pass","Package":"github.com/JDinSeattle/forge-runtime/scripts/faults/application","Test":"TestLifecycleAbortOracleRejectsUnexpectedState/premature_terminal","Elapsed":0}
{"Time":"2026-09-11T21:40:12.965890636-07:00","Action":"run","Package":"github.com/JDinSeattle/forge-runtime/scripts/faults/application","Test":"TestLifecycleAbortOracleRejectsUnexpectedState/dropped_stop"}
{"Time":"2026-09-11T21:40:12.965892923-07:00","Action":"output","Package":"github.com/JDinSeattle/forge-runtime/scripts/faults/application","Test":"TestLifecycleAbortOracleRejectsUnexpectedState/dropped_stop","Output":"=== RUN   TestLifecycleAbortOracleRejectsUnexpectedState/dropped_stop\n"}
{"Time":"2026-09-11T21:40:12.965919383-07:00","Action":"output","Package":"github.com/JDinSeattle/forge-runtime/scripts/faults/application","Test":"TestLifecycleAbortOracleRejectsUnexpectedState/dropped_stop","Output":"--- PASS: TestLifecycleAbortOracleRejectsUnexpectedState/dropped_stop (0.00s)\n"}
{"Time":"2026-09-11T21:40:12.96592284-07:00","Action":"pass","Package":"github.com/JDinSeattle/forge-runtime/scripts/faults/application","Test":"TestLifecycleAbortOracleRejectsUnexpectedState/dropped_stop","Elapsed":0}
{"Time":"2026-09-11T21:40:12.965931873-07:00","Action":"run","Package":"github.com/JDinSeattle/forge-runtime/scripts/faults/application","Test":"TestLifecycleAbortOracleRejectsUnexpectedState/false_zero_steps"}
{"Time":"2026-09-11T21:40:12.965934361-07:00","Action":"output","Package":"github.com/JDinSeattle/forge-runtime/scripts/faults/application","Test":"TestLifecycleAbortOracleRejectsUnexpectedState/false_zero_steps","Output":"=== RUN   TestLifecycleAbortOracleRejectsUnexpectedState/false_zero_steps\n"}
{"Time":"2026-09-11T21:40:12.965982815-07:00","Action":"output","Package":"github.com/JDinSeattle/forge-runtime/scripts/faults/application","Test":"TestLifecycleAbortOracleRejectsUnexpectedState/false_zero_steps","Output":"--- PASS: TestLifecycleAbortOracleRejectsUnexpectedState/false_zero_steps (0.00s)\n"}
{"Time":"2026-09-11T21:40:12.965987022-07:00","Action":"pass","Package":"github.com/JDinSeattle/forge-runtime/scripts/faults/application","Test":"TestLifecycleAbortOracleRejectsUnexpectedState/false_zero_steps","Elapsed":0}
{"Time":"2026-09-11T21:40:12.965990641-07:00","Action":"run","Package":"github.com/JDinSeattle/forge-runtime/scripts/faults/application","Test":"TestLifecycleAbortOracleRejectsUnexpectedState/event_missing"}
{"Time":"2026-09-11T21:40:12.96599279-07:00","Action":"output","Package":"github.com/JDinSeattle/forge-runtime/scripts/faults/application","Test":"TestLifecycleAbortOracleRejectsUnexpectedState/event_missing","Output":"=== RUN   TestLifecycleAbortOracleRejectsUnexpectedState/event_missing\n"}
{"Time":"2026-09-11T21:40:12.966054672-07:00","Action":"output","Package":"github.com/JDinSeattle/forge-runtime/scripts/faults/application","Test":"TestLifecycleAbortOracleRejectsUnexpectedState/event_missing","Output":"--- PASS: TestLifecycleAbortOracleRejectsUnexpectedState/event_missing (0.00s)\n"}
{"Time":"2026-09-11T21:40:12.966058652-07:00","Action":"pass","Package":"github.com/JDinSeattle/forge-runtime/scripts/faults/application","Test":"TestLifecycleAbortOracleRejectsUnexpectedState/event_missing","Elapsed":0}
{"Time":"2026-09-11T21:40:12.966062227-07:00","Action":"run","Package":"github.com/JDinSeattle/forge-runtime/scripts/faults/application","Test":"TestLifecycleAbortOracleRejectsUnexpectedState/execute_command"}
{"Time":"2026-09-11T21:40:12.966064415-07:00","Action":"output","Package":"github.com/JDinSeattle/forge-runtime/scripts/faults/application","Test":"TestLifecycleAbortOracleRejectsUnexpectedState/execute_command","Output":"=== RUN   TestLifecycleAbortOracleRejectsUnexpectedState/execute_command\n"}
{"Time":"2026-09-11T21:40:12.966096587-07:00","Action":"output","Package":"github.com/JDinSeattle/forge-runtime/scripts/faults/application","Test":"TestLifecycleAbortOracleRejectsUnexpectedState/execute_command","Output":"--- PASS: TestLifecycleAbortOracleRejectsUnexpectedState/execute_command (0.00s)\n"}
{"Time":"2026-09-11T21:40:12.966099848-07:00","Action":"pass","Package":"github.com/JDinSeattle/forge-runtime/scripts/faults/application","Test":"TestLifecycleAbortOracleRejectsUnexpectedState/execute_command","Elapsed":0}
{"Time":"2026-09-11T21:40:12.966103016-07:00","Action":"run","Package":"github.com/JDinSeattle/forge-runtime/scripts/faults/application","Test":"TestLifecycleAbortOracleRejectsUnexpectedState/event_replaced"}
{"Time":"2026-09-11T21:40:12.966105305-07:00","Action":"output","Package":"github.com/JDinSeattle/forge-runtime/scripts/faults/application","Test":"TestLifecycleAbortOracleRejectsUnexpectedState/event_replaced","Output":"=== RUN   TestLifecycleAbortOracleRejectsUnexpectedState/event_replaced\n"}
{"Time":"2026-09-11T21:40:12.966177726-07:00","Action":"output","Package":"github.com/JDinSeattle/forge-runtime/scripts/faults/application","Test":"TestLifecycleAbortOracleRejectsUnexpectedState/event_replaced","Output":"--- PASS: TestLifecycleAbortOracleRejectsUnexpectedState/event_replaced (0.00s)\n"}
{"Time":"2026-09-11T21:40:12.966181047-07:00","Action":"pass","Package":"github.com/JDinSeattle/forge-runtime/scripts/faults/application","Test":"TestLifecycleAbortOracleRejectsUnexpectedState/event_replaced","Elapsed":0}
{"Time":"2026-09-11T21:40:12.966184204-07:00","Action":"run","Package":"github.com/JDinSeattle/forge-runtime/scripts/faults/application","Test":"TestLifecycleAbortOracleRejectsUnexpectedState/state_column"}
{"Time":"2026-09-11T21:40:12.966186298-07:00","Action":"output","Package":"github.com/JDinSeattle/forge-runtime/scripts/faults/application","Test":"TestLifecycleAbortOracleRejectsUnexpectedState/state_column","Output":"=== RUN   TestLifecycleAbortOracleRejectsUnexpectedState/state_column\n"}
{"Time":"2026-09-11T21:40:12.966265427-07:00","Action":"output","Package":"github.com/JDinSeattle/forge-runtime/scripts/faults/application","Test":"TestLifecycleAbortOracleRejectsUnexpectedState/state_column","Output":"--- PASS: TestLifecycleAbortOracleRejectsUnexpectedState/state_column (0.00s)\n"}
{"Time":"2026-09-11T21:40:12.966275197-07:00","Action":"pass","Package":"github.com/JDinSeattle/forge-runtime/scripts/faults/application","Test":"TestLifecycleAbortOracleRejectsUnexpectedState/state_column","Elapsed":0}
{"Time":"2026-09-11T21:40:12.966279903-07:00","Action":"output","Package":"github.com/JDinSeattle/forge-runtime/scripts/faults/application","Test":"TestLifecycleAbortOracleRejectsUnexpectedState","Output":"--- PASS: TestLifecycleAbortOracleRejectsUnexpectedState (0.00s)\n"}
{"Time":"2026-09-11T21:40:12.966282808-07:00","Action":"pass","Package":"github.com/JDinSeattle/forge-runtime/scripts/faults/application","Test":"TestLifecycleAbortOracleRejectsUnexpectedState","Elapsed":0}
{"Time":"2026-09-11T21:40:12.966286401-07:00","Action":"run","Package":"github.com/JDinSeattle/forge-runtime/scripts/faults/application","Test":"TestLifecycleAbortHistoryIsAppendOnly"}
{"Time":"2026-09-11T21:40:12.966288569-07:00","Action":"output","Package":"github.com/JDinSeattle/forge-runtime/scripts/faults/application","Test":"TestLifecycleAbortHistoryIsAppendOnly","Output":"=== RUN   TestLifecycleAbortHistoryIsAppendOnly\n"}
{"Time":"2026-09-11T21:40:12.966290957-07:00","Action":"run","Package":"github.com/JDinSeattle/forge-runtime/scripts/faults/application","Test":"TestLifecycleAbortHistoryIsAppendOnly/immutable"}
{"Time":"2026-09-11T21:40:12.966292856-07:00","Action":"output","Package":"github.com/JDinSeattle/forge-runtime/scripts/faults/application","Test":"TestLifecycleAbortHistoryIsAppendOnly/immutable","Output":"=== RUN   TestLifecycleAbortHistoryIsAppendOnly/immutable\n"}
{"Time":"2026-09-11T21:40:12.966330178-07:00","Action":"output","Package":"github.com/JDinSeattle/forge-runtime/scripts/faults/application","Test":"TestLifecycleAbortHistoryIsAppendOnly/immutable","Output":"--- PASS: TestLifecycleAbortHistoryIsAppendOnly/immutable (0.00s)\n"}
{"Time":"2026-09-11T21:40:12.966337695-07:00","Action":"pass","Package":"github.com/JDinSeattle/forge-runtime/scripts/faults/application","Test":"TestLifecycleAbortHistoryIsAppendOnly/immutable","Elapsed":0}
{"Time":"2026-09-11T21:40:12.966341488-07:00","Action":"run","Package":"github.com/JDinSeattle/forge-runtime/scripts/faults/application","Test":"TestLifecycleAbortHistoryIsAppendOnly/event"}
{"Time":"2026-09-11T21:40:12.966343765-07:00","Action":"output","Package":"github.com/JDinSeattle/forge-runtime/scripts/faults/application","Test":"TestLifecycleAbortHistoryIsAppendOnly/event","Output":"=== RUN   TestLifecycleAbortHistoryIsAppendOnly/event\n"}
{"Time":"2026-09-11T21:40:12.96636277-07:00","Action":"output","Package":"github.com/JDinSeattle/forge-runtime/scripts/faults/application","Test":"TestLifecycleAbortHistoryIsAppendOnly/event","Output":"--- PASS: TestLifecycleAbortHistoryIsAppendOnly/event (0.00s)\n"}
{"Time":"2026-09-11T21:40:12.966366251-07:00","Action":"pass","Package":"github.com/JDinSeattle/forge-runtime/scripts/faults/application","Test":"TestLifecycleAbortHistoryIsAppendOnly/event","Elapsed":0}
{"Time":"2026-09-11T21:40:12.966368679-07:00","Action":"run","Package":"github.com/JDinSeattle/forge-runtime/scripts/faults/application","Test":"TestLifecycleAbortHistoryIsAppendOnly/snapshot"}
{"Time":"2026-09-11T21:40:12.96637194-07:00","Action":"output","Package":"github.com/JDinSeattle/forge-runtime/scripts/faults/application","Test":"TestLifecycleAbortHistoryIsAppendOnly/snapshot","Output":"=== RUN   TestLifecycleAbortHistoryIsAppendOnly/snapshot\n"}
{"Time":"2026-09-11T21:40:12.966411767-07:00","Action":"output","Package":"github.com/JDinSeattle/forge-runtime/scripts/faults/application","Test":"TestLifecycleAbortHistoryIsAppendOnly/snapshot","Output":"--- PASS: TestLifecycleAbortHistoryIsAppendOnly/snapshot (0.00s)\n"}
{"Time":"2026-09-11T21:40:12.966455246-07:00","Action":"pass","Package":"github.com/JDinSeattle/forge-runtime/scripts/faults/application","Test":"TestLifecycleAbortHistoryIsAppendOnly/snapshot","Elapsed":0}
{"Time":"2026-09-11T21:40:12.966458698-07:00","Action":"output","Package":"github.com/JDinSeattle/forge-runtime/scripts/faults/application","Test":"TestLifecycleAbortHistoryIsAppendOnly","Output":"--- PASS: TestLifecycleAbortHistoryIsAppendOnly (0.00s)\n"}
{"Time":"2026-09-11T21:40:12.966461454-07:00","Action":"pass","Package":"github.com/JDinSeattle/forge-runtime/scripts/faults/application","Test":"TestLifecycleAbortHistoryIsAppendOnly","Elapsed":0}
{"Time":"2026-09-11T21:40:12.966464582-07:00","Action":"run","Package":"github.com/JDinSeattle/forge-runtime/scripts/faults/application","Test":"TestLifecycleExplicitAttemptAndBinaryRouting"}
{"Time":"2026-09-11T21:40:12.966476234-07:00","Action":"output","Package":"github.com/JDinSeattle/forge-runtime/scripts/faults/application","Test":"TestLifecycleExplicitAttemptAndBinaryRouting","Output":"=== RUN   TestLifecycleExplicitAttemptAndBinaryRouting\n"}
{"Time":"2026-09-11T21:40:12.966480849-07:00","Action":"output","Package":"github.com/JDinSeattle/forge-runtime/scripts/faults/application","Test":"TestLifecycleExplicitAttemptAndBinaryRouting","Output":"--- PASS: TestLifecycleExplicitAttemptAndBinaryRouting (0.00s)\n"}
{"Time":"2026-09-11T21:40:12.966484027-07:00","Action":"pass","Package":"github.com/JDinSeattle/forge-runtime/scripts/faults/application","Test":"TestLifecycleExplicitAttemptAndBinaryRouting","Elapsed":0}
{"Time":"2026-09-11T21:40:12.966486122-07:00","Action":"run","Package":"github.com/JDinSeattle/forge-runtime/scripts/faults/application","Test":"TestLifecycleOriginalDatabaseRoute"}
{"Time":"2026-09-11T21:40:12.966487267-07:00","Action":"output","Package":"github.com/JDinSeattle/forge-runtime/scripts/faults/application","Test":"TestLifecycleOriginalDatabaseRoute","Output":"=== RUN   TestLifecycleOriginalDatabaseRoute\n"}
{"Time":"2026-09-11T21:40:12.966493914-07:00","Action":"output","Package":"github.com/JDinSeattle/forge-runtime/scripts/faults/application","Test":"TestLifecycleOriginalDatabaseRoute","Output":"--- PASS: TestLifecycleOriginalDatabaseRoute (0.00s)\n"}
{"Time":"2026-09-11T21:40:12.966495255-07:00","Action":"pass","Package":"github.com/JDinSeattle/forge-runtime/scripts/faults/application","Test":"TestLifecycleOriginalDatabaseRoute","Elapsed":0}
{"Time":"2026-09-11T21:40:12.966496456-07:00","Action":"run","Package":"github.com/JDinSeattle/forge-runtime/scripts/faults/application","Test":"TestWorkerRunnerSIGTERMPreflight"}
{"Time":"2026-09-11T21:40:12.966497466-07:00","Action":"output","Package":"github.com/JDinSeattle/forge-runtime/scripts/faults/application","Test":"TestWorkerRunnerSIGTERMPreflight","Output":"=== RUN   TestWorkerRunnerSIGTERMPreflight\n"}
{"Time":"2026-09-11T21:40:12.986776384-07:00","Action":"run","Package":"github.com/JDinSeattle/forge-runtime/scripts/faults/application","Test":"TestWorkerRunnerSIGTERMPreflight/literal_parent_escape"}
{"Time":"2026-09-11T21:40:12.986798885-07:00","Action":"output","Package":"github.com/JDinSeattle/forge-runtime/scripts/faults/application","Test":"TestWorkerRunnerSIGTERMPreflight/literal_parent_escape","Output":"=== RUN   TestWorkerRunnerSIGTERMPreflight/literal_parent_escape\n"}
{"Time":"2026-09-11T21:40:13.046124014-07:00","Action":"output","Package":"github.com/JDinSeattle/forge-runtime/scripts/faults/application","Test":"TestWorkerRunnerSIGTERMPreflight/literal_parent_escape","Output":"--- PASS: TestWorkerRunnerSIGTERMPreflight/literal_parent_escape (0.06s)\n"}
{"Time":"2026-09-11T21:40:13.04618847-07:00","Action":"pass","Package":"github.com/JDinSeattle/forge-runtime/scripts/faults/application","Test":"TestWorkerRunnerSIGTERMPreflight/literal_parent_escape","Elapsed":0.06}
{"Time":"2026-09-11T21:40:13.046192481-07:00","Action":"run","Package":"github.com/JDinSeattle/forge-runtime/scripts/faults/application","Test":"TestWorkerRunnerSIGTERMPreflight/literal_child_escape"}
{"Time":"2026-09-11T21:40:13.046193839-07:00","Action":"output","Package":"github.com/JDinSeattle/forge-runtime/scripts/faults/application","Test":"TestWorkerRunnerSIGTERMPreflight/literal_child_escape","Output":"=== RUN   TestWorkerRunnerSIGTERMPreflight/literal_child_escape\n"}
{"Time":"2026-09-11T21:40:13.103034862-07:00","Action":"output","Package":"github.com/JDinSeattle/forge-runtime/scripts/faults/application","Test":"TestWorkerRunnerSIGTERMPreflight/literal_child_escape","Output":"--- PASS: TestWorkerRunnerSIGTERMPreflight/literal_child_escape (0.06s)\n"}
{"Time":"2026-09-11T21:40:13.103059265-07:00","Action":"pass","Package":"github.com/JDinSeattle/forge-runtime/scripts/faults/application","Test":"TestWorkerRunnerSIGTERMPreflight/literal_child_escape","Elapsed":0.06}
{"Time":"2026-09-11T21:40:13.103154467-07:00","Action":"output","Package":"github.com/JDinSeattle/forge-runtime/scripts/faults/application","Test":"TestWorkerRunnerSIGTERMPreflight","Output":"--- PASS: TestWorkerRunnerSIGTERMPreflight (0.14s)\n"}
{"Time":"2026-09-11T21:40:13.103156385-07:00","Action":"pass","Package":"github.com/JDinSeattle/forge-runtime/scripts/faults/application","Test":"TestWorkerRunnerSIGTERMPreflight","Elapsed":0.14}
{"Time":"2026-09-11T21:40:13.103168107-07:00","Action":"run","Package":"github.com/JDinSeattle/forge-runtime/scripts/faults/application","Test":"TestWorkerRunnerSIGTERMRejectsSharedState"}
{"Time":"2026-09-11T21:40:13.103169469-07:00","Action":"output","Package":"github.com/JDinSeattle/forge-runtime/scripts/faults/application","Test":"TestWorkerRunnerSIGTERMRejectsSharedState","Output":"=== RUN   TestWorkerRunnerSIGTERMRejectsSharedState\n"}
{"Time":"2026-09-11T21:40:13.103206465-07:00","Action":"run","Package":"github.com/JDinSeattle/forge-runtime/scripts/faults/application","Test":"TestWorkerRunnerSIGTERMRejectsSharedState/demo_pool"}
{"Time":"2026-09-11T21:40:13.103207668-07:00","Action":"output","Package":"github.com/JDinSeattle/forge-runtime/scripts/faults/application","Test":"TestWorkerRunnerSIGTERMRejectsSharedState/demo_pool","Output":"=== RUN   TestWorkerRunnerSIGTERMRejectsSharedState/demo_pool\n"}
{"Time":"2026-09-11T21:40:13.103344733-07:00","Action":"output","Package":"github.com/JDinSeattle/forge-runtime/scripts/faults/application","Test":"TestWorkerRunnerSIGTERMRejectsSharedState/demo_pool","Output":"--- PASS: TestWorkerRunnerSIGTERMRejectsSharedState/demo_pool (0.00s)\n"}
{"Time":"2026-09-11T21:40:13.10334637-07:00","Action":"pass","Package":"github.com/JDinSeattle/forge-runtime/scripts/faults/application","Test":"TestWorkerRunnerSIGTERMRejectsSharedState/demo_pool","Elapsed":0}
{"Time":"2026-09-11T21:40:13.103348028-07:00","Action":"run","Package":"github.com/JDinSeattle/forge-runtime/scripts/faults/application","Test":"TestWorkerRunnerSIGTERMRejectsSharedState/recovery_pool"}
{"Time":"2026-09-11T21:40:13.103349105-07:00","Action":"output","Package":"github.com/JDinSeattle/forge-runtime/scripts/faults/application","Test":"TestWorkerRunnerSIGTERMRejectsSharedState/recovery_pool","Output":"=== RUN   TestWorkerRunnerSIGTERMRejectsSharedState/recovery_pool\n"}
{"Time":"2026-09-11T21:40:13.103382553-07:00","Action":"output","Package":"github.com/JDinSeattle/forge-runtime/scripts/faults/application","Test":"TestWorkerRunnerSIGTERMRejectsSharedState/recovery_pool","Output":"--- PASS: TestWorkerRunnerSIGTERMRejectsSharedState/recovery_pool (0.00s)\n"}
{"Time":"2026-09-11T21:40:13.103384674-07:00","Action":"pass","Package":"github.com/JDinSeattle/forge-runtime/scripts/faults/application","Test":"TestWorkerRunnerSIGTERMRejectsSharedState/recovery_pool","Elapsed":0}
{"Time":"2026-09-11T21:40:13.10338622-07:00","Action":"run","Package":"github.com/JDinSeattle/forge-runtime/scripts/faults/application","Test":"TestWorkerRunnerSIGTERMRejectsSharedState/foreign_journal"}
{"Time":"2026-09-11T21:40:13.103387277-07:00","Action":"output","Package":"github.com/JDinSeattle/forge-runtime/scripts/faults/application","Test":"TestWorkerRunnerSIGTERMRejectsSharedState/foreign_journal","Output":"=== RUN   TestWorkerRunnerSIGTERMRejectsSharedState/foreign_journal\n"}
{"Time":"2026-09-11T21:40:13.103425852-07:00","Action":"output","Package":"github.com/JDinSeattle/forge-runtime/scripts/faults/application","Test":"TestWorkerRunnerSIGTERMRejectsSharedState/foreign_journal","Output":"--- PASS: TestWorkerRunnerSIGTERMRejectsSharedState/foreign_journal (0.00s)\n"}
{"Time":"2026-09-11T21:40:13.10342878-07:00","Action":"pass","Package":"github.com/JDinSeattle/forge-runtime/scripts/faults/application","Test":"TestWorkerRunnerSIGTERMRejectsSharedState/foreign_journal","Elapsed":0}
{"Time":"2026-09-11T21:40:13.103430381-07:00","Action":"run","Package":"github.com/JDinSeattle/forge-runtime/scripts/faults/application","Test":"TestWorkerRunnerSIGTERMRejectsSharedState/fake_backend"}
{"Time":"2026-09-11T21:40:13.103431475-07:00","Action":"output","Package":"github.com/JDinSeattle/forge-runtime/scripts/faults/application","Test":"TestWorkerRunnerSIGTERMRejectsSharedState/fake_backend","Output":"=== RUN   TestWorkerRunnerSIGTERMRejectsSharedState/fake_backend\n"}
{"Time":"2026-09-11T21:40:13.103462339-07:00","Action":"output","Package":"github.com/JDinSeattle/forge-runtime/scripts/faults/application","Test":"TestWorkerRunnerSIGTERMRejectsSharedState/fake_backend","Output":"--- PASS: TestWorkerRunnerSIGTERMRejectsSharedState/fake_backend (0.00s)\n"}
{"Time":"2026-09-11T21:40:13.103463661-07:00","Action":"pass","Package":"github.com/JDinSeattle/forge-runtime/scripts/faults/application","Test":"TestWorkerRunnerSIGTERMRejectsSharedState/fake_backend","Elapsed":0}
{"Time":"2026-09-11T21:40:13.103465311-07:00","Action":"run","Package":"github.com/JDinSeattle/forge-runtime/scripts/faults/application","Test":"TestWorkerRunnerSIGTERMRejectsSharedState/zero_log_cap"}
{"Time":"2026-09-11T21:40:13.103466383-07:00","Action":"output","Package":"github.com/JDinSeattle/forge-runtime/scripts/faults/application","Test":"TestWorkerRunnerSIGTERMRejectsSharedState/zero_log_cap","Output":"=== RUN   TestWorkerRunnerSIGTERMRejectsSharedState/zero_log_cap\n"}
{"Time":"2026-09-11T21:40:13.103494207-07:00","Action":"output","Package":"github.com/JDinSeattle/forge-runtime/scripts/faults/application","Test":"TestWorkerRunnerSIGTERMRejectsSharedState/zero_log_cap","Output":"--- PASS: TestWorkerRunnerSIGTERMRejectsSharedState/zero_log_cap (0.00s)\n"}
{"Time":"2026-09-11T21:40:13.103495484-07:00","Action":"pass","Package":"github.com/JDinSeattle/forge-runtime/scripts/faults/application","Test":"TestWorkerRunnerSIGTERMRejectsSharedState/zero_log_cap","Elapsed":0}
{"Time":"2026-09-11T21:40:13.103497252-07:00","Action":"run","Package":"github.com/JDinSeattle/forge-runtime/scripts/faults/application","Test":"TestWorkerRunnerSIGTERMRejectsSharedState/unbounded_profile"}
{"Time":"2026-09-11T21:40:13.103498325-07:00","Action":"output","Package":"github.com/JDinSeattle/forge-runtime/scripts/faults/application","Test":"TestWorkerRunnerSIGTERMRejectsSharedState/unbounded_profile","Output":"=== RUN   TestWorkerRunnerSIGTERMRejectsSharedState/unbounded_profile\n"}
{"Time":"2026-09-11T21:40:13.103534546-07:00","Action":"output","Package":"github.com/JDinSeattle/forge-runtime/scripts/faults/application","Test":"TestWorkerRunnerSIGTERMRejectsSharedState/unbounded_profile","Output":"--- PASS: TestWorkerRunnerSIGTERMRejectsSharedState/unbounded_profile (0.00s)\n"}
{"Time":"2026-09-11T21:40:13.103535862-07:00","Action":"pass","Package":"github.com/JDinSeattle/forge-runtime/scripts/faults/application","Test":"TestWorkerRunnerSIGTERMRejectsSharedState/unbounded_profile","Elapsed":0}
{"Time":"2026-09-11T21:40:13.103537471-07:00","Action":"run","Package":"github.com/JDinSeattle/forge-runtime/scripts/faults/application","Test":"TestWorkerRunnerSIGTERMRejectsSharedState/wrong_grader"}
{"Time":"2026-09-11T21:40:13.103538595-07:00","Action":"output","Package":"github.com/JDinSeattle/forge-runtime/scripts/faults/application","Test":"TestWorkerRunnerSIGTERMRejectsSharedState/wrong_grader","Output":"=== RUN   TestWorkerRunnerSIGTERMRejectsSharedState/wrong_grader\n"}
{"Time":"2026-09-11T21:40:13.103566862-07:00","Action":"output","Package":"github.com/JDinSeattle/forge-runtime/scripts/faults/application","Test":"TestWorkerRunnerSIGTERMRejectsSharedState/wrong_grader","Output":"--- PASS: TestWorkerRunnerSIGTERMRejectsSharedState/wrong_grader (0.00s)\n"}
{"Time":"2026-09-11T21:40:13.103568147-07:00","Action":"pass","Package":"github.com/JDinSeattle/forge-runtime/scripts/faults/application","Test":"TestWorkerRunnerSIGTERMRejectsSharedState/wrong_grader","Elapsed":0}
{"Time":"2026-09-11T21:40:13.103569662-07:00","Action":"run","Package":"github.com/JDinSeattle/forge-runtime/scripts/faults/application","Test":"TestWorkerRunnerSIGTERMRejectsSharedState/tcp_runner"}
{"Time":"2026-09-11T21:40:13.103570676-07:00","Action":"output","Package":"github.com/JDinSeattle/forge-runtime/scripts/faults/application","Test":"TestWorkerRunnerSIGTERMRejectsSharedState/tcp_runner","Output":"=== RUN   TestWorkerRunnerSIGTERMRejectsSharedState/tcp_runner\n"}
{"Time":"2026-09-11T21:40:13.103599343-07:00","Action":"output","Package":"github.com/JDinSeattle/forge-runtime/scripts/faults/application","Test":"TestWorkerRunnerSIGTERMRejectsSharedState/tcp_runner","Output":"--- PASS: TestWorkerRunnerSIGTERMRejectsSharedState/tcp_runner (0.00s)\n"}
{"Time":"2026-09-11T21:40:13.103600625-07:00","Action":"pass","Package":"github.com/JDinSeattle/forge-runtime/scripts/faults/application","Test":"TestWorkerRunnerSIGTERMRejectsSharedState/tcp_runner","Elapsed":0}
{"Time":"2026-09-11T21:40:13.103602149-07:00","Action":"run","Package":"github.com/JDinSeattle/forge-runtime/scripts/faults/application","Test":"TestWorkerRunnerSIGTERMRejectsSharedState/wrong_binary_digest"}
{"Time":"2026-09-11T21:40:13.10360349-07:00","Action":"output","Package":"github.com/JDinSeattle/forge-runtime/scripts/faults/application","Test":"TestWorkerRunnerSIGTERMRejectsSharedState/wrong_binary_digest","Output":"=== RUN   TestWorkerRunnerSIGTERMRejectsSharedState/wrong_binary_digest\n"}
{"Time":"2026-09-11T21:40:13.103641019-07:00","Action":"output","Package":"github.com/JDinSeattle/forge-runtime/scripts/faults/application","Test":"TestWorkerRunnerSIGTERMRejectsSharedState/wrong_binary_digest","Output":"--- PASS: TestWorkerRunnerSIGTERMRejectsSharedState/wrong_binary_digest (0.00s)\n"}
{"Time":"2026-09-11T21:40:13.103643276-07:00","Action":"pass","Package":"github.com/JDinSeattle/forge-runtime/scripts/faults/application","Test":"TestWorkerRunnerSIGTERMRejectsSharedState/wrong_binary_digest","Elapsed":0}
{"Time":"2026-09-11T21:40:13.103645052-07:00","Action":"output","Package":"github.com/JDinSeattle/forge-runtime/scripts/faults/application","Test":"TestWorkerRunnerSIGTERMRejectsSharedState","Output":"--- PASS: TestWorkerRunnerSIGTERMRejectsSharedState (0.00s)\n"}
{"Time":"2026-09-11T21:40:13.103646497-07:00","Action":"pass","Package":"github.com/JDinSeattle/forge-runtime/scripts/faults/application","Test":"TestWorkerRunnerSIGTERMRejectsSharedState","Elapsed":0}
{"Time":"2026-09-11T21:40:13.103652187-07:00","Action":"output","Package":"github.com/JDinSeattle/forge-runtime/scripts/faults/application","Output":"PASS\n"}
{"Time":"2026-09-11T21:40:13.104887359-07:00","Action":"output","Package":"github.com/JDinSeattle/forge-runtime/scripts/faults/application","Output":"ok  \tgithub.com/JDinSeattle/forge-runtime/scripts/faults/application\t0.155s\n"}
{"Time":"2026-09-11T21:40:13.104902134-07:00","Action":"pass","Package":"github.com/JDinSeattle/forge-runtime/scripts/faults/application","Elapsed":0.155}
