{"Time":"2026-09-11T21:40:15.528746897-07:00","Action":"start","Package":"github.com/JDinSeattle/forge-runtime/scripts/faults/application"}
{"Time":"2026-09-11T21:40:15.555552386-07:00","Action":"run","Package":"github.com/JDinSeattle/forge-runtime/scripts/faults/application","Test":"TestStrictLogsOfflineOracle"}
{"Time":"2026-09-11T21:40:15.555576524-07:00","Action":"output","Package":"github.com/JDinSeattle/forge-runtime/scripts/faults/application","Test":"TestStrictLogsOfflineOracle","Output":"=== RUN   TestStrictLogsOfflineOracle\n"}
{"Time":"2026-09-11T21:40:15.556119019-07:00","Action":"run","Package":"github.com/JDinSeattle/forge-runtime/scripts/faults/application","Test":"TestStrictLogsOfflineOracle/wrong_receipt_run"}
{"Time":"2026-09-11T21:40:15.556121324-07:00","Action":"output","Package":"github.com/JDinSeattle/forge-runtime/scripts/faults/application","Test":"TestStrictLogsOfflineOracle/wrong_receipt_run","Output":"=== RUN   TestStrictLogsOfflineOracle/wrong_receipt_run\n"}
{"Time":"2026-09-11T21:40:15.556216645-07:00","Action":"output","Package":"github.com/JDinSeattle/forge-runtime/scripts/faults/application","Test":"TestStrictLogsOfflineOracle/wrong_receipt_run","Output":"--- PASS: TestStrictLogsOfflineOracle/wrong_receipt_run (0.00s)\n"}
{"Time":"2026-09-11T21:40:15.556227579-07:00","Action":"pass","Package":"github.com/JDinSeattle/forge-runtime/scripts/faults/application","Test":"TestStrictLogsOfflineOracle/wrong_receipt_run","Elapsed":0}
{"Time":"2026-09-11T21:40:15.556243205-07:00","Action":"run","Package":"github.com/JDinSeattle/forge-runtime/scripts/faults/application","Test":"TestStrictLogsOfflineOracle/wrong_artifact_tenant"}
{"Time":"2026-09-11T21:40:15.556244539-07:00","Action":"output","Package":"github.com/JDinSeattle/forge-runtime/scripts/faults/application","Test":"TestStrictLogsOfflineOracle/wrong_artifact_tenant","Output":"=== RUN   TestStrictLogsOfflineOracle/wrong_artifact_tenant\n"}
{"Time":"2026-09-11T21:40:15.556451082-07:00","Action":"output","Package":"github.com/JDinSeattle/forge-runtime/scripts/faults/application","Test":"TestStrictLogsOfflineOracle/wrong_artifact_tenant","Output":"--- PASS: TestStrictLogsOfflineOracle/wrong_artifact_tenant (0.00s)\n"}
{"Time":"2026-09-11T21:40:15.556458165-07:00","Action":"pass","Package":"github.com/JDinSeattle/forge-runtime/scripts/faults/application","Test":"TestStrictLogsOfflineOracle/wrong_artifact_tenant","Elapsed":0}
{"Time":"2026-09-11T21:40:15.556476334-07:00","Action":"run","Package":"github.com/JDinSeattle/forge-runtime/scripts/faults/application","Test":"TestStrictLogsOfflineOracle/wrong_hash"}
{"Time":"2026-09-11T21:40:15.556477555-07:00","Action":"output","Package":"github.com/JDinSeattle/forge-runtime/scripts/faults/application","Test":"TestStrictLogsOfflineOracle/wrong_hash","Output":"=== RUN   TestStrictLogsOfflineOracle/wrong_hash\n"}
{"Time":"2026-09-11T21:40:15.556683082-07:00","Action":"output","Package":"github.com/JDinSeattle/forge-runtime/scripts/faults/application","Test":"TestStrictLogsOfflineOracle/wrong_hash","Output":"--- PASS: TestStrictLogsOfflineOracle/wrong_hash (0.00s)\n"}
{"Time":"2026-09-11T21:40:15.55669063-07:00","Action":"pass","Package":"github.com/JDinSeattle/forge-runtime/scripts/faults/application","Test":"TestStrictLogsOfflineOracle/wrong_hash","Elapsed":0}
{"Time":"2026-09-11T21:40:15.556712194-07:00","Action":"run","Package":"github.com/JDinSeattle/forge-runtime/scripts/faults/application","Test":"TestStrictLogsOfflineOracle/gap_with_exact_count"}
{"Time":"2026-09-11T21:40:15.556713332-07:00","Action":"output","Package":"github.com/JDinSeattle/forge-runtime/scripts/faults/application","Test":"TestStrictLogsOfflineOracle/gap_with_exact_count","Output":"=== RUN   TestStrictLogsOfflineOracle/gap_with_exact_count\n"}
{"Time":"2026-09-11T21:40:15.556908854-07:00","Action":"output","Package":"github.com/JDinSeattle/forge-runtime/scripts/faults/application","Test":"TestStrictLogsOfflineOracle/gap_with_exact_count","Output":"--- PASS: TestStrictLogsOfflineOracle/gap_with_exact_count (0.00s)\n"}
{"Time":"2026-09-11T21:40:15.556918127-07:00","Action":"pass","Package":"github.com/JDinSeattle/forge-runtime/scripts/faults/application","Test":"TestStrictLogsOfflineOracle/gap_with_exact_count","Elapsed":0}
{"Time":"2026-09-11T21:40:15.556946625-07:00","Action":"run","Package":"github.com/JDinSeattle/forge-runtime/scripts/faults/application","Test":"TestStrictLogsOfflineOracle/forged_success"}
{"Time":"2026-09-11T21:40:15.556947988-07:00","Action":"output","Package":"github.com/JDinSeattle/forge-runtime/scripts/faults/application","Test":"TestStrictLogsOfflineOracle/forged_success","Output":"=== RUN   TestStrictLogsOfflineOracle/forged_success\n"}
{"Time":"2026-09-11T21:40:15.557154796-07:00","Action":"output","Package":"github.com/JDinSeattle/forge-runtime/scripts/faults/application","Test":"TestStrictLogsOfflineOracle/forged_success","Output":"--- PASS: TestStrictLogsOfflineOracle/forged_success (0.00s)\n"}
{"Time":"2026-09-11T21:40:15.557160658-07:00","Action":"pass","Package":"github.com/JDinSeattle/forge-runtime/scripts/faults/application","Test":"TestStrictLogsOfflineOracle/forged_success","Elapsed":0}
{"Time":"2026-09-11T21:40:15.557194541-07:00","Action":"run","Package":"github.com/JDinSeattle/forge-runtime/scripts/faults/application","Test":"TestStrictLogsOfflineOracle/seen_mismatch"}
{"Time":"2026-09-11T21:40:15.557196074-07:00","Action":"output","Package":"github.com/JDinSeattle/forge-runtime/scripts/faults/application","Test":"TestStrictLogsOfflineOracle/seen_mismatch","Output":"=== RUN   TestStrictLogsOfflineOracle/seen_mismatch\n"}
{"Time":"2026-09-11T21:40:15.557422174-07:00","Action":"output","Package":"github.com/JDinSeattle/forge-runtime/scripts/faults/application","Test":"TestStrictLogsOfflineOracle/seen_mismatch","Output":"--- PASS: TestStrictLogsOfflineOracle/seen_mismatch (0.00s)\n"}
{"Time":"2026-09-11T21:40:15.557432753-07:00","Action":"pass","Package":"github.com/JDinSeattle/forge-runtime/scripts/faults/application","Test":"TestStrictLogsOfflineOracle/seen_mismatch","Elapsed":0}
{"Time":"2026-09-11T21:40:15.557448055-07:00","Action":"run","Package":"github.com/JDinSeattle/forge-runtime/scripts/faults/application","Test":"TestStrictLogsOfflineOracle/missing_stop"}
{"Time":"2026-09-11T21:40:15.557449398-07:00","Action":"output","Package":"github.com/JDinSeattle/forge-runtime/scripts/faults/application","Test":"TestStrictLogsOfflineOracle/missing_stop","Output":"=== RUN   TestStrictLogsOfflineOracle/missing_stop\n"}
{"Time":"2026-09-11T21:40:15.557640915-07:00","Action":"output","Package":"github.com/JDinSeattle/forge-runtime/scripts/faults/application","Test":"TestStrictLogsOfflineOracle/missing_stop","Output":"--- PASS: TestStrictLogsOfflineOracle/missing_stop (0.00s)\n"}
{"Time":"2026-09-11T21:40:15.557651278-07:00","Action":"pass","Package":"github.com/JDinSeattle/forge-runtime/scripts/faults/application","Test":"TestStrictLogsOfflineOracle/missing_stop","Elapsed":0}
{"Time":"2026-09-11T21:40:15.557750517-07:00","Action":"output","Package":"github.com/JDinSeattle/forge-runtime/scripts/faults/application","Test":"TestStrictLogsOfflineOracle","Output":"--- PASS: TestStrictLogsOfflineOracle (0.00s)\n"}
{"Time":"2026-09-11T21:40:15.557760989-07:00","Action":"pass","Package":"github.com/JDinSeattle/forge-runtime/scripts/faults/application","Test":"TestStrictLogsOfflineOracle","Elapsed":0}
{"Time":"2026-09-11T21:40:15.557785702-07:00","Action":"run","Package":"github.com/JDinSeattle/forge-runtime/scripts/faults/application","Test":"TestStrictLogsOfflinePreflight"}
{"Time":"2026-09-11T21:40:15.557787086-07:00","Action":"output","Package":"github.com/JDinSeattle/forge-runtime/scripts/faults/application","Test":"TestStrictLogsOfflinePreflight","Output":"=== RUN   TestStrictLogsOfflinePreflight\n"}
{"Time":"2026-09-11T21:40:15.557990828-07:00","Action":"run","Package":"github.com/JDinSeattle/forge-runtime/scripts/faults/application","Test":"TestStrictLogsOfflinePreflight/shared_journal"}
{"Time":"2026-09-11T21:40:15.557992466-07:00","Action":"output","Package":"github.com/JDinSeattle/forge-runtime/scripts/faults/application","Test":"TestStrictLogsOfflinePreflight/shared_journal","Output":"=== RUN   TestStrictLogsOfflinePreflight/shared_journal\n"}
{"Time":"2026-09-11T21:40:15.558117495-07:00","Action":"output","Package":"github.com/JDinSeattle/forge-runtime/scripts/faults/application","Test":"TestStrictLogsOfflinePreflight/shared_journal","Output":"--- PASS: TestStrictLogsOfflinePreflight/shared_journal (0.00s)\n"}
{"Time":"2026-09-11T21:40:15.558128536-07:00","Action":"pass","Package":"github.com/JDinSeattle/forge-runtime/scripts/faults/application","Test":"TestStrictLogsOfflinePreflight/shared_journal","Elapsed":0}
{"Time":"2026-09-11T21:40:15.558153835-07:00","Action":"run","Package":"github.com/JDinSeattle/forge-runtime/scripts/faults/application","Test":"TestStrictLogsOfflinePreflight/three_slots"}
{"Time":"2026-09-11T21:40:15.558155055-07:00","Action":"output","Package":"github.com/JDinSeattle/forge-runtime/scripts/faults/application","Test":"TestStrictLogsOfflinePreflight/three_slots","Output":"=== RUN   TestStrictLogsOfflinePreflight/three_slots\n"}
{"Time":"2026-09-11T21:40:15.558293125-07:00","Action":"output","Package":"github.com/JDinSeattle/forge-runtime/scripts/faults/application","Test":"TestStrictLogsOfflinePreflight/three_slots","Output":"--- PASS: TestStrictLogsOfflinePreflight/three_slots (0.00s)\n"}
{"Time":"2026-09-11T21:40:15.558301733-07:00","Action":"pass","Package":"github.com/JDinSeattle/forge-runtime/scripts/faults/application","Test":"TestStrictLogsOfflinePreflight/three_slots","Elapsed":0}
{"Time":"2026-09-11T21:40:15.558317562-07:00","Action":"run","Package":"github.com/JDinSeattle/forge-runtime/scripts/faults/application","Test":"TestStrictLogsOfflinePreflight/wrong_daemon"}
{"Time":"2026-09-11T21:40:15.558318876-07:00","Action":"output","Package":"github.com/JDinSeattle/forge-runtime/scripts/faults/application","Test":"TestStrictLogsOfflinePreflight/wrong_daemon","Output":"=== RUN   TestStrictLogsOfflinePreflight/wrong_daemon\n"}
{"Time":"2026-09-11T21:40:15.558454539-07:00","Action":"output","Package":"github.com/JDinSeattle/forge-runtime/scripts/faults/application","Test":"TestStrictLogsOfflinePreflight/wrong_daemon","Output":"--- PASS: TestStrictLogsOfflinePreflight/wrong_daemon (0.00s)\n"}
{"Time":"2026-09-11T21:40:15.55846344-07:00","Action":"pass","Package":"github.com/JDinSeattle/forge-runtime/scripts/faults/application","Test":"TestStrictLogsOfflinePreflight/wrong_daemon","Elapsed":0}
{"Time":"2026-09-11T21:40:15.558480605-07:00","Action":"run","Package":"github.com/JDinSeattle/forge-runtime/scripts/faults/application","Test":"TestStrictLogsOfflinePreflight/rebound_source"}
{"Time":"2026-09-11T21:40:15.558482007-07:00","Action":"output","Package":"github.com/JDinSeattle/forge-runtime/scripts/faults/application","Test":"TestStrictLogsOfflinePreflight/rebound_source","Output":"=== RUN   TestStrictLogsOfflinePreflight/rebound_source\n"}
{"Time":"2026-09-11T21:40:15.558615927-07:00","Action":"output","Package":"github.com/JDinSeattle/forge-runtime/scripts/faults/application","Test":"TestStrictLogsOfflinePreflight/rebound_source","Output":"--- PASS: TestStrictLogsOfflinePreflight/rebound_source (0.00s)\n"}
{"Time":"2026-09-11T21:40:15.55862454-07:00","Action":"pass","Package":"github.com/JDinSeattle/forge-runtime/scripts/faults/application","Test":"TestStrictLogsOfflinePreflight/rebound_source","Elapsed":0}
{"Time":"2026-09-11T21:40:15.558627487-07:00","Action":"run","Package":"github.com/JDinSeattle/forge-runtime/scripts/faults/application","Test":"TestStrictLogsOfflinePreflight/weaker_default_quota"}
{"Time":"2026-09-11T21:40:15.558628684-07:00","Action":"output","Package":"github.com/JDinSeattle/forge-runtime/scripts/faults/application","Test":"TestStrictLogsOfflinePreflight/weaker_default_quota","Output":"=== RUN   TestStrictLogsOfflinePreflight/weaker_default_quota\n"}
{"Time":"2026-09-11T21:40:15.558754499-07:00","Action":"output","Package":"github.com/JDinSeattle/forge-runtime/scripts/faults/application","Test":"TestStrictLogsOfflinePreflight/weaker_default_quota","Output":"--- PASS: TestStrictLogsOfflinePreflight/weaker_default_quota (0.00s)\n"}
{"Time":"2026-09-11T21:40:15.558761349-07:00","Action":"pass","Package":"github.com/JDinSeattle/forge-runtime/scripts/faults/application","Test":"TestStrictLogsOfflinePreflight/weaker_default_quota","Elapsed":0}
{"Time":"2026-09-11T21:40:15.55877466-07:00","Action":"run","Package":"github.com/JDinSeattle/forge-runtime/scripts/faults/application","Test":"TestStrictLogsOfflinePreflight/foreign_binary"}
{"Time":"2026-09-11T21:40:15.558776089-07:00","Action":"output","Package":"github.com/JDinSeattle/forge-runtime/scripts/faults/application","Test":"TestStrictLogsOfflinePreflight/foreign_binary","Output":"=== RUN   TestStrictLogsOfflinePreflight/foreign_binary\n"}
{"Time":"2026-09-11T21:40:15.5588726-07:00","Action":"output","Package":"github.com/JDinSeattle/forge-runtime/scripts/faults/application","Test":"TestStrictLogsOfflinePreflight/foreign_binary","Output":"--- PASS: TestStrictLogsOfflinePreflight/foreign_binary (0.00s)\n"}
{"Time":"2026-09-11T21:40:15.558879261-07:00","Action":"pass","Package":"github.com/JDinSeattle/forge-runtime/scripts/faults/application","Test":"TestStrictLogsOfflinePreflight/foreign_binary","Elapsed":0}
{"Time":"2026-09-11T21:40:15.558900879-07:00","Action":"run","Package":"github.com/JDinSeattle/forge-runtime/scripts/faults/application","Test":"TestStrictLogsOfflinePreflight/shared_pool"}
{"Time":"2026-09-11T21:40:15.55890203-07:00","Action":"output","Package":"github.com/JDinSeattle/forge-runtime/scripts/faults/application","Test":"TestStrictLogsOfflinePreflight/shared_pool","Output":"=== RUN   TestStrictLogsOfflinePreflight/shared_pool\n"}
{"Time":"2026-09-11T21:40:15.55906469-07:00","Action":"output","Package":"github.com/JDinSeattle/forge-runtime/scripts/faults/application","Test":"TestStrictLogsOfflinePreflight/shared_pool","Output":"--- PASS: TestStrictLogsOfflinePreflight/shared_pool (0.00s)\n"}
{"Time":"2026-09-11T21:40:15.559070963-07:00","Action":"pass","Package":"github.com/JDinSeattle/forge-runtime/scripts/faults/application","Test":"TestStrictLogsOfflinePreflight/shared_pool","Elapsed":0}
{"Time":"2026-09-11T21:40:15.559085799-07:00","Action":"run","Package":"github.com/JDinSeattle/forge-runtime/scripts/faults/application","Test":"TestStrictLogsOfflinePreflight/fake_backend"}
{"Time":"2026-09-11T21:40:15.559086968-07:00","Action":"output","Package":"github.com/JDinSeattle/forge-runtime/scripts/faults/application","Test":"TestStrictLogsOfflinePreflight/fake_backend","Output":"=== RUN   TestStrictLogsOfflinePreflight/fake_backend\n"}
{"Time":"2026-09-11T21:40:15.559204226-07:00","Action":"output","Package":"github.com/JDinSeattle/forge-runtime/scripts/faults/application","Test":"TestStrictLogsOfflinePreflight/fake_backend","Output":"--- PASS: TestStrictLogsOfflinePreflight/fake_backend (0.00s)\n"}
{"Time":"2026-09-11T21:40:15.559210505-07:00","Action":"pass","Package":"github.com/JDinSeattle/forge-runtime/scripts/faults/application","Test":"TestStrictLogsOfflinePreflight/fake_backend","Elapsed":0}
{"Time":"2026-09-11T21:40:15.559232528-07:00","Action":"run","Package":"github.com/JDinSeattle/forge-runtime/scripts/faults/application","Test":"TestStrictLogsOfflinePreflight/unbounded_profile"}
{"Time":"2026-09-11T21:40:15.559233725-07:00","Action":"output","Package":"github.com/JDinSeattle/forge-runtime/scripts/faults/application","Test":"TestStrictLogsOfflinePreflight/unbounded_profile","Output":"=== RUN   TestStrictLogsOfflinePreflight/unbounded_profile\n"}
{"Time":"2026-09-11T21:40:15.559369539-07:00","Action":"output","Package":"github.com/JDinSeattle/forge-runtime/scripts/faults/application","Test":"TestStrictLogsOfflinePreflight/unbounded_profile","Output":"--- PASS: TestStrictLogsOfflinePreflight/unbounded_profile (0.00s)\n"}
{"Time":"2026-09-11T21:40:15.559382077-07:00","Action":"pass","Package":"github.com/JDinSeattle/forge-runtime/scripts/faults/application","Test":"TestStrictLogsOfflinePreflight/unbounded_profile","Elapsed":0}
{"Time":"2026-09-11T21:40:15.559403222-07:00","Action":"run","Package":"github.com/JDinSeattle/forge-runtime/scripts/faults/application","Test":"TestStrictLogsOfflinePreflight/wrong_oracle"}
{"Time":"2026-09-11T21:40:15.559444411-07:00","Action":"output","Package":"github.com/JDinSeattle/forge-runtime/scripts/faults/application","Test":"TestStrictLogsOfflinePreflight/wrong_oracle","Output":"=== RUN   TestStrictLogsOfflinePreflight/wrong_oracle\n"}
{"Time":"2026-09-11T21:40:15.559509059-07:00","Action":"output","Package":"github.com/JDinSeattle/forge-runtime/scripts/faults/application","Test":"TestStrictLogsOfflinePreflight/wrong_oracle","Output":"--- PASS: TestStrictLogsOfflinePreflight/wrong_oracle (0.00s)\n"}
{"Time":"2026-09-11T21:40:15.559518001-07:00","Action":"pass","Package":"github.com/JDinSeattle/forge-runtime/scripts/faults/application","Test":"TestStrictLogsOfflinePreflight/wrong_oracle","Elapsed":0}
{"Time":"2026-09-11T21:40:15.559926665-07:00","Action":"output","Package":"github.com/JDinSeattle/forge-runtime/scripts/faults/application","Test":"TestStrictLogsOfflinePreflight","Output":"--- PASS: TestStrictLogsOfflinePreflight (0.00s)\n"}
{"Time":"2026-09-11T21:40:15.559933613-07:00","Action":"pass","Package":"github.com/JDinSeattle/forge-runtime/scripts/faults/application","Test":"TestStrictLogsOfflinePreflight","Elapsed":0}
{"Time":"2026-09-11T21:40:15.559955129-07:00","Action":"run","Package":"github.com/JDinSeattle/forge-runtime/scripts/faults/application","Test":"TestStrictLogsDurableBindingOracle"}
{"Time":"2026-09-11T21:40:15.559956303-07:00","Action":"output","Package":"github.com/JDinSeattle/forge-runtime/scripts/faults/application","Test":"TestStrictLogsDurableBindingOracle","Output":"=== RUN   TestStrictLogsDurableBindingOracle\n"}
{"Time":"2026-09-11T21:40:15.560172249-07:00","Action":"run","Package":"github.com/JDinSeattle/forge-runtime/scripts/faults/application","Test":"TestStrictLogsDurableBindingOracle/tenant_id"}
{"Time":"2026-09-11T21:40:15.560174101-07:00","Action":"output","Package":"github.com/JDinSeattle/forge-runtime/scripts/faults/application","Test":"TestStrictLogsDurableBindingOracle/tenant_id","Output":"=== RUN   TestStrictLogsDurableBindingOracle/tenant_id\n"}
{"Time":"2026-09-11T21:40:15.560311956-07:00","Action":"output","Package":"github.com/JDinSeattle/forge-runtime/scripts/faults/application","Test":"TestStrictLogsDurableBindingOracle/tenant_id","Output":"--- PASS: TestStrictLogsDurableBindingOracle/tenant_id (0.00s)\n"}
{"Time":"2026-09-11T21:40:15.560319198-07:00","Action":"pass","Package":"github.com/JDinSeattle/forge-runtime/scripts/faults/application","Test":"TestStrictLogsDurableBindingOracle/tenant_id","Elapsed":0}
{"Time":"2026-09-11T21:40:15.560334527-07:00","Action":"run","Package":"github.com/JDinSeattle/forge-runtime/scripts/faults/application","Test":"TestStrictLogsDurableBindingOracle/run_id"}
{"Time":"2026-09-11T21:40:15.560335807-07:00","Action":"output","Package":"github.com/JDinSeattle/forge-runtime/scripts/faults/application","Test":"TestStrictLogsDurableBindingOracle/run_id","Output":"=== RUN   TestStrictLogsDurableBindingOracle/run_id\n"}
{"Time":"2026-09-11T21:40:15.560486414-07:00","Action":"output","Package":"github.com/JDinSeattle/forge-runtime/scripts/faults/application","Test":"TestStrictLogsDurableBindingOracle/run_id","Output":"--- PASS: TestStrictLogsDurableBindingOracle/run_id (0.00s)\n"}
{"Time":"2026-09-11T21:40:15.560494726-07:00","Action":"pass","Package":"github.com/JDinSeattle/forge-runtime/scripts/faults/application","Test":"TestStrictLogsDurableBindingOracle/run_id","Elapsed":0}
{"Time":"2026-09-11T21:40:15.560510677-07:00","Action":"run","Package":"github.com/JDinSeattle/forge-runtime/scripts/faults/application","Test":"TestStrictLogsDurableBindingOracle/status"}
{"Time":"2026-09-11T21:40:15.560512016-07:00","Action":"output","Package":"github.com/JDinSeattle/forge-runtime/scripts/faults/application","Test":"TestStrictLogsDurableBindingOracle/status","Output":"=== RUN   TestStrictLogsDurableBindingOracle/status\n"}
{"Time":"2026-09-11T21:40:15.560636489-07:00","Action":"output","Package":"github.com/JDinSeattle/forge-runtime/scripts/faults/application","Test":"TestStrictLogsDurableBindingOracle/status","Output":"--- PASS: TestStrictLogsDurableBindingOracle/status (0.00s)\n"}
{"Time":"2026-09-11T21:40:15.560643026-07:00","Action":"pass","Package":"github.com/JDinSeattle/forge-runtime/scripts/faults/application","Test":"TestStrictLogsDurableBindingOracle/status","Elapsed":0}
{"Time":"2026-09-11T21:40:15.560672859-07:00","Action":"run","Package":"github.com/JDinSeattle/forge-runtime/scripts/faults/application","Test":"TestStrictLogsDurableBindingOracle/job_id"}
{"Time":"2026-09-11T21:40:15.56067441-07:00","Action":"output","Package":"github.com/JDinSeattle/forge-runtime/scripts/faults/application","Test":"TestStrictLogsDurableBindingOracle/job_id","Output":"=== RUN   TestStrictLogsDurableBindingOracle/job_id\n"}
{"Time":"2026-09-11T21:40:15.56080604-07:00","Action":"output","Package":"github.com/JDinSeattle/forge-runtime/scripts/faults/application","Test":"TestStrictLogsDurableBindingOracle/job_id","Output":"--- PASS: TestStrictLogsDurableBindingOracle/job_id (0.00s)\n"}
{"Time":"2026-09-11T21:40:15.560809225-07:00","Action":"pass","Package":"github.com/JDinSeattle/forge-runtime/scripts/faults/application","Test":"TestStrictLogsDurableBindingOracle/job_id","Elapsed":0}
{"Time":"2026-09-11T21:40:15.560824279-07:00","Action":"run","Package":"github.com/JDinSeattle/forge-runtime/scripts/faults/application","Test":"TestStrictLogsDurableBindingOracle/before_hash"}
{"Time":"2026-09-11T21:40:15.560825897-07:00","Action":"output","Package":"github.com/JDinSeattle/forge-runtime/scripts/faults/application","Test":"TestStrictLogsDurableBindingOracle/before_hash","Output":"=== RUN   TestStrictLogsDurableBindingOracle/before_hash\n"}
{"Time":"2026-09-11T21:40:15.560974958-07:00","Action":"output","Package":"github.com/JDinSeattle/forge-runtime/scripts/faults/application","Test":"TestStrictLogsDurableBindingOracle/before_hash","Output":"--- PASS: TestStrictLogsDurableBindingOracle/before_hash (0.00s)\n"}
{"Time":"2026-09-11T21:40:15.560979796-07:00","Action":"pass","Package":"github.com/JDinSeattle/forge-runtime/scripts/faults/application","Test":"TestStrictLogsDurableBindingOracle/before_hash","Elapsed":0}
{"Time":"2026-09-11T21:40:15.560994404-07:00","Action":"run","Package":"github.com/JDinSeattle/forge-runtime/scripts/faults/application","Test":"TestStrictLogsDurableBindingOracle/after_hash"}
{"Time":"2026-09-11T21:40:15.560996644-07:00","Action":"output","Package":"github.com/JDinSeattle/forge-runtime/scripts/faults/application","Test":"TestStrictLogsDurableBindingOracle/after_hash","Output":"=== RUN   TestStrictLogsDurableBindingOracle/after_hash\n"}
{"Time":"2026-09-11T21:40:15.561124591-07:00","Action":"output","Package":"github.com/JDinSeattle/forge-runtime/scripts/faults/application","Test":"TestStrictLogsDurableBindingOracle/after_hash","Output":"--- PASS: TestStrictLogsDurableBindingOracle/after_hash (0.00s)\n"}
{"Time":"2026-09-11T21:40:15.561130004-07:00","Action":"pass","Package":"github.com/JDinSeattle/forge-runtime/scripts/faults/application","Test":"TestStrictLogsDurableBindingOracle/after_hash","Elapsed":0}
{"Time":"2026-09-11T21:40:15.561141357-07:00","Action":"run","Package":"github.com/JDinSeattle/forge-runtime/scripts/faults/application","Test":"TestStrictLogsDurableBindingOracle/after_revision"}
{"Time":"2026-09-11T21:40:15.561142716-07:00","Action":"output","Package":"github.com/JDinSeattle/forge-runtime/scripts/faults/application","Test":"TestStrictLogsDurableBindingOracle/after_revision","Output":"=== RUN   TestStrictLogsDurableBindingOracle/after_revision\n"}
{"Time":"2026-09-11T21:40:15.561262961-07:00","Action":"output","Package":"github.com/JDinSeattle/forge-runtime/scripts/faults/application","Test":"TestStrictLogsDurableBindingOracle/after_revision","Output":"--- PASS: TestStrictLogsDurableBindingOracle/after_revision (0.00s)\n"}
{"Time":"2026-09-11T21:40:15.561270698-07:00","Action":"pass","Package":"github.com/JDinSeattle/forge-runtime/scripts/faults/application","Test":"TestStrictLogsDurableBindingOracle/after_revision","Elapsed":0}
{"Time":"2026-09-11T21:40:15.561284675-07:00","Action":"run","Package":"github.com/JDinSeattle/forge-runtime/scripts/faults/application","Test":"TestStrictLogsDurableBindingOracle/result_json"}
{"Time":"2026-09-11T21:40:15.561286112-07:00","Action":"output","Package":"github.com/JDinSeattle/forge-runtime/scripts/faults/application","Test":"TestStrictLogsDurableBindingOracle/result_json","Output":"=== RUN   TestStrictLogsDurableBindingOracle/result_json\n"}
{"Time":"2026-09-11T21:40:15.56141015-07:00","Action":"output","Package":"github.com/JDinSeattle/forge-runtime/scripts/faults/application","Test":"TestStrictLogsDurableBindingOracle/result_json","Output":"--- PASS: TestStrictLogsDurableBindingOracle/result_json (0.00s)\n"}
{"Time":"2026-09-11T21:40:15.561415609-07:00","Action":"pass","Package":"github.com/JDinSeattle/forge-runtime/scripts/faults/application","Test":"TestStrictLogsDurableBindingOracle/result_json","Elapsed":0}
{"Time":"2026-09-11T21:40:15.561433773-07:00","Action":"run","Package":"github.com/JDinSeattle/forge-runtime/scripts/faults/application","Test":"TestStrictLogsDurableBindingOracle/request_json"}
{"Time":"2026-09-11T21:40:15.561440163-07:00","Action":"output","Package":"github.com/JDinSeattle/forge-runtime/scripts/faults/application","Test":"TestStrictLogsDurableBindingOracle/request_json","Output":"=== RUN   TestStrictLogsDurableBindingOracle/request_json\n"}
{"Time":"2026-09-11T21:40:15.561471067-07:00","Action":"output","Package":"github.com/JDinSeattle/forge-runtime/scripts/faults/application","Test":"TestStrictLogsDurableBindingOracle/request_json","Output":"--- PASS: TestStrictLogsDurableBindingOracle/request_json (0.00s)\n"}
{"Time":"2026-09-11T21:40:15.561478047-07:00","Action":"pass","Package":"github.com/JDinSeattle/forge-runtime/scripts/faults/application","Test":"TestStrictLogsDurableBindingOracle/request_json","Elapsed":0}
{"Time":"2026-09-11T21:40:15.56151075-07:00","Action":"run","Package":"github.com/JDinSeattle/forge-runtime/scripts/faults/application","Test":"TestStrictLogsDurableBindingOracle/receipt_json"}
{"Time":"2026-09-11T21:40:15.561512217-07:00","Action":"output","Package":"github.com/JDinSeattle/forge-runtime/scripts/faults/application","Test":"TestStrictLogsDurableBindingOracle/receipt_json","Output":"=== RUN   TestStrictLogsDurableBindingOracle/receipt_json\n"}
{"Time":"2026-09-11T21:40:15.561578464-07:00","Action":"output","Package":"github.com/JDinSeattle/forge-runtime/scripts/faults/application","Test":"TestStrictLogsDurableBindingOracle/receipt_json","Output":"--- PASS: TestStrictLogsDurableBindingOracle/receipt_json (0.00s)\n"}
{"Time":"2026-09-11T21:40:15.561584967-07:00","Action":"pass","Package":"github.com/JDinSeattle/forge-runtime/scripts/faults/application","Test":"TestStrictLogsDurableBindingOracle/receipt_json","Elapsed":0}
{"Time":"2026-09-11T21:40:15.561600535-07:00","Action":"output","Package":"github.com/JDinSeattle/forge-runtime/scripts/faults/application","Test":"TestStrictLogsDurableBindingOracle","Output":"--- PASS: TestStrictLogsDurableBindingOracle (0.00s)\n"}
{"Time":"2026-09-11T21:40:15.561606766-07:00","Action":"pass","Package":"github.com/JDinSeattle/forge-runtime/scripts/faults/application","Test":"TestStrictLogsDurableBindingOracle","Elapsed":0}
{"Time":"2026-09-11T21:40:15.561622673-07:00","Action":"run","Package":"github.com/JDinSeattle/forge-runtime/scripts/faults/application","Test":"TestStrictLogsSignalHistoryOracle"}
{"Time":"2026-09-11T21:40:15.561624098-07:00","Action":"output","Package":"github.com/JDinSeattle/forge-runtime/scripts/faults/application","Test":"TestStrictLogsSignalHistoryOracle","Output":"=== RUN   TestStrictLogsSignalHistoryOracle\n"}
{"Time":"2026-09-11T21:40:15.561889865-07:00","Action":"run","Package":"github.com/JDinSeattle/forge-runtime/scripts/faults/application","Test":"TestStrictLogsSignalHistoryOracle/argv_change"}
{"Time":"2026-09-11T21:40:15.56189345-07:00","Action":"output","Package":"github.com/JDinSeattle/forge-runtime/scripts/faults/application","Test":"TestStrictLogsSignalHistoryOracle/argv_change","Output":"=== RUN   TestStrictLogsSignalHistoryOracle/argv_change\n"}
{"Time":"2026-09-11T21:40:15.562118311-07:00","Action":"output","Package":"github.com/JDinSeattle/forge-runtime/scripts/faults/application","Test":"TestStrictLogsSignalHistoryOracle/argv_change","Output":"--- PASS: TestStrictLogsSignalHistoryOracle/argv_change (0.00s)\n"}
{"Time":"2026-09-11T21:40:15.562122732-07:00","Action":"pass","Package":"github.com/JDinSeattle/forge-runtime/scripts/faults/application","Test":"TestStrictLogsSignalHistoryOracle/argv_change","Elapsed":0}
{"Time":"2026-09-11T21:40:15.562142999-07:00","Action":"run","Package":"github.com/JDinSeattle/forge-runtime/scripts/faults/application","Test":"TestStrictLogsSignalHistoryOracle/missing_exit_code"}
{"Time":"2026-09-11T21:40:15.562144767-07:00","Action":"output","Package":"github.com/JDinSeattle/forge-runtime/scripts/faults/application","Test":"TestStrictLogsSignalHistoryOracle/missing_exit_code","Output":"=== RUN   TestStrictLogsSignalHistoryOracle/missing_exit_code\n"}
{"Time":"2026-09-11T21:40:15.562362044-07:00","Action":"output","Package":"github.com/JDinSeattle/forge-runtime/scripts/faults/application","Test":"TestStrictLogsSignalHistoryOracle/missing_exit_code","Output":"--- PASS: TestStrictLogsSignalHistoryOracle/missing_exit_code (0.00s)\n"}
{"Time":"2026-09-11T21:40:15.562367504-07:00","Action":"pass","Package":"github.com/JDinSeattle/forge-runtime/scripts/faults/application","Test":"TestStrictLogsSignalHistoryOracle/missing_exit_code","Elapsed":0}
{"Time":"2026-09-11T21:40:15.562387788-07:00","Action":"run","Package":"github.com/JDinSeattle/forge-runtime/scripts/faults/application","Test":"TestStrictLogsSignalHistoryOracle/missing_ticks"}
{"Time":"2026-09-11T21:40:15.562398742-07:00","Action":"output","Package":"github.com/JDinSeattle/forge-runtime/scripts/faults/application","Test":"TestStrictLogsSignalHistoryOracle/missing_ticks","Output":"=== RUN   TestStrictLogsSignalHistoryOracle/missing_ticks\n"}
{"Time":"2026-09-11T21:40:15.562598121-07:00","Action":"output","Package":"github.com/JDinSeattle/forge-runtime/scripts/faults/application","Test":"TestStrictLogsSignalHistoryOracle/missing_ticks","Output":"--- PASS: TestStrictLogsSignalHistoryOracle/missing_ticks (0.00s)\n"}
{"Time":"2026-09-11T21:40:15.562604322-07:00","Action":"pass","Package":"github.com/JDinSeattle/forge-runtime/scripts/faults/application","Test":"TestStrictLogsSignalHistoryOracle/missing_ticks","Elapsed":0}
{"Time":"2026-09-11T21:40:15.562619678-07:00","Action":"run","Package":"github.com/JDinSeattle/forge-runtime/scripts/faults/application","Test":"TestStrictLogsSignalHistoryOracle/nonnumeric_ticks"}
{"Time":"2026-09-11T21:40:15.562621833-07:00","Action":"output","Package":"github.com/JDinSeattle/forge-runtime/scripts/faults/application","Test":"TestStrictLogsSignalHistoryOracle/nonnumeric_ticks","Output":"=== RUN   TestStrictLogsSignalHistoryOracle/nonnumeric_ticks\n"}
{"Time":"2026-09-11T21:40:15.562897674-07:00","Action":"output","Package":"github.com/JDinSeattle/forge-runtime/scripts/faults/application","Test":"TestStrictLogsSignalHistoryOracle/nonnumeric_ticks","Output":"--- PASS: TestStrictLogsSignalHistoryOracle/nonnumeric_ticks (0.00s)\n"}
{"Time":"2026-09-11T21:40:15.562904849-07:00","Action":"pass","Package":"github.com/JDinSeattle/forge-runtime/scripts/faults/application","Test":"TestStrictLogsSignalHistoryOracle/nonnumeric_ticks","Elapsed":0}
{"Time":"2026-09-11T21:40:15.562916975-07:00","Action":"run","Package":"github.com/JDinSeattle/forge-runtime/scripts/faults/application","Test":"TestStrictLogsSignalHistoryOracle/wrong_ticks"}
{"Time":"2026-09-11T21:40:15.562919749-07:00","Action":"output","Package":"github.com/JDinSeattle/forge-runtime/scripts/faults/application","Test":"TestStrictLogsSignalHistoryOracle/wrong_ticks","Output":"=== RUN   TestStrictLogsSignalHistoryOracle/wrong_ticks\n"}
{"Time":"2026-09-11T21:40:15.563124612-07:00","Action":"output","Package":"github.com/JDinSeattle/forge-runtime/scripts/faults/application","Test":"TestStrictLogsSignalHistoryOracle/wrong_ticks","Output":"--- PASS: TestStrictLogsSignalHistoryOracle/wrong_ticks (0.00s)\n"}
{"Time":"2026-09-11T21:40:15.563134161-07:00","Action":"pass","Package":"github.com/JDinSeattle/forge-runtime/scripts/faults/application","Test":"TestStrictLogsSignalHistoryOracle/wrong_ticks","Elapsed":0}
{"Time":"2026-09-11T21:40:15.563143337-07:00","Action":"run","Package":"github.com/JDinSeattle/forge-runtime/scripts/faults/application","Test":"TestStrictLogsSignalHistoryOracle/numeric_type_ticks"}
{"Time":"2026-09-11T21:40:15.563145879-07:00","Action":"output","Package":"github.com/JDinSeattle/forge-runtime/scripts/faults/application","Test":"TestStrictLogsSignalHistoryOracle/numeric_type_ticks","Output":"=== RUN   TestStrictLogsSignalHistoryOracle/numeric_type_ticks\n"}
{"Time":"2026-09-11T21:40:15.563347864-07:00","Action":"output","Package":"github.com/JDinSeattle/forge-runtime/scripts/faults/application","Test":"TestStrictLogsSignalHistoryOracle/numeric_type_ticks","Output":"--- PASS: TestStrictLogsSignalHistoryOracle/numeric_type_ticks (0.00s)\n"}
{"Time":"2026-09-11T21:40:15.563354201-07:00","Action":"pass","Package":"github.com/JDinSeattle/forge-runtime/scripts/faults/application","Test":"TestStrictLogsSignalHistoryOracle/numeric_type_ticks","Elapsed":0}
{"Time":"2026-09-11T21:40:15.563499274-07:00","Action":"run","Package":"github.com/JDinSeattle/forge-runtime/scripts/faults/application","Test":"TestStrictLogsSignalHistoryOracle/replacement_PID"}
{"Time":"2026-09-11T21:40:15.563505545-07:00","Action":"output","Package":"github.com/JDinSeattle/forge-runtime/scripts/faults/application","Test":"TestStrictLogsSignalHistoryOracle/replacement_PID","Output":"=== RUN   TestStrictLogsSignalHistoryOracle/replacement_PID\n"}
{"Time":"2026-09-11T21:40:15.564346135-07:00","Action":"output","Package":"github.com/JDinSeattle/forge-runtime/scripts/faults/application","Test":"TestStrictLogsSignalHistoryOracle/replacement_PID","Output":"--- PASS: TestStrictLogsSignalHistoryOracle/replacement_PID (0.00s)\n"}
{"Time":"2026-09-11T21:40:15.564352996-07:00","Action":"pass","Package":"github.com/JDinSeattle/forge-runtime/scripts/faults/application","Test":"TestStrictLogsSignalHistoryOracle/replacement_PID","Elapsed":0}
{"Time":"2026-09-11T21:40:15.564431173-07:00","Action":"run","Package":"github.com/JDinSeattle/forge-runtime/scripts/faults/application","Test":"TestStrictLogsSignalHistoryOracle/fractional_PID"}
{"Time":"2026-09-11T21:40:15.564434746-07:00","Action":"output","Package":"github.com/JDinSeattle/forge-runtime/scripts/faults/application","Test":"TestStrictLogsSignalHistoryOracle/fractional_PID","Output":"=== RUN   TestStrictLogsSignalHistoryOracle/fractional_PID\n"}
{"Time":"2026-09-11T21:40:15.564646203-07:00","Action":"output","Package":"github.com/JDinSeattle/forge-runtime/scripts/faults/application","Test":"TestStrictLogsSignalHistoryOracle/fractional_PID","Output":"--- PASS: TestStrictLogsSignalHistoryOracle/fractional_PID (0.00s)\n"}
{"Time":"2026-09-11T21:40:15.564649461-07:00","Action":"pass","Package":"github.com/JDinSeattle/forge-runtime/scripts/faults/application","Test":"TestStrictLogsSignalHistoryOracle/fractional_PID","Elapsed":0}
{"Time":"2026-09-11T21:40:15.564855687-07:00","Action":"output","Package":"github.com/JDinSeattle/forge-runtime/scripts/faults/application","Test":"TestStrictLogsSignalHistoryOracle","Output":"--- PASS: TestStrictLogsSignalHistoryOracle (0.00s)\n"}
{"Time":"2026-09-11T21:40:15.564860143-07:00","Action":"pass","Package":"github.com/JDinSeattle/forge-runtime/scripts/faults/application","Test":"TestStrictLogsSignalHistoryOracle","Elapsed":0}
{"Time":"2026-09-11T21:40:15.564879762-07:00","Action":"run","Package":"github.com/JDinSeattle/forge-runtime/scripts/faults/application","Test":"TestStrictLogsClaimHistoryOracle"}
{"Time":"2026-09-11T21:40:15.564882022-07:00","Action":"output","Package":"github.com/JDinSeattle/forge-runtime/scripts/faults/application","Test":"TestStrictLogsClaimHistoryOracle","Output":"=== RUN   TestStrictLogsClaimHistoryOracle\n"}
{"Time":"2026-09-11T21:40:15.566599854-07:00","Action":"run","Package":"github.com/JDinSeattle/forge-runtime/scripts/faults/application","Test":"TestStrictLogsClaimHistoryOracle/summary_lease_changed"}
{"Time":"2026-09-11T21:40:15.566612603-07:00","Action":"output","Package":"github.com/JDinSeattle/forge-runtime/scripts/faults/application","Test":"TestStrictLogsClaimHistoryOracle/summary_lease_changed","Output":"=== RUN   TestStrictLogsClaimHistoryOracle/summary_lease_changed\n"}
{"Time":"2026-09-11T21:40:15.567596649-07:00","Action":"output","Package":"github.com/JDinSeattle/forge-runtime/scripts/faults/application","Test":"TestStrictLogsClaimHistoryOracle/summary_lease_changed","Output":"--- PASS: TestStrictLogsClaimHistoryOracle/summary_lease_changed (0.00s)\n"}
{"Time":"2026-09-11T21:40:15.567606847-07:00","Action":"pass","Package":"github.com/JDinSeattle/forge-runtime/scripts/faults/application","Test":"TestStrictLogsClaimHistoryOracle/summary_lease_changed","Elapsed":0}
{"Time":"2026-09-11T21:40:15.567647865-07:00","Action":"run","Package":"github.com/JDinSeattle/forge-runtime/scripts/faults/application","Test":"TestStrictLogsClaimHistoryOracle/summary_claim_changed"}
{"Time":"2026-09-11T21:40:15.567649541-07:00","Action":"output","Package":"github.com/JDinSeattle/forge-runtime/scripts/faults/application","Test":"TestStrictLogsClaimHistoryOracle/summary_claim_changed","Output":"=== RUN   TestStrictLogsClaimHistoryOracle/summary_claim_changed\n"}
{"Time":"2026-09-11T21:40:15.568582161-07:00","Action":"output","Package":"github.com/JDinSeattle/forge-runtime/scripts/faults/application","Test":"TestStrictLogsClaimHistoryOracle/summary_claim_changed","Output":"--- PASS: TestStrictLogsClaimHistoryOracle/summary_claim_changed (0.00s)\n"}
{"Time":"2026-09-11T21:40:15.56858954-07:00","Action":"pass","Package":"github.com/JDinSeattle/forge-runtime/scripts/faults/application","Test":"TestStrictLogsClaimHistoryOracle/summary_claim_changed","Elapsed":0}
{"Time":"2026-09-11T21:40:15.568607725-07:00","Action":"run","Package":"github.com/JDinSeattle/forge-runtime/scripts/faults/application","Test":"TestStrictLogsClaimHistoryOracle/both_summaries_moved"}
{"Time":"2026-09-11T21:40:15.56860958-07:00","Action":"output","Package":"github.com/JDinSeattle/forge-runtime/scripts/faults/application","Test":"TestStrictLogsClaimHistoryOracle/both_summaries_moved","Output":"=== RUN   TestStrictLogsClaimHistoryOracle/both_summaries_moved\n"}
{"Time":"2026-09-11T21:40:15.569562271-07:00","Action":"output","Package":"github.com/JDinSeattle/forge-runtime/scripts/faults/application","Test":"TestStrictLogsClaimHistoryOracle/both_summaries_moved","Output":"--- PASS: TestStrictLogsClaimHistoryOracle/both_summaries_moved (0.00s)\n"}
{"Time":"2026-09-11T21:40:15.569572444-07:00","Action":"pass","Package":"github.com/JDinSeattle/forge-runtime/scripts/faults/application","Test":"TestStrictLogsClaimHistoryOracle/both_summaries_moved","Elapsed":0}
{"Time":"2026-09-11T21:40:15.569584794-07:00","Action":"run","Package":"github.com/JDinSeattle/forge-runtime/scripts/faults/application","Test":"TestStrictLogsClaimHistoryOracle/live_claim_changed"}
{"Time":"2026-09-11T21:40:15.569586113-07:00","Action":"output","Package":"github.com/JDinSeattle/forge-runtime/scripts/faults/application","Test":"TestStrictLogsClaimHistoryOracle/live_claim_changed","Output":"=== RUN   TestStrictLogsClaimHistoryOracle/live_claim_changed\n"}
{"Time":"2026-09-11T21:40:15.57047864-07:00","Action":"output","Package":"github.com/JDinSeattle/forge-runtime/scripts/faults/application","Test":"TestStrictLogsClaimHistoryOracle/live_claim_changed","Output":"--- PASS: TestStrictLogsClaimHistoryOracle/live_claim_changed (0.00s)\n"}
{"Time":"2026-09-11T21:40:15.570490808-07:00","Action":"pass","Package":"github.com/JDinSeattle/forge-runtime/scripts/faults/application","Test":"TestStrictLogsClaimHistoryOracle/live_claim_changed","Elapsed":0}
{"Time":"2026-09-11T21:40:15.57053901-07:00","Action":"run","Package":"github.com/JDinSeattle/forge-runtime/scripts/faults/application","Test":"TestStrictLogsClaimHistoryOracle/historical_claim_changed"}
{"Time":"2026-09-11T21:40:15.570547073-07:00","Action":"output","Package":"github.com/JDinSeattle/forge-runtime/scripts/faults/application","Test":"TestStrictLogsClaimHistoryOracle/historical_claim_changed","Output":"=== RUN   TestStrictLogsClaimHistoryOracle/historical_claim_changed\n"}
{"Time":"2026-09-11T21:40:15.571427375-07:00","Action":"output","Package":"github.com/JDinSeattle/forge-runtime/scripts/faults/application","Test":"TestStrictLogsClaimHistoryOracle/historical_claim_changed","Output":"--- PASS: TestStrictLogsClaimHistoryOracle/historical_claim_changed (0.00s)\n"}
{"Time":"2026-09-11T21:40:15.571436788-07:00","Action":"pass","Package":"github.com/JDinSeattle/forge-runtime/scripts/faults/application","Test":"TestStrictLogsClaimHistoryOracle/historical_claim_changed","Elapsed":0}
{"Time":"2026-09-11T21:40:15.571455392-07:00","Action":"run","Package":"github.com/JDinSeattle/forge-runtime/scripts/faults/application","Test":"TestStrictLogsClaimHistoryOracle/prior_epoch_changed"}
{"Time":"2026-09-11T21:40:15.571456621-07:00","Action":"output","Package":"github.com/JDinSeattle/forge-runtime/scripts/faults/application","Test":"TestStrictLogsClaimHistoryOracle/prior_epoch_changed","Output":"=== RUN   TestStrictLogsClaimHistoryOracle/prior_epoch_changed\n"}
{"Time":"2026-09-11T21:40:15.572417294-07:00","Action":"output","Package":"github.com/JDinSeattle/forge-runtime/scripts/faults/application","Test":"TestStrictLogsClaimHistoryOracle/prior_epoch_changed","Output":"--- PASS: TestStrictLogsClaimHistoryOracle/prior_epoch_changed (0.00s)\n"}
{"Time":"2026-09-11T21:40:15.572422871-07:00","Action":"pass","Package":"github.com/JDinSeattle/forge-runtime/scripts/faults/application","Test":"TestStrictLogsClaimHistoryOracle/prior_epoch_changed","Elapsed":0}
{"Time":"2026-09-11T21:40:15.572434995-07:00","Action":"output","Package":"github.com/JDinSeattle/forge-runtime/scripts/faults/application","Test":"TestStrictLogsClaimHistoryOracle","Output":"--- PASS: TestStrictLogsClaimHistoryOracle (0.01s)\n"}
{"Time":"2026-09-11T21:40:15.57244168-07:00","Action":"pass","Package":"github.com/JDinSeattle/forge-runtime/scripts/faults/application","Test":"TestStrictLogsClaimHistoryOracle","Elapsed":0.01}
{"Time":"2026-09-11T21:40:15.572458043-07:00","Action":"run","Package":"github.com/JDinSeattle/forge-runtime/scripts/faults/application","Test":"TestStrictLogsPauseControlOracle"}
{"Time":"2026-09-11T21:40:15.572459571-07:00","Action":"output","Package":"github.com/JDinSeattle/forge-runtime/scripts/faults/application","Test":"TestStrictLogsPauseControlOracle","Output":"=== RUN   TestStrictLogsPauseControlOracle\n"}
{"Time":"2026-09-11T21:40:15.572495124-07:00","Action":"run","Package":"github.com/JDinSeattle/forge-runtime/scripts/faults/application","Test":"TestStrictLogsPauseControlOracle/missing_tick"}
{"Time":"2026-09-11T21:40:15.572496541-07:00","Action":"output","Package":"github.com/JDinSeattle/forge-runtime/scripts/faults/application","Test":"TestStrictLogsPauseControlOracle/missing_tick","Output":"=== RUN   TestStrictLogsPauseControlOracle/missing_tick\n"}
{"Time":"2026-09-11T21:40:15.57251955-07:00","Action":"output","Package":"github.com/JDinSeattle/forge-runtime/scripts/faults/application","Test":"TestStrictLogsPauseControlOracle/missing_tick","Output":"--- PASS: TestStrictLogsPauseControlOracle/missing_tick (0.00s)\n"}
{"Time":"2026-09-11T21:40:15.57252597-07:00","Action":"pass","Package":"github.com/JDinSeattle/forge-runtime/scripts/faults/application","Test":"TestStrictLogsPauseControlOracle/missing_tick","Elapsed":0}
{"Time":"2026-09-11T21:40:15.572540083-07:00","Action":"run","Package":"github.com/JDinSeattle/forge-runtime/scripts/faults/application","Test":"TestStrictLogsPauseControlOracle/replacement_PID"}
{"Time":"2026-09-11T21:40:15.572541245-07:00","Action":"output","Package":"github.com/JDinSeattle/forge-runtime/scripts/faults/application","Test":"TestStrictLogsPauseControlOracle/replacement_PID","Output":"=== RUN   TestStrictLogsPauseControlOracle/replacement_PID\n"}
{"Time":"2026-09-11T21:40:15.572554378-07:00","Action":"output","Package":"github.com/JDinSeattle/forge-runtime/scripts/faults/application","Test":"TestStrictLogsPauseControlOracle/replacement_PID","Output":"--- PASS: TestStrictLogsPauseControlOracle/replacement_PID (0.00s)\n"}
{"Time":"2026-09-11T21:40:15.572558332-07:00","Action":"pass","Package":"github.com/JDinSeattle/forge-runtime/scripts/faults/application","Test":"TestStrictLogsPauseControlOracle/replacement_PID","Elapsed":0}
{"Time":"2026-09-11T21:40:15.572572669-07:00","Action":"run","Package":"github.com/JDinSeattle/forge-runtime/scripts/faults/application","Test":"TestStrictLogsPauseControlOracle/new_start"}
{"Time":"2026-09-11T21:40:15.572573892-07:00","Action":"output","Package":"github.com/JDinSeattle/forge-runtime/scripts/faults/application","Test":"TestStrictLogsPauseControlOracle/new_start","Output":"=== RUN   TestStrictLogsPauseControlOracle/new_start\n"}
{"Time":"2026-09-11T21:40:15.572585667-07:00","Action":"output","Package":"github.com/JDinSeattle/forge-runtime/scripts/faults/application","Test":"TestStrictLogsPauseControlOracle/new_start","Output":"--- PASS: TestStrictLogsPauseControlOracle/new_start (0.00s)\n"}
{"Time":"2026-09-11T21:40:15.572590765-07:00","Action":"pass","Package":"github.com/JDinSeattle/forge-runtime/scripts/faults/application","Test":"TestStrictLogsPauseControlOracle/new_start","Elapsed":0}
{"Time":"2026-09-11T21:40:15.572661749-07:00","Action":"run","Package":"github.com/JDinSeattle/forge-runtime/scripts/faults/application","Test":"TestStrictLogsPauseControlOracle/changed_executable"}
{"Time":"2026-09-11T21:40:15.572663053-07:00","Action":"output","Package":"github.com/JDinSeattle/forge-runtime/scripts/faults/application","Test":"TestStrictLogsPauseControlOracle/changed_executable","Output":"=== RUN   TestStrictLogsPauseControlOracle/changed_executable\n"}
{"Time":"2026-09-11T21:40:15.572677732-07:00","Action":"output","Package":"github.com/JDinSeattle/forge-runtime/scripts/faults/application","Test":"TestStrictLogsPauseControlOracle/changed_executable","Output":"--- PASS: TestStrictLogsPauseControlOracle/changed_executable (0.00s)\n"}
{"Time":"2026-09-11T21:40:15.572682757-07:00","Action":"pass","Package":"github.com/JDinSeattle/forge-runtime/scripts/faults/application","Test":"TestStrictLogsPauseControlOracle/changed_executable","Elapsed":0}
{"Time":"2026-09-11T21:40:15.572694577-07:00","Action":"run","Package":"github.com/JDinSeattle/forge-runtime/scripts/faults/application","Test":"TestStrictLogsPauseControlOracle/changed_arguments"}
{"Time":"2026-09-11T21:40:15.57269573-07:00","Action":"output","Package":"github.com/JDinSeattle/forge-runtime/scripts/faults/application","Test":"TestStrictLogsPauseControlOracle/changed_arguments","Output":"=== RUN   TestStrictLogsPauseControlOracle/changed_arguments\n"}
{"Time":"2026-09-11T21:40:15.572712365-07:00","Action":"output","Package":"github.com/JDinSeattle/forge-runtime/scripts/faults/application","Test":"TestStrictLogsPauseControlOracle/changed_arguments","Output":"--- PASS: TestStrictLogsPauseControlOracle/changed_arguments (0.00s)\n"}
{"Time":"2026-09-11T21:40:15.572717181-07:00","Action":"pass","Package":"github.com/JDinSeattle/forge-runtime/scripts/faults/application","Test":"TestStrictLogsPauseControlOracle/changed_arguments","Elapsed":0}
{"Time":"2026-09-11T21:40:15.572725998-07:00","Action":"output","Package":"github.com/JDinSeattle/forge-runtime/scripts/faults/application","Test":"TestStrictLogsPauseControlOracle","Output":"--- PASS: TestStrictLogsPauseControlOracle (0.00s)\n"}
{"Time":"2026-09-11T21:40:15.572731344-07:00","Action":"pass","Package":"github.com/JDinSeattle/forge-runtime/scripts/faults/application","Test":"TestStrictLogsPauseControlOracle","Elapsed":0}
{"Time":"2026-09-11T21:40:15.572743699-07:00","Action":"run","Package":"github.com/JDinSeattle/forge-runtime/scripts/faults/application","Test":"TestStrictLogsPauseSignalOrdering"}
{"Time":"2026-09-11T21:40:15.572744895-07:00","Action":"output","Package":"github.com/JDinSeattle/forge-runtime/scripts/faults/application","Test":"TestStrictLogsPauseSignalOrdering","Output":"=== RUN   TestStrictLogsPauseSignalOrdering\n"}
{"Time":"2026-09-11T21:40:15.572757764-07:00","Action":"output","Package":"github.com/JDinSeattle/forge-runtime/scripts/faults/application","Test":"TestStrictLogsPauseSignalOrdering","Output":"--- PASS: TestStrictLogsPauseSignalOrdering (0.00s)\n"}
{"Time":"2026-09-11T21:40:15.572761023-07:00","Action":"pass","Package":"github.com/JDinSeattle/forge-runtime/scripts/faults/application","Test":"TestStrictLogsPauseSignalOrdering","Elapsed":0}
{"Time":"2026-09-11T21:40:15.572781904-07:00","Action":"run","Package":"github.com/JDinSeattle/forge-runtime/scripts/faults/application","Test":"TestLifecycleAbortOracleControlOnly"}
{"Time":"2026-09-11T21:40:15.572783028-07:00","Action":"output","Package":"github.com/JDinSeattle/forge-runtime/scripts/faults/application","Test":"TestLifecycleAbortOracleControlOnly","Output":"=== RUN   TestLifecycleAbortOracleControlOnly\n"}
{"Time":"2026-09-11T21:40:15.574262728-07:00","Action":"output","Package":"github.com/JDinSeattle/forge-runtime/scripts/faults/application","Test":"TestLifecycleAbortOracleControlOnly","Output":"--- PASS: TestLifecycleAbortOracleControlOnly (0.00s)\n"}
{"Time":"2026-09-11T21:40:15.5742744-07:00","Action":"pass","Package":"github.com/JDinSeattle/forge-runtime/scripts/faults/application","Test":"TestLifecycleAbortOracleControlOnly","Elapsed":0}
{"Time":"2026-09-11T21:40:15.574284232-07:00","Action":"run","Package":"github.com/JDinSeattle/forge-runtime/scripts/faults/application","Test":"TestLifecycleAbortOracleRejectsUnexpectedState"}
{"Time":"2026-09-11T21:40:15.574291026-07:00","Action":"output","Package":"github.com/JDinSeattle/forge-runtime/scripts/faults/application","Test":"TestLifecycleAbortOracleRejectsUnexpectedState","Output":"=== RUN   TestLifecycleAbortOracleRejectsUnexpectedState\n"}
{"Time":"2026-09-11T21:40:15.57429773-07:00","Action":"run","Package":"github.com/JDinSeattle/forge-runtime/scripts/faults/application","Test":"TestLifecycleAbortOracleRejectsUnexpectedState/missing_count"}
{"Time":"2026-09-11T21:40:15.574298741-07:00","Action":"output","Package":"github.com/JDinSeattle/forge-runtime/scripts/faults/application","Test":"TestLifecycleAbortOracleRejectsUnexpectedState/missing_count","Output":"=== RUN   TestLifecycleAbortOracleRejectsUnexpectedState/missing_count\n"}
{"Time":"2026-09-11T21:40:15.574549275-07:00","Action":"output","Package":"github.com/JDinSeattle/forge-runtime/scripts/faults/application","Test":"TestLifecycleAbortOracleRejectsUnexpectedState/missing_count","Output":"--- PASS: TestLifecycleAbortOracleRejectsUnexpectedState/missing_count (0.00s)\n"}
{"Time":"2026-09-11T21:40:15.574553253-07:00","Action":"pass","Package":"github.com/JDinSeattle/forge-runtime/scripts/faults/application","Test":"TestLifecycleAbortOracleRejectsUnexpectedState/missing_count","Elapsed":0}
{"Time":"2026-09-11T21:40:15.574571974-07:00","Action":"run","Package":"github.com/JDinSeattle/forge-runtime/scripts/faults/application","Test":"TestLifecycleAbortOracleRejectsUnexpectedState/deadline_extension"}
{"Time":"2026-09-11T21:40:15.574573828-07:00","Action":"output","Package":"github.com/JDinSeattle/forge-runtime/scripts/faults/application","Test":"TestLifecycleAbortOracleRejectsUnexpectedState/deadline_extension","Output":"=== RUN   TestLifecycleAbortOracleRejectsUnexpectedState/deadline_extension\n"}
{"Time":"2026-09-11T21:40:15.57481053-07:00","Action":"output","Package":"github.com/JDinSeattle/forge-runtime/scripts/faults/application","Test":"TestLifecycleAbortOracleRejectsUnexpectedState/deadline_extension","Output":"--- PASS: TestLifecycleAbortOracleRejectsUnexpectedState/deadline_extension (0.00s)\n"}
{"Time":"2026-09-11T21:40:15.574813756-07:00","Action":"pass","Package":"github.com/JDinSeattle/forge-runtime/scripts/faults/application","Test":"TestLifecycleAbortOracleRejectsUnexpectedState/deadline_extension","Elapsed":0}
{"Time":"2026-09-11T21:40:15.574828255-07:00","Action":"run","Package":"github.com/JDinSeattle/forge-runtime/scripts/faults/application","Test":"TestLifecycleAbortOracleRejectsUnexpectedState/premature_terminal"}
{"Time":"2026-09-11T21:40:15.574831389-07:00","Action":"output","Package":"github.com/JDinSeattle/forge-runtime/scripts/faults/application","Test":"TestLifecycleAbortOracleRejectsUnexpectedState/premature_terminal","Output":"=== RUN   TestLifecycleAbortOracleRejectsUnexpectedState/premature_terminal\n"}
{"Time":"2026-09-11T21:40:15.574954055-07:00","Action":"output","Package":"github.com/JDinSeattle/forge-runtime/scripts/faults/application","Test":"TestLifecycleAbortOracleRejectsUnexpectedState/premature_terminal","Output":"--- PASS: TestLifecycleAbortOracleRejectsUnexpectedState/premature_terminal (0.00s)\n"}
{"Time":"2026-09-11T21:40:15.574956921-07:00","Action":"pass","Package":"github.com/JDinSeattle/forge-runtime/scripts/faults/application","Test":"TestLifecycleAbortOracleRejectsUnexpectedState/premature_terminal","Elapsed":0}
{"Time":"2026-09-11T21:40:15.574971166-07:00","Action":"run","Package":"github.com/JDinSeattle/forge-runtime/scripts/faults/application","Test":"TestLifecycleAbortOracleRejectsUnexpectedState/dropped_stop"}
{"Time":"2026-09-11T21:40:15.574972853-07:00","Action":"output","Package":"github.com/JDinSeattle/forge-runtime/scripts/faults/application","Test":"TestLifecycleAbortOracleRejectsUnexpectedState/dropped_stop","Output":"=== RUN   TestLifecycleAbortOracleRejectsUnexpectedState/dropped_stop\n"}
{"Time":"2026-09-11T21:40:15.575082526-07:00","Action":"output","Package":"github.com/JDinSeattle/forge-runtime/scripts/faults/application","Test":"TestLifecycleAbortOracleRejectsUnexpectedState/dropped_stop","Output":"--- PASS: TestLifecycleAbortOracleRejectsUnexpectedState/dropped_stop (0.00s)\n"}
{"Time":"2026-09-11T21:40:15.575086565-07:00","Action":"pass","Package":"github.com/JDinSeattle/forge-runtime/scripts/faults/application","Test":"TestLifecycleAbortOracleRejectsUnexpectedState/dropped_stop","Elapsed":0}
{"Time":"2026-09-11T21:40:15.575098815-07:00","Action":"run","Package":"github.com/JDinSeattle/forge-runtime/scripts/faults/application","Test":"TestLifecycleAbortOracleRejectsUnexpectedState/snapshot_rewritten"}
{"Time":"2026-09-11T21:40:15.575100616-07:00","Action":"output","Package":"github.com/JDinSeattle/forge-runtime/scripts/faults/application","Test":"TestLifecycleAbortOracleRejectsUnexpectedState/snapshot_rewritten","Output":"=== RUN   TestLifecycleAbortOracleRejectsUnexpectedState/snapshot_rewritten\n"}
{"Time":"2026-09-11T21:40:15.575456669-07:00","Action":"output","Package":"github.com/JDinSeattle/forge-runtime/scripts/faults/application","Test":"TestLifecycleAbortOracleRejectsUnexpectedState/snapshot_rewritten","Output":"--- PASS: TestLifecycleAbortOracleRejectsUnexpectedState/snapshot_rewritten (0.00s)\n"}
{"Time":"2026-09-11T21:40:15.575464265-07:00","Action":"pass","Package":"github.com/JDinSeattle/forge-runtime/scripts/faults/application","Test":"TestLifecycleAbortOracleRejectsUnexpectedState/snapshot_rewritten","Elapsed":0}
{"Time":"2026-09-11T21:40:15.575481575-07:00","Action":"run","Package":"github.com/JDinSeattle/forge-runtime/scripts/faults/application","Test":"TestLifecycleAbortOracleRejectsUnexpectedState/allocation"}
{"Time":"2026-09-11T21:40:15.57548326-07:00","Action":"output","Package":"github.com/JDinSeattle/forge-runtime/scripts/faults/application","Test":"TestLifecycleAbortOracleRejectsUnexpectedState/allocation","Output":"=== RUN   TestLifecycleAbortOracleRejectsUnexpectedState/allocation\n"}
{"Time":"2026-09-11T21:40:15.575733269-07:00","Action":"output","Package":"github.com/JDinSeattle/forge-runtime/scripts/faults/application","Test":"TestLifecycleAbortOracleRejectsUnexpectedState/allocation","Output":"--- PASS: TestLifecycleAbortOracleRejectsUnexpectedState/allocation (0.00s)\n"}
{"Time":"2026-09-11T21:40:15.575738001-07:00","Action":"pass","Package":"github.com/JDinSeattle/forge-runtime/scripts/faults/application","Test":"TestLifecycleAbortOracleRejectsUnexpectedState/allocation","Elapsed":0}
{"Time":"2026-09-11T21:40:15.575767887-07:00","Action":"run","Package":"github.com/JDinSeattle/forge-runtime/scripts/faults/application","Test":"TestLifecycleAbortOracleRejectsUnexpectedState/second_run"}
{"Time":"2026-09-11T21:40:15.575771206-07:00","Action":"output","Package":"github.com/JDinSeattle/forge-runtime/scripts/faults/application","Test":"TestLifecycleAbortOracleRejectsUnexpectedState/second_run","Output":"=== RUN   TestLifecycleAbortOracleRejectsUnexpectedState/second_run\n"}
{"Time":"2026-09-11T21:40:15.576013408-07:00","Action":"output","Package":"github.com/JDinSeattle/forge-runtime/scripts/faults/application","Test":"TestLifecycleAbortOracleRejectsUnexpectedState/second_run","Output":"--- PASS: TestLifecycleAbortOracleRejectsUnexpectedState/second_run (0.00s)\n"}
{"Time":"2026-09-11T21:40:15.576015958-07:00","Action":"pass","Package":"github.com/JDinSeattle/forge-runtime/scripts/faults/application","Test":"TestLifecycleAbortOracleRejectsUnexpectedState/second_run","Elapsed":0}
{"Time":"2026-09-11T21:40:15.576028988-07:00","Action":"run","Package":"github.com/JDinSeattle/forge-runtime/scripts/faults/application","Test":"TestLifecycleAbortOracleRejectsUnexpectedState/lease_owner"}
{"Time":"2026-09-11T21:40:15.576030692-07:00","Action":"output","Package":"github.com/JDinSeattle/forge-runtime/scripts/faults/application","Test":"TestLifecycleAbortOracleRejectsUnexpectedState/lease_owner","Output":"=== RUN   TestLifecycleAbortOracleRejectsUnexpectedState/lease_owner\n"}
{"Time":"2026-09-11T21:40:15.576273269-07:00","Action":"output","Package":"github.com/JDinSeattle/forge-runtime/scripts/faults/application","Test":"TestLifecycleAbortOracleRejectsUnexpectedState/lease_owner","Output":"--- PASS: TestLifecycleAbortOracleRejectsUnexpectedState/lease_owner (0.00s)\n"}
{"Time":"2026-09-11T21:40:15.576277755-07:00","Action":"pass","Package":"github.com/JDinSeattle/forge-runtime/scripts/faults/application","Test":"TestLifecycleAbortOracleRejectsUnexpectedState/lease_owner","Elapsed":0}
{"Time":"2026-09-11T21:40:15.576296669-07:00","Action":"run","Package":"github.com/JDinSeattle/forge-runtime/scripts/faults/application","Test":"TestLifecycleAbortOracleRejectsUnexpectedState/quota"}
{"Time":"2026-09-11T21:40:15.576298364-07:00","Action":"output","Package":"github.com/JDinSeattle/forge-runtime/scripts/faults/application","Test":"TestLifecycleAbortOracleRejectsUnexpectedState/quota","Output":"=== RUN   TestLifecycleAbortOracleRejectsUnexpectedState/quota\n"}
{"Time":"2026-09-11T21:40:15.57653365-07:00","Action":"output","Package":"github.com/JDinSeattle/forge-runtime/scripts/faults/application","Test":"TestLifecycleAbortOracleRejectsUnexpectedState/quota","Output":"--- PASS: TestLifecycleAbortOracleRejectsUnexpectedState/quota (0.00s)\n"}
{"Time":"2026-09-11T21:40:15.576536928-07:00","Action":"pass","Package":"github.com/JDinSeattle/forge-runtime/scripts/faults/application","Test":"TestLifecycleAbortOracleRejectsUnexpectedState/quota","Elapsed":0}
{"Time":"2026-09-11T21:40:15.576550909-07:00","Action":"run","Package":"github.com/JDinSeattle/forge-runtime/scripts/faults/application","Test":"TestLifecycleAbortOracleRejectsUnexpectedState/execution_step"}
{"Time":"2026-09-11T21:40:15.576553303-07:00","Action":"output","Package":"github.com/JDinSeattle/forge-runtime/scripts/faults/application","Test":"TestLifecycleAbortOracleRejectsUnexpectedState/execution_step","Output":"=== RUN   TestLifecycleAbortOracleRejectsUnexpectedState/execution_step\n"}
{"Time":"2026-09-11T21:40:15.576809009-07:00","Action":"output","Package":"github.com/JDinSeattle/forge-runtime/scripts/faults/application","Test":"TestLifecycleAbortOracleRejectsUnexpectedState/execution_step","Output":"--- PASS: TestLifecycleAbortOracleRejectsUnexpectedState/execution_step (0.00s)\n"}
{"Time":"2026-09-11T21:40:15.576811499-07:00","Action":"pass","Package":"github.com/JDinSeattle/forge-runtime/scripts/faults/application","Test":"TestLifecycleAbortOracleRejectsUnexpectedState/execution_step","Elapsed":0}
{"Time":"2026-09-11T21:40:15.576829324-07:00","Action":"run","Package":"github.com/JDinSeattle/forge-runtime/scripts/faults/application","Test":"TestLifecycleAbortOracleRejectsUnexpectedState/state_column"}
{"Time":"2026-09-11T21:40:15.576832727-07:00","Action":"output","Package":"github.com/JDinSeattle/forge-runtime/scripts/faults/application","Test":"TestLifecycleAbortOracleRejectsUnexpectedState/state_column","Output":"=== RUN   TestLifecycleAbortOracleRejectsUnexpectedState/state_column\n"}
{"Time":"2026-09-11T21:40:15.577096752-07:00","Action":"output","Package":"github.com/JDinSeattle/forge-runtime/scripts/faults/application","Test":"TestLifecycleAbortOracleRejectsUnexpectedState/state_column","Output":"--- PASS: TestLifecycleAbortOracleRejectsUnexpectedState/state_column (0.00s)\n"}
{"Time":"2026-09-11T21:40:15.577101471-07:00","Action":"pass","Package":"github.com/JDinSeattle/forge-runtime/scripts/faults/application","Test":"TestLifecycleAbortOracleRejectsUnexpectedState/state_column","Elapsed":0}
{"Time":"2026-09-11T21:40:15.57711293-07:00","Action":"run","Package":"github.com/JDinSeattle/forge-runtime/scripts/faults/application","Test":"TestLifecycleAbortOracleRejectsUnexpectedState/cleanup"}
{"Time":"2026-09-11T21:40:15.577114697-07:00","Action":"output","Package":"github.com/JDinSeattle/forge-runtime/scripts/faults/application","Test":"TestLifecycleAbortOracleRejectsUnexpectedState/cleanup","Output":"=== RUN   TestLifecycleAbortOracleRejectsUnexpectedState/cleanup\n"}
{"Time":"2026-09-11T21:40:15.577410301-07:00","Action":"output","Package":"github.com/JDinSeattle/forge-runtime/scripts/faults/application","Test":"TestLifecycleAbortOracleRejectsUnexpectedState/cleanup","Output":"--- PASS: TestLifecycleAbortOracleRejectsUnexpectedState/cleanup (0.00s)\n"}
{"Time":"2026-09-11T21:40:15.577413463-07:00","Action":"pass","Package":"github.com/JDinSeattle/forge-runtime/scripts/faults/application","Test":"TestLifecycleAbortOracleRejectsUnexpectedState/cleanup","Elapsed":0}
{"Time":"2026-09-11T21:40:15.577426904-07:00","Action":"run","Package":"github.com/JDinSeattle/forge-runtime/scripts/faults/application","Test":"TestLifecycleAbortOracleRejectsUnexpectedState/reserved_runner"}
{"Time":"2026-09-11T21:40:15.577428531-07:00","Action":"output","Package":"github.com/JDinSeattle/forge-runtime/scripts/faults/application","Test":"TestLifecycleAbortOracleRejectsUnexpectedState/reserved_runner","Output":"=== RUN   TestLifecycleAbortOracleRejectsUnexpectedState/reserved_runner\n"}
{"Time":"2026-09-11T21:40:15.577677327-07:00","Action":"output","Package":"github.com/JDinSeattle/forge-runtime/scripts/faults/application","Test":"TestLifecycleAbortOracleRejectsUnexpectedState/reserved_runner","Output":"--- PASS: TestLifecycleAbortOracleRejectsUnexpectedState/reserved_runner (0.00s)\n"}
{"Time":"2026-09-11T21:40:15.577681427-07:00","Action":"pass","Package":"github.com/JDinSeattle/forge-runtime/scripts/faults/application","Test":"TestLifecycleAbortOracleRejectsUnexpectedState/reserved_runner","Elapsed":0}
{"Time":"2026-09-11T21:40:15.577693608-07:00","Action":"run","Package":"github.com/JDinSeattle/forge-runtime/scripts/faults/application","Test":"TestLifecycleAbortOracleRejectsUnexpectedState/snapshot_lease"}
{"Time":"2026-09-11T21:40:15.577695332-07:00","Action":"output","Package":"github.com/JDinSeattle/forge-runtime/scripts/faults/application","Test":"TestLifecycleAbortOracleRejectsUnexpectedState/snapshot_lease","Output":"=== RUN   TestLifecycleAbortOracleRejectsUnexpectedState/snapshot_lease\n"}
{"Time":"2026-09-11T21:40:15.577923924-07:00","Action":"output","Package":"github.com/JDinSeattle/forge-runtime/scripts/faults/application","Test":"TestLifecycleAbortOracleRejectsUnexpectedState/snapshot_lease","Output":"--- PASS: TestLifecycleAbortOracleRejectsUnexpectedState/snapshot_lease (0.00s)\n"}
{"Time":"2026-09-11T21:40:15.57792742-07:00","Action":"pass","Package":"github.com/JDinSeattle/forge-runtime/scripts/faults/application","Test":"TestLifecycleAbortOracleRejectsUnexpectedState/snapshot_lease","Elapsed":0}
{"Time":"2026-09-11T21:40:15.577940232-07:00","Action":"run","Package":"github.com/JDinSeattle/forge-runtime/scripts/faults/application","Test":"TestLifecycleAbortOracleRejectsUnexpectedState/model"}
{"Time":"2026-09-11T21:40:15.577941878-07:00","Action":"output","Package":"github.com/JDinSeattle/forge-runtime/scripts/faults/application","Test":"TestLifecycleAbortOracleRejectsUnexpectedState/model","Output":"=== RUN   TestLifecycleAbortOracleRejectsUnexpectedState/model\n"}
{"Time":"2026-09-11T21:40:15.578176764-07:00","Action":"output","Package":"github.com/JDinSeattle/forge-runtime/scripts/faults/application","Test":"TestLifecycleAbortOracleRejectsUnexpectedState/model","Output":"--- PASS: TestLifecycleAbortOracleRejectsUnexpectedState/model (0.00s)\n"}
{"Time":"2026-09-11T21:40:15.578179357-07:00","Action":"pass","Package":"github.com/JDinSeattle/forge-runtime/scripts/faults/application","Test":"TestLifecycleAbortOracleRejectsUnexpectedState/model","Elapsed":0}
{"Time":"2026-09-11T21:40:15.578191574-07:00","Action":"run","Package":"github.com/JDinSeattle/forge-runtime/scripts/faults/application","Test":"TestLifecycleAbortOracleRejectsUnexpectedState/capacity"}
{"Time":"2026-09-11T21:40:15.57819327-07:00","Action":"output","Package":"github.com/JDinSeattle/forge-runtime/scripts/faults/application","Test":"TestLifecycleAbortOracleRejectsUnexpectedState/capacity","Output":"=== RUN   TestLifecycleAbortOracleRejectsUnexpectedState/capacity\n"}
{"Time":"2026-09-11T21:40:15.578424607-07:00","Action":"output","Package":"github.com/JDinSeattle/forge-runtime/scripts/faults/application","Test":"TestLifecycleAbortOracleRejectsUnexpectedState/capacity","Output":"--- PASS: TestLifecycleAbortOracleRejectsUnexpectedState/capacity (0.00s)\n"}
{"Time":"2026-09-11T21:40:15.57842913-07:00","Action":"pass","Package":"github.com/JDinSeattle/forge-runtime/scripts/faults/application","Test":"TestLifecycleAbortOracleRejectsUnexpectedState/capacity","Elapsed":0}
{"Time":"2026-09-11T21:40:15.57843976-07:00","Action":"run","Package":"github.com/JDinSeattle/forge-runtime/scripts/faults/application","Test":"TestLifecycleAbortOracleRejectsUnexpectedState/lease_until"}
{"Time":"2026-09-11T21:40:15.578441388-07:00","Action":"output","Package":"github.com/JDinSeattle/forge-runtime/scripts/faults/application","Test":"TestLifecycleAbortOracleRejectsUnexpectedState/lease_until","Output":"=== RUN   TestLifecycleAbortOracleRejectsUnexpectedState/lease_until\n"}
{"Time":"2026-09-11T21:40:15.578679568-07:00","Action":"output","Package":"github.com/JDinSeattle/forge-runtime/scripts/faults/application","Test":"TestLifecycleAbortOracleRejectsUnexpectedState/lease_until","Output":"--- PASS: TestLifecycleAbortOracleRejectsUnexpectedState/lease_until (0.00s)\n"}
{"Time":"2026-09-11T21:40:15.57868199-07:00","Action":"pass","Package":"github.com/JDinSeattle/forge-runtime/scripts/faults/application","Test":"TestLifecycleAbortOracleRejectsUnexpectedState/lease_until","Elapsed":0}
{"Time":"2026-09-11T21:40:15.578705031-07:00","Action":"run","Package":"github.com/JDinSeattle/forge-runtime/scripts/faults/application","Test":"TestLifecycleAbortOracleRejectsUnexpectedState/snapshot_effect"}
{"Time":"2026-09-11T21:40:15.578706715-07:00","Action":"output","Package":"github.com/JDinSeattle/forge-runtime/scripts/faults/application","Test":"TestLifecycleAbortOracleRejectsUnexpectedState/snapshot_effect","Output":"=== RUN   TestLifecycleAbortOracleRejectsUnexpectedState/snapshot_effect\n"}
{"Time":"2026-09-11T21:40:15.578936032-07:00","Action":"output","Package":"github.com/JDinSeattle/forge-runtime/scripts/faults/application","Test":"TestLifecycleAbortOracleRejectsUnexpectedState/snapshot_effect","Output":"--- PASS: TestLifecycleAbortOracleRejectsUnexpectedState/snapshot_effect (0.00s)\n"}
{"Time":"2026-09-11T21:40:15.578940677-07:00","Action":"pass","Package":"github.com/JDinSeattle/forge-runtime/scripts/faults/application","Test":"TestLifecycleAbortOracleRejectsUnexpectedState/snapshot_effect","Elapsed":0}
{"Time":"2026-09-11T21:40:15.578952785-07:00","Action":"run","Package":"github.com/JDinSeattle/forge-runtime/scripts/faults/application","Test":"TestLifecycleAbortOracleRejectsUnexpectedState/execute_command"}
{"Time":"2026-09-11T21:40:15.578954461-07:00","Action":"output","Package":"github.com/JDinSeattle/forge-runtime/scripts/faults/application","Test":"TestLifecycleAbortOracleRejectsUnexpectedState/execute_command","Output":"=== RUN   TestLifecycleAbortOracleRejectsUnexpectedState/execute_command\n"}
{"Time":"2026-09-11T21:40:15.579074018-07:00","Action":"output","Package":"github.com/JDinSeattle/forge-runtime/scripts/faults/application","Test":"TestLifecycleAbortOracleRejectsUnexpectedState/execute_command","Output":"--- PASS: TestLifecycleAbortOracleRejectsUnexpectedState/execute_command (0.00s)\n"}
{"Time":"2026-09-11T21:40:15.579081482-07:00","Action":"pass","Package":"github.com/JDinSeattle/forge-runtime/scripts/faults/application","Test":"TestLifecycleAbortOracleRejectsUnexpectedState/execute_command","Elapsed":0}
{"Time":"2026-09-11T21:40:15.579101607-07:00","Action":"run","Package":"github.com/JDinSeattle/forge-runtime/scripts/faults/application","Test":"TestLifecycleAbortOracleRejectsUnexpectedState/false_zero_steps"}
{"Time":"2026-09-11T21:40:15.579103355-07:00","Action":"output","Package":"github.com/JDinSeattle/forge-runtime/scripts/faults/application","Test":"TestLifecycleAbortOracleRejectsUnexpectedState/false_zero_steps","Output":"=== RUN   TestLifecycleAbortOracleRejectsUnexpectedState/false_zero_steps\n"}
{"Time":"2026-09-11T21:40:15.579339466-07:00","Action":"output","Package":"github.com/JDinSeattle/forge-runtime/scripts/faults/application","Test":"TestLifecycleAbortOracleRejectsUnexpectedState/false_zero_steps","Output":"--- PASS: TestLifecycleAbortOracleRejectsUnexpectedState/false_zero_steps (0.00s)\n"}
{"Time":"2026-09-11T21:40:15.579342-07:00","Action":"pass","Package":"github.com/JDinSeattle/forge-runtime/scripts/faults/application","Test":"TestLifecycleAbortOracleRejectsUnexpectedState/false_zero_steps","Elapsed":0}
{"Time":"2026-09-11T21:40:15.579354443-07:00","Action":"run","Package":"github.com/JDinSeattle/forge-runtime/scripts/faults/application","Test":"TestLifecycleAbortOracleRejectsUnexpectedState/effects"}
{"Time":"2026-09-11T21:40:15.579356059-07:00","Action":"output","Package":"github.com/JDinSeattle/forge-runtime/scripts/faults/application","Test":"TestLifecycleAbortOracleRejectsUnexpectedState/effects","Output":"=== RUN   TestLifecycleAbortOracleRejectsUnexpectedState/effects\n"}
{"Time":"2026-09-11T21:40:15.579594857-07:00","Action":"output","Package":"github.com/JDinSeattle/forge-runtime/scripts/faults/application","Test":"TestLifecycleAbortOracleRejectsUnexpectedState/effects","Output":"--- PASS: TestLifecycleAbortOracleRejectsUnexpectedState/effects (0.00s)\n"}
{"Time":"2026-09-11T21:40:15.579598872-07:00","Action":"pass","Package":"github.com/JDinSeattle/forge-runtime/scripts/faults/application","Test":"TestLifecycleAbortOracleRejectsUnexpectedState/effects","Elapsed":0}
{"Time":"2026-09-11T21:40:15.579611695-07:00","Action":"run","Package":"github.com/JDinSeattle/forge-runtime/scripts/faults/application","Test":"TestLifecycleAbortOracleRejectsUnexpectedState/workspace"}
{"Time":"2026-09-11T21:40:15.579614084-07:00","Action":"output","Package":"github.com/JDinSeattle/forge-runtime/scripts/faults/application","Test":"TestLifecycleAbortOracleRejectsUnexpectedState/workspace","Output":"=== RUN   TestLifecycleAbortOracleRejectsUnexpectedState/workspace\n"}
{"Time":"2026-09-11T21:40:15.580240206-07:00","Action":"output","Package":"github.com/JDinSeattle/forge-runtime/scripts/faults/application","Test":"TestLifecycleAbortOracleRejectsUnexpectedState/workspace","Output":"--- PASS: TestLifecycleAbortOracleRejectsUnexpectedState/workspace (0.00s)\n"}
{"Time":"2026-09-11T21:40:15.580250796-07:00","Action":"pass","Package":"github.com/JDinSeattle/forge-runtime/scripts/faults/application","Test":"TestLifecycleAbortOracleRejectsUnexpectedState/workspace","Elapsed":0}
{"Time":"2026-09-11T21:40:15.580285502-07:00","Action":"run","Package":"github.com/JDinSeattle/forge-runtime/scripts/faults/application","Test":"TestLifecycleAbortOracleRejectsUnexpectedState/version_column"}
{"Time":"2026-09-11T21:40:15.580287366-07:00","Action":"output","Package":"github.com/JDinSeattle/forge-runtime/scripts/faults/application","Test":"TestLifecycleAbortOracleRejectsUnexpectedState/version_column","Output":"=== RUN   TestLifecycleAbortOracleRejectsUnexpectedState/version_column\n"}
{"Time":"2026-09-11T21:40:15.580564665-07:00","Action":"output","Package":"github.com/JDinSeattle/forge-runtime/scripts/faults/application","Test":"TestLifecycleAbortOracleRejectsUnexpectedState/version_column","Output":"--- PASS: TestLifecycleAbortOracleRejectsUnexpectedState/version_column (0.00s)\n"}
{"Time":"2026-09-11T21:40:15.580569577-07:00","Action":"pass","Package":"github.com/JDinSeattle/forge-runtime/scripts/faults/application","Test":"TestLifecycleAbortOracleRejectsUnexpectedState/version_column","Elapsed":0}
{"Time":"2026-09-11T21:40:15.580584993-07:00","Action":"run","Package":"github.com/JDinSeattle/forge-runtime/scripts/faults/application","Test":"TestLifecycleAbortOracleRejectsUnexpectedState/lease_epoch"}
{"Time":"2026-09-11T21:40:15.580586709-07:00","Action":"output","Package":"github.com/JDinSeattle/forge-runtime/scripts/faults/application","Test":"TestLifecycleAbortOracleRejectsUnexpectedState/lease_epoch","Output":"=== RUN   TestLifecycleAbortOracleRejectsUnexpectedState/lease_epoch\n"}
{"Time":"2026-09-11T21:40:15.580868411-07:00","Action":"output","Package":"github.com/JDinSeattle/forge-runtime/scripts/faults/application","Test":"TestLifecycleAbortOracleRejectsUnexpectedState/lease_epoch","Output":"--- PASS: TestLifecycleAbortOracleRejectsUnexpectedState/lease_epoch (0.00s)\n"}
{"Time":"2026-09-11T21:40:15.580877637-07:00","Action":"pass","Package":"github.com/JDinSeattle/forge-runtime/scripts/faults/application","Test":"TestLifecycleAbortOracleRejectsUnexpectedState/lease_epoch","Elapsed":0}
{"Time":"2026-09-11T21:40:15.580890106-07:00","Action":"run","Package":"github.com/JDinSeattle/forge-runtime/scripts/faults/application","Test":"TestLifecycleAbortOracleRejectsUnexpectedState/event_missing"}
{"Time":"2026-09-11T21:40:15.580891823-07:00","Action":"output","Package":"github.com/JDinSeattle/forge-runtime/scripts/faults/application","Test":"TestLifecycleAbortOracleRejectsUnexpectedState/event_missing","Output":"=== RUN   TestLifecycleAbortOracleRejectsUnexpectedState/event_missing\n"}
{"Time":"2026-09-11T21:40:15.581182827-07:00","Action":"output","Package":"github.com/JDinSeattle/forge-runtime/scripts/faults/application","Test":"TestLifecycleAbortOracleRejectsUnexpectedState/event_missing","Output":"--- PASS: TestLifecycleAbortOracleRejectsUnexpectedState/event_missing (0.00s)\n"}
{"Time":"2026-09-11T21:40:15.581190796-07:00","Action":"pass","Package":"github.com/JDinSeattle/forge-runtime/scripts/faults/application","Test":"TestLifecycleAbortOracleRejectsUnexpectedState/event_missing","Elapsed":0}
{"Time":"2026-09-11T21:40:15.5812029-07:00","Action":"run","Package":"github.com/JDinSeattle/forge-runtime/scripts/faults/application","Test":"TestLifecycleAbortOracleRejectsUnexpectedState/event_replaced"}
{"Time":"2026-09-11T21:40:15.581204558-07:00","Action":"output","Package":"github.com/JDinSeattle/forge-runtime/scripts/faults/application","Test":"TestLifecycleAbortOracleRejectsUnexpectedState/event_replaced","Output":"=== RUN   TestLifecycleAbortOracleRejectsUnexpectedState/event_replaced\n"}
{"Time":"2026-09-11T21:40:15.581497144-07:00","Action":"output","Package":"github.com/JDinSeattle/forge-runtime/scripts/faults/application","Test":"TestLifecycleAbortOracleRejectsUnexpectedState/event_replaced","Output":"--- PASS: TestLifecycleAbortOracleRejectsUnexpectedState/event_replaced (0.00s)\n"}
{"Time":"2026-09-11T21:40:15.581502127-07:00","Action":"pass","Package":"github.com/JDinSeattle/forge-runtime/scripts/faults/application","Test":"TestLifecycleAbortOracleRejectsUnexpectedState/event_replaced","Elapsed":0}
{"Time":"2026-09-11T21:40:15.581517483-07:00","Action":"run","Package":"github.com/JDinSeattle/forge-runtime/scripts/faults/application","Test":"TestLifecycleAbortOracleRejectsUnexpectedState/artifact"}
{"Time":"2026-09-11T21:40:15.581519322-07:00","Action":"output","Package":"github.com/JDinSeattle/forge-runtime/scripts/faults/application","Test":"TestLifecycleAbortOracleRejectsUnexpectedState/artifact","Output":"=== RUN   TestLifecycleAbortOracleRejectsUnexpectedState/artifact\n"}
{"Time":"2026-09-11T21:40:15.581764743-07:00","Action":"output","Package":"github.com/JDinSeattle/forge-runtime/scripts/faults/application","Test":"TestLifecycleAbortOracleRejectsUnexpectedState/artifact","Output":"--- PASS: TestLifecycleAbortOracleRejectsUnexpectedState/artifact (0.00s)\n"}
{"Time":"2026-09-11T21:40:15.581775571-07:00","Action":"pass","Package":"github.com/JDinSeattle/forge-runtime/scripts/faults/application","Test":"TestLifecycleAbortOracleRejectsUnexpectedState/artifact","Elapsed":0}
{"Time":"2026-09-11T21:40:15.581782735-07:00","Action":"run","Package":"github.com/JDinSeattle/forge-runtime/scripts/faults/application","Test":"TestLifecycleAbortOracleRejectsUnexpectedState/runner"}
{"Time":"2026-09-11T21:40:15.581783968-07:00","Action":"output","Package":"github.com/JDinSeattle/forge-runtime/scripts/faults/application","Test":"TestLifecycleAbortOracleRejectsUnexpectedState/runner","Output":"=== RUN   TestLifecycleAbortOracleRejectsUnexpectedState/runner\n"}
{"Time":"2026-09-11T21:40:15.582023826-07:00","Action":"output","Package":"github.com/JDinSeattle/forge-runtime/scripts/faults/application","Test":"TestLifecycleAbortOracleRejectsUnexpectedState/runner","Output":"--- PASS: TestLifecycleAbortOracleRejectsUnexpectedState/runner (0.00s)\n"}
{"Time":"2026-09-11T21:40:15.58203091-07:00","Action":"pass","Package":"github.com/JDinSeattle/forge-runtime/scripts/faults/application","Test":"TestLifecycleAbortOracleRejectsUnexpectedState/runner","Elapsed":0}
{"Time":"2026-09-11T21:40:15.582043474-07:00","Action":"run","Package":"github.com/JDinSeattle/forge-runtime/scripts/faults/application","Test":"TestLifecycleAbortOracleRejectsUnexpectedState/wrong_stop_target"}
{"Time":"2026-09-11T21:40:15.582044661-07:00","Action":"output","Package":"github.com/JDinSeattle/forge-runtime/scripts/faults/application","Test":"TestLifecycleAbortOracleRejectsUnexpectedState/wrong_stop_target","Output":"=== RUN   TestLifecycleAbortOracleRejectsUnexpectedState/wrong_stop_target\n"}
{"Time":"2026-09-11T21:40:15.582175682-07:00","Action":"output","Package":"github.com/JDinSeattle/forge-runtime/scripts/faults/application","Test":"TestLifecycleAbortOracleRejectsUnexpectedState/wrong_stop_target","Output":"--- PASS: TestLifecycleAbortOracleRejectsUnexpectedState/wrong_stop_target (0.00s)\n"}
{"Time":"2026-09-11T21:40:15.582182412-07:00","Action":"pass","Package":"github.com/JDinSeattle/forge-runtime/scripts/faults/application","Test":"TestLifecycleAbortOracleRejectsUnexpectedState/wrong_stop_target","Elapsed":0}
{"Time":"2026-09-11T21:40:15.582193539-07:00","Action":"output","Package":"github.com/JDinSeattle/forge-runtime/scripts/faults/application","Test":"TestLifecycleAbortOracleRejectsUnexpectedState","Output":"--- PASS: TestLifecycleAbortOracleRejectsUnexpectedState (0.01s)\n"}
{"Time":"2026-09-11T21:40:15.582200269-07:00","Action":"pass","Package":"github.com/JDinSeattle/forge-runtime/scripts/faults/application","Test":"TestLifecycleAbortOracleRejectsUnexpectedState","Elapsed":0.01}
{"Time":"2026-09-11T21:40:15.582212989-07:00","Action":"run","Package":"github.com/JDinSeattle/forge-runtime/scripts/faults/application","Test":"TestLifecycleAbortHistoryIsAppendOnly"}
{"Time":"2026-09-11T21:40:15.582214538-07:00","Action":"output","Package":"github.com/JDinSeattle/forge-runtime/scripts/faults/application","Test":"TestLifecycleAbortHistoryIsAppendOnly","Output":"=== RUN   TestLifecycleAbortHistoryIsAppendOnly\n"}
{"Time":"2026-09-11T21:40:15.582228802-07:00","Action":"run","Package":"github.com/JDinSeattle/forge-runtime/scripts/faults/application","Test":"TestLifecycleAbortHistoryIsAppendOnly/immutable"}
{"Time":"2026-09-11T21:40:15.582229946-07:00","Action":"output","Package":"github.com/JDinSeattle/forge-runtime/scripts/faults/application","Test":"TestLifecycleAbortHistoryIsAppendOnly/immutable","Output":"=== RUN   TestLifecycleAbortHistoryIsAppendOnly/immutable\n"}
{"Time":"2026-09-11T21:40:15.58242384-07:00","Action":"output","Package":"github.com/JDinSeattle/forge-runtime/scripts/faults/application","Test":"TestLifecycleAbortHistoryIsAppendOnly/immutable","Output":"--- PASS: TestLifecycleAbortHistoryIsAppendOnly/immutable (0.00s)\n"}
{"Time":"2026-09-11T21:40:15.582432126-07:00","Action":"pass","Package":"github.com/JDinSeattle/forge-runtime/scripts/faults/application","Test":"TestLifecycleAbortHistoryIsAppendOnly/immutable","Elapsed":0}
{"Time":"2026-09-11T21:40:15.582443925-07:00","Action":"run","Package":"github.com/JDinSeattle/forge-runtime/scripts/faults/application","Test":"TestLifecycleAbortHistoryIsAppendOnly/event"}
{"Time":"2026-09-11T21:40:15.582445098-07:00","Action":"output","Package":"github.com/JDinSeattle/forge-runtime/scripts/faults/application","Test":"TestLifecycleAbortHistoryIsAppendOnly/event","Output":"=== RUN   TestLifecycleAbortHistoryIsAppendOnly/event\n"}
{"Time":"2026-09-11T21:40:15.582659165-07:00","Action":"output","Package":"github.com/JDinSeattle/forge-runtime/scripts/faults/application","Test":"TestLifecycleAbortHistoryIsAppendOnly/event","Output":"--- PASS: TestLifecycleAbortHistoryIsAppendOnly/event (0.00s)\n"}
{"Time":"2026-09-11T21:40:15.582667074-07:00","Action":"pass","Package":"github.com/JDinSeattle/forge-runtime/scripts/faults/application","Test":"TestLifecycleAbortHistoryIsAppendOnly/event","Elapsed":0}
{"Time":"2026-09-11T21:40:15.582678866-07:00","Action":"run","Package":"github.com/JDinSeattle/forge-runtime/scripts/faults/application","Test":"TestLifecycleAbortHistoryIsAppendOnly/snapshot"}
{"Time":"2026-09-11T21:40:15.582679993-07:00","Action":"output","Package":"github.com/JDinSeattle/forge-runtime/scripts/faults/application","Test":"TestLifecycleAbortHistoryIsAppendOnly/snapshot","Output":"=== RUN   TestLifecycleAbortHistoryIsAppendOnly/snapshot\n"}
{"Time":"2026-09-11T21:40:15.582960517-07:00","Action":"output","Package":"github.com/JDinSeattle/forge-runtime/scripts/faults/application","Test":"TestLifecycleAbortHistoryIsAppendOnly/snapshot","Output":"--- PASS: TestLifecycleAbortHistoryIsAppendOnly/snapshot (0.00s)\n"}
{"Time":"2026-09-11T21:40:15.582968141-07:00","Action":"pass","Package":"github.com/JDinSeattle/forge-runtime/scripts/faults/application","Test":"TestLifecycleAbortHistoryIsAppendOnly/snapshot","Elapsed":0}
{"Time":"2026-09-11T21:40:15.582985661-07:00","Action":"output","Package":"github.com/JDinSeattle/forge-runtime/scripts/faults/application","Test":"TestLifecycleAbortHistoryIsAppendOnly","Output":"--- PASS: TestLifecycleAbortHistoryIsAppendOnly (0.00s)\n"}
{"Time":"2026-09-11T21:40:15.582992108-07:00","Action":"pass","Package":"github.com/JDinSeattle/forge-runtime/scripts/faults/application","Test":"TestLifecycleAbortHistoryIsAppendOnly","Elapsed":0}
{"Time":"2026-09-11T21:40:15.583011539-07:00","Action":"run","Package":"github.com/JDinSeattle/forge-runtime/scripts/faults/application","Test":"TestLifecycleExplicitAttemptAndBinaryRouting"}
{"Time":"2026-09-11T21:40:15.583012675-07:00","Action":"output","Package":"github.com/JDinSeattle/forge-runtime/scripts/faults/application","Test":"TestLifecycleExplicitAttemptAndBinaryRouting","Output":"=== RUN   TestLifecycleExplicitAttemptAndBinaryRouting\n"}
{"Time":"2026-09-11T21:40:15.583233897-07:00","Action":"output","Package":"github.com/JDinSeattle/forge-runtime/scripts/faults/application","Test":"TestLifecycleExplicitAttemptAndBinaryRouting","Output":"--- PASS: TestLifecycleExplicitAttemptAndBinaryRouting (0.00s)\n"}
{"Time":"2026-09-11T21:40:15.583243281-07:00","Action":"pass","Package":"github.com/JDinSeattle/forge-runtime/scripts/faults/application","Test":"TestLifecycleExplicitAttemptAndBinaryRouting","Elapsed":0}
{"Time":"2026-09-11T21:40:15.583262561-07:00","Action":"run","Package":"github.com/JDinSeattle/forge-runtime/scripts/faults/application","Test":"TestLifecycleOriginalDatabaseRoute"}
{"Time":"2026-09-11T21:40:15.583263666-07:00","Action":"output","Package":"github.com/JDinSeattle/forge-runtime/scripts/faults/application","Test":"TestLifecycleOriginalDatabaseRoute","Output":"=== RUN   TestLifecycleOriginalDatabaseRoute\n"}
{"Time":"2026-09-11T21:40:15.583312194-07:00","Action":"output","Package":"github.com/JDinSeattle/forge-runtime/scripts/faults/application","Test":"TestLifecycleOriginalDatabaseRoute","Output":"--- PASS: TestLifecycleOriginalDatabaseRoute (0.00s)\n"}
{"Time":"2026-09-11T21:40:15.583319588-07:00","Action":"pass","Package":"github.com/JDinSeattle/forge-runtime/scripts/faults/application","Test":"TestLifecycleOriginalDatabaseRoute","Elapsed":0}
{"Time":"2026-09-11T21:40:15.583341945-07:00","Action":"run","Package":"github.com/JDinSeattle/forge-runtime/scripts/faults/application","Test":"TestWorkerRunnerSIGTERMPreflight"}
{"Time":"2026-09-11T21:40:15.583343095-07:00","Action":"output","Package":"github.com/JDinSeattle/forge-runtime/scripts/faults/application","Test":"TestWorkerRunnerSIGTERMPreflight","Output":"=== RUN   TestWorkerRunnerSIGTERMPreflight\n"}
{"Time":"2026-09-11T21:40:15.598378065-07:00","Action":"run","Package":"github.com/JDinSeattle/forge-runtime/scripts/faults/application","Test":"TestWorkerRunnerSIGTERMPreflight/literal_parent_escape"}
{"Time":"2026-09-11T21:40:15.598439406-07:00","Action":"output","Package":"github.com/JDinSeattle/forge-runtime/scripts/faults/application","Test":"TestWorkerRunnerSIGTERMPreflight/literal_parent_escape","Output":"=== RUN   TestWorkerRunnerSIGTERMPreflight/literal_parent_escape\n"}
{"Time":"2026-09-11T21:40:15.666494516-07:00","Action":"output","Package":"github.com/JDinSeattle/forge-runtime/scripts/faults/application","Test":"TestWorkerRunnerSIGTERMPreflight/literal_parent_escape","Output":"--- PASS: TestWorkerRunnerSIGTERMPreflight/literal_parent_escape (0.07s)\n"}
{"Time":"2026-09-11T21:40:15.666518648-07:00","Action":"pass","Package":"github.com/JDinSeattle/forge-runtime/scripts/faults/application","Test":"TestWorkerRunnerSIGTERMPreflight/literal_parent_escape","Elapsed":0.07}
{"Time":"2026-09-11T21:40:15.666570832-07:00","Action":"run","Package":"github.com/JDinSeattle/forge-runtime/scripts/faults/application","Test":"TestWorkerRunnerSIGTERMPreflight/literal_child_escape"}
{"Time":"2026-09-11T21:40:15.666572105-07:00","Action":"output","Package":"github.com/JDinSeattle/forge-runtime/scripts/faults/application","Test":"TestWorkerRunnerSIGTERMPreflight/literal_child_escape","Output":"=== RUN   TestWorkerRunnerSIGTERMPreflight/literal_child_escape\n"}
{"Time":"2026-09-11T21:40:15.730889196-07:00","Action":"output","Package":"github.com/JDinSeattle/forge-runtime/scripts/faults/application","Test":"TestWorkerRunnerSIGTERMPreflight/literal_child_escape","Output":"--- PASS: TestWorkerRunnerSIGTERMPreflight/literal_child_escape (0.06s)\n"}
{"Time":"2026-09-11T21:40:15.730915638-07:00","Action":"pass","Package":"github.com/JDinSeattle/forge-runtime/scripts/faults/application","Test":"TestWorkerRunnerSIGTERMPreflight/literal_child_escape","Elapsed":0.06}
{"Time":"2026-09-11T21:40:15.731061321-07:00","Action":"output","Package":"github.com/JDinSeattle/forge-runtime/scripts/faults/application","Test":"TestWorkerRunnerSIGTERMPreflight","Output":"--- PASS: TestWorkerRunnerSIGTERMPreflight (0.15s)\n"}
{"Time":"2026-09-11T21:40:15.731073293-07:00","Action":"pass","Package":"github.com/JDinSeattle/forge-runtime/scripts/faults/application","Test":"TestWorkerRunnerSIGTERMPreflight","Elapsed":0.15}
{"Time":"2026-09-11T21:40:15.731095108-07:00","Action":"run","Package":"github.com/JDinSeattle/forge-runtime/scripts/faults/application","Test":"TestWorkerRunnerSIGTERMRejectsSharedState"}
{"Time":"2026-09-11T21:40:15.731096654-07:00","Action":"output","Package":"github.com/JDinSeattle/forge-runtime/scripts/faults/application","Test":"TestWorkerRunnerSIGTERMRejectsSharedState","Output":"=== RUN   TestWorkerRunnerSIGTERMRejectsSharedState\n"}
{"Time":"2026-09-11T21:40:15.731296087-07:00","Action":"run","Package":"github.com/JDinSeattle/forge-runtime/scripts/faults/application","Test":"TestWorkerRunnerSIGTERMRejectsSharedState/demo_pool"}
{"Time":"2026-09-11T21:40:15.731297289-07:00","Action":"output","Package":"github.com/JDinSeattle/forge-runtime/scripts/faults/application","Test":"TestWorkerRunnerSIGTERMRejectsSharedState/demo_pool","Output":"=== RUN   TestWorkerRunnerSIGTERMRejectsSharedState/demo_pool\n"}
{"Time":"2026-09-11T21:40:15.731881799-07:00","Action":"output","Package":"github.com/JDinSeattle/forge-runtime/scripts/faults/application","Test":"TestWorkerRunnerSIGTERMRejectsSharedState/demo_pool","Output":"--- PASS: TestWorkerRunnerSIGTERMRejectsSharedState/demo_pool (0.00s)\n"}
{"Time":"2026-09-11T21:40:15.731889426-07:00","Action":"pass","Package":"github.com/JDinSeattle/forge-runtime/scripts/faults/application","Test":"TestWorkerRunnerSIGTERMRejectsSharedState/demo_pool","Elapsed":0}
{"Time":"2026-09-11T21:40:15.731905328-07:00","Action":"run","Package":"github.com/JDinSeattle/forge-runtime/scripts/faults/application","Test":"TestWorkerRunnerSIGTERMRejectsSharedState/recovery_pool"}
{"Time":"2026-09-11T21:40:15.731906503-07:00","Action":"output","Package":"github.com/JDinSeattle/forge-runtime/scripts/faults/application","Test":"TestWorkerRunnerSIGTERMRejectsSharedState/recovery_pool","Output":"=== RUN   TestWorkerRunnerSIGTERMRejectsSharedState/recovery_pool\n"}
{"Time":"2026-09-11T21:40:15.732155589-07:00","Action":"output","Package":"github.com/JDinSeattle/forge-runtime/scripts/faults/application","Test":"TestWorkerRunnerSIGTERMRejectsSharedState/recovery_pool","Output":"--- PASS: TestWorkerRunnerSIGTERMRejectsSharedState/recovery_pool (0.00s)\n"}
{"Time":"2026-09-11T21:40:15.732161583-07:00","Action":"pass","Package":"github.com/JDinSeattle/forge-runtime/scripts/faults/application","Test":"TestWorkerRunnerSIGTERMRejectsSharedState/recovery_pool","Elapsed":0}
{"Time":"2026-09-11T21:40:15.732174032-07:00","Action":"run","Package":"github.com/JDinSeattle/forge-runtime/scripts/faults/application","Test":"TestWorkerRunnerSIGTERMRejectsSharedState/foreign_journal"}
{"Time":"2026-09-11T21:40:15.732175162-07:00","Action":"output","Package":"github.com/JDinSeattle/forge-runtime/scripts/faults/application","Test":"TestWorkerRunnerSIGTERMRejectsSharedState/foreign_journal","Output":"=== RUN   TestWorkerRunnerSIGTERMRejectsSharedState/foreign_journal\n"}
{"Time":"2026-09-11T21:40:15.732478491-07:00","Action":"output","Package":"github.com/JDinSeattle/forge-runtime/scripts/faults/application","Test":"TestWorkerRunnerSIGTERMRejectsSharedState/foreign_journal","Output":"--- PASS: TestWorkerRunnerSIGTERMRejectsSharedState/foreign_journal (0.00s)\n"}
{"Time":"2026-09-11T21:40:15.732484544-07:00","Action":"pass","Package":"github.com/JDinSeattle/forge-runtime/scripts/faults/application","Test":"TestWorkerRunnerSIGTERMRejectsSharedState/foreign_journal","Elapsed":0}
{"Time":"2026-09-11T21:40:15.732504372-07:00","Action":"run","Package":"github.com/JDinSeattle/forge-runtime/scripts/faults/application","Test":"TestWorkerRunnerSIGTERMRejectsSharedState/fake_backend"}
{"Time":"2026-09-11T21:40:15.732505516-07:00","Action":"output","Package":"github.com/JDinSeattle/forge-runtime/scripts/faults/application","Test":"TestWorkerRunnerSIGTERMRejectsSharedState/fake_backend","Output":"=== RUN   TestWorkerRunnerSIGTERMRejectsSharedState/fake_backend\n"}
{"Time":"2026-09-11T21:40:15.732807542-07:00","Action":"output","Package":"github.com/JDinSeattle/forge-runtime/scripts/faults/application","Test":"TestWorkerRunnerSIGTERMRejectsSharedState/fake_backend","Output":"--- PASS: TestWorkerRunnerSIGTERMRejectsSharedState/fake_backend (0.00s)\n"}
{"Time":"2026-09-11T21:40:15.732813524-07:00","Action":"pass","Package":"github.com/JDinSeattle/forge-runtime/scripts/faults/application","Test":"TestWorkerRunnerSIGTERMRejectsSharedState/fake_backend","Elapsed":0}
{"Time":"2026-09-11T21:40:15.732824531-07:00","Action":"run","Package":"github.com/JDinSeattle/forge-runtime/scripts/faults/application","Test":"TestWorkerRunnerSIGTERMRejectsSharedState/zero_log_cap"}
{"Time":"2026-09-11T21:40:15.732825628-07:00","Action":"output","Package":"github.com/JDinSeattle/forge-runtime/scripts/faults/application","Test":"TestWorkerRunnerSIGTERMRejectsSharedState/zero_log_cap","Output":"=== RUN   TestWorkerRunnerSIGTERMRejectsSharedState/zero_log_cap\n"}
{"Time":"2026-09-11T21:40:15.733130941-07:00","Action":"output","Package":"github.com/JDinSeattle/forge-runtime/scripts/faults/application","Test":"TestWorkerRunnerSIGTERMRejectsSharedState/zero_log_cap","Output":"--- PASS: TestWorkerRunnerSIGTERMRejectsSharedState/zero_log_cap (0.00s)\n"}
{"Time":"2026-09-11T21:40:15.733137682-07:00","Action":"pass","Package":"github.com/JDinSeattle/forge-runtime/scripts/faults/application","Test":"TestWorkerRunnerSIGTERMRejectsSharedState/zero_log_cap","Elapsed":0}
{"Time":"2026-09-11T21:40:15.73314946-07:00","Action":"run","Package":"github.com/JDinSeattle/forge-runtime/scripts/faults/application","Test":"TestWorkerRunnerSIGTERMRejectsSharedState/unbounded_profile"}
{"Time":"2026-09-11T21:40:15.733150677-07:00","Action":"output","Package":"github.com/JDinSeattle/forge-runtime/scripts/faults/application","Test":"TestWorkerRunnerSIGTERMRejectsSharedState/unbounded_profile","Output":"=== RUN   TestWorkerRunnerSIGTERMRejectsSharedState/unbounded_profile\n"}
{"Time":"2026-09-11T21:40:15.733465259-07:00","Action":"output","Package":"github.com/JDinSeattle/forge-runtime/scripts/faults/application","Test":"TestWorkerRunnerSIGTERMRejectsSharedState/unbounded_profile","Output":"--- PASS: TestWorkerRunnerSIGTERMRejectsSharedState/unbounded_profile (0.00s)\n"}
{"Time":"2026-09-11T21:40:15.733471026-07:00","Action":"pass","Package":"github.com/JDinSeattle/forge-runtime/scripts/faults/application","Test":"TestWorkerRunnerSIGTERMRejectsSharedState/unbounded_profile","Elapsed":0}
{"Time":"2026-09-11T21:40:15.733482877-07:00","Action":"run","Package":"github.com/JDinSeattle/forge-runtime/scripts/faults/application","Test":"TestWorkerRunnerSIGTERMRejectsSharedState/wrong_grader"}
{"Time":"2026-09-11T21:40:15.733484022-07:00","Action":"output","Package":"github.com/JDinSeattle/forge-runtime/scripts/faults/application","Test":"TestWorkerRunnerSIGTERMRejectsSharedState/wrong_grader","Output":"=== RUN   TestWorkerRunnerSIGTERMRejectsSharedState/wrong_grader\n"}
{"Time":"2026-09-11T21:40:15.733784068-07:00","Action":"output","Package":"github.com/JDinSeattle/forge-runtime/scripts/faults/application","Test":"TestWorkerRunnerSIGTERMRejectsSharedState/wrong_grader","Output":"--- PASS: TestWorkerRunnerSIGTERMRejectsSharedState/wrong_grader (0.00s)\n"}
{"Time":"2026-09-11T21:40:15.733789996-07:00","Action":"pass","Package":"github.com/JDinSeattle/forge-runtime/scripts/faults/application","Test":"TestWorkerRunnerSIGTERMRejectsSharedState/wrong_grader","Elapsed":0}
{"Time":"2026-09-11T21:40:15.73381176-07:00","Action":"run","Package":"github.com/JDinSeattle/forge-runtime/scripts/faults/application","Test":"TestWorkerRunnerSIGTERMRejectsSharedState/tcp_runner"}
{"Time":"2026-09-11T21:40:15.733812886-07:00","Action":"output","Package":"github.com/JDinSeattle/forge-runtime/scripts/faults/application","Test":"TestWorkerRunnerSIGTERMRejectsSharedState/tcp_runner","Output":"=== RUN   TestWorkerRunnerSIGTERMRejectsSharedState/tcp_runner\n"}
{"Time":"2026-09-11T21:40:15.7341207-07:00","Action":"output","Package":"github.com/JDinSeattle/forge-runtime/scripts/faults/application","Test":"TestWorkerRunnerSIGTERMRejectsSharedState/tcp_runner","Output":"--- PASS: TestWorkerRunnerSIGTERMRejectsSharedState/tcp_runner (0.00s)\n"}
{"Time":"2026-09-11T21:40:15.734126537-07:00","Action":"pass","Package":"github.com/JDinSeattle/forge-runtime/scripts/faults/application","Test":"TestWorkerRunnerSIGTERMRejectsSharedState/tcp_runner","Elapsed":0}
{"Time":"2026-09-11T21:40:15.734146045-07:00","Action":"run","Package":"github.com/JDinSeattle/forge-runtime/scripts/faults/application","Test":"TestWorkerRunnerSIGTERMRejectsSharedState/wrong_binary_digest"}
{"Time":"2026-09-11T21:40:15.734147422-07:00","Action":"output","Package":"github.com/JDinSeattle/forge-runtime/scripts/faults/application","Test":"TestWorkerRunnerSIGTERMRejectsSharedState/wrong_binary_digest","Output":"=== RUN   TestWorkerRunnerSIGTERMRejectsSharedState/wrong_binary_digest\n"}
{"Time":"2026-09-11T21:40:15.734490859-07:00","Action":"output","Package":"github.com/JDinSeattle/forge-runtime/scripts/faults/application","Test":"TestWorkerRunnerSIGTERMRejectsSharedState/wrong_binary_digest","Output":"--- PASS: TestWorkerRunnerSIGTERMRejectsSharedState/wrong_binary_digest (0.00s)\n"}
{"Time":"2026-09-11T21:40:15.734495334-07:00","Action":"pass","Package":"github.com/JDinSeattle/forge-runtime/scripts/faults/application","Test":"TestWorkerRunnerSIGTERMRejectsSharedState/wrong_binary_digest","Elapsed":0}
{"Time":"2026-09-11T21:40:15.734505453-07:00","Action":"output","Package":"github.com/JDinSeattle/forge-runtime/scripts/faults/application","Test":"TestWorkerRunnerSIGTERMRejectsSharedState","Output":"--- PASS: TestWorkerRunnerSIGTERMRejectsSharedState (0.00s)\n"}
{"Time":"2026-09-11T21:40:15.734511194-07:00","Action":"pass","Package":"github.com/JDinSeattle/forge-runtime/scripts/faults/application","Test":"TestWorkerRunnerSIGTERMRejectsSharedState","Elapsed":0}
{"Time":"2026-09-11T21:40:15.734558855-07:00","Action":"output","Package":"github.com/JDinSeattle/forge-runtime/scripts/faults/application","Output":"PASS\n"}
{"Time":"2026-09-11T21:40:16.744035998-07:00","Action":"output","Package":"github.com/JDinSeattle/forge-runtime/scripts/faults/application","Output":"ok  \tgithub.com/JDinSeattle/forge-runtime/scripts/faults/application\t1.215s\n"}
{"Time":"2026-09-11T21:40:16.744059552-07:00","Action":"pass","Package":"github.com/JDinSeattle/forge-runtime/scripts/faults/application","Elapsed":1.215}
