/tmp/forge-resume-build-20260911T210708Z/forge: go1.26.8
	path	github.com/JDinSeattle/forge-runtime/cmd/forge
	mod	github.com/JDinSeattle/forge-runtime	v0.0.0-20260911202249-224a6b64ce0c+dirty	
	dep	github.com/apapsch/go-jsonmerge/v2	v2.0.0	h1:axGnT1gRIfimI7gJifB699GoE/oq+F2MU7Dml6nw9rQ=
	dep	github.com/google/uuid	v1.6.0	h1:NIvaJDMOsjHA8n1jAhLSgzrAzy1Hgr+hNrb57e+94F0=
	dep	github.com/oapi-codegen/runtime	v1.6.0	h1:7Xx+GlueD6nRuyKoCPzL434Jfi3BetbiJOrzCHp/VPU=
	dep	github.com/spf13/cobra	v1.10.2	h1:DMTTonx5m65Ic0GOoRY2c16WCbHxOOw6xxezuLaBpcU=
	dep	github.com/spf13/pflag	v1.0.10	h1:4EBh2KAYBwaONj6b2Ye1GiHfwjqyROoF4RwYO+vPwFk=
	build	-buildmode=exe
	build	-compiler=gc
	build	CGO_ENABLED=1
	build	CGO_CFLAGS=
	build	CGO_CPPFLAGS=
	build	CGO_CXXFLAGS=
	build	CGO_LDFLAGS=
	build	GOARCH=amd64
	build	GOOS=linux
	build	GOAMD64=v1
	build	vcs=git
	build	vcs.revision=224a6b64ce0cc41c564ce2c9bfd2e74b4b9ccc0a
	build	vcs.time=2026-09-11T20:22:49Z
	build	vcs.modified=true
