{"Time":"2026-09-11T18:35:16.35962302-07:00","Action":"start","Package":"github.com/JDinSeattle/forge-runtime/scripts/faults/application"}
{"Time":"2026-09-11T18:35:16.383346713-07:00","Action":"run","Package":"github.com/JDinSeattle/forge-runtime/scripts/faults/application","Test":"TestStrictLogsOfflineOracle"}
{"Time":"2026-09-11T18:35:16.383371634-07:00","Action":"output","Package":"github.com/JDinSeattle/forge-runtime/scripts/faults/application","Test":"TestStrictLogsOfflineOracle","Output":"=== RUN   TestStrictLogsOfflineOracle\n"}
{"Time":"2026-09-11T18:35:16.383820666-07:00","Action":"run","Package":"github.com/JDinSeattle/forge-runtime/scripts/faults/application","Test":"TestStrictLogsOfflineOracle/wrong_receipt_run"}
{"Time":"2026-09-11T18:35:16.383823125-07:00","Action":"output","Package":"github.com/JDinSeattle/forge-runtime/scripts/faults/application","Test":"TestStrictLogsOfflineOracle/wrong_receipt_run","Output":"=== RUN   TestStrictLogsOfflineOracle/wrong_receipt_run\n"}
{"Time":"2026-09-11T18:35:16.383914482-07:00","Action":"output","Package":"github.com/JDinSeattle/forge-runtime/scripts/faults/application","Test":"TestStrictLogsOfflineOracle/wrong_receipt_run","Output":"--- PASS: TestStrictLogsOfflineOracle/wrong_receipt_run (0.00s)\n"}
{"Time":"2026-09-11T18:35:16.383921185-07:00","Action":"pass","Package":"github.com/JDinSeattle/forge-runtime/scripts/faults/application","Test":"TestStrictLogsOfflineOracle/wrong_receipt_run","Elapsed":0}
{"Time":"2026-09-11T18:35:16.383936367-07:00","Action":"run","Package":"github.com/JDinSeattle/forge-runtime/scripts/faults/application","Test":"TestStrictLogsOfflineOracle/wrong_artifact_tenant"}
{"Time":"2026-09-11T18:35:16.383937548-07:00","Action":"output","Package":"github.com/JDinSeattle/forge-runtime/scripts/faults/application","Test":"TestStrictLogsOfflineOracle/wrong_artifact_tenant","Output":"=== RUN   TestStrictLogsOfflineOracle/wrong_artifact_tenant\n"}
{"Time":"2026-09-11T18:35:16.384117208-07:00","Action":"output","Package":"github.com/JDinSeattle/forge-runtime/scripts/faults/application","Test":"TestStrictLogsOfflineOracle/wrong_artifact_tenant","Output":"--- PASS: TestStrictLogsOfflineOracle/wrong_artifact_tenant (0.00s)\n"}
{"Time":"2026-09-11T18:35:16.384125497-07:00","Action":"pass","Package":"github.com/JDinSeattle/forge-runtime/scripts/faults/application","Test":"TestStrictLogsOfflineOracle/wrong_artifact_tenant","Elapsed":0}
{"Time":"2026-09-11T18:35:16.384138254-07:00","Action":"run","Package":"github.com/JDinSeattle/forge-runtime/scripts/faults/application","Test":"TestStrictLogsOfflineOracle/wrong_hash"}
{"Time":"2026-09-11T18:35:16.384139506-07:00","Action":"output","Package":"github.com/JDinSeattle/forge-runtime/scripts/faults/application","Test":"TestStrictLogsOfflineOracle/wrong_hash","Output":"=== RUN   TestStrictLogsOfflineOracle/wrong_hash\n"}
{"Time":"2026-09-11T18:35:16.384311979-07:00","Action":"output","Package":"github.com/JDinSeattle/forge-runtime/scripts/faults/application","Test":"TestStrictLogsOfflineOracle/wrong_hash","Output":"--- PASS: TestStrictLogsOfflineOracle/wrong_hash (0.00s)\n"}
{"Time":"2026-09-11T18:35:16.38431935-07:00","Action":"pass","Package":"github.com/JDinSeattle/forge-runtime/scripts/faults/application","Test":"TestStrictLogsOfflineOracle/wrong_hash","Elapsed":0}
{"Time":"2026-09-11T18:35:16.384374811-07:00","Action":"run","Package":"github.com/JDinSeattle/forge-runtime/scripts/faults/application","Test":"TestStrictLogsOfflineOracle/gap_with_exact_count"}
{"Time":"2026-09-11T18:35:16.384426237-07:00","Action":"output","Package":"github.com/JDinSeattle/forge-runtime/scripts/faults/application","Test":"TestStrictLogsOfflineOracle/gap_with_exact_count","Output":"=== RUN   TestStrictLogsOfflineOracle/gap_with_exact_count\n"}
{"Time":"2026-09-11T18:35:16.384527189-07:00","Action":"output","Package":"github.com/JDinSeattle/forge-runtime/scripts/faults/application","Test":"TestStrictLogsOfflineOracle/gap_with_exact_count","Output":"--- PASS: TestStrictLogsOfflineOracle/gap_with_exact_count (0.00s)\n"}
{"Time":"2026-09-11T18:35:16.384533303-07:00","Action":"pass","Package":"github.com/JDinSeattle/forge-runtime/scripts/faults/application","Test":"TestStrictLogsOfflineOracle/gap_with_exact_count","Elapsed":0}
{"Time":"2026-09-11T18:35:16.384547247-07:00","Action":"run","Package":"github.com/JDinSeattle/forge-runtime/scripts/faults/application","Test":"TestStrictLogsOfflineOracle/forged_success"}
{"Time":"2026-09-11T18:35:16.384548627-07:00","Action":"output","Package":"github.com/JDinSeattle/forge-runtime/scripts/faults/application","Test":"TestStrictLogsOfflineOracle/forged_success","Output":"=== RUN   TestStrictLogsOfflineOracle/forged_success\n"}
{"Time":"2026-09-11T18:35:16.384721286-07:00","Action":"output","Package":"github.com/JDinSeattle/forge-runtime/scripts/faults/application","Test":"TestStrictLogsOfflineOracle/forged_success","Output":"--- PASS: TestStrictLogsOfflineOracle/forged_success (0.00s)\n"}
{"Time":"2026-09-11T18:35:16.384728579-07:00","Action":"pass","Package":"github.com/JDinSeattle/forge-runtime/scripts/faults/application","Test":"TestStrictLogsOfflineOracle/forged_success","Elapsed":0}
{"Time":"2026-09-11T18:35:16.384742473-07:00","Action":"run","Package":"github.com/JDinSeattle/forge-runtime/scripts/faults/application","Test":"TestStrictLogsOfflineOracle/seen_mismatch"}
{"Time":"2026-09-11T18:35:16.384743621-07:00","Action":"output","Package":"github.com/JDinSeattle/forge-runtime/scripts/faults/application","Test":"TestStrictLogsOfflineOracle/seen_mismatch","Output":"=== RUN   TestStrictLogsOfflineOracle/seen_mismatch\n"}
{"Time":"2026-09-11T18:35:16.384908266-07:00","Action":"output","Package":"github.com/JDinSeattle/forge-runtime/scripts/faults/application","Test":"TestStrictLogsOfflineOracle/seen_mismatch","Output":"--- PASS: TestStrictLogsOfflineOracle/seen_mismatch (0.00s)\n"}
{"Time":"2026-09-11T18:35:16.38491451-07:00","Action":"pass","Package":"github.com/JDinSeattle/forge-runtime/scripts/faults/application","Test":"TestStrictLogsOfflineOracle/seen_mismatch","Elapsed":0}
{"Time":"2026-09-11T18:35:16.384926065-07:00","Action":"run","Package":"github.com/JDinSeattle/forge-runtime/scripts/faults/application","Test":"TestStrictLogsOfflineOracle/missing_stop"}
{"Time":"2026-09-11T18:35:16.384927168-07:00","Action":"output","Package":"github.com/JDinSeattle/forge-runtime/scripts/faults/application","Test":"TestStrictLogsOfflineOracle/missing_stop","Output":"=== RUN   TestStrictLogsOfflineOracle/missing_stop\n"}
{"Time":"2026-09-11T18:35:16.385091661-07:00","Action":"output","Package":"github.com/JDinSeattle/forge-runtime/scripts/faults/application","Test":"TestStrictLogsOfflineOracle/missing_stop","Output":"--- PASS: TestStrictLogsOfflineOracle/missing_stop (0.00s)\n"}
{"Time":"2026-09-11T18:35:16.385097681-07:00","Action":"pass","Package":"github.com/JDinSeattle/forge-runtime/scripts/faults/application","Test":"TestStrictLogsOfflineOracle/missing_stop","Elapsed":0}
{"Time":"2026-09-11T18:35:16.385176617-07:00","Action":"output","Package":"github.com/JDinSeattle/forge-runtime/scripts/faults/application","Test":"TestStrictLogsOfflineOracle","Output":"--- PASS: TestStrictLogsOfflineOracle (0.00s)\n"}
{"Time":"2026-09-11T18:35:16.385181893-07:00","Action":"pass","Package":"github.com/JDinSeattle/forge-runtime/scripts/faults/application","Test":"TestStrictLogsOfflineOracle","Elapsed":0}
{"Time":"2026-09-11T18:35:16.385194222-07:00","Action":"run","Package":"github.com/JDinSeattle/forge-runtime/scripts/faults/application","Test":"TestStrictLogsOfflinePreflight"}
{"Time":"2026-09-11T18:35:16.385195338-07:00","Action":"output","Package":"github.com/JDinSeattle/forge-runtime/scripts/faults/application","Test":"TestStrictLogsOfflinePreflight","Output":"=== RUN   TestStrictLogsOfflinePreflight\n"}
{"Time":"2026-09-11T18:35:16.385362176-07:00","Action":"run","Package":"github.com/JDinSeattle/forge-runtime/scripts/faults/application","Test":"TestStrictLogsOfflinePreflight/three_slots"}
{"Time":"2026-09-11T18:35:16.38536351-07:00","Action":"output","Package":"github.com/JDinSeattle/forge-runtime/scripts/faults/application","Test":"TestStrictLogsOfflinePreflight/three_slots","Output":"=== RUN   TestStrictLogsOfflinePreflight/three_slots\n"}
{"Time":"2026-09-11T18:35:16.385485324-07:00","Action":"output","Package":"github.com/JDinSeattle/forge-runtime/scripts/faults/application","Test":"TestStrictLogsOfflinePreflight/three_slots","Output":"--- PASS: TestStrictLogsOfflinePreflight/three_slots (0.00s)\n"}
{"Time":"2026-09-11T18:35:16.385491095-07:00","Action":"pass","Package":"github.com/JDinSeattle/forge-runtime/scripts/faults/application","Test":"TestStrictLogsOfflinePreflight/three_slots","Elapsed":0}
{"Time":"2026-09-11T18:35:16.385509515-07:00","Action":"run","Package":"github.com/JDinSeattle/forge-runtime/scripts/faults/application","Test":"TestStrictLogsOfflinePreflight/wrong_daemon"}
{"Time":"2026-09-11T18:35:16.385510625-07:00","Action":"output","Package":"github.com/JDinSeattle/forge-runtime/scripts/faults/application","Test":"TestStrictLogsOfflinePreflight/wrong_daemon","Output":"=== RUN   TestStrictLogsOfflinePreflight/wrong_daemon\n"}
{"Time":"2026-09-11T18:35:16.385613187-07:00","Action":"output","Package":"github.com/JDinSeattle/forge-runtime/scripts/faults/application","Test":"TestStrictLogsOfflinePreflight/wrong_daemon","Output":"--- PASS: TestStrictLogsOfflinePreflight/wrong_daemon (0.00s)\n"}
{"Time":"2026-09-11T18:35:16.385619056-07:00","Action":"pass","Package":"github.com/JDinSeattle/forge-runtime/scripts/faults/application","Test":"TestStrictLogsOfflinePreflight/wrong_daemon","Elapsed":0}
{"Time":"2026-09-11T18:35:16.385632532-07:00","Action":"run","Package":"github.com/JDinSeattle/forge-runtime/scripts/faults/application","Test":"TestStrictLogsOfflinePreflight/rebound_source"}
{"Time":"2026-09-11T18:35:16.385633827-07:00","Action":"output","Package":"github.com/JDinSeattle/forge-runtime/scripts/faults/application","Test":"TestStrictLogsOfflinePreflight/rebound_source","Output":"=== RUN   TestStrictLogsOfflinePreflight/rebound_source\n"}
{"Time":"2026-09-11T18:35:16.385741654-07:00","Action":"output","Package":"github.com/JDinSeattle/forge-runtime/scripts/faults/application","Test":"TestStrictLogsOfflinePreflight/rebound_source","Output":"--- PASS: TestStrictLogsOfflinePreflight/rebound_source (0.00s)\n"}
{"Time":"2026-09-11T18:35:16.385744956-07:00","Action":"pass","Package":"github.com/JDinSeattle/forge-runtime/scripts/faults/application","Test":"TestStrictLogsOfflinePreflight/rebound_source","Elapsed":0}
{"Time":"2026-09-11T18:35:16.385759065-07:00","Action":"run","Package":"github.com/JDinSeattle/forge-runtime/scripts/faults/application","Test":"TestStrictLogsOfflinePreflight/weaker_default_quota"}
{"Time":"2026-09-11T18:35:16.385760249-07:00","Action":"output","Package":"github.com/JDinSeattle/forge-runtime/scripts/faults/application","Test":"TestStrictLogsOfflinePreflight/weaker_default_quota","Output":"=== RUN   TestStrictLogsOfflinePreflight/weaker_default_quota\n"}
{"Time":"2026-09-11T18:35:16.38586736-07:00","Action":"output","Package":"github.com/JDinSeattle/forge-runtime/scripts/faults/application","Test":"TestStrictLogsOfflinePreflight/weaker_default_quota","Output":"--- PASS: TestStrictLogsOfflinePreflight/weaker_default_quota (0.00s)\n"}
{"Time":"2026-09-11T18:35:16.385870733-07:00","Action":"pass","Package":"github.com/JDinSeattle/forge-runtime/scripts/faults/application","Test":"TestStrictLogsOfflinePreflight/weaker_default_quota","Elapsed":0}
{"Time":"2026-09-11T18:35:16.385881742-07:00","Action":"run","Package":"github.com/JDinSeattle/forge-runtime/scripts/faults/application","Test":"TestStrictLogsOfflinePreflight/shared_pool"}
{"Time":"2026-09-11T18:35:16.385882891-07:00","Action":"output","Package":"github.com/JDinSeattle/forge-runtime/scripts/faults/application","Test":"TestStrictLogsOfflinePreflight/shared_pool","Output":"=== RUN   TestStrictLogsOfflinePreflight/shared_pool\n"}
{"Time":"2026-09-11T18:35:16.385992805-07:00","Action":"output","Package":"github.com/JDinSeattle/forge-runtime/scripts/faults/application","Test":"TestStrictLogsOfflinePreflight/shared_pool","Output":"--- PASS: TestStrictLogsOfflinePreflight/shared_pool (0.00s)\n"}
{"Time":"2026-09-11T18:35:16.386000429-07:00","Action":"pass","Package":"github.com/JDinSeattle/forge-runtime/scripts/faults/application","Test":"TestStrictLogsOfflinePreflight/shared_pool","Elapsed":0}
{"Time":"2026-09-11T18:35:16.386010837-07:00","Action":"run","Package":"github.com/JDinSeattle/forge-runtime/scripts/faults/application","Test":"TestStrictLogsOfflinePreflight/fake_backend"}
{"Time":"2026-09-11T18:35:16.386011992-07:00","Action":"output","Package":"github.com/JDinSeattle/forge-runtime/scripts/faults/application","Test":"TestStrictLogsOfflinePreflight/fake_backend","Output":"=== RUN   TestStrictLogsOfflinePreflight/fake_backend\n"}
{"Time":"2026-09-11T18:35:16.38611427-07:00","Action":"output","Package":"github.com/JDinSeattle/forge-runtime/scripts/faults/application","Test":"TestStrictLogsOfflinePreflight/fake_backend","Output":"--- PASS: TestStrictLogsOfflinePreflight/fake_backend (0.00s)\n"}
{"Time":"2026-09-11T18:35:16.386119413-07:00","Action":"pass","Package":"github.com/JDinSeattle/forge-runtime/scripts/faults/application","Test":"TestStrictLogsOfflinePreflight/fake_backend","Elapsed":0}
{"Time":"2026-09-11T18:35:16.386136495-07:00","Action":"run","Package":"github.com/JDinSeattle/forge-runtime/scripts/faults/application","Test":"TestStrictLogsOfflinePreflight/unbounded_profile"}
{"Time":"2026-09-11T18:35:16.386137654-07:00","Action":"output","Package":"github.com/JDinSeattle/forge-runtime/scripts/faults/application","Test":"TestStrictLogsOfflinePreflight/unbounded_profile","Output":"=== RUN   TestStrictLogsOfflinePreflight/unbounded_profile\n"}
{"Time":"2026-09-11T18:35:16.386244643-07:00","Action":"output","Package":"github.com/JDinSeattle/forge-runtime/scripts/faults/application","Test":"TestStrictLogsOfflinePreflight/unbounded_profile","Output":"--- PASS: TestStrictLogsOfflinePreflight/unbounded_profile (0.00s)\n"}
{"Time":"2026-09-11T18:35:16.386247821-07:00","Action":"pass","Package":"github.com/JDinSeattle/forge-runtime/scripts/faults/application","Test":"TestStrictLogsOfflinePreflight/unbounded_profile","Elapsed":0}
{"Time":"2026-09-11T18:35:16.386263188-07:00","Action":"run","Package":"github.com/JDinSeattle/forge-runtime/scripts/faults/application","Test":"TestStrictLogsOfflinePreflight/wrong_oracle"}
{"Time":"2026-09-11T18:35:16.386264353-07:00","Action":"output","Package":"github.com/JDinSeattle/forge-runtime/scripts/faults/application","Test":"TestStrictLogsOfflinePreflight/wrong_oracle","Output":"=== RUN   TestStrictLogsOfflinePreflight/wrong_oracle\n"}
{"Time":"2026-09-11T18:35:16.386368412-07:00","Action":"output","Package":"github.com/JDinSeattle/forge-runtime/scripts/faults/application","Test":"TestStrictLogsOfflinePreflight/wrong_oracle","Output":"--- PASS: TestStrictLogsOfflinePreflight/wrong_oracle (0.00s)\n"}
{"Time":"2026-09-11T18:35:16.386373427-07:00","Action":"pass","Package":"github.com/JDinSeattle/forge-runtime/scripts/faults/application","Test":"TestStrictLogsOfflinePreflight/wrong_oracle","Elapsed":0}
{"Time":"2026-09-11T18:35:16.386382836-07:00","Action":"run","Package":"github.com/JDinSeattle/forge-runtime/scripts/faults/application","Test":"TestStrictLogsOfflinePreflight/foreign_binary"}
{"Time":"2026-09-11T18:35:16.386383957-07:00","Action":"output","Package":"github.com/JDinSeattle/forge-runtime/scripts/faults/application","Test":"TestStrictLogsOfflinePreflight/foreign_binary","Output":"=== RUN   TestStrictLogsOfflinePreflight/foreign_binary\n"}
{"Time":"2026-09-11T18:35:16.386468756-07:00","Action":"output","Package":"github.com/JDinSeattle/forge-runtime/scripts/faults/application","Test":"TestStrictLogsOfflinePreflight/foreign_binary","Output":"--- PASS: TestStrictLogsOfflinePreflight/foreign_binary (0.00s)\n"}
{"Time":"2026-09-11T18:35:16.386471831-07:00","Action":"pass","Package":"github.com/JDinSeattle/forge-runtime/scripts/faults/application","Test":"TestStrictLogsOfflinePreflight/foreign_binary","Elapsed":0}
{"Time":"2026-09-11T18:35:16.386482276-07:00","Action":"run","Package":"github.com/JDinSeattle/forge-runtime/scripts/faults/application","Test":"TestStrictLogsOfflinePreflight/shared_journal"}
{"Time":"2026-09-11T18:35:16.386484486-07:00","Action":"output","Package":"github.com/JDinSeattle/forge-runtime/scripts/faults/application","Test":"TestStrictLogsOfflinePreflight/shared_journal","Output":"=== RUN   TestStrictLogsOfflinePreflight/shared_journal\n"}
{"Time":"2026-09-11T18:35:16.386577627-07:00","Action":"output","Package":"github.com/JDinSeattle/forge-runtime/scripts/faults/application","Test":"TestStrictLogsOfflinePreflight/shared_journal","Output":"--- PASS: TestStrictLogsOfflinePreflight/shared_journal (0.00s)\n"}
{"Time":"2026-09-11T18:35:16.38658353-07:00","Action":"pass","Package":"github.com/JDinSeattle/forge-runtime/scripts/faults/application","Test":"TestStrictLogsOfflinePreflight/shared_journal","Elapsed":0}
{"Time":"2026-09-11T18:35:16.386907889-07:00","Action":"output","Package":"github.com/JDinSeattle/forge-runtime/scripts/faults/application","Test":"TestStrictLogsOfflinePreflight","Output":"--- PASS: TestStrictLogsOfflinePreflight (0.00s)\n"}
{"Time":"2026-09-11T18:35:16.386915038-07:00","Action":"pass","Package":"github.com/JDinSeattle/forge-runtime/scripts/faults/application","Test":"TestStrictLogsOfflinePreflight","Elapsed":0}
{"Time":"2026-09-11T18:35:16.386928495-07:00","Action":"run","Package":"github.com/JDinSeattle/forge-runtime/scripts/faults/application","Test":"TestStrictLogsDurableBindingOracle"}
{"Time":"2026-09-11T18:35:16.38692958-07:00","Action":"output","Package":"github.com/JDinSeattle/forge-runtime/scripts/faults/application","Test":"TestStrictLogsDurableBindingOracle","Output":"=== RUN   TestStrictLogsDurableBindingOracle\n"}
{"Time":"2026-09-11T18:35:16.387107989-07:00","Action":"run","Package":"github.com/JDinSeattle/forge-runtime/scripts/faults/application","Test":"TestStrictLogsDurableBindingOracle/tenant_id"}
{"Time":"2026-09-11T18:35:16.387109273-07:00","Action":"output","Package":"github.com/JDinSeattle/forge-runtime/scripts/faults/application","Test":"TestStrictLogsDurableBindingOracle/tenant_id","Output":"=== RUN   TestStrictLogsDurableBindingOracle/tenant_id\n"}
{"Time":"2026-09-11T18:35:16.387245795-07:00","Action":"output","Package":"github.com/JDinSeattle/forge-runtime/scripts/faults/application","Test":"TestStrictLogsDurableBindingOracle/tenant_id","Output":"--- PASS: TestStrictLogsDurableBindingOracle/tenant_id (0.00s)\n"}
{"Time":"2026-09-11T18:35:16.387254749-07:00","Action":"pass","Package":"github.com/JDinSeattle/forge-runtime/scripts/faults/application","Test":"TestStrictLogsDurableBindingOracle/tenant_id","Elapsed":0}
{"Time":"2026-09-11T18:35:16.387273448-07:00","Action":"run","Package":"github.com/JDinSeattle/forge-runtime/scripts/faults/application","Test":"TestStrictLogsDurableBindingOracle/run_id"}
{"Time":"2026-09-11T18:35:16.387274584-07:00","Action":"output","Package":"github.com/JDinSeattle/forge-runtime/scripts/faults/application","Test":"TestStrictLogsDurableBindingOracle/run_id","Output":"=== RUN   TestStrictLogsDurableBindingOracle/run_id\n"}
{"Time":"2026-09-11T18:35:16.387397322-07:00","Action":"output","Package":"github.com/JDinSeattle/forge-runtime/scripts/faults/application","Test":"TestStrictLogsDurableBindingOracle/run_id","Output":"--- PASS: TestStrictLogsDurableBindingOracle/run_id (0.00s)\n"}
{"Time":"2026-09-11T18:35:16.387404755-07:00","Action":"pass","Package":"github.com/JDinSeattle/forge-runtime/scripts/faults/application","Test":"TestStrictLogsDurableBindingOracle/run_id","Elapsed":0}
{"Time":"2026-09-11T18:35:16.38742308-07:00","Action":"run","Package":"github.com/JDinSeattle/forge-runtime/scripts/faults/application","Test":"TestStrictLogsDurableBindingOracle/status"}
{"Time":"2026-09-11T18:35:16.387424191-07:00","Action":"output","Package":"github.com/JDinSeattle/forge-runtime/scripts/faults/application","Test":"TestStrictLogsDurableBindingOracle/status","Output":"=== RUN   TestStrictLogsDurableBindingOracle/status\n"}
{"Time":"2026-09-11T18:35:16.387535852-07:00","Action":"output","Package":"github.com/JDinSeattle/forge-runtime/scripts/faults/application","Test":"TestStrictLogsDurableBindingOracle/status","Output":"--- PASS: TestStrictLogsDurableBindingOracle/status (0.00s)\n"}
{"Time":"2026-09-11T18:35:16.387542789-07:00","Action":"pass","Package":"github.com/JDinSeattle/forge-runtime/scripts/faults/application","Test":"TestStrictLogsDurableBindingOracle/status","Elapsed":0}
{"Time":"2026-09-11T18:35:16.387552366-07:00","Action":"run","Package":"github.com/JDinSeattle/forge-runtime/scripts/faults/application","Test":"TestStrictLogsDurableBindingOracle/job_id"}
{"Time":"2026-09-11T18:35:16.387553591-07:00","Action":"output","Package":"github.com/JDinSeattle/forge-runtime/scripts/faults/application","Test":"TestStrictLogsDurableBindingOracle/job_id","Output":"=== RUN   TestStrictLogsDurableBindingOracle/job_id\n"}
{"Time":"2026-09-11T18:35:16.387671506-07:00","Action":"output","Package":"github.com/JDinSeattle/forge-runtime/scripts/faults/application","Test":"TestStrictLogsDurableBindingOracle/job_id","Output":"--- PASS: TestStrictLogsDurableBindingOracle/job_id (0.00s)\n"}
{"Time":"2026-09-11T18:35:16.387675065-07:00","Action":"pass","Package":"github.com/JDinSeattle/forge-runtime/scripts/faults/application","Test":"TestStrictLogsDurableBindingOracle/job_id","Elapsed":0}
{"Time":"2026-09-11T18:35:16.387686843-07:00","Action":"run","Package":"github.com/JDinSeattle/forge-runtime/scripts/faults/application","Test":"TestStrictLogsDurableBindingOracle/before_hash"}
{"Time":"2026-09-11T18:35:16.387687997-07:00","Action":"output","Package":"github.com/JDinSeattle/forge-runtime/scripts/faults/application","Test":"TestStrictLogsDurableBindingOracle/before_hash","Output":"=== RUN   TestStrictLogsDurableBindingOracle/before_hash\n"}
{"Time":"2026-09-11T18:35:16.387809297-07:00","Action":"output","Package":"github.com/JDinSeattle/forge-runtime/scripts/faults/application","Test":"TestStrictLogsDurableBindingOracle/before_hash","Output":"--- PASS: TestStrictLogsDurableBindingOracle/before_hash (0.00s)\n"}
{"Time":"2026-09-11T18:35:16.387815032-07:00","Action":"pass","Package":"github.com/JDinSeattle/forge-runtime/scripts/faults/application","Test":"TestStrictLogsDurableBindingOracle/before_hash","Elapsed":0}
{"Time":"2026-09-11T18:35:16.387833066-07:00","Action":"run","Package":"github.com/JDinSeattle/forge-runtime/scripts/faults/application","Test":"TestStrictLogsDurableBindingOracle/after_hash"}
{"Time":"2026-09-11T18:35:16.387834323-07:00","Action":"output","Package":"github.com/JDinSeattle/forge-runtime/scripts/faults/application","Test":"TestStrictLogsDurableBindingOracle/after_hash","Output":"=== RUN   TestStrictLogsDurableBindingOracle/after_hash\n"}
{"Time":"2026-09-11T18:35:16.387948103-07:00","Action":"output","Package":"github.com/JDinSeattle/forge-runtime/scripts/faults/application","Test":"TestStrictLogsDurableBindingOracle/after_hash","Output":"--- PASS: TestStrictLogsDurableBindingOracle/after_hash (0.00s)\n"}
{"Time":"2026-09-11T18:35:16.387951346-07:00","Action":"pass","Package":"github.com/JDinSeattle/forge-runtime/scripts/faults/application","Test":"TestStrictLogsDurableBindingOracle/after_hash","Elapsed":0}
{"Time":"2026-09-11T18:35:16.387962487-07:00","Action":"run","Package":"github.com/JDinSeattle/forge-runtime/scripts/faults/application","Test":"TestStrictLogsDurableBindingOracle/after_revision"}
{"Time":"2026-09-11T18:35:16.387963607-07:00","Action":"output","Package":"github.com/JDinSeattle/forge-runtime/scripts/faults/application","Test":"TestStrictLogsDurableBindingOracle/after_revision","Output":"=== RUN   TestStrictLogsDurableBindingOracle/after_revision\n"}
{"Time":"2026-09-11T18:35:16.388078317-07:00","Action":"output","Package":"github.com/JDinSeattle/forge-runtime/scripts/faults/application","Test":"TestStrictLogsDurableBindingOracle/after_revision","Output":"--- PASS: TestStrictLogsDurableBindingOracle/after_revision (0.00s)\n"}
{"Time":"2026-09-11T18:35:16.388081953-07:00","Action":"pass","Package":"github.com/JDinSeattle/forge-runtime/scripts/faults/application","Test":"TestStrictLogsDurableBindingOracle/after_revision","Elapsed":0}
{"Time":"2026-09-11T18:35:16.388093048-07:00","Action":"run","Package":"github.com/JDinSeattle/forge-runtime/scripts/faults/application","Test":"TestStrictLogsDurableBindingOracle/result_json"}
{"Time":"2026-09-11T18:35:16.388094163-07:00","Action":"output","Package":"github.com/JDinSeattle/forge-runtime/scripts/faults/application","Test":"TestStrictLogsDurableBindingOracle/result_json","Output":"=== RUN   TestStrictLogsDurableBindingOracle/result_json\n"}
{"Time":"2026-09-11T18:35:16.388215124-07:00","Action":"output","Package":"github.com/JDinSeattle/forge-runtime/scripts/faults/application","Test":"TestStrictLogsDurableBindingOracle/result_json","Output":"--- PASS: TestStrictLogsDurableBindingOracle/result_json (0.00s)\n"}
{"Time":"2026-09-11T18:35:16.38822128-07:00","Action":"pass","Package":"github.com/JDinSeattle/forge-runtime/scripts/faults/application","Test":"TestStrictLogsDurableBindingOracle/result_json","Elapsed":0}
{"Time":"2026-09-11T18:35:16.388232242-07:00","Action":"run","Package":"github.com/JDinSeattle/forge-runtime/scripts/faults/application","Test":"TestStrictLogsDurableBindingOracle/request_json"}
{"Time":"2026-09-11T18:35:16.388233369-07:00","Action":"output","Package":"github.com/JDinSeattle/forge-runtime/scripts/faults/application","Test":"TestStrictLogsDurableBindingOracle/request_json","Output":"=== RUN   TestStrictLogsDurableBindingOracle/request_json\n"}
{"Time":"2026-09-11T18:35:16.388271386-07:00","Action":"output","Package":"github.com/JDinSeattle/forge-runtime/scripts/faults/application","Test":"TestStrictLogsDurableBindingOracle/request_json","Output":"--- PASS: TestStrictLogsDurableBindingOracle/request_json (0.00s)\n"}
{"Time":"2026-09-11T18:35:16.388277082-07:00","Action":"pass","Package":"github.com/JDinSeattle/forge-runtime/scripts/faults/application","Test":"TestStrictLogsDurableBindingOracle/request_json","Elapsed":0}
{"Time":"2026-09-11T18:35:16.388287949-07:00","Action":"run","Package":"github.com/JDinSeattle/forge-runtime/scripts/faults/application","Test":"TestStrictLogsDurableBindingOracle/receipt_json"}
{"Time":"2026-09-11T18:35:16.388289168-07:00","Action":"output","Package":"github.com/JDinSeattle/forge-runtime/scripts/faults/application","Test":"TestStrictLogsDurableBindingOracle/receipt_json","Output":"=== RUN   TestStrictLogsDurableBindingOracle/receipt_json\n"}
{"Time":"2026-09-11T18:35:16.388356831-07:00","Action":"output","Package":"github.com/JDinSeattle/forge-runtime/scripts/faults/application","Test":"TestStrictLogsDurableBindingOracle/receipt_json","Output":"--- PASS: TestStrictLogsDurableBindingOracle/receipt_json (0.00s)\n"}
{"Time":"2026-09-11T18:35:16.388362808-07:00","Action":"pass","Package":"github.com/JDinSeattle/forge-runtime/scripts/faults/application","Test":"TestStrictLogsDurableBindingOracle/receipt_json","Elapsed":0}
{"Time":"2026-09-11T18:35:16.388373223-07:00","Action":"output","Package":"github.com/JDinSeattle/forge-runtime/scripts/faults/application","Test":"TestStrictLogsDurableBindingOracle","Output":"--- PASS: TestStrictLogsDurableBindingOracle (0.00s)\n"}
{"Time":"2026-09-11T18:35:16.388378788-07:00","Action":"pass","Package":"github.com/JDinSeattle/forge-runtime/scripts/faults/application","Test":"TestStrictLogsDurableBindingOracle","Elapsed":0}
{"Time":"2026-09-11T18:35:16.388392542-07:00","Action":"run","Package":"github.com/JDinSeattle/forge-runtime/scripts/faults/application","Test":"TestStrictLogsCombinedAcceptance"}
{"Time":"2026-09-11T18:35:16.388394632-07:00","Action":"output","Package":"github.com/JDinSeattle/forge-runtime/scripts/faults/application","Test":"TestStrictLogsCombinedAcceptance","Output":"=== RUN   TestStrictLogsCombinedAcceptance\n"}
{"Time":"2026-09-11T18:35:16.388420745-07:00","Action":"output","Package":"github.com/JDinSeattle/forge-runtime/scripts/faults/application","Test":"TestStrictLogsCombinedAcceptance","Output":"    strict_logs_combined_test.go:1266: operator opt-in: completed E50 dedicated fixed pool; actual runner/worker binaries, private PG, finite physical ENOSPC\n"}
{"Time":"2026-09-11T18:35:16.388431246-07:00","Action":"output","Package":"github.com/JDinSeattle/forge-runtime/scripts/faults/application","Test":"TestStrictLogsCombinedAcceptance","Output":"--- SKIP: TestStrictLogsCombinedAcceptance (0.00s)\n"}
{"Time":"2026-09-11T18:35:16.388437718-07:00","Action":"skip","Package":"github.com/JDinSeattle/forge-runtime/scripts/faults/application","Test":"TestStrictLogsCombinedAcceptance","Elapsed":0}
{"Time":"2026-09-11T18:35:16.388450906-07:00","Action":"run","Package":"github.com/JDinSeattle/forge-runtime/scripts/faults/application","Test":"TestWorkerRunnerSIGTERMPreflight"}
{"Time":"2026-09-11T18:35:16.388452204-07:00","Action":"output","Package":"github.com/JDinSeattle/forge-runtime/scripts/faults/application","Test":"TestWorkerRunnerSIGTERMPreflight","Output":"=== RUN   TestWorkerRunnerSIGTERMPreflight\n"}
{"Time":"2026-09-11T18:35:16.405970586-07:00","Action":"run","Package":"github.com/JDinSeattle/forge-runtime/scripts/faults/application","Test":"TestWorkerRunnerSIGTERMPreflight/literal_parent_escape"}
{"Time":"2026-09-11T18:35:16.405989582-07:00","Action":"output","Package":"github.com/JDinSeattle/forge-runtime/scripts/faults/application","Test":"TestWorkerRunnerSIGTERMPreflight/literal_parent_escape","Output":"=== RUN   TestWorkerRunnerSIGTERMPreflight/literal_parent_escape\n"}
{"Time":"2026-09-11T18:35:16.466094428-07:00","Action":"output","Package":"github.com/JDinSeattle/forge-runtime/scripts/faults/application","Test":"TestWorkerRunnerSIGTERMPreflight/literal_parent_escape","Output":"--- PASS: TestWorkerRunnerSIGTERMPreflight/literal_parent_escape (0.06s)\n"}
{"Time":"2026-09-11T18:35:16.466117572-07:00","Action":"pass","Package":"github.com/JDinSeattle/forge-runtime/scripts/faults/application","Test":"TestWorkerRunnerSIGTERMPreflight/literal_parent_escape","Elapsed":0.06}
{"Time":"2026-09-11T18:35:16.466159537-07:00","Action":"run","Package":"github.com/JDinSeattle/forge-runtime/scripts/faults/application","Test":"TestWorkerRunnerSIGTERMPreflight/literal_child_escape"}
{"Time":"2026-09-11T18:35:16.466175955-07:00","Action":"output","Package":"github.com/JDinSeattle/forge-runtime/scripts/faults/application","Test":"TestWorkerRunnerSIGTERMPreflight/literal_child_escape","Output":"=== RUN   TestWorkerRunnerSIGTERMPreflight/literal_child_escape\n"}
{"Time":"2026-09-11T18:35:16.521102712-07:00","Action":"output","Package":"github.com/JDinSeattle/forge-runtime/scripts/faults/application","Test":"TestWorkerRunnerSIGTERMPreflight/literal_child_escape","Output":"--- PASS: TestWorkerRunnerSIGTERMPreflight/literal_child_escape (0.05s)\n"}
{"Time":"2026-09-11T18:35:16.521127898-07:00","Action":"pass","Package":"github.com/JDinSeattle/forge-runtime/scripts/faults/application","Test":"TestWorkerRunnerSIGTERMPreflight/literal_child_escape","Elapsed":0.05}
{"Time":"2026-09-11T18:35:16.521238298-07:00","Action":"output","Package":"github.com/JDinSeattle/forge-runtime/scripts/faults/application","Test":"TestWorkerRunnerSIGTERMPreflight","Output":"--- PASS: TestWorkerRunnerSIGTERMPreflight (0.13s)\n"}
{"Time":"2026-09-11T18:35:16.521247681-07:00","Action":"pass","Package":"github.com/JDinSeattle/forge-runtime/scripts/faults/application","Test":"TestWorkerRunnerSIGTERMPreflight","Elapsed":0.13}
{"Time":"2026-09-11T18:35:16.5212689-07:00","Action":"run","Package":"github.com/JDinSeattle/forge-runtime/scripts/faults/application","Test":"TestWorkerRunnerSIGTERMRejectsSharedState"}
{"Time":"2026-09-11T18:35:16.521270333-07:00","Action":"output","Package":"github.com/JDinSeattle/forge-runtime/scripts/faults/application","Test":"TestWorkerRunnerSIGTERMRejectsSharedState","Output":"=== RUN   TestWorkerRunnerSIGTERMRejectsSharedState\n"}
{"Time":"2026-09-11T18:35:16.522173139-07:00","Action":"run","Package":"github.com/JDinSeattle/forge-runtime/scripts/faults/application","Test":"TestWorkerRunnerSIGTERMRejectsSharedState/demo_pool"}
{"Time":"2026-09-11T18:35:16.522175902-07:00","Action":"output","Package":"github.com/JDinSeattle/forge-runtime/scripts/faults/application","Test":"TestWorkerRunnerSIGTERMRejectsSharedState/demo_pool","Output":"=== RUN   TestWorkerRunnerSIGTERMRejectsSharedState/demo_pool\n"}
{"Time":"2026-09-11T18:35:16.522766166-07:00","Action":"output","Package":"github.com/JDinSeattle/forge-runtime/scripts/faults/application","Test":"TestWorkerRunnerSIGTERMRejectsSharedState/demo_pool","Output":"--- PASS: TestWorkerRunnerSIGTERMRejectsSharedState/demo_pool (0.00s)\n"}
{"Time":"2026-09-11T18:35:16.522774442-07:00","Action":"pass","Package":"github.com/JDinSeattle/forge-runtime/scripts/faults/application","Test":"TestWorkerRunnerSIGTERMRejectsSharedState/demo_pool","Elapsed":0}
{"Time":"2026-09-11T18:35:16.522792825-07:00","Action":"run","Package":"github.com/JDinSeattle/forge-runtime/scripts/faults/application","Test":"TestWorkerRunnerSIGTERMRejectsSharedState/recovery_pool"}
{"Time":"2026-09-11T18:35:16.522793967-07:00","Action":"output","Package":"github.com/JDinSeattle/forge-runtime/scripts/faults/application","Test":"TestWorkerRunnerSIGTERMRejectsSharedState/recovery_pool","Output":"=== RUN   TestWorkerRunnerSIGTERMRejectsSharedState/recovery_pool\n"}
{"Time":"2026-09-11T18:35:16.523049222-07:00","Action":"output","Package":"github.com/JDinSeattle/forge-runtime/scripts/faults/application","Test":"TestWorkerRunnerSIGTERMRejectsSharedState/recovery_pool","Output":"--- PASS: TestWorkerRunnerSIGTERMRejectsSharedState/recovery_pool (0.00s)\n"}
{"Time":"2026-09-11T18:35:16.523055898-07:00","Action":"pass","Package":"github.com/JDinSeattle/forge-runtime/scripts/faults/application","Test":"TestWorkerRunnerSIGTERMRejectsSharedState/recovery_pool","Elapsed":0}
{"Time":"2026-09-11T18:35:16.523076691-07:00","Action":"run","Package":"github.com/JDinSeattle/forge-runtime/scripts/faults/application","Test":"TestWorkerRunnerSIGTERMRejectsSharedState/foreign_journal"}
{"Time":"2026-09-11T18:35:16.523077848-07:00","Action":"output","Package":"github.com/JDinSeattle/forge-runtime/scripts/faults/application","Test":"TestWorkerRunnerSIGTERMRejectsSharedState/foreign_journal","Output":"=== RUN   TestWorkerRunnerSIGTERMRejectsSharedState/foreign_journal\n"}
{"Time":"2026-09-11T18:35:16.523362392-07:00","Action":"output","Package":"github.com/JDinSeattle/forge-runtime/scripts/faults/application","Test":"TestWorkerRunnerSIGTERMRejectsSharedState/foreign_journal","Output":"--- PASS: TestWorkerRunnerSIGTERMRejectsSharedState/foreign_journal (0.00s)\n"}
{"Time":"2026-09-11T18:35:16.523368079-07:00","Action":"pass","Package":"github.com/JDinSeattle/forge-runtime/scripts/faults/application","Test":"TestWorkerRunnerSIGTERMRejectsSharedState/foreign_journal","Elapsed":0}
{"Time":"2026-09-11T18:35:16.523381843-07:00","Action":"run","Package":"github.com/JDinSeattle/forge-runtime/scripts/faults/application","Test":"TestWorkerRunnerSIGTERMRejectsSharedState/fake_backend"}
{"Time":"2026-09-11T18:35:16.523382956-07:00","Action":"output","Package":"github.com/JDinSeattle/forge-runtime/scripts/faults/application","Test":"TestWorkerRunnerSIGTERMRejectsSharedState/fake_backend","Output":"=== RUN   TestWorkerRunnerSIGTERMRejectsSharedState/fake_backend\n"}
{"Time":"2026-09-11T18:35:16.523661879-07:00","Action":"output","Package":"github.com/JDinSeattle/forge-runtime/scripts/faults/application","Test":"TestWorkerRunnerSIGTERMRejectsSharedState/fake_backend","Output":"--- PASS: TestWorkerRunnerSIGTERMRejectsSharedState/fake_backend (0.00s)\n"}
{"Time":"2026-09-11T18:35:16.523667762-07:00","Action":"pass","Package":"github.com/JDinSeattle/forge-runtime/scripts/faults/application","Test":"TestWorkerRunnerSIGTERMRejectsSharedState/fake_backend","Elapsed":0}
{"Time":"2026-09-11T18:35:16.523678364-07:00","Action":"run","Package":"github.com/JDinSeattle/forge-runtime/scripts/faults/application","Test":"TestWorkerRunnerSIGTERMRejectsSharedState/zero_log_cap"}
{"Time":"2026-09-11T18:35:16.523679419-07:00","Action":"output","Package":"github.com/JDinSeattle/forge-runtime/scripts/faults/application","Test":"TestWorkerRunnerSIGTERMRejectsSharedState/zero_log_cap","Output":"=== RUN   TestWorkerRunnerSIGTERMRejectsSharedState/zero_log_cap\n"}
{"Time":"2026-09-11T18:35:16.523979197-07:00","Action":"output","Package":"github.com/JDinSeattle/forge-runtime/scripts/faults/application","Test":"TestWorkerRunnerSIGTERMRejectsSharedState/zero_log_cap","Output":"--- PASS: TestWorkerRunnerSIGTERMRejectsSharedState/zero_log_cap (0.00s)\n"}
{"Time":"2026-09-11T18:35:16.523985588-07:00","Action":"pass","Package":"github.com/JDinSeattle/forge-runtime/scripts/faults/application","Test":"TestWorkerRunnerSIGTERMRejectsSharedState/zero_log_cap","Elapsed":0}
{"Time":"2026-09-11T18:35:16.523996508-07:00","Action":"run","Package":"github.com/JDinSeattle/forge-runtime/scripts/faults/application","Test":"TestWorkerRunnerSIGTERMRejectsSharedState/unbounded_profile"}
{"Time":"2026-09-11T18:35:16.523997587-07:00","Action":"output","Package":"github.com/JDinSeattle/forge-runtime/scripts/faults/application","Test":"TestWorkerRunnerSIGTERMRejectsSharedState/unbounded_profile","Output":"=== RUN   TestWorkerRunnerSIGTERMRejectsSharedState/unbounded_profile\n"}
{"Time":"2026-09-11T18:35:16.524303475-07:00","Action":"output","Package":"github.com/JDinSeattle/forge-runtime/scripts/faults/application","Test":"TestWorkerRunnerSIGTERMRejectsSharedState/unbounded_profile","Output":"--- PASS: TestWorkerRunnerSIGTERMRejectsSharedState/unbounded_profile (0.00s)\n"}
{"Time":"2026-09-11T18:35:16.524309508-07:00","Action":"pass","Package":"github.com/JDinSeattle/forge-runtime/scripts/faults/application","Test":"TestWorkerRunnerSIGTERMRejectsSharedState/unbounded_profile","Elapsed":0}
{"Time":"2026-09-11T18:35:16.524323117-07:00","Action":"run","Package":"github.com/JDinSeattle/forge-runtime/scripts/faults/application","Test":"TestWorkerRunnerSIGTERMRejectsSharedState/wrong_grader"}
{"Time":"2026-09-11T18:35:16.52432429-07:00","Action":"output","Package":"github.com/JDinSeattle/forge-runtime/scripts/faults/application","Test":"TestWorkerRunnerSIGTERMRejectsSharedState/wrong_grader","Output":"=== RUN   TestWorkerRunnerSIGTERMRejectsSharedState/wrong_grader\n"}
{"Time":"2026-09-11T18:35:16.524628719-07:00","Action":"output","Package":"github.com/JDinSeattle/forge-runtime/scripts/faults/application","Test":"TestWorkerRunnerSIGTERMRejectsSharedState/wrong_grader","Output":"--- PASS: TestWorkerRunnerSIGTERMRejectsSharedState/wrong_grader (0.00s)\n"}
{"Time":"2026-09-11T18:35:16.524635254-07:00","Action":"pass","Package":"github.com/JDinSeattle/forge-runtime/scripts/faults/application","Test":"TestWorkerRunnerSIGTERMRejectsSharedState/wrong_grader","Elapsed":0}
{"Time":"2026-09-11T18:35:16.524645248-07:00","Action":"run","Package":"github.com/JDinSeattle/forge-runtime/scripts/faults/application","Test":"TestWorkerRunnerSIGTERMRejectsSharedState/tcp_runner"}
{"Time":"2026-09-11T18:35:16.524646327-07:00","Action":"output","Package":"github.com/JDinSeattle/forge-runtime/scripts/faults/application","Test":"TestWorkerRunnerSIGTERMRejectsSharedState/tcp_runner","Output":"=== RUN   TestWorkerRunnerSIGTERMRejectsSharedState/tcp_runner\n"}
{"Time":"2026-09-11T18:35:16.524945179-07:00","Action":"output","Package":"github.com/JDinSeattle/forge-runtime/scripts/faults/application","Test":"TestWorkerRunnerSIGTERMRejectsSharedState/tcp_runner","Output":"--- PASS: TestWorkerRunnerSIGTERMRejectsSharedState/tcp_runner (0.00s)\n"}
{"Time":"2026-09-11T18:35:16.524951235-07:00","Action":"pass","Package":"github.com/JDinSeattle/forge-runtime/scripts/faults/application","Test":"TestWorkerRunnerSIGTERMRejectsSharedState/tcp_runner","Elapsed":0}
{"Time":"2026-09-11T18:35:16.524963538-07:00","Action":"run","Package":"github.com/JDinSeattle/forge-runtime/scripts/faults/application","Test":"TestWorkerRunnerSIGTERMRejectsSharedState/wrong_binary_digest"}
{"Time":"2026-09-11T18:35:16.524965884-07:00","Action":"output","Package":"github.com/JDinSeattle/forge-runtime/scripts/faults/application","Test":"TestWorkerRunnerSIGTERMRejectsSharedState/wrong_binary_digest","Output":"=== RUN   TestWorkerRunnerSIGTERMRejectsSharedState/wrong_binary_digest\n"}
{"Time":"2026-09-11T18:35:16.525321465-07:00","Action":"output","Package":"github.com/JDinSeattle/forge-runtime/scripts/faults/application","Test":"TestWorkerRunnerSIGTERMRejectsSharedState/wrong_binary_digest","Output":"--- PASS: TestWorkerRunnerSIGTERMRejectsSharedState/wrong_binary_digest (0.00s)\n"}
{"Time":"2026-09-11T18:35:16.525325364-07:00","Action":"pass","Package":"github.com/JDinSeattle/forge-runtime/scripts/faults/application","Test":"TestWorkerRunnerSIGTERMRejectsSharedState/wrong_binary_digest","Elapsed":0}
{"Time":"2026-09-11T18:35:16.525335631-07:00","Action":"output","Package":"github.com/JDinSeattle/forge-runtime/scripts/faults/application","Test":"TestWorkerRunnerSIGTERMRejectsSharedState","Output":"--- PASS: TestWorkerRunnerSIGTERMRejectsSharedState (0.00s)\n"}
{"Time":"2026-09-11T18:35:16.525341035-07:00","Action":"pass","Package":"github.com/JDinSeattle/forge-runtime/scripts/faults/application","Test":"TestWorkerRunnerSIGTERMRejectsSharedState","Elapsed":0}
{"Time":"2026-09-11T18:35:16.525355199-07:00","Action":"run","Package":"github.com/JDinSeattle/forge-runtime/scripts/faults/application","Test":"TestRealWorkerRunnerSIGTERM"}
{"Time":"2026-09-11T18:35:16.525356444-07:00","Action":"output","Package":"github.com/JDinSeattle/forge-runtime/scripts/faults/application","Test":"TestRealWorkerRunnerSIGTERM","Output":"=== RUN   TestRealWorkerRunnerSIGTERM\n"}
{"Time":"2026-09-11T18:35:16.525406357-07:00","Action":"output","Package":"github.com/JDinSeattle/forge-runtime/scripts/faults/application","Test":"TestRealWorkerRunnerSIGTERM","Output":"    worker_runner_sigterm_test.go:37: operator opt-in: dedicated new lifecycle pool, actual runner/worker executables and private PostgreSQL\n"}
{"Time":"2026-09-11T18:35:16.525415318-07:00","Action":"output","Package":"github.com/JDinSeattle/forge-runtime/scripts/faults/application","Test":"TestRealWorkerRunnerSIGTERM","Output":"--- SKIP: TestRealWorkerRunnerSIGTERM (0.00s)\n"}
{"Time":"2026-09-11T18:35:16.525421381-07:00","Action":"skip","Package":"github.com/JDinSeattle/forge-runtime/scripts/faults/application","Test":"TestRealWorkerRunnerSIGTERM","Elapsed":0}
{"Time":"2026-09-11T18:35:16.525433125-07:00","Action":"run","Package":"github.com/JDinSeattle/forge-runtime/scripts/faults/application","Test":"TestRecoverWorkerRunnerSIGTERM"}
{"Time":"2026-09-11T18:35:16.525434178-07:00","Action":"output","Package":"github.com/JDinSeattle/forge-runtime/scripts/faults/application","Test":"TestRecoverWorkerRunnerSIGTERM","Output":"=== RUN   TestRecoverWorkerRunnerSIGTERM\n"}
{"Time":"2026-09-11T18:35:16.525456373-07:00","Action":"output","Package":"github.com/JDinSeattle/forge-runtime/scripts/faults/application","Test":"TestRecoverWorkerRunnerSIGTERM","Output":"    worker_runner_sigterm_test.go:483: operator-only recovery of retained lifecycle fixture\n"}
{"Time":"2026-09-11T18:35:16.52546378-07:00","Action":"output","Package":"github.com/JDinSeattle/forge-runtime/scripts/faults/application","Test":"TestRecoverWorkerRunnerSIGTERM","Output":"--- SKIP: TestRecoverWorkerRunnerSIGTERM (0.00s)\n"}
{"Time":"2026-09-11T18:35:16.52546869-07:00","Action":"skip","Package":"github.com/JDinSeattle/forge-runtime/scripts/faults/application","Test":"TestRecoverWorkerRunnerSIGTERM","Elapsed":0}
{"Time":"2026-09-11T18:35:16.52549247-07:00","Action":"output","Package":"github.com/JDinSeattle/forge-runtime/scripts/faults/application","Output":"PASS\n"}
{"Time":"2026-09-11T18:35:17.533386053-07:00","Action":"output","Package":"github.com/JDinSeattle/forge-runtime/scripts/faults/application","Output":"ok  \tgithub.com/JDinSeattle/forge-runtime/scripts/faults/application\t1.174s\n"}
{"Time":"2026-09-11T18:35:17.533431863-07:00","Action":"pass","Package":"github.com/JDinSeattle/forge-runtime/scripts/faults/application","Elapsed":1.174}
