=== RUN   TestStrictLogsOfflineOracle
=== RUN   TestStrictLogsOfflineOracle/wrong_artifact_tenant
=== RUN   TestStrictLogsOfflineOracle/wrong_hash
=== RUN   TestStrictLogsOfflineOracle/gap_with_exact_count
=== RUN   TestStrictLogsOfflineOracle/forged_success
=== RUN   TestStrictLogsOfflineOracle/seen_mismatch
=== RUN   TestStrictLogsOfflineOracle/missing_stop
=== RUN   TestStrictLogsOfflineOracle/wrong_receipt_run
--- PASS: TestStrictLogsOfflineOracle (0.00s)
    --- PASS: TestStrictLogsOfflineOracle/wrong_artifact_tenant (0.00s)
    --- PASS: TestStrictLogsOfflineOracle/wrong_hash (0.00s)
    --- PASS: TestStrictLogsOfflineOracle/gap_with_exact_count (0.00s)
    --- PASS: TestStrictLogsOfflineOracle/forged_success (0.00s)
    --- PASS: TestStrictLogsOfflineOracle/seen_mismatch (0.00s)
    --- PASS: TestStrictLogsOfflineOracle/missing_stop (0.00s)
    --- PASS: TestStrictLogsOfflineOracle/wrong_receipt_run (0.00s)
=== RUN   TestStrictLogsOfflinePreflight
=== RUN   TestStrictLogsOfflinePreflight/shared_pool
=== RUN   TestStrictLogsOfflinePreflight/fake_backend
=== RUN   TestStrictLogsOfflinePreflight/unbounded_profile
=== RUN   TestStrictLogsOfflinePreflight/wrong_oracle
=== RUN   TestStrictLogsOfflinePreflight/wrong_daemon
=== RUN   TestStrictLogsOfflinePreflight/weaker_default_quota
=== RUN   TestStrictLogsOfflinePreflight/foreign_binary
=== RUN   TestStrictLogsOfflinePreflight/shared_journal
=== RUN   TestStrictLogsOfflinePreflight/three_slots
=== RUN   TestStrictLogsOfflinePreflight/rebound_source
--- PASS: TestStrictLogsOfflinePreflight (0.00s)
    --- PASS: TestStrictLogsOfflinePreflight/shared_pool (0.00s)
    --- PASS: TestStrictLogsOfflinePreflight/fake_backend (0.00s)
    --- PASS: TestStrictLogsOfflinePreflight/unbounded_profile (0.00s)
    --- PASS: TestStrictLogsOfflinePreflight/wrong_oracle (0.00s)
    --- PASS: TestStrictLogsOfflinePreflight/wrong_daemon (0.00s)
    --- PASS: TestStrictLogsOfflinePreflight/weaker_default_quota (0.00s)
    --- PASS: TestStrictLogsOfflinePreflight/foreign_binary (0.00s)
    --- PASS: TestStrictLogsOfflinePreflight/shared_journal (0.00s)
    --- PASS: TestStrictLogsOfflinePreflight/three_slots (0.00s)
    --- PASS: TestStrictLogsOfflinePreflight/rebound_source (0.00s)
=== RUN   TestStrictLogsDurableBindingOracle
=== RUN   TestStrictLogsDurableBindingOracle/tenant_id
=== RUN   TestStrictLogsDurableBindingOracle/run_id
=== RUN   TestStrictLogsDurableBindingOracle/status
=== RUN   TestStrictLogsDurableBindingOracle/job_id
=== RUN   TestStrictLogsDurableBindingOracle/before_hash
=== RUN   TestStrictLogsDurableBindingOracle/after_hash
=== RUN   TestStrictLogsDurableBindingOracle/after_revision
=== RUN   TestStrictLogsDurableBindingOracle/result_json
=== RUN   TestStrictLogsDurableBindingOracle/request_json
=== RUN   TestStrictLogsDurableBindingOracle/receipt_json
--- PASS: TestStrictLogsDurableBindingOracle (0.00s)
    --- PASS: TestStrictLogsDurableBindingOracle/tenant_id (0.00s)
    --- PASS: TestStrictLogsDurableBindingOracle/run_id (0.00s)
    --- PASS: TestStrictLogsDurableBindingOracle/status (0.00s)
    --- PASS: TestStrictLogsDurableBindingOracle/job_id (0.00s)
    --- PASS: TestStrictLogsDurableBindingOracle/before_hash (0.00s)
    --- PASS: TestStrictLogsDurableBindingOracle/after_hash (0.00s)
    --- PASS: TestStrictLogsDurableBindingOracle/after_revision (0.00s)
    --- PASS: TestStrictLogsDurableBindingOracle/result_json (0.00s)
    --- PASS: TestStrictLogsDurableBindingOracle/request_json (0.00s)
    --- PASS: TestStrictLogsDurableBindingOracle/receipt_json (0.00s)
=== RUN   TestStrictLogsCombinedAcceptance
    strict_logs_combined_test.go:1266: operator opt-in: completed E50 dedicated fixed pool; actual runner/worker binaries, private PG, finite physical ENOSPC
--- SKIP: TestStrictLogsCombinedAcceptance (0.00s)
PASS
ok  	github.com/JDinSeattle/forge-runtime/scripts/faults/application	0.009s
