=== RUN   TestCapacityRejectionRequeuesOnlyUninitializedWork
--- PASS: TestCapacityRejectionRequeuesOnlyUninitializedWork (0.00s)
PASS
ok  	github.com/JDinSeattle/forge-runtime/internal/runtime	1.013s
=== RUN   TestPrepareCapacityRequeuesAtomically
    capacity_integration_test.go:110: requires FORGE_TEST_DATABASE_URL pointing to isolated loopback /forge
--- SKIP: TestPrepareCapacityRequeuesAtomically (0.00s)
=== RUN   TestPrepareCapacityDoesNotDiscardDurableIntent
    capacity_integration_test.go:217: requires FORGE_TEST_DATABASE_URL pointing to isolated loopback /forge
--- SKIP: TestPrepareCapacityDoesNotDiscardDurableIntent (0.00s)
=== RUN   TestPrepareNonCapacityErrorsPreserveHandling
=== RUN   TestPrepareNonCapacityErrorsPreserveHandling/invalid_argument
    capacity_integration_test.go:252: requires FORGE_TEST_DATABASE_URL pointing to isolated loopback /forge
=== RUN   TestPrepareNonCapacityErrorsPreserveHandling/reconciliation_required
    capacity_integration_test.go:252: requires FORGE_TEST_DATABASE_URL pointing to isolated loopback /forge
--- PASS: TestPrepareNonCapacityErrorsPreserveHandling (0.00s)
    --- SKIP: TestPrepareNonCapacityErrorsPreserveHandling/invalid_argument (0.00s)
    --- SKIP: TestPrepareNonCapacityErrorsPreserveHandling/reconciliation_required (0.00s)
=== RUN   TestPrepareCapacityAfterAdoptionCannotRequeue
    capacity_integration_test.go:284: requires FORGE_TEST_DATABASE_URL pointing to isolated loopback /forge
--- SKIP: TestPrepareCapacityAfterAdoptionCannotRequeue (0.00s)
PASS
ok  	github.com/JDinSeattle/forge-runtime/internal/application	1.040s
