

  █ THRESHOLDS 

    checks
    ✓ 'rate==1' rate=100.00%

    dropped_iterations
    ✓ 'count==0' count=0

    http_req_duration
    ✓ 'p(95)<200' p(95)=6.65ms
    ✓ 'p(99)<1000' p(99)=13.22ms

    http_req_failed
    ✓ 'rate==0' rate=0.00%

    metadata_admissions
    ✗ 'count==100' count=101

    metadata_reads
    ✓ 'count==900' count=900


  █ TOTAL RESULTS 

    checks_total.......: 1001    50.022365/s
    checks_succeeded...: 100.00% 1001 out of 1001
    checks_failed......: 0.00%   0 out of 1001


    CUSTOM
    metadata_admissions............: 101    5.047212/s
    metadata_reads.................: 900    44.975153/s

    HTTP
    http_req_duration..............: min=557.62µs med=1.56ms max=19.29ms p(95)=6.65ms p(99)=13.22ms
      { expected_response:true }...: min=557.62µs med=1.56ms max=19.29ms p(95)=6.65ms p(99)=13.22ms
    http_req_failed................: 0.00%  0 out of 1001
    http_reqs......................: 1001   50.022365/s

    EXECUTION
    dropped_iterations.............: 0      0/s
    iteration_duration.............: min=653.93µs med=1.8ms  max=19.77ms p(95)=6.97ms p(99)=13.37ms
    iterations.....................: 1001   50.022365/s
    vus............................: 0      min=0         max=0 
    vus_max........................: 16     min=16        max=16

    NETWORK
    data_received..................: 1.0 MB 52 kB/s
    data_sent......................: 244 kB 12 kB/s



time="2026-09-11T21:12:52Z" level=error msg="thresholds on metrics 'metadata_admissions' have been crossed"
