test_binary_symlink_is_rejected_before_runtime_creation (test_configure.ConfigurationBoundaryTests.test_binary_symlink_is_rejected_before_runtime_creation) ... ok
test_missing_mount_cannot_create_runtime_key_or_acceptance (test_configure.ConfigurationBoundaryTests.test_missing_mount_cannot_create_runtime_key_or_acceptance) ... ok
test_partial_runtime_is_never_reinitialized (test_configure.ConfigurationBoundaryTests.test_partial_runtime_is_never_reinitialized) ... ok
test_rendering_keeps_strict_backend_and_private_scoped_material (test_configure.ConfigurationBoundaryTests.test_rendering_keeps_strict_backend_and_private_scoped_material) ... ok
test_bad_ids_and_socket_rejected_before_writes (test_prepare.PreparationScopeTests.test_bad_ids_and_socket_rejected_before_writes) ... ok
test_conflicting_file_is_retained (test_prepare.PreparationScopeTests.test_conflicting_file_is_retained) ... ok
test_descriptor_cannot_substitute_original_pool (test_prepare.PreparationScopeTests.test_descriptor_cannot_substitute_original_pool) ... ok
test_exact_private_copy_and_fixed_capacity (test_prepare.PreparationScopeTests.test_exact_private_copy_and_fixed_capacity) ... ok
test_helper_mutation_or_symlink_is_not_a_valid_preparation (test_prepare.PreparationScopeTests.test_helper_mutation_or_symlink_is_not_a_valid_preparation) ... ok
test_insufficient_capacity_does_not_create_scope (test_prepare.PreparationScopeTests.test_insufficient_capacity_does_not_create_scope) ... ok
test_reuse_never_overwrites_prior_descriptor (test_prepare.PreparationScopeTests.test_reuse_never_overwrites_prior_descriptor) ... ok
test_symlink_scope_cannot_reach_other_tree (test_prepare.PreparationScopeTests.test_symlink_scope_cannot_reach_other_tree) ... ok
test_credentials_only_enter_child_environment (test_run.LaunchBoundaryTests.test_credentials_only_enter_child_environment) ... ok
test_launch_uses_only_new_unit_and_retains_prior_attempt (test_run.LaunchBoundaryTests.test_launch_uses_only_new_unit_and_retains_prior_attempt) ... ok
test_shared_or_symlinked_credential_refused (test_run.LaunchBoundaryTests.test_shared_or_symlinked_credential_refused) ... ok
test_unmapped_child_refuses_before_reading_inputs_or_credentials (test_run.LaunchBoundaryTests.test_unmapped_child_refuses_before_reading_inputs_or_credentials) ... ok
test_wrong_database_and_duplicates_refused_without_disclosing_secret (test_run.LaunchBoundaryTests.test_wrong_database_and_duplicates_refused_without_disclosing_secret) ... ok

----------------------------------------------------------------------
Ran 17 tests in 0.014s

OK
