{"Time":"2026-09-11T18:43:53.462611265-07:00","Action":"start","Package":"github.com/JDinSeattle/forge-runtime/scripts/faults/application"}
{"Time":"2026-09-11T18:43:53.485362696-07:00","Action":"run","Package":"github.com/JDinSeattle/forge-runtime/scripts/faults/application","Test":"TestStrictLogsOfflineOracle"}
{"Time":"2026-09-11T18:43:53.485376047-07:00","Action":"output","Package":"github.com/JDinSeattle/forge-runtime/scripts/faults/application","Test":"TestStrictLogsOfflineOracle","Output":"=== RUN   TestStrictLogsOfflineOracle\n"}
{"Time":"2026-09-11T18:43:53.485819108-07:00","Action":"run","Package":"github.com/JDinSeattle/forge-runtime/scripts/faults/application","Test":"TestStrictLogsOfflineOracle/wrong_receipt_run"}
{"Time":"2026-09-11T18:43:53.485821547-07:00","Action":"output","Package":"github.com/JDinSeattle/forge-runtime/scripts/faults/application","Test":"TestStrictLogsOfflineOracle/wrong_receipt_run","Output":"=== RUN   TestStrictLogsOfflineOracle/wrong_receipt_run\n"}
{"Time":"2026-09-11T18:43:53.485914796-07:00","Action":"output","Package":"github.com/JDinSeattle/forge-runtime/scripts/faults/application","Test":"TestStrictLogsOfflineOracle/wrong_receipt_run","Output":"--- PASS: TestStrictLogsOfflineOracle/wrong_receipt_run (0.00s)\n"}
{"Time":"2026-09-11T18:43:53.485921717-07:00","Action":"pass","Package":"github.com/JDinSeattle/forge-runtime/scripts/faults/application","Test":"TestStrictLogsOfflineOracle/wrong_receipt_run","Elapsed":0}
{"Time":"2026-09-11T18:43:53.485932809-07:00","Action":"run","Package":"github.com/JDinSeattle/forge-runtime/scripts/faults/application","Test":"TestStrictLogsOfflineOracle/wrong_artifact_tenant"}
{"Time":"2026-09-11T18:43:53.485933908-07:00","Action":"output","Package":"github.com/JDinSeattle/forge-runtime/scripts/faults/application","Test":"TestStrictLogsOfflineOracle/wrong_artifact_tenant","Output":"=== RUN   TestStrictLogsOfflineOracle/wrong_artifact_tenant\n"}
{"Time":"2026-09-11T18:43:53.486111795-07:00","Action":"output","Package":"github.com/JDinSeattle/forge-runtime/scripts/faults/application","Test":"TestStrictLogsOfflineOracle/wrong_artifact_tenant","Output":"--- PASS: TestStrictLogsOfflineOracle/wrong_artifact_tenant (0.00s)\n"}
{"Time":"2026-09-11T18:43:53.486117597-07:00","Action":"pass","Package":"github.com/JDinSeattle/forge-runtime/scripts/faults/application","Test":"TestStrictLogsOfflineOracle/wrong_artifact_tenant","Elapsed":0}
{"Time":"2026-09-11T18:43:53.486126492-07:00","Action":"run","Package":"github.com/JDinSeattle/forge-runtime/scripts/faults/application","Test":"TestStrictLogsOfflineOracle/wrong_hash"}
{"Time":"2026-09-11T18:43:53.486127547-07:00","Action":"output","Package":"github.com/JDinSeattle/forge-runtime/scripts/faults/application","Test":"TestStrictLogsOfflineOracle/wrong_hash","Output":"=== RUN   TestStrictLogsOfflineOracle/wrong_hash\n"}
{"Time":"2026-09-11T18:43:53.486301825-07:00","Action":"output","Package":"github.com/JDinSeattle/forge-runtime/scripts/faults/application","Test":"TestStrictLogsOfflineOracle/wrong_hash","Output":"--- PASS: TestStrictLogsOfflineOracle/wrong_hash (0.00s)\n"}
{"Time":"2026-09-11T18:43:53.486307964-07:00","Action":"pass","Package":"github.com/JDinSeattle/forge-runtime/scripts/faults/application","Test":"TestStrictLogsOfflineOracle/wrong_hash","Elapsed":0}
{"Time":"2026-09-11T18:43:53.486322926-07:00","Action":"run","Package":"github.com/JDinSeattle/forge-runtime/scripts/faults/application","Test":"TestStrictLogsOfflineOracle/gap_with_exact_count"}
{"Time":"2026-09-11T18:43:53.486323998-07:00","Action":"output","Package":"github.com/JDinSeattle/forge-runtime/scripts/faults/application","Test":"TestStrictLogsOfflineOracle/gap_with_exact_count","Output":"=== RUN   TestStrictLogsOfflineOracle/gap_with_exact_count\n"}
{"Time":"2026-09-11T18:43:53.486502281-07:00","Action":"output","Package":"github.com/JDinSeattle/forge-runtime/scripts/faults/application","Test":"TestStrictLogsOfflineOracle/gap_with_exact_count","Output":"--- PASS: TestStrictLogsOfflineOracle/gap_with_exact_count (0.00s)\n"}
{"Time":"2026-09-11T18:43:53.486508745-07:00","Action":"pass","Package":"github.com/JDinSeattle/forge-runtime/scripts/faults/application","Test":"TestStrictLogsOfflineOracle/gap_with_exact_count","Elapsed":0}
{"Time":"2026-09-11T18:43:53.486516528-07:00","Action":"run","Package":"github.com/JDinSeattle/forge-runtime/scripts/faults/application","Test":"TestStrictLogsOfflineOracle/forged_success"}
{"Time":"2026-09-11T18:43:53.486517585-07:00","Action":"output","Package":"github.com/JDinSeattle/forge-runtime/scripts/faults/application","Test":"TestStrictLogsOfflineOracle/forged_success","Output":"=== RUN   TestStrictLogsOfflineOracle/forged_success\n"}
{"Time":"2026-09-11T18:43:53.486686769-07:00","Action":"output","Package":"github.com/JDinSeattle/forge-runtime/scripts/faults/application","Test":"TestStrictLogsOfflineOracle/forged_success","Output":"--- PASS: TestStrictLogsOfflineOracle/forged_success (0.00s)\n"}
{"Time":"2026-09-11T18:43:53.486692923-07:00","Action":"pass","Package":"github.com/JDinSeattle/forge-runtime/scripts/faults/application","Test":"TestStrictLogsOfflineOracle/forged_success","Elapsed":0}
{"Time":"2026-09-11T18:43:53.486702087-07:00","Action":"run","Package":"github.com/JDinSeattle/forge-runtime/scripts/faults/application","Test":"TestStrictLogsOfflineOracle/seen_mismatch"}
{"Time":"2026-09-11T18:43:53.486703143-07:00","Action":"output","Package":"github.com/JDinSeattle/forge-runtime/scripts/faults/application","Test":"TestStrictLogsOfflineOracle/seen_mismatch","Output":"=== RUN   TestStrictLogsOfflineOracle/seen_mismatch\n"}
{"Time":"2026-09-11T18:43:53.486874618-07:00","Action":"output","Package":"github.com/JDinSeattle/forge-runtime/scripts/faults/application","Test":"TestStrictLogsOfflineOracle/seen_mismatch","Output":"--- PASS: TestStrictLogsOfflineOracle/seen_mismatch (0.00s)\n"}
{"Time":"2026-09-11T18:43:53.486880387-07:00","Action":"pass","Package":"github.com/JDinSeattle/forge-runtime/scripts/faults/application","Test":"TestStrictLogsOfflineOracle/seen_mismatch","Elapsed":0}
{"Time":"2026-09-11T18:43:53.486892568-07:00","Action":"run","Package":"github.com/JDinSeattle/forge-runtime/scripts/faults/application","Test":"TestStrictLogsOfflineOracle/missing_stop"}
{"Time":"2026-09-11T18:43:53.486893645-07:00","Action":"output","Package":"github.com/JDinSeattle/forge-runtime/scripts/faults/application","Test":"TestStrictLogsOfflineOracle/missing_stop","Output":"=== RUN   TestStrictLogsOfflineOracle/missing_stop\n"}
{"Time":"2026-09-11T18:43:53.487067804-07:00","Action":"output","Package":"github.com/JDinSeattle/forge-runtime/scripts/faults/application","Test":"TestStrictLogsOfflineOracle/missing_stop","Output":"--- PASS: TestStrictLogsOfflineOracle/missing_stop (0.00s)\n"}
{"Time":"2026-09-11T18:43:53.487072908-07:00","Action":"pass","Package":"github.com/JDinSeattle/forge-runtime/scripts/faults/application","Test":"TestStrictLogsOfflineOracle/missing_stop","Elapsed":0}
{"Time":"2026-09-11T18:43:53.487150045-07:00","Action":"output","Package":"github.com/JDinSeattle/forge-runtime/scripts/faults/application","Test":"TestStrictLogsOfflineOracle","Output":"--- PASS: TestStrictLogsOfflineOracle (0.00s)\n"}
{"Time":"2026-09-11T18:43:53.487155749-07:00","Action":"pass","Package":"github.com/JDinSeattle/forge-runtime/scripts/faults/application","Test":"TestStrictLogsOfflineOracle","Elapsed":0}
{"Time":"2026-09-11T18:43:53.487163688-07:00","Action":"run","Package":"github.com/JDinSeattle/forge-runtime/scripts/faults/application","Test":"TestStrictLogsOfflinePreflight"}
{"Time":"2026-09-11T18:43:53.487164766-07:00","Action":"output","Package":"github.com/JDinSeattle/forge-runtime/scripts/faults/application","Test":"TestStrictLogsOfflinePreflight","Output":"=== RUN   TestStrictLogsOfflinePreflight\n"}
{"Time":"2026-09-11T18:43:53.487332792-07:00","Action":"run","Package":"github.com/JDinSeattle/forge-runtime/scripts/faults/application","Test":"TestStrictLogsOfflinePreflight/shared_journal"}
{"Time":"2026-09-11T18:43:53.487333954-07:00","Action":"output","Package":"github.com/JDinSeattle/forge-runtime/scripts/faults/application","Test":"TestStrictLogsOfflinePreflight/shared_journal","Output":"=== RUN   TestStrictLogsOfflinePreflight/shared_journal\n"}
{"Time":"2026-09-11T18:43:53.487441392-07:00","Action":"output","Package":"github.com/JDinSeattle/forge-runtime/scripts/faults/application","Test":"TestStrictLogsOfflinePreflight/shared_journal","Output":"--- PASS: TestStrictLogsOfflinePreflight/shared_journal (0.00s)\n"}
{"Time":"2026-09-11T18:43:53.487447232-07:00","Action":"pass","Package":"github.com/JDinSeattle/forge-runtime/scripts/faults/application","Test":"TestStrictLogsOfflinePreflight/shared_journal","Elapsed":0}
{"Time":"2026-09-11T18:43:53.487455827-07:00","Action":"run","Package":"github.com/JDinSeattle/forge-runtime/scripts/faults/application","Test":"TestStrictLogsOfflinePreflight/wrong_daemon"}
{"Time":"2026-09-11T18:43:53.487456885-07:00","Action":"output","Package":"github.com/JDinSeattle/forge-runtime/scripts/faults/application","Test":"TestStrictLogsOfflinePreflight/wrong_daemon","Output":"=== RUN   TestStrictLogsOfflinePreflight/wrong_daemon\n"}
{"Time":"2026-09-11T18:43:53.487563144-07:00","Action":"output","Package":"github.com/JDinSeattle/forge-runtime/scripts/faults/application","Test":"TestStrictLogsOfflinePreflight/wrong_daemon","Output":"--- PASS: TestStrictLogsOfflinePreflight/wrong_daemon (0.00s)\n"}
{"Time":"2026-09-11T18:43:53.487566458-07:00","Action":"pass","Package":"github.com/JDinSeattle/forge-runtime/scripts/faults/application","Test":"TestStrictLogsOfflinePreflight/wrong_daemon","Elapsed":0}
{"Time":"2026-09-11T18:43:53.487577705-07:00","Action":"run","Package":"github.com/JDinSeattle/forge-runtime/scripts/faults/application","Test":"TestStrictLogsOfflinePreflight/rebound_source"}
{"Time":"2026-09-11T18:43:53.487578784-07:00","Action":"output","Package":"github.com/JDinSeattle/forge-runtime/scripts/faults/application","Test":"TestStrictLogsOfflinePreflight/rebound_source","Output":"=== RUN   TestStrictLogsOfflinePreflight/rebound_source\n"}
{"Time":"2026-09-11T18:43:53.487683111-07:00","Action":"output","Package":"github.com/JDinSeattle/forge-runtime/scripts/faults/application","Test":"TestStrictLogsOfflinePreflight/rebound_source","Output":"--- PASS: TestStrictLogsOfflinePreflight/rebound_source (0.00s)\n"}
{"Time":"2026-09-11T18:43:53.487686346-07:00","Action":"pass","Package":"github.com/JDinSeattle/forge-runtime/scripts/faults/application","Test":"TestStrictLogsOfflinePreflight/rebound_source","Elapsed":0}
{"Time":"2026-09-11T18:43:53.487695216-07:00","Action":"run","Package":"github.com/JDinSeattle/forge-runtime/scripts/faults/application","Test":"TestStrictLogsOfflinePreflight/foreign_binary"}
{"Time":"2026-09-11T18:43:53.487696239-07:00","Action":"output","Package":"github.com/JDinSeattle/forge-runtime/scripts/faults/application","Test":"TestStrictLogsOfflinePreflight/foreign_binary","Output":"=== RUN   TestStrictLogsOfflinePreflight/foreign_binary\n"}
{"Time":"2026-09-11T18:43:53.487782115-07:00","Action":"output","Package":"github.com/JDinSeattle/forge-runtime/scripts/faults/application","Test":"TestStrictLogsOfflinePreflight/foreign_binary","Output":"--- PASS: TestStrictLogsOfflinePreflight/foreign_binary (0.00s)\n"}
{"Time":"2026-09-11T18:43:53.487788279-07:00","Action":"pass","Package":"github.com/JDinSeattle/forge-runtime/scripts/faults/application","Test":"TestStrictLogsOfflinePreflight/foreign_binary","Elapsed":0}
{"Time":"2026-09-11T18:43:53.487796044-07:00","Action":"run","Package":"github.com/JDinSeattle/forge-runtime/scripts/faults/application","Test":"TestStrictLogsOfflinePreflight/three_slots"}
{"Time":"2026-09-11T18:43:53.487797147-07:00","Action":"output","Package":"github.com/JDinSeattle/forge-runtime/scripts/faults/application","Test":"TestStrictLogsOfflinePreflight/three_slots","Output":"=== RUN   TestStrictLogsOfflinePreflight/three_slots\n"}
{"Time":"2026-09-11T18:43:53.487904907-07:00","Action":"output","Package":"github.com/JDinSeattle/forge-runtime/scripts/faults/application","Test":"TestStrictLogsOfflinePreflight/three_slots","Output":"--- PASS: TestStrictLogsOfflinePreflight/three_slots (0.00s)\n"}
{"Time":"2026-09-11T18:43:53.487910362-07:00","Action":"pass","Package":"github.com/JDinSeattle/forge-runtime/scripts/faults/application","Test":"TestStrictLogsOfflinePreflight/three_slots","Elapsed":0}
{"Time":"2026-09-11T18:43:53.487919822-07:00","Action":"run","Package":"github.com/JDinSeattle/forge-runtime/scripts/faults/application","Test":"TestStrictLogsOfflinePreflight/fake_backend"}
{"Time":"2026-09-11T18:43:53.487920916-07:00","Action":"output","Package":"github.com/JDinSeattle/forge-runtime/scripts/faults/application","Test":"TestStrictLogsOfflinePreflight/fake_backend","Output":"=== RUN   TestStrictLogsOfflinePreflight/fake_backend\n"}
{"Time":"2026-09-11T18:43:53.488019067-07:00","Action":"output","Package":"github.com/JDinSeattle/forge-runtime/scripts/faults/application","Test":"TestStrictLogsOfflinePreflight/fake_backend","Output":"--- PASS: TestStrictLogsOfflinePreflight/fake_backend (0.00s)\n"}
{"Time":"2026-09-11T18:43:53.488022644-07:00","Action":"pass","Package":"github.com/JDinSeattle/forge-runtime/scripts/faults/application","Test":"TestStrictLogsOfflinePreflight/fake_backend","Elapsed":0}
{"Time":"2026-09-11T18:43:53.488029918-07:00","Action":"run","Package":"github.com/JDinSeattle/forge-runtime/scripts/faults/application","Test":"TestStrictLogsOfflinePreflight/unbounded_profile"}
{"Time":"2026-09-11T18:43:53.488030984-07:00","Action":"output","Package":"github.com/JDinSeattle/forge-runtime/scripts/faults/application","Test":"TestStrictLogsOfflinePreflight/unbounded_profile","Output":"=== RUN   TestStrictLogsOfflinePreflight/unbounded_profile\n"}
{"Time":"2026-09-11T18:43:53.488135031-07:00","Action":"output","Package":"github.com/JDinSeattle/forge-runtime/scripts/faults/application","Test":"TestStrictLogsOfflinePreflight/unbounded_profile","Output":"--- PASS: TestStrictLogsOfflinePreflight/unbounded_profile (0.00s)\n"}
{"Time":"2026-09-11T18:43:53.488140208-07:00","Action":"pass","Package":"github.com/JDinSeattle/forge-runtime/scripts/faults/application","Test":"TestStrictLogsOfflinePreflight/unbounded_profile","Elapsed":0}
{"Time":"2026-09-11T18:43:53.4881475-07:00","Action":"run","Package":"github.com/JDinSeattle/forge-runtime/scripts/faults/application","Test":"TestStrictLogsOfflinePreflight/wrong_oracle"}
{"Time":"2026-09-11T18:43:53.488148576-07:00","Action":"output","Package":"github.com/JDinSeattle/forge-runtime/scripts/faults/application","Test":"TestStrictLogsOfflinePreflight/wrong_oracle","Output":"=== RUN   TestStrictLogsOfflinePreflight/wrong_oracle\n"}
{"Time":"2026-09-11T18:43:53.488253115-07:00","Action":"output","Package":"github.com/JDinSeattle/forge-runtime/scripts/faults/application","Test":"TestStrictLogsOfflinePreflight/wrong_oracle","Output":"--- PASS: TestStrictLogsOfflinePreflight/wrong_oracle (0.00s)\n"}
{"Time":"2026-09-11T18:43:53.488254761-07:00","Action":"pass","Package":"github.com/JDinSeattle/forge-runtime/scripts/faults/application","Test":"TestStrictLogsOfflinePreflight/wrong_oracle","Elapsed":0}
{"Time":"2026-09-11T18:43:53.48826594-07:00","Action":"run","Package":"github.com/JDinSeattle/forge-runtime/scripts/faults/application","Test":"TestStrictLogsOfflinePreflight/weaker_default_quota"}
{"Time":"2026-09-11T18:43:53.488267051-07:00","Action":"output","Package":"github.com/JDinSeattle/forge-runtime/scripts/faults/application","Test":"TestStrictLogsOfflinePreflight/weaker_default_quota","Output":"=== RUN   TestStrictLogsOfflinePreflight/weaker_default_quota\n"}
{"Time":"2026-09-11T18:43:53.488373266-07:00","Action":"output","Package":"github.com/JDinSeattle/forge-runtime/scripts/faults/application","Test":"TestStrictLogsOfflinePreflight/weaker_default_quota","Output":"--- PASS: TestStrictLogsOfflinePreflight/weaker_default_quota (0.00s)\n"}
{"Time":"2026-09-11T18:43:53.488379044-07:00","Action":"pass","Package":"github.com/JDinSeattle/forge-runtime/scripts/faults/application","Test":"TestStrictLogsOfflinePreflight/weaker_default_quota","Elapsed":0}
{"Time":"2026-09-11T18:43:53.488386257-07:00","Action":"run","Package":"github.com/JDinSeattle/forge-runtime/scripts/faults/application","Test":"TestStrictLogsOfflinePreflight/shared_pool"}
{"Time":"2026-09-11T18:43:53.488387867-07:00","Action":"output","Package":"github.com/JDinSeattle/forge-runtime/scripts/faults/application","Test":"TestStrictLogsOfflinePreflight/shared_pool","Output":"=== RUN   TestStrictLogsOfflinePreflight/shared_pool\n"}
{"Time":"2026-09-11T18:43:53.488497666-07:00","Action":"output","Package":"github.com/JDinSeattle/forge-runtime/scripts/faults/application","Test":"TestStrictLogsOfflinePreflight/shared_pool","Output":"--- PASS: TestStrictLogsOfflinePreflight/shared_pool (0.00s)\n"}
{"Time":"2026-09-11T18:43:53.488505327-07:00","Action":"pass","Package":"github.com/JDinSeattle/forge-runtime/scripts/faults/application","Test":"TestStrictLogsOfflinePreflight/shared_pool","Elapsed":0}
{"Time":"2026-09-11T18:43:53.488817686-07:00","Action":"output","Package":"github.com/JDinSeattle/forge-runtime/scripts/faults/application","Test":"TestStrictLogsOfflinePreflight","Output":"--- PASS: TestStrictLogsOfflinePreflight (0.00s)\n"}
{"Time":"2026-09-11T18:43:53.488825515-07:00","Action":"pass","Package":"github.com/JDinSeattle/forge-runtime/scripts/faults/application","Test":"TestStrictLogsOfflinePreflight","Elapsed":0}
{"Time":"2026-09-11T18:43:53.488833889-07:00","Action":"run","Package":"github.com/JDinSeattle/forge-runtime/scripts/faults/application","Test":"TestStrictLogsDurableBindingOracle"}
{"Time":"2026-09-11T18:43:53.488835057-07:00","Action":"output","Package":"github.com/JDinSeattle/forge-runtime/scripts/faults/application","Test":"TestStrictLogsDurableBindingOracle","Output":"=== RUN   TestStrictLogsDurableBindingOracle\n"}
{"Time":"2026-09-11T18:43:53.489030825-07:00","Action":"run","Package":"github.com/JDinSeattle/forge-runtime/scripts/faults/application","Test":"TestStrictLogsDurableBindingOracle/tenant_id"}
{"Time":"2026-09-11T18:43:53.489031859-07:00","Action":"output","Package":"github.com/JDinSeattle/forge-runtime/scripts/faults/application","Test":"TestStrictLogsDurableBindingOracle/tenant_id","Output":"=== RUN   TestStrictLogsDurableBindingOracle/tenant_id\n"}
{"Time":"2026-09-11T18:43:53.489181299-07:00","Action":"output","Package":"github.com/JDinSeattle/forge-runtime/scripts/faults/application","Test":"TestStrictLogsDurableBindingOracle/tenant_id","Output":"--- PASS: TestStrictLogsDurableBindingOracle/tenant_id (0.00s)\n"}
{"Time":"2026-09-11T18:43:53.489191262-07:00","Action":"pass","Package":"github.com/JDinSeattle/forge-runtime/scripts/faults/application","Test":"TestStrictLogsDurableBindingOracle/tenant_id","Elapsed":0}
{"Time":"2026-09-11T18:43:53.489199799-07:00","Action":"run","Package":"github.com/JDinSeattle/forge-runtime/scripts/faults/application","Test":"TestStrictLogsDurableBindingOracle/run_id"}
{"Time":"2026-09-11T18:43:53.48920084-07:00","Action":"output","Package":"github.com/JDinSeattle/forge-runtime/scripts/faults/application","Test":"TestStrictLogsDurableBindingOracle/run_id","Output":"=== RUN   TestStrictLogsDurableBindingOracle/run_id\n"}
{"Time":"2026-09-11T18:43:53.489336335-07:00","Action":"output","Package":"github.com/JDinSeattle/forge-runtime/scripts/faults/application","Test":"TestStrictLogsDurableBindingOracle/run_id","Output":"--- PASS: TestStrictLogsDurableBindingOracle/run_id (0.00s)\n"}
{"Time":"2026-09-11T18:43:53.489343115-07:00","Action":"pass","Package":"github.com/JDinSeattle/forge-runtime/scripts/faults/application","Test":"TestStrictLogsDurableBindingOracle/run_id","Elapsed":0}
{"Time":"2026-09-11T18:43:53.489354797-07:00","Action":"run","Package":"github.com/JDinSeattle/forge-runtime/scripts/faults/application","Test":"TestStrictLogsDurableBindingOracle/status"}
{"Time":"2026-09-11T18:43:53.48935578-07:00","Action":"output","Package":"github.com/JDinSeattle/forge-runtime/scripts/faults/application","Test":"TestStrictLogsDurableBindingOracle/status","Output":"=== RUN   TestStrictLogsDurableBindingOracle/status\n"}
{"Time":"2026-09-11T18:43:53.489490653-07:00","Action":"output","Package":"github.com/JDinSeattle/forge-runtime/scripts/faults/application","Test":"TestStrictLogsDurableBindingOracle/status","Output":"--- PASS: TestStrictLogsDurableBindingOracle/status (0.00s)\n"}
{"Time":"2026-09-11T18:43:53.489497376-07:00","Action":"pass","Package":"github.com/JDinSeattle/forge-runtime/scripts/faults/application","Test":"TestStrictLogsDurableBindingOracle/status","Elapsed":0}
{"Time":"2026-09-11T18:43:53.48951131-07:00","Action":"run","Package":"github.com/JDinSeattle/forge-runtime/scripts/faults/application","Test":"TestStrictLogsDurableBindingOracle/job_id"}
{"Time":"2026-09-11T18:43:53.48951236-07:00","Action":"output","Package":"github.com/JDinSeattle/forge-runtime/scripts/faults/application","Test":"TestStrictLogsDurableBindingOracle/job_id","Output":"=== RUN   TestStrictLogsDurableBindingOracle/job_id\n"}
{"Time":"2026-09-11T18:43:53.489647883-07:00","Action":"output","Package":"github.com/JDinSeattle/forge-runtime/scripts/faults/application","Test":"TestStrictLogsDurableBindingOracle/job_id","Output":"--- PASS: TestStrictLogsDurableBindingOracle/job_id (0.00s)\n"}
{"Time":"2026-09-11T18:43:53.489653239-07:00","Action":"pass","Package":"github.com/JDinSeattle/forge-runtime/scripts/faults/application","Test":"TestStrictLogsDurableBindingOracle/job_id","Elapsed":0}
{"Time":"2026-09-11T18:43:53.489660766-07:00","Action":"run","Package":"github.com/JDinSeattle/forge-runtime/scripts/faults/application","Test":"TestStrictLogsDurableBindingOracle/before_hash"}
{"Time":"2026-09-11T18:43:53.48966182-07:00","Action":"output","Package":"github.com/JDinSeattle/forge-runtime/scripts/faults/application","Test":"TestStrictLogsDurableBindingOracle/before_hash","Output":"=== RUN   TestStrictLogsDurableBindingOracle/before_hash\n"}
{"Time":"2026-09-11T18:43:53.489786288-07:00","Action":"output","Package":"github.com/JDinSeattle/forge-runtime/scripts/faults/application","Test":"TestStrictLogsDurableBindingOracle/before_hash","Output":"--- PASS: TestStrictLogsDurableBindingOracle/before_hash (0.00s)\n"}
{"Time":"2026-09-11T18:43:53.489791954-07:00","Action":"pass","Package":"github.com/JDinSeattle/forge-runtime/scripts/faults/application","Test":"TestStrictLogsDurableBindingOracle/before_hash","Elapsed":0}
{"Time":"2026-09-11T18:43:53.489801053-07:00","Action":"run","Package":"github.com/JDinSeattle/forge-runtime/scripts/faults/application","Test":"TestStrictLogsDurableBindingOracle/after_hash"}
{"Time":"2026-09-11T18:43:53.489802384-07:00","Action":"output","Package":"github.com/JDinSeattle/forge-runtime/scripts/faults/application","Test":"TestStrictLogsDurableBindingOracle/after_hash","Output":"=== RUN   TestStrictLogsDurableBindingOracle/after_hash\n"}
{"Time":"2026-09-11T18:43:53.489928082-07:00","Action":"output","Package":"github.com/JDinSeattle/forge-runtime/scripts/faults/application","Test":"TestStrictLogsDurableBindingOracle/after_hash","Output":"--- PASS: TestStrictLogsDurableBindingOracle/after_hash (0.00s)\n"}
{"Time":"2026-09-11T18:43:53.489934002-07:00","Action":"pass","Package":"github.com/JDinSeattle/forge-runtime/scripts/faults/application","Test":"TestStrictLogsDurableBindingOracle/after_hash","Elapsed":0}
{"Time":"2026-09-11T18:43:53.489941939-07:00","Action":"run","Package":"github.com/JDinSeattle/forge-runtime/scripts/faults/application","Test":"TestStrictLogsDurableBindingOracle/after_revision"}
{"Time":"2026-09-11T18:43:53.489942962-07:00","Action":"output","Package":"github.com/JDinSeattle/forge-runtime/scripts/faults/application","Test":"TestStrictLogsDurableBindingOracle/after_revision","Output":"=== RUN   TestStrictLogsDurableBindingOracle/after_revision\n"}
{"Time":"2026-09-11T18:43:53.490073145-07:00","Action":"output","Package":"github.com/JDinSeattle/forge-runtime/scripts/faults/application","Test":"TestStrictLogsDurableBindingOracle/after_revision","Output":"--- PASS: TestStrictLogsDurableBindingOracle/after_revision (0.00s)\n"}
{"Time":"2026-09-11T18:43:53.490077402-07:00","Action":"pass","Package":"github.com/JDinSeattle/forge-runtime/scripts/faults/application","Test":"TestStrictLogsDurableBindingOracle/after_revision","Elapsed":0}
{"Time":"2026-09-11T18:43:53.490085999-07:00","Action":"run","Package":"github.com/JDinSeattle/forge-runtime/scripts/faults/application","Test":"TestStrictLogsDurableBindingOracle/result_json"}
{"Time":"2026-09-11T18:43:53.490087083-07:00","Action":"output","Package":"github.com/JDinSeattle/forge-runtime/scripts/faults/application","Test":"TestStrictLogsDurableBindingOracle/result_json","Output":"=== RUN   TestStrictLogsDurableBindingOracle/result_json\n"}
{"Time":"2026-09-11T18:43:53.490204145-07:00","Action":"output","Package":"github.com/JDinSeattle/forge-runtime/scripts/faults/application","Test":"TestStrictLogsDurableBindingOracle/result_json","Output":"--- PASS: TestStrictLogsDurableBindingOracle/result_json (0.00s)\n"}
{"Time":"2026-09-11T18:43:53.490209764-07:00","Action":"pass","Package":"github.com/JDinSeattle/forge-runtime/scripts/faults/application","Test":"TestStrictLogsDurableBindingOracle/result_json","Elapsed":0}
{"Time":"2026-09-11T18:43:53.490217766-07:00","Action":"run","Package":"github.com/JDinSeattle/forge-runtime/scripts/faults/application","Test":"TestStrictLogsDurableBindingOracle/request_json"}
{"Time":"2026-09-11T18:43:53.490218805-07:00","Action":"output","Package":"github.com/JDinSeattle/forge-runtime/scripts/faults/application","Test":"TestStrictLogsDurableBindingOracle/request_json","Output":"=== RUN   TestStrictLogsDurableBindingOracle/request_json\n"}
{"Time":"2026-09-11T18:43:53.490263486-07:00","Action":"output","Package":"github.com/JDinSeattle/forge-runtime/scripts/faults/application","Test":"TestStrictLogsDurableBindingOracle/request_json","Output":"--- PASS: TestStrictLogsDurableBindingOracle/request_json (0.00s)\n"}
{"Time":"2026-09-11T18:43:53.490271008-07:00","Action":"pass","Package":"github.com/JDinSeattle/forge-runtime/scripts/faults/application","Test":"TestStrictLogsDurableBindingOracle/request_json","Elapsed":0}
{"Time":"2026-09-11T18:43:53.490280233-07:00","Action":"run","Package":"github.com/JDinSeattle/forge-runtime/scripts/faults/application","Test":"TestStrictLogsDurableBindingOracle/receipt_json"}
{"Time":"2026-09-11T18:43:53.490281262-07:00","Action":"output","Package":"github.com/JDinSeattle/forge-runtime/scripts/faults/application","Test":"TestStrictLogsDurableBindingOracle/receipt_json","Output":"=== RUN   TestStrictLogsDurableBindingOracle/receipt_json\n"}
{"Time":"2026-09-11T18:43:53.490345602-07:00","Action":"output","Package":"github.com/JDinSeattle/forge-runtime/scripts/faults/application","Test":"TestStrictLogsDurableBindingOracle/receipt_json","Output":"--- PASS: TestStrictLogsDurableBindingOracle/receipt_json (0.00s)\n"}
{"Time":"2026-09-11T18:43:53.490350588-07:00","Action":"pass","Package":"github.com/JDinSeattle/forge-runtime/scripts/faults/application","Test":"TestStrictLogsDurableBindingOracle/receipt_json","Elapsed":0}
{"Time":"2026-09-11T18:43:53.490361029-07:00","Action":"output","Package":"github.com/JDinSeattle/forge-runtime/scripts/faults/application","Test":"TestStrictLogsDurableBindingOracle","Output":"--- PASS: TestStrictLogsDurableBindingOracle (0.00s)\n"}
{"Time":"2026-09-11T18:43:53.490366448-07:00","Action":"pass","Package":"github.com/JDinSeattle/forge-runtime/scripts/faults/application","Test":"TestStrictLogsDurableBindingOracle","Elapsed":0}
{"Time":"2026-09-11T18:43:53.490375009-07:00","Action":"run","Package":"github.com/JDinSeattle/forge-runtime/scripts/faults/application","Test":"TestStrictLogsCombinedAcceptance"}
{"Time":"2026-09-11T18:43:53.490376033-07:00","Action":"output","Package":"github.com/JDinSeattle/forge-runtime/scripts/faults/application","Test":"TestStrictLogsCombinedAcceptance","Output":"=== RUN   TestStrictLogsCombinedAcceptance\n"}
{"Time":"2026-09-11T18:43:53.490411337-07:00","Action":"output","Package":"github.com/JDinSeattle/forge-runtime/scripts/faults/application","Test":"TestStrictLogsCombinedAcceptance","Output":"    strict_logs_combined_test.go:1266: operator opt-in: completed E50 dedicated fixed pool; actual runner/worker binaries, private PG, finite physical ENOSPC\n"}
{"Time":"2026-09-11T18:43:53.490421635-07:00","Action":"output","Package":"github.com/JDinSeattle/forge-runtime/scripts/faults/application","Test":"TestStrictLogsCombinedAcceptance","Output":"--- SKIP: TestStrictLogsCombinedAcceptance (0.00s)\n"}
{"Time":"2026-09-11T18:43:53.490426109-07:00","Action":"skip","Package":"github.com/JDinSeattle/forge-runtime/scripts/faults/application","Test":"TestStrictLogsCombinedAcceptance","Elapsed":0}
{"Time":"2026-09-11T18:43:53.490442074-07:00","Action":"output","Package":"github.com/JDinSeattle/forge-runtime/scripts/faults/application","Output":"PASS\n"}
{"Time":"2026-09-11T18:43:54.499738179-07:00","Action":"output","Package":"github.com/JDinSeattle/forge-runtime/scripts/faults/application","Output":"ok  \tgithub.com/JDinSeattle/forge-runtime/scripts/faults/application\t1.037s\n"}
{"Time":"2026-09-11T18:43:54.499766104-07:00","Action":"pass","Package":"github.com/JDinSeattle/forge-runtime/scripts/faults/application","Elapsed":1.037}
