=== RUN   TestReviewTelemetryRetainedGraphRejectsBrokenBindings
=== RUN   TestReviewTelemetryRetainedGraphRejectsBrokenBindings/missing_RPC_parent
=== RUN   TestReviewTelemetryRetainedGraphRejectsBrokenBindings/wrong_run
=== RUN   TestReviewTelemetryRetainedGraphRejectsBrokenBindings/wrong_attempt
=== RUN   TestReviewTelemetryRetainedGraphRejectsBrokenBindings/dangling_link
=== RUN   TestReviewTelemetryRetainedGraphRejectsBrokenBindings/removed_retry_link
=== RUN   TestReviewTelemetryRetainedGraphRejectsBrokenBindings/duplicate_span
=== RUN   TestReviewTelemetryRetainedGraphRejectsBrokenBindings/wrong_SQLite_identity
=== RUN   TestReviewTelemetryRetainedGraphRejectsBrokenBindings/wrong_PG_attempt_context
--- PASS: TestReviewTelemetryRetainedGraphRejectsBrokenBindings (0.13s)
    --- PASS: TestReviewTelemetryRetainedGraphRejectsBrokenBindings/missing_RPC_parent (0.02s)
    --- PASS: TestReviewTelemetryRetainedGraphRejectsBrokenBindings/wrong_run (0.02s)
    --- PASS: TestReviewTelemetryRetainedGraphRejectsBrokenBindings/wrong_attempt (0.02s)
    --- PASS: TestReviewTelemetryRetainedGraphRejectsBrokenBindings/dangling_link (0.02s)
    --- PASS: TestReviewTelemetryRetainedGraphRejectsBrokenBindings/removed_retry_link (0.02s)
    --- PASS: TestReviewTelemetryRetainedGraphRejectsBrokenBindings/duplicate_span (0.01s)
    --- PASS: TestReviewTelemetryRetainedGraphRejectsBrokenBindings/wrong_SQLite_identity (0.00s)
    --- PASS: TestReviewTelemetryRetainedGraphRejectsBrokenBindings/wrong_PG_attempt_context (0.00s)
PASS
ok  	github.com/JDinSeattle/forge-runtime/tests/review	1.156s
