{"Time":"2026-09-12T12:17:15.271552445-07:00","Action":"start","Package":"github.com/JDinSeattle/forge-runtime/scripts/faults/application"}
{"Time":"2026-09-12T12:17:15.278596367-07:00","Action":"run","Package":"github.com/JDinSeattle/forge-runtime/scripts/faults/application","Test":"TestStrictLogsL4RecoverySavedInputs"}
{"Time":"2026-09-12T12:17:15.278609028-07:00","Action":"output","Package":"github.com/JDinSeattle/forge-runtime/scripts/faults/application","Test":"TestStrictLogsL4RecoverySavedInputs","Output":"=== RUN   TestStrictLogsL4RecoverySavedInputs\n"}
{"Time":"2026-09-12T12:17:16.015164508-07:00","Action":"output","Package":"github.com/JDinSeattle/forge-runtime/scripts/faults/application","Test":"TestStrictLogsL4RecoverySavedInputs","Output":"    strict_logs_l4_recovery_offline_test.go:109: 614 immutable saved nonsecret inputs verified; no live state accessed\n"}
{"Time":"2026-09-12T12:17:16.015185238-07:00","Action":"output","Package":"github.com/JDinSeattle/forge-runtime/scripts/faults/application","Test":"TestStrictLogsL4RecoverySavedInputs","Output":"--- PASS: TestStrictLogsL4RecoverySavedInputs (0.74s)\n"}
{"Time":"2026-09-12T12:17:16.015187276-07:00","Action":"pass","Package":"github.com/JDinSeattle/forge-runtime/scripts/faults/application","Test":"TestStrictLogsL4RecoverySavedInputs","Elapsed":0.74}
{"Time":"2026-09-12T12:17:16.015193398-07:00","Action":"run","Package":"github.com/JDinSeattle/forge-runtime/scripts/faults/application","Test":"TestStrictLogsL4RecoveryOfflinePriorCleanup"}
{"Time":"2026-09-12T12:17:16.015194623-07:00","Action":"output","Package":"github.com/JDinSeattle/forge-runtime/scripts/faults/application","Test":"TestStrictLogsL4RecoveryOfflinePriorCleanup","Output":"=== RUN   TestStrictLogsL4RecoveryOfflinePriorCleanup\n"}
{"Time":"2026-09-12T12:17:16.015222591-07:00","Action":"run","Package":"github.com/JDinSeattle/forge-runtime/scripts/faults/application","Test":"TestStrictLogsL4RecoveryOfflinePriorCleanup/lost_l1"}
{"Time":"2026-09-12T12:17:16.015223735-07:00","Action":"output","Package":"github.com/JDinSeattle/forge-runtime/scripts/faults/application","Test":"TestStrictLogsL4RecoveryOfflinePriorCleanup/lost_l1","Output":"=== RUN   TestStrictLogsL4RecoveryOfflinePriorCleanup/lost_l1\n"}
{"Time":"2026-09-12T12:17:16.015262513-07:00","Action":"output","Package":"github.com/JDinSeattle/forge-runtime/scripts/faults/application","Test":"TestStrictLogsL4RecoveryOfflinePriorCleanup/lost_l1","Output":"--- PASS: TestStrictLogsL4RecoveryOfflinePriorCleanup/lost_l1 (0.00s)\n"}
{"Time":"2026-09-12T12:17:16.015271403-07:00","Action":"pass","Package":"github.com/JDinSeattle/forge-runtime/scripts/faults/application","Test":"TestStrictLogsL4RecoveryOfflinePriorCleanup/lost_l1","Elapsed":0}
{"Time":"2026-09-12T12:17:16.01527502-07:00","Action":"run","Package":"github.com/JDinSeattle/forge-runtime/scripts/faults/application","Test":"TestStrictLogsL4RecoveryOfflinePriorCleanup/changed_l1"}
{"Time":"2026-09-12T12:17:16.01527636-07:00","Action":"output","Package":"github.com/JDinSeattle/forge-runtime/scripts/faults/application","Test":"TestStrictLogsL4RecoveryOfflinePriorCleanup/changed_l1","Output":"=== RUN   TestStrictLogsL4RecoveryOfflinePriorCleanup/changed_l1\n"}
{"Time":"2026-09-12T12:17:16.015302001-07:00","Action":"output","Package":"github.com/JDinSeattle/forge-runtime/scripts/faults/application","Test":"TestStrictLogsL4RecoveryOfflinePriorCleanup/changed_l1","Output":"--- PASS: TestStrictLogsL4RecoveryOfflinePriorCleanup/changed_l1 (0.00s)\n"}
{"Time":"2026-09-12T12:17:16.015303454-07:00","Action":"pass","Package":"github.com/JDinSeattle/forge-runtime/scripts/faults/application","Test":"TestStrictLogsL4RecoveryOfflinePriorCleanup/changed_l1","Elapsed":0}
{"Time":"2026-09-12T12:17:16.015304622-07:00","Action":"run","Package":"github.com/JDinSeattle/forge-runtime/scripts/faults/application","Test":"TestStrictLogsL4RecoveryOfflinePriorCleanup/unfinished_l1"}
{"Time":"2026-09-12T12:17:16.015305638-07:00","Action":"output","Package":"github.com/JDinSeattle/forge-runtime/scripts/faults/application","Test":"TestStrictLogsL4RecoveryOfflinePriorCleanup/unfinished_l1","Output":"=== RUN   TestStrictLogsL4RecoveryOfflinePriorCleanup/unfinished_l1\n"}
{"Time":"2026-09-12T12:17:16.015330863-07:00","Action":"output","Package":"github.com/JDinSeattle/forge-runtime/scripts/faults/application","Test":"TestStrictLogsL4RecoveryOfflinePriorCleanup/unfinished_l1","Output":"--- PASS: TestStrictLogsL4RecoveryOfflinePriorCleanup/unfinished_l1 (0.00s)\n"}
{"Time":"2026-09-12T12:17:16.015332395-07:00","Action":"pass","Package":"github.com/JDinSeattle/forge-runtime/scripts/faults/application","Test":"TestStrictLogsL4RecoveryOfflinePriorCleanup/unfinished_l1","Elapsed":0}
{"Time":"2026-09-12T12:17:16.015333966-07:00","Action":"run","Package":"github.com/JDinSeattle/forge-runtime/scripts/faults/application","Test":"TestStrictLogsL4RecoveryOfflinePriorCleanup/unfinished_l4"}
{"Time":"2026-09-12T12:17:16.015334967-07:00","Action":"output","Package":"github.com/JDinSeattle/forge-runtime/scripts/faults/application","Test":"TestStrictLogsL4RecoveryOfflinePriorCleanup/unfinished_l4","Output":"=== RUN   TestStrictLogsL4RecoveryOfflinePriorCleanup/unfinished_l4\n"}
{"Time":"2026-09-12T12:17:16.015358824-07:00","Action":"output","Package":"github.com/JDinSeattle/forge-runtime/scripts/faults/application","Test":"TestStrictLogsL4RecoveryOfflinePriorCleanup/unfinished_l4","Output":"--- PASS: TestStrictLogsL4RecoveryOfflinePriorCleanup/unfinished_l4 (0.00s)\n"}
{"Time":"2026-09-12T12:17:16.015360109-07:00","Action":"pass","Package":"github.com/JDinSeattle/forge-runtime/scripts/faults/application","Test":"TestStrictLogsL4RecoveryOfflinePriorCleanup/unfinished_l4","Elapsed":0}
{"Time":"2026-09-12T12:17:16.015362966-07:00","Action":"run","Package":"github.com/JDinSeattle/forge-runtime/scripts/faults/application","Test":"TestStrictLogsL4RecoveryOfflinePriorCleanup/missing_target"}
{"Time":"2026-09-12T12:17:16.015363979-07:00","Action":"output","Package":"github.com/JDinSeattle/forge-runtime/scripts/faults/application","Test":"TestStrictLogsL4RecoveryOfflinePriorCleanup/missing_target","Output":"=== RUN   TestStrictLogsL4RecoveryOfflinePriorCleanup/missing_target\n"}
{"Time":"2026-09-12T12:17:16.015386364-07:00","Action":"output","Package":"github.com/JDinSeattle/forge-runtime/scripts/faults/application","Test":"TestStrictLogsL4RecoveryOfflinePriorCleanup/missing_target","Output":"--- PASS: TestStrictLogsL4RecoveryOfflinePriorCleanup/missing_target (0.00s)\n"}
{"Time":"2026-09-12T12:17:16.015387612-07:00","Action":"pass","Package":"github.com/JDinSeattle/forge-runtime/scripts/faults/application","Test":"TestStrictLogsL4RecoveryOfflinePriorCleanup/missing_target","Elapsed":0}
{"Time":"2026-09-12T12:17:16.015396627-07:00","Action":"run","Package":"github.com/JDinSeattle/forge-runtime/scripts/faults/application","Test":"TestStrictLogsL4RecoveryOfflinePriorCleanup/duplicate_target"}
{"Time":"2026-09-12T12:17:16.015397683-07:00","Action":"output","Package":"github.com/JDinSeattle/forge-runtime/scripts/faults/application","Test":"TestStrictLogsL4RecoveryOfflinePriorCleanup/duplicate_target","Output":"=== RUN   TestStrictLogsL4RecoveryOfflinePriorCleanup/duplicate_target\n"}
{"Time":"2026-09-12T12:17:16.015422687-07:00","Action":"output","Package":"github.com/JDinSeattle/forge-runtime/scripts/faults/application","Test":"TestStrictLogsL4RecoveryOfflinePriorCleanup/duplicate_target","Output":"--- PASS: TestStrictLogsL4RecoveryOfflinePriorCleanup/duplicate_target (0.00s)\n"}
{"Time":"2026-09-12T12:17:16.015423954-07:00","Action":"pass","Package":"github.com/JDinSeattle/forge-runtime/scripts/faults/application","Test":"TestStrictLogsL4RecoveryOfflinePriorCleanup/duplicate_target","Elapsed":0}
{"Time":"2026-09-12T12:17:16.015425395-07:00","Action":"run","Package":"github.com/JDinSeattle/forge-runtime/scripts/faults/application","Test":"TestStrictLogsL4RecoveryOfflinePriorCleanup/wrong_target"}
{"Time":"2026-09-12T12:17:16.01542715-07:00","Action":"output","Package":"github.com/JDinSeattle/forge-runtime/scripts/faults/application","Test":"TestStrictLogsL4RecoveryOfflinePriorCleanup/wrong_target","Output":"=== RUN   TestStrictLogsL4RecoveryOfflinePriorCleanup/wrong_target\n"}
{"Time":"2026-09-12T12:17:16.015454295-07:00","Action":"output","Package":"github.com/JDinSeattle/forge-runtime/scripts/faults/application","Test":"TestStrictLogsL4RecoveryOfflinePriorCleanup/wrong_target","Output":"--- PASS: TestStrictLogsL4RecoveryOfflinePriorCleanup/wrong_target (0.00s)\n"}
{"Time":"2026-09-12T12:17:16.015455627-07:00","Action":"pass","Package":"github.com/JDinSeattle/forge-runtime/scripts/faults/application","Test":"TestStrictLogsL4RecoveryOfflinePriorCleanup/wrong_target","Elapsed":0}
{"Time":"2026-09-12T12:17:16.015457086-07:00","Action":"run","Package":"github.com/JDinSeattle/forge-runtime/scripts/faults/application","Test":"TestStrictLogsL4RecoveryOfflinePriorCleanup/missing_snapshot"}
{"Time":"2026-09-12T12:17:16.015458487-07:00","Action":"output","Package":"github.com/JDinSeattle/forge-runtime/scripts/faults/application","Test":"TestStrictLogsL4RecoveryOfflinePriorCleanup/missing_snapshot","Output":"=== RUN   TestStrictLogsL4RecoveryOfflinePriorCleanup/missing_snapshot\n"}
{"Time":"2026-09-12T12:17:16.015477646-07:00","Action":"output","Package":"github.com/JDinSeattle/forge-runtime/scripts/faults/application","Test":"TestStrictLogsL4RecoveryOfflinePriorCleanup/missing_snapshot","Output":"--- PASS: TestStrictLogsL4RecoveryOfflinePriorCleanup/missing_snapshot (0.00s)\n"}
{"Time":"2026-09-12T12:17:16.01547887-07:00","Action":"pass","Package":"github.com/JDinSeattle/forge-runtime/scripts/faults/application","Test":"TestStrictLogsL4RecoveryOfflinePriorCleanup/missing_snapshot","Elapsed":0}
{"Time":"2026-09-12T12:17:16.015481142-07:00","Action":"output","Package":"github.com/JDinSeattle/forge-runtime/scripts/faults/application","Test":"TestStrictLogsL4RecoveryOfflinePriorCleanup","Output":"--- PASS: TestStrictLogsL4RecoveryOfflinePriorCleanup (0.00s)\n"}
{"Time":"2026-09-12T12:17:16.015482817-07:00","Action":"pass","Package":"github.com/JDinSeattle/forge-runtime/scripts/faults/application","Test":"TestStrictLogsL4RecoveryOfflinePriorCleanup","Elapsed":0}
{"Time":"2026-09-12T12:17:16.015483953-07:00","Action":"run","Package":"github.com/JDinSeattle/forge-runtime/scripts/faults/application","Test":"TestStrictLogsL4RecoveryOfflineLeaseProjection"}
{"Time":"2026-09-12T12:17:16.015484945-07:00","Action":"output","Package":"github.com/JDinSeattle/forge-runtime/scripts/faults/application","Test":"TestStrictLogsL4RecoveryOfflineLeaseProjection","Output":"=== RUN   TestStrictLogsL4RecoveryOfflineLeaseProjection\n"}
{"Time":"2026-09-12T12:17:16.015522886-07:00","Action":"run","Package":"github.com/JDinSeattle/forge-runtime/scripts/faults/application","Test":"TestStrictLogsL4RecoveryOfflineLeaseProjection/sql_until"}
{"Time":"2026-09-12T12:17:16.015524005-07:00","Action":"output","Package":"github.com/JDinSeattle/forge-runtime/scripts/faults/application","Test":"TestStrictLogsL4RecoveryOfflineLeaseProjection/sql_until","Output":"=== RUN   TestStrictLogsL4RecoveryOfflineLeaseProjection/sql_until\n"}
{"Time":"2026-09-12T12:17:16.015526653-07:00","Action":"output","Package":"github.com/JDinSeattle/forge-runtime/scripts/faults/application","Test":"TestStrictLogsL4RecoveryOfflineLeaseProjection/sql_until","Output":"--- PASS: TestStrictLogsL4RecoveryOfflineLeaseProjection/sql_until (0.00s)\n"}
{"Time":"2026-09-12T12:17:16.015527883-07:00","Action":"pass","Package":"github.com/JDinSeattle/forge-runtime/scripts/faults/application","Test":"TestStrictLogsL4RecoveryOfflineLeaseProjection/sql_until","Elapsed":0}
{"Time":"2026-09-12T12:17:16.01552932-07:00","Action":"run","Package":"github.com/JDinSeattle/forge-runtime/scripts/faults/application","Test":"TestStrictLogsL4RecoveryOfflineLeaseProjection/snapshot_cost"}
{"Time":"2026-09-12T12:17:16.015530308-07:00","Action":"output","Package":"github.com/JDinSeattle/forge-runtime/scripts/faults/application","Test":"TestStrictLogsL4RecoveryOfflineLeaseProjection/snapshot_cost","Output":"=== RUN   TestStrictLogsL4RecoveryOfflineLeaseProjection/snapshot_cost\n"}
{"Time":"2026-09-12T12:17:16.015561672-07:00","Action":"output","Package":"github.com/JDinSeattle/forge-runtime/scripts/faults/application","Test":"TestStrictLogsL4RecoveryOfflineLeaseProjection/snapshot_cost","Output":"--- PASS: TestStrictLogsL4RecoveryOfflineLeaseProjection/snapshot_cost (0.00s)\n"}
{"Time":"2026-09-12T12:17:16.0155637-07:00","Action":"pass","Package":"github.com/JDinSeattle/forge-runtime/scripts/faults/application","Test":"TestStrictLogsL4RecoveryOfflineLeaseProjection/snapshot_cost","Elapsed":0}
{"Time":"2026-09-12T12:17:16.015567454-07:00","Action":"run","Package":"github.com/JDinSeattle/forge-runtime/scripts/faults/application","Test":"TestStrictLogsL4RecoveryOfflineLeaseProjection/snapshot_deadline"}
{"Time":"2026-09-12T12:17:16.015568527-07:00","Action":"output","Package":"github.com/JDinSeattle/forge-runtime/scripts/faults/application","Test":"TestStrictLogsL4RecoveryOfflineLeaseProjection/snapshot_deadline","Output":"=== RUN   TestStrictLogsL4RecoveryOfflineLeaseProjection/snapshot_deadline\n"}
{"Time":"2026-09-12T12:17:16.015594485-07:00","Action":"output","Package":"github.com/JDinSeattle/forge-runtime/scripts/faults/application","Test":"TestStrictLogsL4RecoveryOfflineLeaseProjection/snapshot_deadline","Output":"--- PASS: TestStrictLogsL4RecoveryOfflineLeaseProjection/snapshot_deadline (0.00s)\n"}
{"Time":"2026-09-12T12:17:16.015595764-07:00","Action":"pass","Package":"github.com/JDinSeattle/forge-runtime/scripts/faults/application","Test":"TestStrictLogsL4RecoveryOfflineLeaseProjection/snapshot_deadline","Elapsed":0}
{"Time":"2026-09-12T12:17:16.01559766-07:00","Action":"run","Package":"github.com/JDinSeattle/forge-runtime/scripts/faults/application","Test":"TestStrictLogsL4RecoveryOfflineLeaseProjection/owner"}
{"Time":"2026-09-12T12:17:16.01559866-07:00","Action":"output","Package":"github.com/JDinSeattle/forge-runtime/scripts/faults/application","Test":"TestStrictLogsL4RecoveryOfflineLeaseProjection/owner","Output":"=== RUN   TestStrictLogsL4RecoveryOfflineLeaseProjection/owner\n"}
{"Time":"2026-09-12T12:17:16.015600074-07:00","Action":"output","Package":"github.com/JDinSeattle/forge-runtime/scripts/faults/application","Test":"TestStrictLogsL4RecoveryOfflineLeaseProjection/owner","Output":"--- PASS: TestStrictLogsL4RecoveryOfflineLeaseProjection/owner (0.00s)\n"}
{"Time":"2026-09-12T12:17:16.015601588-07:00","Action":"pass","Package":"github.com/JDinSeattle/forge-runtime/scripts/faults/application","Test":"TestStrictLogsL4RecoveryOfflineLeaseProjection/owner","Elapsed":0}
{"Time":"2026-09-12T12:17:16.015602725-07:00","Action":"run","Package":"github.com/JDinSeattle/forge-runtime/scripts/faults/application","Test":"TestStrictLogsL4RecoveryOfflineLeaseProjection/epoch"}
{"Time":"2026-09-12T12:17:16.015603708-07:00","Action":"output","Package":"github.com/JDinSeattle/forge-runtime/scripts/faults/application","Test":"TestStrictLogsL4RecoveryOfflineLeaseProjection/epoch","Output":"=== RUN   TestStrictLogsL4RecoveryOfflineLeaseProjection/epoch\n"}
{"Time":"2026-09-12T12:17:16.015605344-07:00","Action":"output","Package":"github.com/JDinSeattle/forge-runtime/scripts/faults/application","Test":"TestStrictLogsL4RecoveryOfflineLeaseProjection/epoch","Output":"--- PASS: TestStrictLogsL4RecoveryOfflineLeaseProjection/epoch (0.00s)\n"}
{"Time":"2026-09-12T12:17:16.015606571-07:00","Action":"pass","Package":"github.com/JDinSeattle/forge-runtime/scripts/faults/application","Test":"TestStrictLogsL4RecoveryOfflineLeaseProjection/epoch","Elapsed":0}
{"Time":"2026-09-12T12:17:16.015653179-07:00","Action":"run","Package":"github.com/JDinSeattle/forge-runtime/scripts/faults/application","Test":"TestStrictLogsL4RecoveryOfflineLeaseProjection/schema_oid"}
{"Time":"2026-09-12T12:17:16.015654276-07:00","Action":"output","Package":"github.com/JDinSeattle/forge-runtime/scripts/faults/application","Test":"TestStrictLogsL4RecoveryOfflineLeaseProjection/schema_oid","Output":"=== RUN   TestStrictLogsL4RecoveryOfflineLeaseProjection/schema_oid\n"}
{"Time":"2026-09-12T12:17:16.015680378-07:00","Action":"output","Package":"github.com/JDinSeattle/forge-runtime/scripts/faults/application","Test":"TestStrictLogsL4RecoveryOfflineLeaseProjection/schema_oid","Output":"--- PASS: TestStrictLogsL4RecoveryOfflineLeaseProjection/schema_oid (0.00s)\n"}
{"Time":"2026-09-12T12:17:16.015682294-07:00","Action":"pass","Package":"github.com/JDinSeattle/forge-runtime/scripts/faults/application","Test":"TestStrictLogsL4RecoveryOfflineLeaseProjection/schema_oid","Elapsed":0}
{"Time":"2026-09-12T12:17:16.015683783-07:00","Action":"run","Package":"github.com/JDinSeattle/forge-runtime/scripts/faults/application","Test":"TestStrictLogsL4RecoveryOfflineLeaseProjection/replacement_until"}
{"Time":"2026-09-12T12:17:16.015684788-07:00","Action":"output","Package":"github.com/JDinSeattle/forge-runtime/scripts/faults/application","Test":"TestStrictLogsL4RecoveryOfflineLeaseProjection/replacement_until","Output":"=== RUN   TestStrictLogsL4RecoveryOfflineLeaseProjection/replacement_until\n"}
{"Time":"2026-09-12T12:17:16.015738452-07:00","Action":"output","Package":"github.com/JDinSeattle/forge-runtime/scripts/faults/application","Test":"TestStrictLogsL4RecoveryOfflineLeaseProjection/replacement_until","Output":"--- PASS: TestStrictLogsL4RecoveryOfflineLeaseProjection/replacement_until (0.00s)\n"}
{"Time":"2026-09-12T12:17:16.015739737-07:00","Action":"pass","Package":"github.com/JDinSeattle/forge-runtime/scripts/faults/application","Test":"TestStrictLogsL4RecoveryOfflineLeaseProjection/replacement_until","Elapsed":0}
{"Time":"2026-09-12T12:17:16.015741303-07:00","Action":"run","Package":"github.com/JDinSeattle/forge-runtime/scripts/faults/application","Test":"TestStrictLogsL4RecoveryOfflineLeaseProjection/raw_snapshot"}
{"Time":"2026-09-12T12:17:16.015742281-07:00","Action":"output","Package":"github.com/JDinSeattle/forge-runtime/scripts/faults/application","Test":"TestStrictLogsL4RecoveryOfflineLeaseProjection/raw_snapshot","Output":"=== RUN   TestStrictLogsL4RecoveryOfflineLeaseProjection/raw_snapshot\n"}
{"Time":"2026-09-12T12:17:16.015772203-07:00","Action":"output","Package":"github.com/JDinSeattle/forge-runtime/scripts/faults/application","Test":"TestStrictLogsL4RecoveryOfflineLeaseProjection/raw_snapshot","Output":"--- PASS: TestStrictLogsL4RecoveryOfflineLeaseProjection/raw_snapshot (0.00s)\n"}
{"Time":"2026-09-12T12:17:16.01577345-07:00","Action":"pass","Package":"github.com/JDinSeattle/forge-runtime/scripts/faults/application","Test":"TestStrictLogsL4RecoveryOfflineLeaseProjection/raw_snapshot","Elapsed":0}
{"Time":"2026-09-12T12:17:16.015774912-07:00","Action":"run","Package":"github.com/JDinSeattle/forge-runtime/scripts/faults/application","Test":"TestStrictLogsL4RecoveryOfflineLeaseProjection/missing"}
{"Time":"2026-09-12T12:17:16.015775858-07:00","Action":"output","Package":"github.com/JDinSeattle/forge-runtime/scripts/faults/application","Test":"TestStrictLogsL4RecoveryOfflineLeaseProjection/missing","Output":"=== RUN   TestStrictLogsL4RecoveryOfflineLeaseProjection/missing\n"}
{"Time":"2026-09-12T12:17:16.015794787-07:00","Action":"output","Package":"github.com/JDinSeattle/forge-runtime/scripts/faults/application","Test":"TestStrictLogsL4RecoveryOfflineLeaseProjection/missing","Output":"--- PASS: TestStrictLogsL4RecoveryOfflineLeaseProjection/missing (0.00s)\n"}
{"Time":"2026-09-12T12:17:16.015796298-07:00","Action":"pass","Package":"github.com/JDinSeattle/forge-runtime/scripts/faults/application","Test":"TestStrictLogsL4RecoveryOfflineLeaseProjection/missing","Elapsed":0}
{"Time":"2026-09-12T12:17:16.015797755-07:00","Action":"run","Package":"github.com/JDinSeattle/forge-runtime/scripts/faults/application","Test":"TestStrictLogsL4RecoveryOfflineLeaseProjection/duplicate"}
{"Time":"2026-09-12T12:17:16.015798717-07:00","Action":"output","Package":"github.com/JDinSeattle/forge-runtime/scripts/faults/application","Test":"TestStrictLogsL4RecoveryOfflineLeaseProjection/duplicate","Output":"=== RUN   TestStrictLogsL4RecoveryOfflineLeaseProjection/duplicate\n"}
{"Time":"2026-09-12T12:17:16.015888561-07:00","Action":"output","Package":"github.com/JDinSeattle/forge-runtime/scripts/faults/application","Test":"TestStrictLogsL4RecoveryOfflineLeaseProjection/duplicate","Output":"--- PASS: TestStrictLogsL4RecoveryOfflineLeaseProjection/duplicate (0.00s)\n"}
{"Time":"2026-09-12T12:17:16.015890507-07:00","Action":"pass","Package":"github.com/JDinSeattle/forge-runtime/scripts/faults/application","Test":"TestStrictLogsL4RecoveryOfflineLeaseProjection/duplicate","Elapsed":0}
{"Time":"2026-09-12T12:17:16.015891818-07:00","Action":"output","Package":"github.com/JDinSeattle/forge-runtime/scripts/faults/application","Test":"TestStrictLogsL4RecoveryOfflineLeaseProjection","Output":"--- PASS: TestStrictLogsL4RecoveryOfflineLeaseProjection (0.00s)\n"}
{"Time":"2026-09-12T12:17:16.015894704-07:00","Action":"pass","Package":"github.com/JDinSeattle/forge-runtime/scripts/faults/application","Test":"TestStrictLogsL4RecoveryOfflineLeaseProjection","Elapsed":0}
{"Time":"2026-09-12T12:17:16.015895835-07:00","Action":"run","Package":"github.com/JDinSeattle/forge-runtime/scripts/faults/application","Test":"TestStrictLogsL4RecoveryOfflinePressureArchive"}
{"Time":"2026-09-12T12:17:16.0158968-07:00","Action":"output","Package":"github.com/JDinSeattle/forge-runtime/scripts/faults/application","Test":"TestStrictLogsL4RecoveryOfflinePressureArchive","Output":"=== RUN   TestStrictLogsL4RecoveryOfflinePressureArchive\n"}
{"Time":"2026-09-12T12:17:16.029362153-07:00","Action":"output","Package":"github.com/JDinSeattle/forge-runtime/scripts/faults/application","Test":"TestStrictLogsL4RecoveryOfflinePressureArchive","Output":"--- PASS: TestStrictLogsL4RecoveryOfflinePressureArchive (0.01s)\n"}
{"Time":"2026-09-12T12:17:16.029379435-07:00","Action":"pass","Package":"github.com/JDinSeattle/forge-runtime/scripts/faults/application","Test":"TestStrictLogsL4RecoveryOfflinePressureArchive","Elapsed":0.01}
{"Time":"2026-09-12T12:17:16.029383912-07:00","Action":"run","Package":"github.com/JDinSeattle/forge-runtime/scripts/faults/application","Test":"TestStrictLogsL4RecoveryOfflinePressureRefusals"}
{"Time":"2026-09-12T12:17:16.029385263-07:00","Action":"output","Package":"github.com/JDinSeattle/forge-runtime/scripts/faults/application","Test":"TestStrictLogsL4RecoveryOfflinePressureRefusals","Output":"=== RUN   TestStrictLogsL4RecoveryOfflinePressureRefusals\n"}
{"Time":"2026-09-12T12:17:16.029386609-07:00","Action":"run","Package":"github.com/JDinSeattle/forge-runtime/scripts/faults/application","Test":"TestStrictLogsL4RecoveryOfflinePressureRefusals/inode"}
{"Time":"2026-09-12T12:17:16.029387631-07:00","Action":"output","Package":"github.com/JDinSeattle/forge-runtime/scripts/faults/application","Test":"TestStrictLogsL4RecoveryOfflinePressureRefusals/inode","Output":"=== RUN   TestStrictLogsL4RecoveryOfflinePressureRefusals/inode\n"}
{"Time":"2026-09-12T12:17:16.02955072-07:00","Action":"output","Package":"github.com/JDinSeattle/forge-runtime/scripts/faults/application","Test":"TestStrictLogsL4RecoveryOfflinePressureRefusals/inode","Output":"--- PASS: TestStrictLogsL4RecoveryOfflinePressureRefusals/inode (0.00s)\n"}
{"Time":"2026-09-12T12:17:16.029552628-07:00","Action":"pass","Package":"github.com/JDinSeattle/forge-runtime/scripts/faults/application","Test":"TestStrictLogsL4RecoveryOfflinePressureRefusals/inode","Elapsed":0}
{"Time":"2026-09-12T12:17:16.029557309-07:00","Action":"run","Package":"github.com/JDinSeattle/forge-runtime/scripts/faults/application","Test":"TestStrictLogsL4RecoveryOfflinePressureRefusals/device"}
{"Time":"2026-09-12T12:17:16.029558342-07:00","Action":"output","Package":"github.com/JDinSeattle/forge-runtime/scripts/faults/application","Test":"TestStrictLogsL4RecoveryOfflinePressureRefusals/device","Output":"=== RUN   TestStrictLogsL4RecoveryOfflinePressureRefusals/device\n"}
{"Time":"2026-09-12T12:17:16.029689318-07:00","Action":"output","Package":"github.com/JDinSeattle/forge-runtime/scripts/faults/application","Test":"TestStrictLogsL4RecoveryOfflinePressureRefusals/device","Output":"--- PASS: TestStrictLogsL4RecoveryOfflinePressureRefusals/device (0.00s)\n"}
{"Time":"2026-09-12T12:17:16.029690882-07:00","Action":"pass","Package":"github.com/JDinSeattle/forge-runtime/scripts/faults/application","Test":"TestStrictLogsL4RecoveryOfflinePressureRefusals/device","Elapsed":0}
{"Time":"2026-09-12T12:17:16.02969625-07:00","Action":"run","Package":"github.com/JDinSeattle/forge-runtime/scripts/faults/application","Test":"TestStrictLogsL4RecoveryOfflinePressureRefusals/uid"}
{"Time":"2026-09-12T12:17:16.029697285-07:00","Action":"output","Package":"github.com/JDinSeattle/forge-runtime/scripts/faults/application","Test":"TestStrictLogsL4RecoveryOfflinePressureRefusals/uid","Output":"=== RUN   TestStrictLogsL4RecoveryOfflinePressureRefusals/uid\n"}
{"Time":"2026-09-12T12:17:16.029811546-07:00","Action":"output","Package":"github.com/JDinSeattle/forge-runtime/scripts/faults/application","Test":"TestStrictLogsL4RecoveryOfflinePressureRefusals/uid","Output":"--- PASS: TestStrictLogsL4RecoveryOfflinePressureRefusals/uid (0.00s)\n"}
{"Time":"2026-09-12T12:17:16.029812911-07:00","Action":"pass","Package":"github.com/JDinSeattle/forge-runtime/scripts/faults/application","Test":"TestStrictLogsL4RecoveryOfflinePressureRefusals/uid","Elapsed":0}
{"Time":"2026-09-12T12:17:16.029814487-07:00","Action":"run","Package":"github.com/JDinSeattle/forge-runtime/scripts/faults/application","Test":"TestStrictLogsL4RecoveryOfflinePressureRefusals/size"}
{"Time":"2026-09-12T12:17:16.029815555-07:00","Action":"output","Package":"github.com/JDinSeattle/forge-runtime/scripts/faults/application","Test":"TestStrictLogsL4RecoveryOfflinePressureRefusals/size","Output":"=== RUN   TestStrictLogsL4RecoveryOfflinePressureRefusals/size\n"}
{"Time":"2026-09-12T12:17:16.029936671-07:00","Action":"output","Package":"github.com/JDinSeattle/forge-runtime/scripts/faults/application","Test":"TestStrictLogsL4RecoveryOfflinePressureRefusals/size","Output":"--- PASS: TestStrictLogsL4RecoveryOfflinePressureRefusals/size (0.00s)\n"}
{"Time":"2026-09-12T12:17:16.029938409-07:00","Action":"pass","Package":"github.com/JDinSeattle/forge-runtime/scripts/faults/application","Test":"TestStrictLogsL4RecoveryOfflinePressureRefusals/size","Elapsed":0}
{"Time":"2026-09-12T12:17:16.029939864-07:00","Action":"run","Package":"github.com/JDinSeattle/forge-runtime/scripts/faults/application","Test":"TestStrictLogsL4RecoveryOfflinePressureRefusals/content"}
{"Time":"2026-09-12T12:17:16.029940883-07:00","Action":"output","Package":"github.com/JDinSeattle/forge-runtime/scripts/faults/application","Test":"TestStrictLogsL4RecoveryOfflinePressureRefusals/content","Output":"=== RUN   TestStrictLogsL4RecoveryOfflinePressureRefusals/content\n"}
{"Time":"2026-09-12T12:17:16.03014984-07:00","Action":"output","Package":"github.com/JDinSeattle/forge-runtime/scripts/faults/application","Test":"TestStrictLogsL4RecoveryOfflinePressureRefusals/content","Output":"--- PASS: TestStrictLogsL4RecoveryOfflinePressureRefusals/content (0.00s)\n"}
{"Time":"2026-09-12T12:17:16.030151724-07:00","Action":"pass","Package":"github.com/JDinSeattle/forge-runtime/scripts/faults/application","Test":"TestStrictLogsL4RecoveryOfflinePressureRefusals/content","Elapsed":0}
{"Time":"2026-09-12T12:17:16.030153192-07:00","Action":"run","Package":"github.com/JDinSeattle/forge-runtime/scripts/faults/application","Test":"TestStrictLogsL4RecoveryOfflinePressureRefusals/hardlink"}
{"Time":"2026-09-12T12:17:16.030154182-07:00","Action":"output","Package":"github.com/JDinSeattle/forge-runtime/scripts/faults/application","Test":"TestStrictLogsL4RecoveryOfflinePressureRefusals/hardlink","Output":"=== RUN   TestStrictLogsL4RecoveryOfflinePressureRefusals/hardlink\n"}
{"Time":"2026-09-12T12:17:16.030299961-07:00","Action":"output","Package":"github.com/JDinSeattle/forge-runtime/scripts/faults/application","Test":"TestStrictLogsL4RecoveryOfflinePressureRefusals/hardlink","Output":"--- PASS: TestStrictLogsL4RecoveryOfflinePressureRefusals/hardlink (0.00s)\n"}
{"Time":"2026-09-12T12:17:16.030301378-07:00","Action":"pass","Package":"github.com/JDinSeattle/forge-runtime/scripts/faults/application","Test":"TestStrictLogsL4RecoveryOfflinePressureRefusals/hardlink","Elapsed":0}
{"Time":"2026-09-12T12:17:16.030303694-07:00","Action":"run","Package":"github.com/JDinSeattle/forge-runtime/scripts/faults/application","Test":"TestStrictLogsL4RecoveryOfflinePressureRefusals/file_symlink"}
{"Time":"2026-09-12T12:17:16.030304714-07:00","Action":"output","Package":"github.com/JDinSeattle/forge-runtime/scripts/faults/application","Test":"TestStrictLogsL4RecoveryOfflinePressureRefusals/file_symlink","Output":"=== RUN   TestStrictLogsL4RecoveryOfflinePressureRefusals/file_symlink\n"}
{"Time":"2026-09-12T12:17:16.030468203-07:00","Action":"output","Package":"github.com/JDinSeattle/forge-runtime/scripts/faults/application","Test":"TestStrictLogsL4RecoveryOfflinePressureRefusals/file_symlink","Output":"--- PASS: TestStrictLogsL4RecoveryOfflinePressureRefusals/file_symlink (0.00s)\n"}
{"Time":"2026-09-12T12:17:16.030469726-07:00","Action":"pass","Package":"github.com/JDinSeattle/forge-runtime/scripts/faults/application","Test":"TestStrictLogsL4RecoveryOfflinePressureRefusals/file_symlink","Elapsed":0}
{"Time":"2026-09-12T12:17:16.030475425-07:00","Action":"run","Package":"github.com/JDinSeattle/forge-runtime/scripts/faults/application","Test":"TestStrictLogsL4RecoveryOfflinePressureRefusals/ancestor_symlink"}
{"Time":"2026-09-12T12:17:16.030476664-07:00","Action":"output","Package":"github.com/JDinSeattle/forge-runtime/scripts/faults/application","Test":"TestStrictLogsL4RecoveryOfflinePressureRefusals/ancestor_symlink","Output":"=== RUN   TestStrictLogsL4RecoveryOfflinePressureRefusals/ancestor_symlink\n"}
{"Time":"2026-09-12T12:17:16.030653341-07:00","Action":"output","Package":"github.com/JDinSeattle/forge-runtime/scripts/faults/application","Test":"TestStrictLogsL4RecoveryOfflinePressureRefusals/ancestor_symlink","Output":"--- PASS: TestStrictLogsL4RecoveryOfflinePressureRefusals/ancestor_symlink (0.00s)\n"}
{"Time":"2026-09-12T12:17:16.030654904-07:00","Action":"pass","Package":"github.com/JDinSeattle/forge-runtime/scripts/faults/application","Test":"TestStrictLogsL4RecoveryOfflinePressureRefusals/ancestor_symlink","Elapsed":0}
{"Time":"2026-09-12T12:17:16.030656924-07:00","Action":"run","Package":"github.com/JDinSeattle/forge-runtime/scripts/faults/application","Test":"TestStrictLogsL4RecoveryOfflinePressureRefusals/corrupt_archive"}
{"Time":"2026-09-12T12:17:16.030658053-07:00","Action":"output","Package":"github.com/JDinSeattle/forge-runtime/scripts/faults/application","Test":"TestStrictLogsL4RecoveryOfflinePressureRefusals/corrupt_archive","Output":"=== RUN   TestStrictLogsL4RecoveryOfflinePressureRefusals/corrupt_archive\n"}
{"Time":"2026-09-12T12:17:16.037549568-07:00","Action":"output","Package":"github.com/JDinSeattle/forge-runtime/scripts/faults/application","Test":"TestStrictLogsL4RecoveryOfflinePressureRefusals/corrupt_archive","Output":"--- PASS: TestStrictLogsL4RecoveryOfflinePressureRefusals/corrupt_archive (0.01s)\n"}
{"Time":"2026-09-12T12:17:16.037560808-07:00","Action":"pass","Package":"github.com/JDinSeattle/forge-runtime/scripts/faults/application","Test":"TestStrictLogsL4RecoveryOfflinePressureRefusals/corrupt_archive","Elapsed":0.01}
{"Time":"2026-09-12T12:17:16.037564981-07:00","Action":"run","Package":"github.com/JDinSeattle/forge-runtime/scripts/faults/application","Test":"TestStrictLogsL4RecoveryOfflinePressureRefusals/changed_after_archive"}
{"Time":"2026-09-12T12:17:16.037566552-07:00","Action":"output","Package":"github.com/JDinSeattle/forge-runtime/scripts/faults/application","Test":"TestStrictLogsL4RecoveryOfflinePressureRefusals/changed_after_archive","Output":"=== RUN   TestStrictLogsL4RecoveryOfflinePressureRefusals/changed_after_archive\n"}
{"Time":"2026-09-12T12:17:16.051527299-07:00","Action":"output","Package":"github.com/JDinSeattle/forge-runtime/scripts/faults/application","Test":"TestStrictLogsL4RecoveryOfflinePressureRefusals/changed_after_archive","Output":"--- PASS: TestStrictLogsL4RecoveryOfflinePressureRefusals/changed_after_archive (0.01s)\n"}
{"Time":"2026-09-12T12:17:16.051544871-07:00","Action":"pass","Package":"github.com/JDinSeattle/forge-runtime/scripts/faults/application","Test":"TestStrictLogsL4RecoveryOfflinePressureRefusals/changed_after_archive","Elapsed":0.01}
{"Time":"2026-09-12T12:17:16.051559972-07:00","Action":"run","Package":"github.com/JDinSeattle/forge-runtime/scripts/faults/application","Test":"TestStrictLogsL4RecoveryOfflinePressureRefusals/replaced_after_archive"}
{"Time":"2026-09-12T12:17:16.051562492-07:00","Action":"output","Package":"github.com/JDinSeattle/forge-runtime/scripts/faults/application","Test":"TestStrictLogsL4RecoveryOfflinePressureRefusals/replaced_after_archive","Output":"=== RUN   TestStrictLogsL4RecoveryOfflinePressureRefusals/replaced_after_archive\n"}
{"Time":"2026-09-12T12:17:16.072658066-07:00","Action":"output","Package":"github.com/JDinSeattle/forge-runtime/scripts/faults/application","Test":"TestStrictLogsL4RecoveryOfflinePressureRefusals/replaced_after_archive","Output":"--- PASS: TestStrictLogsL4RecoveryOfflinePressureRefusals/replaced_after_archive (0.02s)\n"}
{"Time":"2026-09-12T12:17:16.072686079-07:00","Action":"pass","Package":"github.com/JDinSeattle/forge-runtime/scripts/faults/application","Test":"TestStrictLogsL4RecoveryOfflinePressureRefusals/replaced_after_archive","Elapsed":0.02}
{"Time":"2026-09-12T12:17:16.072695358-07:00","Action":"run","Package":"github.com/JDinSeattle/forge-runtime/scripts/faults/application","Test":"TestStrictLogsL4RecoveryOfflinePressureRefusals/partial_archive"}
{"Time":"2026-09-12T12:17:16.072699323-07:00","Action":"output","Package":"github.com/JDinSeattle/forge-runtime/scripts/faults/application","Test":"TestStrictLogsL4RecoveryOfflinePressureRefusals/partial_archive","Output":"=== RUN   TestStrictLogsL4RecoveryOfflinePressureRefusals/partial_archive\n"}
{"Time":"2026-09-12T12:17:16.07298975-07:00","Action":"output","Package":"github.com/JDinSeattle/forge-runtime/scripts/faults/application","Test":"TestStrictLogsL4RecoveryOfflinePressureRefusals/partial_archive","Output":"--- PASS: TestStrictLogsL4RecoveryOfflinePressureRefusals/partial_archive (0.00s)\n"}
{"Time":"2026-09-12T12:17:16.073007302-07:00","Action":"pass","Package":"github.com/JDinSeattle/forge-runtime/scripts/faults/application","Test":"TestStrictLogsL4RecoveryOfflinePressureRefusals/partial_archive","Elapsed":0}
{"Time":"2026-09-12T12:17:16.073015292-07:00","Action":"run","Package":"github.com/JDinSeattle/forge-runtime/scripts/faults/application","Test":"TestStrictLogsL4RecoveryOfflinePressureRefusals/wrong_name"}
{"Time":"2026-09-12T12:17:16.073017355-07:00","Action":"output","Package":"github.com/JDinSeattle/forge-runtime/scripts/faults/application","Test":"TestStrictLogsL4RecoveryOfflinePressureRefusals/wrong_name","Output":"=== RUN   TestStrictLogsL4RecoveryOfflinePressureRefusals/wrong_name\n"}
{"Time":"2026-09-12T12:17:16.073149929-07:00","Action":"output","Package":"github.com/JDinSeattle/forge-runtime/scripts/faults/application","Test":"TestStrictLogsL4RecoveryOfflinePressureRefusals/wrong_name","Output":"--- PASS: TestStrictLogsL4RecoveryOfflinePressureRefusals/wrong_name (0.00s)\n"}
{"Time":"2026-09-12T12:17:16.073152793-07:00","Action":"pass","Package":"github.com/JDinSeattle/forge-runtime/scripts/faults/application","Test":"TestStrictLogsL4RecoveryOfflinePressureRefusals/wrong_name","Elapsed":0}
{"Time":"2026-09-12T12:17:16.073156431-07:00","Action":"output","Package":"github.com/JDinSeattle/forge-runtime/scripts/faults/application","Test":"TestStrictLogsL4RecoveryOfflinePressureRefusals","Output":"--- PASS: TestStrictLogsL4RecoveryOfflinePressureRefusals (0.04s)\n"}
{"Time":"2026-09-12T12:17:16.073158589-07:00","Action":"pass","Package":"github.com/JDinSeattle/forge-runtime/scripts/faults/application","Test":"TestStrictLogsL4RecoveryOfflinePressureRefusals","Elapsed":0.04}
{"Time":"2026-09-12T12:17:16.073168127-07:00","Action":"run","Package":"github.com/JDinSeattle/forge-runtime/scripts/faults/application","Test":"TestStrictLogsL4RecoveryOfflineRPCFence"}
{"Time":"2026-09-12T12:17:16.07317003-07:00","Action":"output","Package":"github.com/JDinSeattle/forge-runtime/scripts/faults/application","Test":"TestStrictLogsL4RecoveryOfflineRPCFence","Output":"=== RUN   TestStrictLogsL4RecoveryOfflineRPCFence\n"}
{"Time":"2026-09-12T12:17:16.073176869-07:00","Action":"output","Package":"github.com/JDinSeattle/forge-runtime/scripts/faults/application","Test":"TestStrictLogsL4RecoveryOfflineRPCFence","Output":"--- PASS: TestStrictLogsL4RecoveryOfflineRPCFence (0.00s)\n"}
{"Time":"2026-09-12T12:17:16.073178922-07:00","Action":"pass","Package":"github.com/JDinSeattle/forge-runtime/scripts/faults/application","Test":"TestStrictLogsL4RecoveryOfflineRPCFence","Elapsed":0}
{"Time":"2026-09-12T12:17:16.073181281-07:00","Action":"run","Package":"github.com/JDinSeattle/forge-runtime/scripts/faults/application","Test":"TestStrictLogsL4RecoveryOfflineJournalContract"}
{"Time":"2026-09-12T12:17:16.07318292-07:00","Action":"output","Package":"github.com/JDinSeattle/forge-runtime/scripts/faults/application","Test":"TestStrictLogsL4RecoveryOfflineJournalContract","Output":"=== RUN   TestStrictLogsL4RecoveryOfflineJournalContract\n"}
{"Time":"2026-09-12T12:17:16.073507198-07:00","Action":"run","Package":"github.com/JDinSeattle/forge-runtime/scripts/faults/application","Test":"TestStrictLogsL4RecoveryOfflineJournalContract/uuid"}
{"Time":"2026-09-12T12:17:16.073509185-07:00","Action":"output","Package":"github.com/JDinSeattle/forge-runtime/scripts/faults/application","Test":"TestStrictLogsL4RecoveryOfflineJournalContract/uuid","Output":"=== RUN   TestStrictLogsL4RecoveryOfflineJournalContract/uuid\n"}
{"Time":"2026-09-12T12:17:16.073540994-07:00","Action":"output","Package":"github.com/JDinSeattle/forge-runtime/scripts/faults/application","Test":"TestStrictLogsL4RecoveryOfflineJournalContract/uuid","Output":"--- PASS: TestStrictLogsL4RecoveryOfflineJournalContract/uuid (0.00s)\n"}
{"Time":"2026-09-12T12:17:16.07354419-07:00","Action":"pass","Package":"github.com/JDinSeattle/forge-runtime/scripts/faults/application","Test":"TestStrictLogsL4RecoveryOfflineJournalContract/uuid","Elapsed":0}
{"Time":"2026-09-12T12:17:16.073546808-07:00","Action":"run","Package":"github.com/JDinSeattle/forge-runtime/scripts/faults/application","Test":"TestStrictLogsL4RecoveryOfflineJournalContract/new_operation"}
{"Time":"2026-09-12T12:17:16.073548409-07:00","Action":"output","Package":"github.com/JDinSeattle/forge-runtime/scripts/faults/application","Test":"TestStrictLogsL4RecoveryOfflineJournalContract/new_operation","Output":"=== RUN   TestStrictLogsL4RecoveryOfflineJournalContract/new_operation\n"}
{"Time":"2026-09-12T12:17:16.073579728-07:00","Action":"output","Package":"github.com/JDinSeattle/forge-runtime/scripts/faults/application","Test":"TestStrictLogsL4RecoveryOfflineJournalContract/new_operation","Output":"--- PASS: TestStrictLogsL4RecoveryOfflineJournalContract/new_operation (0.00s)\n"}
{"Time":"2026-09-12T12:17:16.073582719-07:00","Action":"pass","Package":"github.com/JDinSeattle/forge-runtime/scripts/faults/application","Test":"TestStrictLogsL4RecoveryOfflineJournalContract/new_operation","Elapsed":0}
{"Time":"2026-09-12T12:17:16.073585084-07:00","Action":"run","Package":"github.com/JDinSeattle/forge-runtime/scripts/faults/application","Test":"TestStrictLogsL4RecoveryOfflineJournalContract/replaced_id"}
{"Time":"2026-09-12T12:17:16.073586642-07:00","Action":"output","Package":"github.com/JDinSeattle/forge-runtime/scripts/faults/application","Test":"TestStrictLogsL4RecoveryOfflineJournalContract/replaced_id","Output":"=== RUN   TestStrictLogsL4RecoveryOfflineJournalContract/replaced_id\n"}
{"Time":"2026-09-12T12:17:16.073613994-07:00","Action":"output","Package":"github.com/JDinSeattle/forge-runtime/scripts/faults/application","Test":"TestStrictLogsL4RecoveryOfflineJournalContract/replaced_id","Output":"--- PASS: TestStrictLogsL4RecoveryOfflineJournalContract/replaced_id (0.00s)\n"}
{"Time":"2026-09-12T12:17:16.073615968-07:00","Action":"pass","Package":"github.com/JDinSeattle/forge-runtime/scripts/faults/application","Test":"TestStrictLogsL4RecoveryOfflineJournalContract/replaced_id","Elapsed":0}
{"Time":"2026-09-12T12:17:16.073618258-07:00","Action":"run","Package":"github.com/JDinSeattle/forge-runtime/scripts/faults/application","Test":"TestStrictLogsL4RecoveryOfflineJournalContract/rebound_intent"}
{"Time":"2026-09-12T12:17:16.073621721-07:00","Action":"output","Package":"github.com/JDinSeattle/forge-runtime/scripts/faults/application","Test":"TestStrictLogsL4RecoveryOfflineJournalContract/rebound_intent","Output":"=== RUN   TestStrictLogsL4RecoveryOfflineJournalContract/rebound_intent\n"}
{"Time":"2026-09-12T12:17:16.073654189-07:00","Action":"output","Package":"github.com/JDinSeattle/forge-runtime/scripts/faults/application","Test":"TestStrictLogsL4RecoveryOfflineJournalContract/rebound_intent","Output":"--- PASS: TestStrictLogsL4RecoveryOfflineJournalContract/rebound_intent (0.00s)\n"}
{"Time":"2026-09-12T12:17:16.073656256-07:00","Action":"pass","Package":"github.com/JDinSeattle/forge-runtime/scripts/faults/application","Test":"TestStrictLogsL4RecoveryOfflineJournalContract/rebound_intent","Elapsed":0}
{"Time":"2026-09-12T12:17:16.073658676-07:00","Action":"run","Package":"github.com/JDinSeattle/forge-runtime/scripts/faults/application","Test":"TestStrictLogsL4RecoveryOfflineJournalContract/new_job"}
{"Time":"2026-09-12T12:17:16.073660308-07:00","Action":"output","Package":"github.com/JDinSeattle/forge-runtime/scripts/faults/application","Test":"TestStrictLogsL4RecoveryOfflineJournalContract/new_job","Output":"=== RUN   TestStrictLogsL4RecoveryOfflineJournalContract/new_job\n"}
{"Time":"2026-09-12T12:17:16.073692504-07:00","Action":"output","Package":"github.com/JDinSeattle/forge-runtime/scripts/faults/application","Test":"TestStrictLogsL4RecoveryOfflineJournalContract/new_job","Output":"--- PASS: TestStrictLogsL4RecoveryOfflineJournalContract/new_job (0.00s)\n"}
{"Time":"2026-09-12T12:17:16.073694522-07:00","Action":"pass","Package":"github.com/JDinSeattle/forge-runtime/scripts/faults/application","Test":"TestStrictLogsL4RecoveryOfflineJournalContract/new_job","Elapsed":0}
{"Time":"2026-09-12T12:17:16.073696915-07:00","Action":"run","Package":"github.com/JDinSeattle/forge-runtime/scripts/faults/application","Test":"TestStrictLogsL4RecoveryOfflineJournalContract/foreign_change"}
{"Time":"2026-09-12T12:17:16.0736992-07:00","Action":"output","Package":"github.com/JDinSeattle/forge-runtime/scripts/faults/application","Test":"TestStrictLogsL4RecoveryOfflineJournalContract/foreign_change","Output":"=== RUN   TestStrictLogsL4RecoveryOfflineJournalContract/foreign_change\n"}
{"Time":"2026-09-12T12:17:16.073747543-07:00","Action":"output","Package":"github.com/JDinSeattle/forge-runtime/scripts/faults/application","Test":"TestStrictLogsL4RecoveryOfflineJournalContract/foreign_change","Output":"--- PASS: TestStrictLogsL4RecoveryOfflineJournalContract/foreign_change (0.00s)\n"}
{"Time":"2026-09-12T12:17:16.073749528-07:00","Action":"pass","Package":"github.com/JDinSeattle/forge-runtime/scripts/faults/application","Test":"TestStrictLogsL4RecoveryOfflineJournalContract/foreign_change","Elapsed":0}
{"Time":"2026-09-12T12:17:16.073751988-07:00","Action":"run","Package":"github.com/JDinSeattle/forge-runtime/scripts/faults/application","Test":"TestStrictLogsL4RecoveryOfflineJournalContract/refund"}
{"Time":"2026-09-12T12:17:16.073753684-07:00","Action":"output","Package":"github.com/JDinSeattle/forge-runtime/scripts/faults/application","Test":"TestStrictLogsL4RecoveryOfflineJournalContract/refund","Output":"=== RUN   TestStrictLogsL4RecoveryOfflineJournalContract/refund\n"}
{"Time":"2026-09-12T12:17:16.073808428-07:00","Action":"output","Package":"github.com/JDinSeattle/forge-runtime/scripts/faults/application","Test":"TestStrictLogsL4RecoveryOfflineJournalContract/refund","Output":"--- PASS: TestStrictLogsL4RecoveryOfflineJournalContract/refund (0.00s)\n"}
{"Time":"2026-09-12T12:17:16.073810761-07:00","Action":"pass","Package":"github.com/JDinSeattle/forge-runtime/scripts/faults/application","Test":"TestStrictLogsL4RecoveryOfflineJournalContract/refund","Elapsed":0}
{"Time":"2026-09-12T12:17:16.073813344-07:00","Action":"output","Package":"github.com/JDinSeattle/forge-runtime/scripts/faults/application","Test":"TestStrictLogsL4RecoveryOfflineJournalContract","Output":"--- PASS: TestStrictLogsL4RecoveryOfflineJournalContract (0.00s)\n"}
{"Time":"2026-09-12T12:17:16.073816134-07:00","Action":"pass","Package":"github.com/JDinSeattle/forge-runtime/scripts/faults/application","Test":"TestStrictLogsL4RecoveryOfflineJournalContract","Elapsed":0}
{"Time":"2026-09-12T12:17:16.073818536-07:00","Action":"run","Package":"github.com/JDinSeattle/forge-runtime/scripts/faults/application","Test":"TestStrictLogsL4RecoveryOfflineSnapshotContract"}
{"Time":"2026-09-12T12:17:16.073820185-07:00","Action":"output","Package":"github.com/JDinSeattle/forge-runtime/scripts/faults/application","Test":"TestStrictLogsL4RecoveryOfflineSnapshotContract","Output":"=== RUN   TestStrictLogsL4RecoveryOfflineSnapshotContract\n"}
{"Time":"2026-09-12T12:17:16.073903808-07:00","Action":"run","Package":"github.com/JDinSeattle/forge-runtime/scripts/faults/application","Test":"TestStrictLogsL4RecoveryOfflineSnapshotContract/foreign"}
{"Time":"2026-09-12T12:17:16.073905577-07:00","Action":"output","Package":"github.com/JDinSeattle/forge-runtime/scripts/faults/application","Test":"TestStrictLogsL4RecoveryOfflineSnapshotContract/foreign","Output":"=== RUN   TestStrictLogsL4RecoveryOfflineSnapshotContract/foreign\n"}
{"Time":"2026-09-12T12:17:16.073941601-07:00","Action":"output","Package":"github.com/JDinSeattle/forge-runtime/scripts/faults/application","Test":"TestStrictLogsL4RecoveryOfflineSnapshotContract/foreign","Output":"--- PASS: TestStrictLogsL4RecoveryOfflineSnapshotContract/foreign (0.00s)\n"}
{"Time":"2026-09-12T12:17:16.073943655-07:00","Action":"pass","Package":"github.com/JDinSeattle/forge-runtime/scripts/faults/application","Test":"TestStrictLogsL4RecoveryOfflineSnapshotContract/foreign","Elapsed":0}
{"Time":"2026-09-12T12:17:16.073945962-07:00","Action":"run","Package":"github.com/JDinSeattle/forge-runtime/scripts/faults/application","Test":"TestStrictLogsL4RecoveryOfflineSnapshotContract/epoch"}
{"Time":"2026-09-12T12:17:16.073947522-07:00","Action":"output","Package":"github.com/JDinSeattle/forge-runtime/scripts/faults/application","Test":"TestStrictLogsL4RecoveryOfflineSnapshotContract/epoch","Output":"=== RUN   TestStrictLogsL4RecoveryOfflineSnapshotContract/epoch\n"}
{"Time":"2026-09-12T12:17:16.073976644-07:00","Action":"output","Package":"github.com/JDinSeattle/forge-runtime/scripts/faults/application","Test":"TestStrictLogsL4RecoveryOfflineSnapshotContract/epoch","Output":"--- PASS: TestStrictLogsL4RecoveryOfflineSnapshotContract/epoch (0.00s)\n"}
{"Time":"2026-09-12T12:17:16.07397869-07:00","Action":"pass","Package":"github.com/JDinSeattle/forge-runtime/scripts/faults/application","Test":"TestStrictLogsL4RecoveryOfflineSnapshotContract/epoch","Elapsed":0}
{"Time":"2026-09-12T12:17:16.073981413-07:00","Action":"run","Package":"github.com/JDinSeattle/forge-runtime/scripts/faults/application","Test":"TestStrictLogsL4RecoveryOfflineSnapshotContract/content"}
{"Time":"2026-09-12T12:17:16.073982996-07:00","Action":"output","Package":"github.com/JDinSeattle/forge-runtime/scripts/faults/application","Test":"TestStrictLogsL4RecoveryOfflineSnapshotContract/content","Output":"=== RUN   TestStrictLogsL4RecoveryOfflineSnapshotContract/content\n"}
{"Time":"2026-09-12T12:17:16.074013571-07:00","Action":"output","Package":"github.com/JDinSeattle/forge-runtime/scripts/faults/application","Test":"TestStrictLogsL4RecoveryOfflineSnapshotContract/content","Output":"--- PASS: TestStrictLogsL4RecoveryOfflineSnapshotContract/content (0.00s)\n"}
{"Time":"2026-09-12T12:17:16.074016191-07:00","Action":"pass","Package":"github.com/JDinSeattle/forge-runtime/scripts/faults/application","Test":"TestStrictLogsL4RecoveryOfflineSnapshotContract/content","Elapsed":0}
{"Time":"2026-09-12T12:17:16.074018491-07:00","Action":"run","Package":"github.com/JDinSeattle/forge-runtime/scripts/faults/application","Test":"TestStrictLogsL4RecoveryOfflineSnapshotContract/extra"}
{"Time":"2026-09-12T12:17:16.074020062-07:00","Action":"output","Package":"github.com/JDinSeattle/forge-runtime/scripts/faults/application","Test":"TestStrictLogsL4RecoveryOfflineSnapshotContract/extra","Output":"=== RUN   TestStrictLogsL4RecoveryOfflineSnapshotContract/extra\n"}
{"Time":"2026-09-12T12:17:16.074047939-07:00","Action":"output","Package":"github.com/JDinSeattle/forge-runtime/scripts/faults/application","Test":"TestStrictLogsL4RecoveryOfflineSnapshotContract/extra","Output":"--- PASS: TestStrictLogsL4RecoveryOfflineSnapshotContract/extra (0.00s)\n"}
{"Time":"2026-09-12T12:17:16.074050111-07:00","Action":"pass","Package":"github.com/JDinSeattle/forge-runtime/scripts/faults/application","Test":"TestStrictLogsL4RecoveryOfflineSnapshotContract/extra","Elapsed":0}
{"Time":"2026-09-12T12:17:16.074052425-07:00","Action":"run","Package":"github.com/JDinSeattle/forge-runtime/scripts/faults/application","Test":"TestStrictLogsL4RecoveryOfflineSnapshotContract/executable"}
{"Time":"2026-09-12T12:17:16.074054012-07:00","Action":"output","Package":"github.com/JDinSeattle/forge-runtime/scripts/faults/application","Test":"TestStrictLogsL4RecoveryOfflineSnapshotContract/executable","Output":"=== RUN   TestStrictLogsL4RecoveryOfflineSnapshotContract/executable\n"}
{"Time":"2026-09-12T12:17:16.074081386-07:00","Action":"output","Package":"github.com/JDinSeattle/forge-runtime/scripts/faults/application","Test":"TestStrictLogsL4RecoveryOfflineSnapshotContract/executable","Output":"--- PASS: TestStrictLogsL4RecoveryOfflineSnapshotContract/executable (0.00s)\n"}
{"Time":"2026-09-12T12:17:16.074083383-07:00","Action":"pass","Package":"github.com/JDinSeattle/forge-runtime/scripts/faults/application","Test":"TestStrictLogsL4RecoveryOfflineSnapshotContract/executable","Elapsed":0}
{"Time":"2026-09-12T12:17:16.074085985-07:00","Action":"output","Package":"github.com/JDinSeattle/forge-runtime/scripts/faults/application","Test":"TestStrictLogsL4RecoveryOfflineSnapshotContract","Output":"--- PASS: TestStrictLogsL4RecoveryOfflineSnapshotContract (0.00s)\n"}
{"Time":"2026-09-12T12:17:16.074087802-07:00","Action":"pass","Package":"github.com/JDinSeattle/forge-runtime/scripts/faults/application","Test":"TestStrictLogsL4RecoveryOfflineSnapshotContract","Elapsed":0}
{"Time":"2026-09-12T12:17:16.074090077-07:00","Action":"run","Package":"github.com/JDinSeattle/forge-runtime/scripts/faults/application","Test":"TestStrictLogsL4RecoveryOfflineTerminalContract"}
{"Time":"2026-09-12T12:17:16.074091588-07:00","Action":"output","Package":"github.com/JDinSeattle/forge-runtime/scripts/faults/application","Test":"TestStrictLogsL4RecoveryOfflineTerminalContract","Output":"=== RUN   TestStrictLogsL4RecoveryOfflineTerminalContract\n"}
{"Time":"2026-09-12T12:17:16.074099903-07:00","Action":"run","Package":"github.com/JDinSeattle/forge-runtime/scripts/faults/application","Test":"TestStrictLogsL4RecoveryOfflineTerminalContract/deadline"}
{"Time":"2026-09-12T12:17:16.074101668-07:00","Action":"output","Package":"github.com/JDinSeattle/forge-runtime/scripts/faults/application","Test":"TestStrictLogsL4RecoveryOfflineTerminalContract/deadline","Output":"=== RUN   TestStrictLogsL4RecoveryOfflineTerminalContract/deadline\n"}
{"Time":"2026-09-12T12:17:16.074104383-07:00","Action":"output","Package":"github.com/JDinSeattle/forge-runtime/scripts/faults/application","Test":"TestStrictLogsL4RecoveryOfflineTerminalContract/deadline","Output":"--- PASS: TestStrictLogsL4RecoveryOfflineTerminalContract/deadline (0.00s)\n"}
{"Time":"2026-09-12T12:17:16.074106808-07:00","Action":"pass","Package":"github.com/JDinSeattle/forge-runtime/scripts/faults/application","Test":"TestStrictLogsL4RecoveryOfflineTerminalContract/deadline","Elapsed":0}
{"Time":"2026-09-12T12:17:16.074108578-07:00","Action":"run","Package":"github.com/JDinSeattle/forge-runtime/scripts/faults/application","Test":"TestStrictLogsL4RecoveryOfflineTerminalContract/fees"}
{"Time":"2026-09-12T12:17:16.074110122-07:00","Action":"output","Package":"github.com/JDinSeattle/forge-runtime/scripts/faults/application","Test":"TestStrictLogsL4RecoveryOfflineTerminalContract/fees","Output":"=== RUN   TestStrictLogsL4RecoveryOfflineTerminalContract/fees\n"}
{"Time":"2026-09-12T12:17:16.074113516-07:00","Action":"output","Package":"github.com/JDinSeattle/forge-runtime/scripts/faults/application","Test":"TestStrictLogsL4RecoveryOfflineTerminalContract/fees","Output":"--- PASS: TestStrictLogsL4RecoveryOfflineTerminalContract/fees (0.00s)\n"}
{"Time":"2026-09-12T12:17:16.074116011-07:00","Action":"pass","Package":"github.com/JDinSeattle/forge-runtime/scripts/faults/application","Test":"TestStrictLogsL4RecoveryOfflineTerminalContract/fees","Elapsed":0}
{"Time":"2026-09-12T12:17:16.074117794-07:00","Action":"run","Package":"github.com/JDinSeattle/forge-runtime/scripts/faults/application","Test":"TestStrictLogsL4RecoveryOfflineTerminalContract/retry"}
{"Time":"2026-09-12T12:17:16.074119402-07:00","Action":"output","Package":"github.com/JDinSeattle/forge-runtime/scripts/faults/application","Test":"TestStrictLogsL4RecoveryOfflineTerminalContract/retry","Output":"=== RUN   TestStrictLogsL4RecoveryOfflineTerminalContract/retry\n"}
{"Time":"2026-09-12T12:17:16.074122095-07:00","Action":"output","Package":"github.com/JDinSeattle/forge-runtime/scripts/faults/application","Test":"TestStrictLogsL4RecoveryOfflineTerminalContract/retry","Output":"--- PASS: TestStrictLogsL4RecoveryOfflineTerminalContract/retry (0.00s)\n"}
{"Time":"2026-09-12T12:17:16.074124531-07:00","Action":"pass","Package":"github.com/JDinSeattle/forge-runtime/scripts/faults/application","Test":"TestStrictLogsL4RecoveryOfflineTerminalContract/retry","Elapsed":0}
{"Time":"2026-09-12T12:17:16.074126254-07:00","Action":"run","Package":"github.com/JDinSeattle/forge-runtime/scripts/faults/application","Test":"TestStrictLogsL4RecoveryOfflineTerminalContract/trusted"}
{"Time":"2026-09-12T12:17:16.074127864-07:00","Action":"output","Package":"github.com/JDinSeattle/forge-runtime/scripts/faults/application","Test":"TestStrictLogsL4RecoveryOfflineTerminalContract/trusted","Output":"=== RUN   TestStrictLogsL4RecoveryOfflineTerminalContract/trusted\n"}
{"Time":"2026-09-12T12:17:16.074131428-07:00","Action":"output","Package":"github.com/JDinSeattle/forge-runtime/scripts/faults/application","Test":"TestStrictLogsL4RecoveryOfflineTerminalContract/trusted","Output":"--- PASS: TestStrictLogsL4RecoveryOfflineTerminalContract/trusted (0.00s)\n"}
{"Time":"2026-09-12T12:17:16.074134051-07:00","Action":"pass","Package":"github.com/JDinSeattle/forge-runtime/scripts/faults/application","Test":"TestStrictLogsL4RecoveryOfflineTerminalContract/trusted","Elapsed":0}
{"Time":"2026-09-12T12:17:16.074135831-07:00","Action":"run","Package":"github.com/JDinSeattle/forge-runtime/scripts/faults/application","Test":"TestStrictLogsL4RecoveryOfflineTerminalContract/unknown"}
{"Time":"2026-09-12T12:17:16.074137376-07:00","Action":"output","Package":"github.com/JDinSeattle/forge-runtime/scripts/faults/application","Test":"TestStrictLogsL4RecoveryOfflineTerminalContract/unknown","Output":"=== RUN   TestStrictLogsL4RecoveryOfflineTerminalContract/unknown\n"}
{"Time":"2026-09-12T12:17:16.074139934-07:00","Action":"output","Package":"github.com/JDinSeattle/forge-runtime/scripts/faults/application","Test":"TestStrictLogsL4RecoveryOfflineTerminalContract/unknown","Output":"--- PASS: TestStrictLogsL4RecoveryOfflineTerminalContract/unknown (0.00s)\n"}
{"Time":"2026-09-12T12:17:16.074142423-07:00","Action":"pass","Package":"github.com/JDinSeattle/forge-runtime/scripts/faults/application","Test":"TestStrictLogsL4RecoveryOfflineTerminalContract/unknown","Elapsed":0}
{"Time":"2026-09-12T12:17:16.074144563-07:00","Action":"run","Package":"github.com/JDinSeattle/forge-runtime/scripts/faults/application","Test":"TestStrictLogsL4RecoveryOfflineTerminalContract/not_terminal"}
{"Time":"2026-09-12T12:17:16.07414616-07:00","Action":"output","Package":"github.com/JDinSeattle/forge-runtime/scripts/faults/application","Test":"TestStrictLogsL4RecoveryOfflineTerminalContract/not_terminal","Output":"=== RUN   TestStrictLogsL4RecoveryOfflineTerminalContract/not_terminal\n"}
{"Time":"2026-09-12T12:17:16.07414893-07:00","Action":"output","Package":"github.com/JDinSeattle/forge-runtime/scripts/faults/application","Test":"TestStrictLogsL4RecoveryOfflineTerminalContract/not_terminal","Output":"--- PASS: TestStrictLogsL4RecoveryOfflineTerminalContract/not_terminal (0.00s)\n"}
{"Time":"2026-09-12T12:17:16.074151654-07:00","Action":"pass","Package":"github.com/JDinSeattle/forge-runtime/scripts/faults/application","Test":"TestStrictLogsL4RecoveryOfflineTerminalContract/not_terminal","Elapsed":0}
{"Time":"2026-09-12T12:17:16.07415429-07:00","Action":"output","Package":"github.com/JDinSeattle/forge-runtime/scripts/faults/application","Test":"TestStrictLogsL4RecoveryOfflineTerminalContract","Output":"--- PASS: TestStrictLogsL4RecoveryOfflineTerminalContract (0.00s)\n"}
{"Time":"2026-09-12T12:17:16.074156259-07:00","Action":"pass","Package":"github.com/JDinSeattle/forge-runtime/scripts/faults/application","Test":"TestStrictLogsL4RecoveryOfflineTerminalContract","Elapsed":0}
{"Time":"2026-09-12T12:17:16.074158856-07:00","Action":"run","Package":"github.com/JDinSeattle/forge-runtime/scripts/faults/application","Test":"TestStrictLogsL4Recovery"}
{"Time":"2026-09-12T12:17:16.074160667-07:00","Action":"output","Package":"github.com/JDinSeattle/forge-runtime/scripts/faults/application","Test":"TestStrictLogsL4Recovery","Output":"=== RUN   TestStrictLogsL4Recovery\n"}
{"Time":"2026-09-12T12:17:16.074176473-07:00","Action":"output","Package":"github.com/JDinSeattle/forge-runtime/scripts/faults/application","Test":"TestStrictLogsL4Recovery","Output":"    strict_logs_l4_recovery_test.go:117: operator-only retained L4 recovery; requires independent review and explicit dedicated fixture\n"}
{"Time":"2026-09-12T12:17:16.074184166-07:00","Action":"output","Package":"github.com/JDinSeattle/forge-runtime/scripts/faults/application","Test":"TestStrictLogsL4Recovery","Output":"--- SKIP: TestStrictLogsL4Recovery (0.00s)\n"}
{"Time":"2026-09-12T12:17:16.074186129-07:00","Action":"skip","Package":"github.com/JDinSeattle/forge-runtime/scripts/faults/application","Test":"TestStrictLogsL4Recovery","Elapsed":0}
{"Time":"2026-09-12T12:17:16.074195102-07:00","Action":"output","Package":"github.com/JDinSeattle/forge-runtime/scripts/faults/application","Output":"PASS\n"}
{"Time":"2026-09-12T12:17:16.080542923-07:00","Action":"output","Package":"github.com/JDinSeattle/forge-runtime/scripts/faults/application","Output":"ok  \tgithub.com/JDinSeattle/forge-runtime/scripts/faults/application\t0.809s\n"}
{"Time":"2026-09-12T12:17:16.080559517-07:00","Action":"pass","Package":"github.com/JDinSeattle/forge-runtime/scripts/faults/application","Elapsed":0.809}
