{"Time":"2026-09-12T12:17:18.812805905-07:00","Action":"start","Package":"github.com/JDinSeattle/forge-runtime/scripts/faults/application"}
{"Time":"2026-09-12T12:17:18.833961611-07:00","Action":"run","Package":"github.com/JDinSeattle/forge-runtime/scripts/faults/application","Test":"TestStrictLogsL4RecoverySavedInputs"}
{"Time":"2026-09-12T12:17:18.833984439-07:00","Action":"output","Package":"github.com/JDinSeattle/forge-runtime/scripts/faults/application","Test":"TestStrictLogsL4RecoverySavedInputs","Output":"=== RUN   TestStrictLogsL4RecoverySavedInputs\n"}
{"Time":"2026-09-12T12:17:24.000556764-07:00","Action":"output","Package":"github.com/JDinSeattle/forge-runtime/scripts/faults/application","Test":"TestStrictLogsL4RecoverySavedInputs","Output":"    strict_logs_l4_recovery_offline_test.go:109: 614 immutable saved nonsecret inputs verified; no live state accessed\n"}
{"Time":"2026-09-12T12:17:24.000584618-07:00","Action":"output","Package":"github.com/JDinSeattle/forge-runtime/scripts/faults/application","Test":"TestStrictLogsL4RecoverySavedInputs","Output":"--- PASS: TestStrictLogsL4RecoverySavedInputs (5.17s)\n"}
{"Time":"2026-09-12T12:17:24.000587077-07:00","Action":"pass","Package":"github.com/JDinSeattle/forge-runtime/scripts/faults/application","Test":"TestStrictLogsL4RecoverySavedInputs","Elapsed":5.17}
{"Time":"2026-09-12T12:17:24.000592748-07:00","Action":"run","Package":"github.com/JDinSeattle/forge-runtime/scripts/faults/application","Test":"TestStrictLogsL4RecoveryOfflinePriorCleanup"}
{"Time":"2026-09-12T12:17:24.000594062-07:00","Action":"output","Package":"github.com/JDinSeattle/forge-runtime/scripts/faults/application","Test":"TestStrictLogsL4RecoveryOfflinePriorCleanup","Output":"=== RUN   TestStrictLogsL4RecoveryOfflinePriorCleanup\n"}
{"Time":"2026-09-12T12:17:24.001054954-07:00","Action":"run","Package":"github.com/JDinSeattle/forge-runtime/scripts/faults/application","Test":"TestStrictLogsL4RecoveryOfflinePriorCleanup/lost_l1"}
{"Time":"2026-09-12T12:17:24.001056278-07:00","Action":"output","Package":"github.com/JDinSeattle/forge-runtime/scripts/faults/application","Test":"TestStrictLogsL4RecoveryOfflinePriorCleanup/lost_l1","Output":"=== RUN   TestStrictLogsL4RecoveryOfflinePriorCleanup/lost_l1\n"}
{"Time":"2026-09-12T12:17:24.001274724-07:00","Action":"output","Package":"github.com/JDinSeattle/forge-runtime/scripts/faults/application","Test":"TestStrictLogsL4RecoveryOfflinePriorCleanup/lost_l1","Output":"--- PASS: TestStrictLogsL4RecoveryOfflinePriorCleanup/lost_l1 (0.00s)\n"}
{"Time":"2026-09-12T12:17:24.001283234-07:00","Action":"pass","Package":"github.com/JDinSeattle/forge-runtime/scripts/faults/application","Test":"TestStrictLogsL4RecoveryOfflinePriorCleanup/lost_l1","Elapsed":0}
{"Time":"2026-09-12T12:17:24.00129172-07:00","Action":"run","Package":"github.com/JDinSeattle/forge-runtime/scripts/faults/application","Test":"TestStrictLogsL4RecoveryOfflinePriorCleanup/changed_l1"}
{"Time":"2026-09-12T12:17:24.001292937-07:00","Action":"output","Package":"github.com/JDinSeattle/forge-runtime/scripts/faults/application","Test":"TestStrictLogsL4RecoveryOfflinePriorCleanup/changed_l1","Output":"=== RUN   TestStrictLogsL4RecoveryOfflinePriorCleanup/changed_l1\n"}
{"Time":"2026-09-12T12:17:24.00155981-07:00","Action":"output","Package":"github.com/JDinSeattle/forge-runtime/scripts/faults/application","Test":"TestStrictLogsL4RecoveryOfflinePriorCleanup/changed_l1","Output":"--- PASS: TestStrictLogsL4RecoveryOfflinePriorCleanup/changed_l1 (0.00s)\n"}
{"Time":"2026-09-12T12:17:24.001566657-07:00","Action":"pass","Package":"github.com/JDinSeattle/forge-runtime/scripts/faults/application","Test":"TestStrictLogsL4RecoveryOfflinePriorCleanup/changed_l1","Elapsed":0}
{"Time":"2026-09-12T12:17:24.001575656-07:00","Action":"run","Package":"github.com/JDinSeattle/forge-runtime/scripts/faults/application","Test":"TestStrictLogsL4RecoveryOfflinePriorCleanup/unfinished_l1"}
{"Time":"2026-09-12T12:17:24.001577324-07:00","Action":"output","Package":"github.com/JDinSeattle/forge-runtime/scripts/faults/application","Test":"TestStrictLogsL4RecoveryOfflinePriorCleanup/unfinished_l1","Output":"=== RUN   TestStrictLogsL4RecoveryOfflinePriorCleanup/unfinished_l1\n"}
{"Time":"2026-09-12T12:17:24.001757767-07:00","Action":"output","Package":"github.com/JDinSeattle/forge-runtime/scripts/faults/application","Test":"TestStrictLogsL4RecoveryOfflinePriorCleanup/unfinished_l1","Output":"--- PASS: TestStrictLogsL4RecoveryOfflinePriorCleanup/unfinished_l1 (0.00s)\n"}
{"Time":"2026-09-12T12:17:24.001764366-07:00","Action":"pass","Package":"github.com/JDinSeattle/forge-runtime/scripts/faults/application","Test":"TestStrictLogsL4RecoveryOfflinePriorCleanup/unfinished_l1","Elapsed":0}
{"Time":"2026-09-12T12:17:24.001774187-07:00","Action":"run","Package":"github.com/JDinSeattle/forge-runtime/scripts/faults/application","Test":"TestStrictLogsL4RecoveryOfflinePriorCleanup/unfinished_l4"}
{"Time":"2026-09-12T12:17:24.001776119-07:00","Action":"output","Package":"github.com/JDinSeattle/forge-runtime/scripts/faults/application","Test":"TestStrictLogsL4RecoveryOfflinePriorCleanup/unfinished_l4","Output":"=== RUN   TestStrictLogsL4RecoveryOfflinePriorCleanup/unfinished_l4\n"}
{"Time":"2026-09-12T12:17:24.00195339-07:00","Action":"output","Package":"github.com/JDinSeattle/forge-runtime/scripts/faults/application","Test":"TestStrictLogsL4RecoveryOfflinePriorCleanup/unfinished_l4","Output":"--- PASS: TestStrictLogsL4RecoveryOfflinePriorCleanup/unfinished_l4 (0.00s)\n"}
{"Time":"2026-09-12T12:17:24.001958996-07:00","Action":"pass","Package":"github.com/JDinSeattle/forge-runtime/scripts/faults/application","Test":"TestStrictLogsL4RecoveryOfflinePriorCleanup/unfinished_l4","Elapsed":0}
{"Time":"2026-09-12T12:17:24.001969792-07:00","Action":"run","Package":"github.com/JDinSeattle/forge-runtime/scripts/faults/application","Test":"TestStrictLogsL4RecoveryOfflinePriorCleanup/missing_target"}
{"Time":"2026-09-12T12:17:24.001970895-07:00","Action":"output","Package":"github.com/JDinSeattle/forge-runtime/scripts/faults/application","Test":"TestStrictLogsL4RecoveryOfflinePriorCleanup/missing_target","Output":"=== RUN   TestStrictLogsL4RecoveryOfflinePriorCleanup/missing_target\n"}
{"Time":"2026-09-12T12:17:24.002204644-07:00","Action":"output","Package":"github.com/JDinSeattle/forge-runtime/scripts/faults/application","Test":"TestStrictLogsL4RecoveryOfflinePriorCleanup/missing_target","Output":"--- PASS: TestStrictLogsL4RecoveryOfflinePriorCleanup/missing_target (0.00s)\n"}
{"Time":"2026-09-12T12:17:24.002210523-07:00","Action":"pass","Package":"github.com/JDinSeattle/forge-runtime/scripts/faults/application","Test":"TestStrictLogsL4RecoveryOfflinePriorCleanup/missing_target","Elapsed":0}
{"Time":"2026-09-12T12:17:24.002219314-07:00","Action":"run","Package":"github.com/JDinSeattle/forge-runtime/scripts/faults/application","Test":"TestStrictLogsL4RecoveryOfflinePriorCleanup/duplicate_target"}
{"Time":"2026-09-12T12:17:24.002220397-07:00","Action":"output","Package":"github.com/JDinSeattle/forge-runtime/scripts/faults/application","Test":"TestStrictLogsL4RecoveryOfflinePriorCleanup/duplicate_target","Output":"=== RUN   TestStrictLogsL4RecoveryOfflinePriorCleanup/duplicate_target\n"}
{"Time":"2026-09-12T12:17:24.00252841-07:00","Action":"output","Package":"github.com/JDinSeattle/forge-runtime/scripts/faults/application","Test":"TestStrictLogsL4RecoveryOfflinePriorCleanup/duplicate_target","Output":"--- PASS: TestStrictLogsL4RecoveryOfflinePriorCleanup/duplicate_target (0.00s)\n"}
{"Time":"2026-09-12T12:17:24.002533177-07:00","Action":"pass","Package":"github.com/JDinSeattle/forge-runtime/scripts/faults/application","Test":"TestStrictLogsL4RecoveryOfflinePriorCleanup/duplicate_target","Elapsed":0}
{"Time":"2026-09-12T12:17:24.002542317-07:00","Action":"run","Package":"github.com/JDinSeattle/forge-runtime/scripts/faults/application","Test":"TestStrictLogsL4RecoveryOfflinePriorCleanup/wrong_target"}
{"Time":"2026-09-12T12:17:24.002543407-07:00","Action":"output","Package":"github.com/JDinSeattle/forge-runtime/scripts/faults/application","Test":"TestStrictLogsL4RecoveryOfflinePriorCleanup/wrong_target","Output":"=== RUN   TestStrictLogsL4RecoveryOfflinePriorCleanup/wrong_target\n"}
{"Time":"2026-09-12T12:17:24.002858219-07:00","Action":"output","Package":"github.com/JDinSeattle/forge-runtime/scripts/faults/application","Test":"TestStrictLogsL4RecoveryOfflinePriorCleanup/wrong_target","Output":"--- PASS: TestStrictLogsL4RecoveryOfflinePriorCleanup/wrong_target (0.00s)\n"}
{"Time":"2026-09-12T12:17:24.002864384-07:00","Action":"pass","Package":"github.com/JDinSeattle/forge-runtime/scripts/faults/application","Test":"TestStrictLogsL4RecoveryOfflinePriorCleanup/wrong_target","Elapsed":0}
{"Time":"2026-09-12T12:17:24.002872254-07:00","Action":"run","Package":"github.com/JDinSeattle/forge-runtime/scripts/faults/application","Test":"TestStrictLogsL4RecoveryOfflinePriorCleanup/missing_snapshot"}
{"Time":"2026-09-12T12:17:24.002873383-07:00","Action":"output","Package":"github.com/JDinSeattle/forge-runtime/scripts/faults/application","Test":"TestStrictLogsL4RecoveryOfflinePriorCleanup/missing_snapshot","Output":"=== RUN   TestStrictLogsL4RecoveryOfflinePriorCleanup/missing_snapshot\n"}
{"Time":"2026-09-12T12:17:24.003054248-07:00","Action":"output","Package":"github.com/JDinSeattle/forge-runtime/scripts/faults/application","Test":"TestStrictLogsL4RecoveryOfflinePriorCleanup/missing_snapshot","Output":"--- PASS: TestStrictLogsL4RecoveryOfflinePriorCleanup/missing_snapshot (0.00s)\n"}
{"Time":"2026-09-12T12:17:24.003060286-07:00","Action":"pass","Package":"github.com/JDinSeattle/forge-runtime/scripts/faults/application","Test":"TestStrictLogsL4RecoveryOfflinePriorCleanup/missing_snapshot","Elapsed":0}
{"Time":"2026-09-12T12:17:24.003071473-07:00","Action":"output","Package":"github.com/JDinSeattle/forge-runtime/scripts/faults/application","Test":"TestStrictLogsL4RecoveryOfflinePriorCleanup","Output":"--- PASS: TestStrictLogsL4RecoveryOfflinePriorCleanup (0.00s)\n"}
{"Time":"2026-09-12T12:17:24.003078303-07:00","Action":"pass","Package":"github.com/JDinSeattle/forge-runtime/scripts/faults/application","Test":"TestStrictLogsL4RecoveryOfflinePriorCleanup","Elapsed":0}
{"Time":"2026-09-12T12:17:24.003086625-07:00","Action":"run","Package":"github.com/JDinSeattle/forge-runtime/scripts/faults/application","Test":"TestStrictLogsL4RecoveryOfflineLeaseProjection"}
{"Time":"2026-09-12T12:17:24.003087711-07:00","Action":"output","Package":"github.com/JDinSeattle/forge-runtime/scripts/faults/application","Test":"TestStrictLogsL4RecoveryOfflineLeaseProjection","Output":"=== RUN   TestStrictLogsL4RecoveryOfflineLeaseProjection\n"}
{"Time":"2026-09-12T12:17:24.003404384-07:00","Action":"run","Package":"github.com/JDinSeattle/forge-runtime/scripts/faults/application","Test":"TestStrictLogsL4RecoveryOfflineLeaseProjection/sql_until"}
{"Time":"2026-09-12T12:17:24.003405499-07:00","Action":"output","Package":"github.com/JDinSeattle/forge-runtime/scripts/faults/application","Test":"TestStrictLogsL4RecoveryOfflineLeaseProjection/sql_until","Output":"=== RUN   TestStrictLogsL4RecoveryOfflineLeaseProjection/sql_until\n"}
{"Time":"2026-09-12T12:17:24.003428303-07:00","Action":"output","Package":"github.com/JDinSeattle/forge-runtime/scripts/faults/application","Test":"TestStrictLogsL4RecoveryOfflineLeaseProjection/sql_until","Output":"--- PASS: TestStrictLogsL4RecoveryOfflineLeaseProjection/sql_until (0.00s)\n"}
{"Time":"2026-09-12T12:17:24.003434104-07:00","Action":"pass","Package":"github.com/JDinSeattle/forge-runtime/scripts/faults/application","Test":"TestStrictLogsL4RecoveryOfflineLeaseProjection/sql_until","Elapsed":0}
{"Time":"2026-09-12T12:17:24.003441716-07:00","Action":"run","Package":"github.com/JDinSeattle/forge-runtime/scripts/faults/application","Test":"TestStrictLogsL4RecoveryOfflineLeaseProjection/snapshot_cost"}
{"Time":"2026-09-12T12:17:24.003442828-07:00","Action":"output","Package":"github.com/JDinSeattle/forge-runtime/scripts/faults/application","Test":"TestStrictLogsL4RecoveryOfflineLeaseProjection/snapshot_cost","Output":"=== RUN   TestStrictLogsL4RecoveryOfflineLeaseProjection/snapshot_cost\n"}
{"Time":"2026-09-12T12:17:24.003732551-07:00","Action":"output","Package":"github.com/JDinSeattle/forge-runtime/scripts/faults/application","Test":"TestStrictLogsL4RecoveryOfflineLeaseProjection/snapshot_cost","Output":"--- PASS: TestStrictLogsL4RecoveryOfflineLeaseProjection/snapshot_cost (0.00s)\n"}
{"Time":"2026-09-12T12:17:24.003738955-07:00","Action":"pass","Package":"github.com/JDinSeattle/forge-runtime/scripts/faults/application","Test":"TestStrictLogsL4RecoveryOfflineLeaseProjection/snapshot_cost","Elapsed":0}
{"Time":"2026-09-12T12:17:24.003746724-07:00","Action":"run","Package":"github.com/JDinSeattle/forge-runtime/scripts/faults/application","Test":"TestStrictLogsL4RecoveryOfflineLeaseProjection/snapshot_deadline"}
{"Time":"2026-09-12T12:17:24.003747842-07:00","Action":"output","Package":"github.com/JDinSeattle/forge-runtime/scripts/faults/application","Test":"TestStrictLogsL4RecoveryOfflineLeaseProjection/snapshot_deadline","Output":"=== RUN   TestStrictLogsL4RecoveryOfflineLeaseProjection/snapshot_deadline\n"}
{"Time":"2026-09-12T12:17:24.004058774-07:00","Action":"output","Package":"github.com/JDinSeattle/forge-runtime/scripts/faults/application","Test":"TestStrictLogsL4RecoveryOfflineLeaseProjection/snapshot_deadline","Output":"--- PASS: TestStrictLogsL4RecoveryOfflineLeaseProjection/snapshot_deadline (0.00s)\n"}
{"Time":"2026-09-12T12:17:24.004065791-07:00","Action":"pass","Package":"github.com/JDinSeattle/forge-runtime/scripts/faults/application","Test":"TestStrictLogsL4RecoveryOfflineLeaseProjection/snapshot_deadline","Elapsed":0}
{"Time":"2026-09-12T12:17:24.004074441-07:00","Action":"run","Package":"github.com/JDinSeattle/forge-runtime/scripts/faults/application","Test":"TestStrictLogsL4RecoveryOfflineLeaseProjection/owner"}
{"Time":"2026-09-12T12:17:24.004075849-07:00","Action":"output","Package":"github.com/JDinSeattle/forge-runtime/scripts/faults/application","Test":"TestStrictLogsL4RecoveryOfflineLeaseProjection/owner","Output":"=== RUN   TestStrictLogsL4RecoveryOfflineLeaseProjection/owner\n"}
{"Time":"2026-09-12T12:17:24.004095008-07:00","Action":"output","Package":"github.com/JDinSeattle/forge-runtime/scripts/faults/application","Test":"TestStrictLogsL4RecoveryOfflineLeaseProjection/owner","Output":"--- PASS: TestStrictLogsL4RecoveryOfflineLeaseProjection/owner (0.00s)\n"}
{"Time":"2026-09-12T12:17:24.004100285-07:00","Action":"pass","Package":"github.com/JDinSeattle/forge-runtime/scripts/faults/application","Test":"TestStrictLogsL4RecoveryOfflineLeaseProjection/owner","Elapsed":0}
{"Time":"2026-09-12T12:17:24.004106312-07:00","Action":"run","Package":"github.com/JDinSeattle/forge-runtime/scripts/faults/application","Test":"TestStrictLogsL4RecoveryOfflineLeaseProjection/epoch"}
{"Time":"2026-09-12T12:17:24.004107395-07:00","Action":"output","Package":"github.com/JDinSeattle/forge-runtime/scripts/faults/application","Test":"TestStrictLogsL4RecoveryOfflineLeaseProjection/epoch","Output":"=== RUN   TestStrictLogsL4RecoveryOfflineLeaseProjection/epoch\n"}
{"Time":"2026-09-12T12:17:24.004120304-07:00","Action":"output","Package":"github.com/JDinSeattle/forge-runtime/scripts/faults/application","Test":"TestStrictLogsL4RecoveryOfflineLeaseProjection/epoch","Output":"--- PASS: TestStrictLogsL4RecoveryOfflineLeaseProjection/epoch (0.00s)\n"}
{"Time":"2026-09-12T12:17:24.004124942-07:00","Action":"pass","Package":"github.com/JDinSeattle/forge-runtime/scripts/faults/application","Test":"TestStrictLogsL4RecoveryOfflineLeaseProjection/epoch","Elapsed":0}
{"Time":"2026-09-12T12:17:24.004593066-07:00","Action":"run","Package":"github.com/JDinSeattle/forge-runtime/scripts/faults/application","Test":"TestStrictLogsL4RecoveryOfflineLeaseProjection/schema_oid"}
{"Time":"2026-09-12T12:17:24.004594262-07:00","Action":"output","Package":"github.com/JDinSeattle/forge-runtime/scripts/faults/application","Test":"TestStrictLogsL4RecoveryOfflineLeaseProjection/schema_oid","Output":"=== RUN   TestStrictLogsL4RecoveryOfflineLeaseProjection/schema_oid\n"}
{"Time":"2026-09-12T12:17:24.00480517-07:00","Action":"output","Package":"github.com/JDinSeattle/forge-runtime/scripts/faults/application","Test":"TestStrictLogsL4RecoveryOfflineLeaseProjection/schema_oid","Output":"--- PASS: TestStrictLogsL4RecoveryOfflineLeaseProjection/schema_oid (0.00s)\n"}
{"Time":"2026-09-12T12:17:24.004811229-07:00","Action":"pass","Package":"github.com/JDinSeattle/forge-runtime/scripts/faults/application","Test":"TestStrictLogsL4RecoveryOfflineLeaseProjection/schema_oid","Elapsed":0}
{"Time":"2026-09-12T12:17:24.004820275-07:00","Action":"run","Package":"github.com/JDinSeattle/forge-runtime/scripts/faults/application","Test":"TestStrictLogsL4RecoveryOfflineLeaseProjection/replacement_until"}
{"Time":"2026-09-12T12:17:24.004821365-07:00","Action":"output","Package":"github.com/JDinSeattle/forge-runtime/scripts/faults/application","Test":"TestStrictLogsL4RecoveryOfflineLeaseProjection/replacement_until","Output":"=== RUN   TestStrictLogsL4RecoveryOfflineLeaseProjection/replacement_until\n"}
{"Time":"2026-09-12T12:17:24.005282316-07:00","Action":"output","Package":"github.com/JDinSeattle/forge-runtime/scripts/faults/application","Test":"TestStrictLogsL4RecoveryOfflineLeaseProjection/replacement_until","Output":"--- PASS: TestStrictLogsL4RecoveryOfflineLeaseProjection/replacement_until (0.00s)\n"}
{"Time":"2026-09-12T12:17:24.005285017-07:00","Action":"pass","Package":"github.com/JDinSeattle/forge-runtime/scripts/faults/application","Test":"TestStrictLogsL4RecoveryOfflineLeaseProjection/replacement_until","Elapsed":0}
{"Time":"2026-09-12T12:17:24.005293472-07:00","Action":"run","Package":"github.com/JDinSeattle/forge-runtime/scripts/faults/application","Test":"TestStrictLogsL4RecoveryOfflineLeaseProjection/raw_snapshot"}
{"Time":"2026-09-12T12:17:24.005294519-07:00","Action":"output","Package":"github.com/JDinSeattle/forge-runtime/scripts/faults/application","Test":"TestStrictLogsL4RecoveryOfflineLeaseProjection/raw_snapshot","Output":"=== RUN   TestStrictLogsL4RecoveryOfflineLeaseProjection/raw_snapshot\n"}
{"Time":"2026-09-12T12:17:24.005589832-07:00","Action":"output","Package":"github.com/JDinSeattle/forge-runtime/scripts/faults/application","Test":"TestStrictLogsL4RecoveryOfflineLeaseProjection/raw_snapshot","Output":"--- PASS: TestStrictLogsL4RecoveryOfflineLeaseProjection/raw_snapshot (0.00s)\n"}
{"Time":"2026-09-12T12:17:24.005596188-07:00","Action":"pass","Package":"github.com/JDinSeattle/forge-runtime/scripts/faults/application","Test":"TestStrictLogsL4RecoveryOfflineLeaseProjection/raw_snapshot","Elapsed":0}
{"Time":"2026-09-12T12:17:24.005604947-07:00","Action":"run","Package":"github.com/JDinSeattle/forge-runtime/scripts/faults/application","Test":"TestStrictLogsL4RecoveryOfflineLeaseProjection/missing"}
{"Time":"2026-09-12T12:17:24.005605998-07:00","Action":"output","Package":"github.com/JDinSeattle/forge-runtime/scripts/faults/application","Test":"TestStrictLogsL4RecoveryOfflineLeaseProjection/missing","Output":"=== RUN   TestStrictLogsL4RecoveryOfflineLeaseProjection/missing\n"}
{"Time":"2026-09-12T12:17:24.005731191-07:00","Action":"output","Package":"github.com/JDinSeattle/forge-runtime/scripts/faults/application","Test":"TestStrictLogsL4RecoveryOfflineLeaseProjection/missing","Output":"--- PASS: TestStrictLogsL4RecoveryOfflineLeaseProjection/missing (0.00s)\n"}
{"Time":"2026-09-12T12:17:24.005737253-07:00","Action":"pass","Package":"github.com/JDinSeattle/forge-runtime/scripts/faults/application","Test":"TestStrictLogsL4RecoveryOfflineLeaseProjection/missing","Elapsed":0}
{"Time":"2026-09-12T12:17:24.005744196-07:00","Action":"run","Package":"github.com/JDinSeattle/forge-runtime/scripts/faults/application","Test":"TestStrictLogsL4RecoveryOfflineLeaseProjection/duplicate"}
{"Time":"2026-09-12T12:17:24.005745297-07:00","Action":"output","Package":"github.com/JDinSeattle/forge-runtime/scripts/faults/application","Test":"TestStrictLogsL4RecoveryOfflineLeaseProjection/duplicate","Output":"=== RUN   TestStrictLogsL4RecoveryOfflineLeaseProjection/duplicate\n"}
{"Time":"2026-09-12T12:17:24.006527024-07:00","Action":"output","Package":"github.com/JDinSeattle/forge-runtime/scripts/faults/application","Test":"TestStrictLogsL4RecoveryOfflineLeaseProjection/duplicate","Output":"--- PASS: TestStrictLogsL4RecoveryOfflineLeaseProjection/duplicate (0.00s)\n"}
{"Time":"2026-09-12T12:17:24.006533873-07:00","Action":"pass","Package":"github.com/JDinSeattle/forge-runtime/scripts/faults/application","Test":"TestStrictLogsL4RecoveryOfflineLeaseProjection/duplicate","Elapsed":0}
{"Time":"2026-09-12T12:17:24.006544926-07:00","Action":"output","Package":"github.com/JDinSeattle/forge-runtime/scripts/faults/application","Test":"TestStrictLogsL4RecoveryOfflineLeaseProjection","Output":"--- PASS: TestStrictLogsL4RecoveryOfflineLeaseProjection (0.00s)\n"}
{"Time":"2026-09-12T12:17:24.006551561-07:00","Action":"pass","Package":"github.com/JDinSeattle/forge-runtime/scripts/faults/application","Test":"TestStrictLogsL4RecoveryOfflineLeaseProjection","Elapsed":0}
{"Time":"2026-09-12T12:17:24.006560392-07:00","Action":"run","Package":"github.com/JDinSeattle/forge-runtime/scripts/faults/application","Test":"TestStrictLogsL4RecoveryOfflinePressureArchive"}
{"Time":"2026-09-12T12:17:24.006561465-07:00","Action":"output","Package":"github.com/JDinSeattle/forge-runtime/scripts/faults/application","Test":"TestStrictLogsL4RecoveryOfflinePressureArchive","Output":"=== RUN   TestStrictLogsL4RecoveryOfflinePressureArchive\n"}
{"Time":"2026-09-12T12:17:24.045051447-07:00","Action":"output","Package":"github.com/JDinSeattle/forge-runtime/scripts/faults/application","Test":"TestStrictLogsL4RecoveryOfflinePressureArchive","Output":"--- PASS: TestStrictLogsL4RecoveryOfflinePressureArchive (0.04s)\n"}
{"Time":"2026-09-12T12:17:24.045068811-07:00","Action":"pass","Package":"github.com/JDinSeattle/forge-runtime/scripts/faults/application","Test":"TestStrictLogsL4RecoveryOfflinePressureArchive","Elapsed":0.04}
{"Time":"2026-09-12T12:17:24.045072068-07:00","Action":"run","Package":"github.com/JDinSeattle/forge-runtime/scripts/faults/application","Test":"TestStrictLogsL4RecoveryOfflinePressureRefusals"}
{"Time":"2026-09-12T12:17:24.045073189-07:00","Action":"output","Package":"github.com/JDinSeattle/forge-runtime/scripts/faults/application","Test":"TestStrictLogsL4RecoveryOfflinePressureRefusals","Output":"=== RUN   TestStrictLogsL4RecoveryOfflinePressureRefusals\n"}
{"Time":"2026-09-12T12:17:24.045097115-07:00","Action":"run","Package":"github.com/JDinSeattle/forge-runtime/scripts/faults/application","Test":"TestStrictLogsL4RecoveryOfflinePressureRefusals/inode"}
{"Time":"2026-09-12T12:17:24.045098238-07:00","Action":"output","Package":"github.com/JDinSeattle/forge-runtime/scripts/faults/application","Test":"TestStrictLogsL4RecoveryOfflinePressureRefusals/inode","Output":"=== RUN   TestStrictLogsL4RecoveryOfflinePressureRefusals/inode\n"}
{"Time":"2026-09-12T12:17:24.045515463-07:00","Action":"output","Package":"github.com/JDinSeattle/forge-runtime/scripts/faults/application","Test":"TestStrictLogsL4RecoveryOfflinePressureRefusals/inode","Output":"--- PASS: TestStrictLogsL4RecoveryOfflinePressureRefusals/inode (0.00s)\n"}
{"Time":"2026-09-12T12:17:24.045518102-07:00","Action":"pass","Package":"github.com/JDinSeattle/forge-runtime/scripts/faults/application","Test":"TestStrictLogsL4RecoveryOfflinePressureRefusals/inode","Elapsed":0}
{"Time":"2026-09-12T12:17:24.045531036-07:00","Action":"run","Package":"github.com/JDinSeattle/forge-runtime/scripts/faults/application","Test":"TestStrictLogsL4RecoveryOfflinePressureRefusals/device"}
{"Time":"2026-09-12T12:17:24.045532138-07:00","Action":"output","Package":"github.com/JDinSeattle/forge-runtime/scripts/faults/application","Test":"TestStrictLogsL4RecoveryOfflinePressureRefusals/device","Output":"=== RUN   TestStrictLogsL4RecoveryOfflinePressureRefusals/device\n"}
{"Time":"2026-09-12T12:17:24.045888414-07:00","Action":"output","Package":"github.com/JDinSeattle/forge-runtime/scripts/faults/application","Test":"TestStrictLogsL4RecoveryOfflinePressureRefusals/device","Output":"--- PASS: TestStrictLogsL4RecoveryOfflinePressureRefusals/device (0.00s)\n"}
{"Time":"2026-09-12T12:17:24.045896916-07:00","Action":"pass","Package":"github.com/JDinSeattle/forge-runtime/scripts/faults/application","Test":"TestStrictLogsL4RecoveryOfflinePressureRefusals/device","Elapsed":0}
{"Time":"2026-09-12T12:17:24.045908367-07:00","Action":"run","Package":"github.com/JDinSeattle/forge-runtime/scripts/faults/application","Test":"TestStrictLogsL4RecoveryOfflinePressureRefusals/uid"}
{"Time":"2026-09-12T12:17:24.045909494-07:00","Action":"output","Package":"github.com/JDinSeattle/forge-runtime/scripts/faults/application","Test":"TestStrictLogsL4RecoveryOfflinePressureRefusals/uid","Output":"=== RUN   TestStrictLogsL4RecoveryOfflinePressureRefusals/uid\n"}
{"Time":"2026-09-12T12:17:24.046245994-07:00","Action":"output","Package":"github.com/JDinSeattle/forge-runtime/scripts/faults/application","Test":"TestStrictLogsL4RecoveryOfflinePressureRefusals/uid","Output":"--- PASS: TestStrictLogsL4RecoveryOfflinePressureRefusals/uid (0.00s)\n"}
{"Time":"2026-09-12T12:17:24.046252719-07:00","Action":"pass","Package":"github.com/JDinSeattle/forge-runtime/scripts/faults/application","Test":"TestStrictLogsL4RecoveryOfflinePressureRefusals/uid","Elapsed":0}
{"Time":"2026-09-12T12:17:24.046262461-07:00","Action":"run","Package":"github.com/JDinSeattle/forge-runtime/scripts/faults/application","Test":"TestStrictLogsL4RecoveryOfflinePressureRefusals/size"}
{"Time":"2026-09-12T12:17:24.046263565-07:00","Action":"output","Package":"github.com/JDinSeattle/forge-runtime/scripts/faults/application","Test":"TestStrictLogsL4RecoveryOfflinePressureRefusals/size","Output":"=== RUN   TestStrictLogsL4RecoveryOfflinePressureRefusals/size\n"}
{"Time":"2026-09-12T12:17:24.046600459-07:00","Action":"output","Package":"github.com/JDinSeattle/forge-runtime/scripts/faults/application","Test":"TestStrictLogsL4RecoveryOfflinePressureRefusals/size","Output":"--- PASS: TestStrictLogsL4RecoveryOfflinePressureRefusals/size (0.00s)\n"}
{"Time":"2026-09-12T12:17:24.046606953-07:00","Action":"pass","Package":"github.com/JDinSeattle/forge-runtime/scripts/faults/application","Test":"TestStrictLogsL4RecoveryOfflinePressureRefusals/size","Elapsed":0}
{"Time":"2026-09-12T12:17:24.046619187-07:00","Action":"run","Package":"github.com/JDinSeattle/forge-runtime/scripts/faults/application","Test":"TestStrictLogsL4RecoveryOfflinePressureRefusals/content"}
{"Time":"2026-09-12T12:17:24.046620305-07:00","Action":"output","Package":"github.com/JDinSeattle/forge-runtime/scripts/faults/application","Test":"TestStrictLogsL4RecoveryOfflinePressureRefusals/content","Output":"=== RUN   TestStrictLogsL4RecoveryOfflinePressureRefusals/content\n"}
{"Time":"2026-09-12T12:17:24.047726631-07:00","Action":"output","Package":"github.com/JDinSeattle/forge-runtime/scripts/faults/application","Test":"TestStrictLogsL4RecoveryOfflinePressureRefusals/content","Output":"--- PASS: TestStrictLogsL4RecoveryOfflinePressureRefusals/content (0.00s)\n"}
{"Time":"2026-09-12T12:17:24.047734365-07:00","Action":"pass","Package":"github.com/JDinSeattle/forge-runtime/scripts/faults/application","Test":"TestStrictLogsL4RecoveryOfflinePressureRefusals/content","Elapsed":0}
{"Time":"2026-09-12T12:17:24.047745179-07:00","Action":"run","Package":"github.com/JDinSeattle/forge-runtime/scripts/faults/application","Test":"TestStrictLogsL4RecoveryOfflinePressureRefusals/hardlink"}
{"Time":"2026-09-12T12:17:24.047746374-07:00","Action":"output","Package":"github.com/JDinSeattle/forge-runtime/scripts/faults/application","Test":"TestStrictLogsL4RecoveryOfflinePressureRefusals/hardlink","Output":"=== RUN   TestStrictLogsL4RecoveryOfflinePressureRefusals/hardlink\n"}
{"Time":"2026-09-12T12:17:24.048096251-07:00","Action":"output","Package":"github.com/JDinSeattle/forge-runtime/scripts/faults/application","Test":"TestStrictLogsL4RecoveryOfflinePressureRefusals/hardlink","Output":"--- PASS: TestStrictLogsL4RecoveryOfflinePressureRefusals/hardlink (0.00s)\n"}
{"Time":"2026-09-12T12:17:24.048103815-07:00","Action":"pass","Package":"github.com/JDinSeattle/forge-runtime/scripts/faults/application","Test":"TestStrictLogsL4RecoveryOfflinePressureRefusals/hardlink","Elapsed":0}
{"Time":"2026-09-12T12:17:24.048115986-07:00","Action":"run","Package":"github.com/JDinSeattle/forge-runtime/scripts/faults/application","Test":"TestStrictLogsL4RecoveryOfflinePressureRefusals/file_symlink"}
{"Time":"2026-09-12T12:17:24.048117099-07:00","Action":"output","Package":"github.com/JDinSeattle/forge-runtime/scripts/faults/application","Test":"TestStrictLogsL4RecoveryOfflinePressureRefusals/file_symlink","Output":"=== RUN   TestStrictLogsL4RecoveryOfflinePressureRefusals/file_symlink\n"}
{"Time":"2026-09-12T12:17:24.048495337-07:00","Action":"output","Package":"github.com/JDinSeattle/forge-runtime/scripts/faults/application","Test":"TestStrictLogsL4RecoveryOfflinePressureRefusals/file_symlink","Output":"--- PASS: TestStrictLogsL4RecoveryOfflinePressureRefusals/file_symlink (0.00s)\n"}
{"Time":"2026-09-12T12:17:24.048502466-07:00","Action":"pass","Package":"github.com/JDinSeattle/forge-runtime/scripts/faults/application","Test":"TestStrictLogsL4RecoveryOfflinePressureRefusals/file_symlink","Elapsed":0}
{"Time":"2026-09-12T12:17:24.048511166-07:00","Action":"run","Package":"github.com/JDinSeattle/forge-runtime/scripts/faults/application","Test":"TestStrictLogsL4RecoveryOfflinePressureRefusals/ancestor_symlink"}
{"Time":"2026-09-12T12:17:24.048512235-07:00","Action":"output","Package":"github.com/JDinSeattle/forge-runtime/scripts/faults/application","Test":"TestStrictLogsL4RecoveryOfflinePressureRefusals/ancestor_symlink","Output":"=== RUN   TestStrictLogsL4RecoveryOfflinePressureRefusals/ancestor_symlink\n"}
{"Time":"2026-09-12T12:17:24.048904398-07:00","Action":"output","Package":"github.com/JDinSeattle/forge-runtime/scripts/faults/application","Test":"TestStrictLogsL4RecoveryOfflinePressureRefusals/ancestor_symlink","Output":"--- PASS: TestStrictLogsL4RecoveryOfflinePressureRefusals/ancestor_symlink (0.00s)\n"}
{"Time":"2026-09-12T12:17:24.048911669-07:00","Action":"pass","Package":"github.com/JDinSeattle/forge-runtime/scripts/faults/application","Test":"TestStrictLogsL4RecoveryOfflinePressureRefusals/ancestor_symlink","Elapsed":0}
{"Time":"2026-09-12T12:17:24.048920193-07:00","Action":"run","Package":"github.com/JDinSeattle/forge-runtime/scripts/faults/application","Test":"TestStrictLogsL4RecoveryOfflinePressureRefusals/corrupt_archive"}
{"Time":"2026-09-12T12:17:24.04892124-07:00","Action":"output","Package":"github.com/JDinSeattle/forge-runtime/scripts/faults/application","Test":"TestStrictLogsL4RecoveryOfflinePressureRefusals/corrupt_archive","Output":"=== RUN   TestStrictLogsL4RecoveryOfflinePressureRefusals/corrupt_archive\n"}
{"Time":"2026-09-12T12:17:24.075457732-07:00","Action":"output","Package":"github.com/JDinSeattle/forge-runtime/scripts/faults/application","Test":"TestStrictLogsL4RecoveryOfflinePressureRefusals/corrupt_archive","Output":"--- PASS: TestStrictLogsL4RecoveryOfflinePressureRefusals/corrupt_archive (0.03s)\n"}
{"Time":"2026-09-12T12:17:24.07547204-07:00","Action":"pass","Package":"github.com/JDinSeattle/forge-runtime/scripts/faults/application","Test":"TestStrictLogsL4RecoveryOfflinePressureRefusals/corrupt_archive","Elapsed":0.03}
{"Time":"2026-09-12T12:17:24.07548325-07:00","Action":"run","Package":"github.com/JDinSeattle/forge-runtime/scripts/faults/application","Test":"TestStrictLogsL4RecoveryOfflinePressureRefusals/changed_after_archive"}
{"Time":"2026-09-12T12:17:24.075484873-07:00","Action":"output","Package":"github.com/JDinSeattle/forge-runtime/scripts/faults/application","Test":"TestStrictLogsL4RecoveryOfflinePressureRefusals/changed_after_archive","Output":"=== RUN   TestStrictLogsL4RecoveryOfflinePressureRefusals/changed_after_archive\n"}
{"Time":"2026-09-12T12:17:24.105116417-07:00","Action":"output","Package":"github.com/JDinSeattle/forge-runtime/scripts/faults/application","Test":"TestStrictLogsL4RecoveryOfflinePressureRefusals/changed_after_archive","Output":"--- PASS: TestStrictLogsL4RecoveryOfflinePressureRefusals/changed_after_archive (0.03s)\n"}
{"Time":"2026-09-12T12:17:24.105142913-07:00","Action":"pass","Package":"github.com/JDinSeattle/forge-runtime/scripts/faults/application","Test":"TestStrictLogsL4RecoveryOfflinePressureRefusals/changed_after_archive","Elapsed":0.03}
{"Time":"2026-09-12T12:17:24.105156945-07:00","Action":"run","Package":"github.com/JDinSeattle/forge-runtime/scripts/faults/application","Test":"TestStrictLogsL4RecoveryOfflinePressureRefusals/replaced_after_archive"}
{"Time":"2026-09-12T12:17:24.105159939-07:00","Action":"output","Package":"github.com/JDinSeattle/forge-runtime/scripts/faults/application","Test":"TestStrictLogsL4RecoveryOfflinePressureRefusals/replaced_after_archive","Output":"=== RUN   TestStrictLogsL4RecoveryOfflinePressureRefusals/replaced_after_archive\n"}
{"Time":"2026-09-12T12:17:24.13570942-07:00","Action":"output","Package":"github.com/JDinSeattle/forge-runtime/scripts/faults/application","Test":"TestStrictLogsL4RecoveryOfflinePressureRefusals/replaced_after_archive","Output":"--- PASS: TestStrictLogsL4RecoveryOfflinePressureRefusals/replaced_after_archive (0.03s)\n"}
{"Time":"2026-09-12T12:17:24.135734418-07:00","Action":"pass","Package":"github.com/JDinSeattle/forge-runtime/scripts/faults/application","Test":"TestStrictLogsL4RecoveryOfflinePressureRefusals/replaced_after_archive","Elapsed":0.03}
{"Time":"2026-09-12T12:17:24.135742742-07:00","Action":"run","Package":"github.com/JDinSeattle/forge-runtime/scripts/faults/application","Test":"TestStrictLogsL4RecoveryOfflinePressureRefusals/partial_archive"}
{"Time":"2026-09-12T12:17:24.135744765-07:00","Action":"output","Package":"github.com/JDinSeattle/forge-runtime/scripts/faults/application","Test":"TestStrictLogsL4RecoveryOfflinePressureRefusals/partial_archive","Output":"=== RUN   TestStrictLogsL4RecoveryOfflinePressureRefusals/partial_archive\n"}
{"Time":"2026-09-12T12:17:24.136378384-07:00","Action":"output","Package":"github.com/JDinSeattle/forge-runtime/scripts/faults/application","Test":"TestStrictLogsL4RecoveryOfflinePressureRefusals/partial_archive","Output":"--- PASS: TestStrictLogsL4RecoveryOfflinePressureRefusals/partial_archive (0.00s)\n"}
{"Time":"2026-09-12T12:17:24.136391913-07:00","Action":"pass","Package":"github.com/JDinSeattle/forge-runtime/scripts/faults/application","Test":"TestStrictLogsL4RecoveryOfflinePressureRefusals/partial_archive","Elapsed":0}
{"Time":"2026-09-12T12:17:24.136414775-07:00","Action":"run","Package":"github.com/JDinSeattle/forge-runtime/scripts/faults/application","Test":"TestStrictLogsL4RecoveryOfflinePressureRefusals/wrong_name"}
{"Time":"2026-09-12T12:17:24.136416786-07:00","Action":"output","Package":"github.com/JDinSeattle/forge-runtime/scripts/faults/application","Test":"TestStrictLogsL4RecoveryOfflinePressureRefusals/wrong_name","Output":"=== RUN   TestStrictLogsL4RecoveryOfflinePressureRefusals/wrong_name\n"}
{"Time":"2026-09-12T12:17:24.136917867-07:00","Action":"output","Package":"github.com/JDinSeattle/forge-runtime/scripts/faults/application","Test":"TestStrictLogsL4RecoveryOfflinePressureRefusals/wrong_name","Output":"--- PASS: TestStrictLogsL4RecoveryOfflinePressureRefusals/wrong_name (0.00s)\n"}
{"Time":"2026-09-12T12:17:24.136929967-07:00","Action":"pass","Package":"github.com/JDinSeattle/forge-runtime/scripts/faults/application","Test":"TestStrictLogsL4RecoveryOfflinePressureRefusals/wrong_name","Elapsed":0}
{"Time":"2026-09-12T12:17:24.136947007-07:00","Action":"output","Package":"github.com/JDinSeattle/forge-runtime/scripts/faults/application","Test":"TestStrictLogsL4RecoveryOfflinePressureRefusals","Output":"--- PASS: TestStrictLogsL4RecoveryOfflinePressureRefusals (0.09s)\n"}
{"Time":"2026-09-12T12:17:24.136958928-07:00","Action":"pass","Package":"github.com/JDinSeattle/forge-runtime/scripts/faults/application","Test":"TestStrictLogsL4RecoveryOfflinePressureRefusals","Elapsed":0.09}
{"Time":"2026-09-12T12:17:24.136977706-07:00","Action":"run","Package":"github.com/JDinSeattle/forge-runtime/scripts/faults/application","Test":"TestStrictLogsL4RecoveryOfflineRPCFence"}
{"Time":"2026-09-12T12:17:24.136979864-07:00","Action":"output","Package":"github.com/JDinSeattle/forge-runtime/scripts/faults/application","Test":"TestStrictLogsL4RecoveryOfflineRPCFence","Output":"=== RUN   TestStrictLogsL4RecoveryOfflineRPCFence\n"}
{"Time":"2026-09-12T12:17:24.137019636-07:00","Action":"output","Package":"github.com/JDinSeattle/forge-runtime/scripts/faults/application","Test":"TestStrictLogsL4RecoveryOfflineRPCFence","Output":"--- PASS: TestStrictLogsL4RecoveryOfflineRPCFence (0.00s)\n"}
{"Time":"2026-09-12T12:17:24.137027138-07:00","Action":"pass","Package":"github.com/JDinSeattle/forge-runtime/scripts/faults/application","Test":"TestStrictLogsL4RecoveryOfflineRPCFence","Elapsed":0}
{"Time":"2026-09-12T12:17:24.137036804-07:00","Action":"run","Package":"github.com/JDinSeattle/forge-runtime/scripts/faults/application","Test":"TestStrictLogsL4RecoveryOfflineJournalContract"}
{"Time":"2026-09-12T12:17:24.137038446-07:00","Action":"output","Package":"github.com/JDinSeattle/forge-runtime/scripts/faults/application","Test":"TestStrictLogsL4RecoveryOfflineJournalContract","Output":"=== RUN   TestStrictLogsL4RecoveryOfflineJournalContract\n"}
{"Time":"2026-09-12T12:17:24.139207382-07:00","Action":"run","Package":"github.com/JDinSeattle/forge-runtime/scripts/faults/application","Test":"TestStrictLogsL4RecoveryOfflineJournalContract/uuid"}
{"Time":"2026-09-12T12:17:24.139209025-07:00","Action":"output","Package":"github.com/JDinSeattle/forge-runtime/scripts/faults/application","Test":"TestStrictLogsL4RecoveryOfflineJournalContract/uuid","Output":"=== RUN   TestStrictLogsL4RecoveryOfflineJournalContract/uuid\n"}
{"Time":"2026-09-12T12:17:24.139432154-07:00","Action":"output","Package":"github.com/JDinSeattle/forge-runtime/scripts/faults/application","Test":"TestStrictLogsL4RecoveryOfflineJournalContract/uuid","Output":"--- PASS: TestStrictLogsL4RecoveryOfflineJournalContract/uuid (0.00s)\n"}
{"Time":"2026-09-12T12:17:24.139441692-07:00","Action":"pass","Package":"github.com/JDinSeattle/forge-runtime/scripts/faults/application","Test":"TestStrictLogsL4RecoveryOfflineJournalContract/uuid","Elapsed":0}
{"Time":"2026-09-12T12:17:24.139456124-07:00","Action":"run","Package":"github.com/JDinSeattle/forge-runtime/scripts/faults/application","Test":"TestStrictLogsL4RecoveryOfflineJournalContract/new_operation"}
{"Time":"2026-09-12T12:17:24.139457577-07:00","Action":"output","Package":"github.com/JDinSeattle/forge-runtime/scripts/faults/application","Test":"TestStrictLogsL4RecoveryOfflineJournalContract/new_operation","Output":"=== RUN   TestStrictLogsL4RecoveryOfflineJournalContract/new_operation\n"}
{"Time":"2026-09-12T12:17:24.139666882-07:00","Action":"output","Package":"github.com/JDinSeattle/forge-runtime/scripts/faults/application","Test":"TestStrictLogsL4RecoveryOfflineJournalContract/new_operation","Output":"--- PASS: TestStrictLogsL4RecoveryOfflineJournalContract/new_operation (0.00s)\n"}
{"Time":"2026-09-12T12:17:24.139674873-07:00","Action":"pass","Package":"github.com/JDinSeattle/forge-runtime/scripts/faults/application","Test":"TestStrictLogsL4RecoveryOfflineJournalContract/new_operation","Elapsed":0}
{"Time":"2026-09-12T12:17:24.139686406-07:00","Action":"run","Package":"github.com/JDinSeattle/forge-runtime/scripts/faults/application","Test":"TestStrictLogsL4RecoveryOfflineJournalContract/replaced_id"}
{"Time":"2026-09-12T12:17:24.13968784-07:00","Action":"output","Package":"github.com/JDinSeattle/forge-runtime/scripts/faults/application","Test":"TestStrictLogsL4RecoveryOfflineJournalContract/replaced_id","Output":"=== RUN   TestStrictLogsL4RecoveryOfflineJournalContract/replaced_id\n"}
{"Time":"2026-09-12T12:17:24.139893453-07:00","Action":"output","Package":"github.com/JDinSeattle/forge-runtime/scripts/faults/application","Test":"TestStrictLogsL4RecoveryOfflineJournalContract/replaced_id","Output":"--- PASS: TestStrictLogsL4RecoveryOfflineJournalContract/replaced_id (0.00s)\n"}
{"Time":"2026-09-12T12:17:24.139901419-07:00","Action":"pass","Package":"github.com/JDinSeattle/forge-runtime/scripts/faults/application","Test":"TestStrictLogsL4RecoveryOfflineJournalContract/replaced_id","Elapsed":0}
{"Time":"2026-09-12T12:17:24.139911968-07:00","Action":"run","Package":"github.com/JDinSeattle/forge-runtime/scripts/faults/application","Test":"TestStrictLogsL4RecoveryOfflineJournalContract/rebound_intent"}
{"Time":"2026-09-12T12:17:24.139915483-07:00","Action":"output","Package":"github.com/JDinSeattle/forge-runtime/scripts/faults/application","Test":"TestStrictLogsL4RecoveryOfflineJournalContract/rebound_intent","Output":"=== RUN   TestStrictLogsL4RecoveryOfflineJournalContract/rebound_intent\n"}
{"Time":"2026-09-12T12:17:24.140124717-07:00","Action":"output","Package":"github.com/JDinSeattle/forge-runtime/scripts/faults/application","Test":"TestStrictLogsL4RecoveryOfflineJournalContract/rebound_intent","Output":"--- PASS: TestStrictLogsL4RecoveryOfflineJournalContract/rebound_intent (0.00s)\n"}
{"Time":"2026-09-12T12:17:24.140131386-07:00","Action":"pass","Package":"github.com/JDinSeattle/forge-runtime/scripts/faults/application","Test":"TestStrictLogsL4RecoveryOfflineJournalContract/rebound_intent","Elapsed":0}
{"Time":"2026-09-12T12:17:24.140140351-07:00","Action":"run","Package":"github.com/JDinSeattle/forge-runtime/scripts/faults/application","Test":"TestStrictLogsL4RecoveryOfflineJournalContract/new_job"}
{"Time":"2026-09-12T12:17:24.140141766-07:00","Action":"output","Package":"github.com/JDinSeattle/forge-runtime/scripts/faults/application","Test":"TestStrictLogsL4RecoveryOfflineJournalContract/new_job","Output":"=== RUN   TestStrictLogsL4RecoveryOfflineJournalContract/new_job\n"}
{"Time":"2026-09-12T12:17:24.140349627-07:00","Action":"output","Package":"github.com/JDinSeattle/forge-runtime/scripts/faults/application","Test":"TestStrictLogsL4RecoveryOfflineJournalContract/new_job","Output":"--- PASS: TestStrictLogsL4RecoveryOfflineJournalContract/new_job (0.00s)\n"}
{"Time":"2026-09-12T12:17:24.14035632-07:00","Action":"pass","Package":"github.com/JDinSeattle/forge-runtime/scripts/faults/application","Test":"TestStrictLogsL4RecoveryOfflineJournalContract/new_job","Elapsed":0}
{"Time":"2026-09-12T12:17:24.140365305-07:00","Action":"run","Package":"github.com/JDinSeattle/forge-runtime/scripts/faults/application","Test":"TestStrictLogsL4RecoveryOfflineJournalContract/foreign_change"}
{"Time":"2026-09-12T12:17:24.140366738-07:00","Action":"output","Package":"github.com/JDinSeattle/forge-runtime/scripts/faults/application","Test":"TestStrictLogsL4RecoveryOfflineJournalContract/foreign_change","Output":"=== RUN   TestStrictLogsL4RecoveryOfflineJournalContract/foreign_change\n"}
{"Time":"2026-09-12T12:17:24.140694072-07:00","Action":"output","Package":"github.com/JDinSeattle/forge-runtime/scripts/faults/application","Test":"TestStrictLogsL4RecoveryOfflineJournalContract/foreign_change","Output":"--- PASS: TestStrictLogsL4RecoveryOfflineJournalContract/foreign_change (0.00s)\n"}
{"Time":"2026-09-12T12:17:24.140700932-07:00","Action":"pass","Package":"github.com/JDinSeattle/forge-runtime/scripts/faults/application","Test":"TestStrictLogsL4RecoveryOfflineJournalContract/foreign_change","Elapsed":0}
{"Time":"2026-09-12T12:17:24.140712498-07:00","Action":"run","Package":"github.com/JDinSeattle/forge-runtime/scripts/faults/application","Test":"TestStrictLogsL4RecoveryOfflineJournalContract/refund"}
{"Time":"2026-09-12T12:17:24.140714264-07:00","Action":"output","Package":"github.com/JDinSeattle/forge-runtime/scripts/faults/application","Test":"TestStrictLogsL4RecoveryOfflineJournalContract/refund","Output":"=== RUN   TestStrictLogsL4RecoveryOfflineJournalContract/refund\n"}
{"Time":"2026-09-12T12:17:24.141118467-07:00","Action":"output","Package":"github.com/JDinSeattle/forge-runtime/scripts/faults/application","Test":"TestStrictLogsL4RecoveryOfflineJournalContract/refund","Output":"--- PASS: TestStrictLogsL4RecoveryOfflineJournalContract/refund (0.00s)\n"}
{"Time":"2026-09-12T12:17:24.141125474-07:00","Action":"pass","Package":"github.com/JDinSeattle/forge-runtime/scripts/faults/application","Test":"TestStrictLogsL4RecoveryOfflineJournalContract/refund","Elapsed":0}
{"Time":"2026-09-12T12:17:24.141136761-07:00","Action":"output","Package":"github.com/JDinSeattle/forge-runtime/scripts/faults/application","Test":"TestStrictLogsL4RecoveryOfflineJournalContract","Output":"--- PASS: TestStrictLogsL4RecoveryOfflineJournalContract (0.00s)\n"}
{"Time":"2026-09-12T12:17:24.141143699-07:00","Action":"pass","Package":"github.com/JDinSeattle/forge-runtime/scripts/faults/application","Test":"TestStrictLogsL4RecoveryOfflineJournalContract","Elapsed":0}
{"Time":"2026-09-12T12:17:24.141153723-07:00","Action":"run","Package":"github.com/JDinSeattle/forge-runtime/scripts/faults/application","Test":"TestStrictLogsL4RecoveryOfflineSnapshotContract"}
{"Time":"2026-09-12T12:17:24.141155115-07:00","Action":"output","Package":"github.com/JDinSeattle/forge-runtime/scripts/faults/application","Test":"TestStrictLogsL4RecoveryOfflineSnapshotContract","Output":"=== RUN   TestStrictLogsL4RecoveryOfflineSnapshotContract\n"}
{"Time":"2026-09-12T12:17:24.141385699-07:00","Action":"run","Package":"github.com/JDinSeattle/forge-runtime/scripts/faults/application","Test":"TestStrictLogsL4RecoveryOfflineSnapshotContract/foreign"}
{"Time":"2026-09-12T12:17:24.141387206-07:00","Action":"output","Package":"github.com/JDinSeattle/forge-runtime/scripts/faults/application","Test":"TestStrictLogsL4RecoveryOfflineSnapshotContract/foreign","Output":"=== RUN   TestStrictLogsL4RecoveryOfflineSnapshotContract/foreign\n"}
{"Time":"2026-09-12T12:17:24.141577686-07:00","Action":"output","Package":"github.com/JDinSeattle/forge-runtime/scripts/faults/application","Test":"TestStrictLogsL4RecoveryOfflineSnapshotContract/foreign","Output":"--- PASS: TestStrictLogsL4RecoveryOfflineSnapshotContract/foreign (0.00s)\n"}
{"Time":"2026-09-12T12:17:24.141585116-07:00","Action":"pass","Package":"github.com/JDinSeattle/forge-runtime/scripts/faults/application","Test":"TestStrictLogsL4RecoveryOfflineSnapshotContract/foreign","Elapsed":0}
{"Time":"2026-09-12T12:17:24.141594776-07:00","Action":"run","Package":"github.com/JDinSeattle/forge-runtime/scripts/faults/application","Test":"TestStrictLogsL4RecoveryOfflineSnapshotContract/epoch"}
{"Time":"2026-09-12T12:17:24.141596147-07:00","Action":"output","Package":"github.com/JDinSeattle/forge-runtime/scripts/faults/application","Test":"TestStrictLogsL4RecoveryOfflineSnapshotContract/epoch","Output":"=== RUN   TestStrictLogsL4RecoveryOfflineSnapshotContract/epoch\n"}
{"Time":"2026-09-12T12:17:24.141773794-07:00","Action":"output","Package":"github.com/JDinSeattle/forge-runtime/scripts/faults/application","Test":"TestStrictLogsL4RecoveryOfflineSnapshotContract/epoch","Output":"--- PASS: TestStrictLogsL4RecoveryOfflineSnapshotContract/epoch (0.00s)\n"}
{"Time":"2026-09-12T12:17:24.141781186-07:00","Action":"pass","Package":"github.com/JDinSeattle/forge-runtime/scripts/faults/application","Test":"TestStrictLogsL4RecoveryOfflineSnapshotContract/epoch","Elapsed":0}
{"Time":"2026-09-12T12:17:24.141789823-07:00","Action":"run","Package":"github.com/JDinSeattle/forge-runtime/scripts/faults/application","Test":"TestStrictLogsL4RecoveryOfflineSnapshotContract/content"}
{"Time":"2026-09-12T12:17:24.141793439-07:00","Action":"output","Package":"github.com/JDinSeattle/forge-runtime/scripts/faults/application","Test":"TestStrictLogsL4RecoveryOfflineSnapshotContract/content","Output":"=== RUN   TestStrictLogsL4RecoveryOfflineSnapshotContract/content\n"}
{"Time":"2026-09-12T12:17:24.141936824-07:00","Action":"output","Package":"github.com/JDinSeattle/forge-runtime/scripts/faults/application","Test":"TestStrictLogsL4RecoveryOfflineSnapshotContract/content","Output":"--- PASS: TestStrictLogsL4RecoveryOfflineSnapshotContract/content (0.00s)\n"}
{"Time":"2026-09-12T12:17:24.141942403-07:00","Action":"pass","Package":"github.com/JDinSeattle/forge-runtime/scripts/faults/application","Test":"TestStrictLogsL4RecoveryOfflineSnapshotContract/content","Elapsed":0}
{"Time":"2026-09-12T12:17:24.141950123-07:00","Action":"run","Package":"github.com/JDinSeattle/forge-runtime/scripts/faults/application","Test":"TestStrictLogsL4RecoveryOfflineSnapshotContract/extra"}
{"Time":"2026-09-12T12:17:24.141951198-07:00","Action":"output","Package":"github.com/JDinSeattle/forge-runtime/scripts/faults/application","Test":"TestStrictLogsL4RecoveryOfflineSnapshotContract/extra","Output":"=== RUN   TestStrictLogsL4RecoveryOfflineSnapshotContract/extra\n"}
{"Time":"2026-09-12T12:17:24.142105708-07:00","Action":"output","Package":"github.com/JDinSeattle/forge-runtime/scripts/faults/application","Test":"TestStrictLogsL4RecoveryOfflineSnapshotContract/extra","Output":"--- PASS: TestStrictLogsL4RecoveryOfflineSnapshotContract/extra (0.00s)\n"}
{"Time":"2026-09-12T12:17:24.142110412-07:00","Action":"pass","Package":"github.com/JDinSeattle/forge-runtime/scripts/faults/application","Test":"TestStrictLogsL4RecoveryOfflineSnapshotContract/extra","Elapsed":0}
{"Time":"2026-09-12T12:17:24.142117946-07:00","Action":"run","Package":"github.com/JDinSeattle/forge-runtime/scripts/faults/application","Test":"TestStrictLogsL4RecoveryOfflineSnapshotContract/executable"}
{"Time":"2026-09-12T12:17:24.142119073-07:00","Action":"output","Package":"github.com/JDinSeattle/forge-runtime/scripts/faults/application","Test":"TestStrictLogsL4RecoveryOfflineSnapshotContract/executable","Output":"=== RUN   TestStrictLogsL4RecoveryOfflineSnapshotContract/executable\n"}
{"Time":"2026-09-12T12:17:24.142256015-07:00","Action":"output","Package":"github.com/JDinSeattle/forge-runtime/scripts/faults/application","Test":"TestStrictLogsL4RecoveryOfflineSnapshotContract/executable","Output":"--- PASS: TestStrictLogsL4RecoveryOfflineSnapshotContract/executable (0.00s)\n"}
{"Time":"2026-09-12T12:17:24.142261619-07:00","Action":"pass","Package":"github.com/JDinSeattle/forge-runtime/scripts/faults/application","Test":"TestStrictLogsL4RecoveryOfflineSnapshotContract/executable","Elapsed":0}
{"Time":"2026-09-12T12:17:24.142270322-07:00","Action":"output","Package":"github.com/JDinSeattle/forge-runtime/scripts/faults/application","Test":"TestStrictLogsL4RecoveryOfflineSnapshotContract","Output":"--- PASS: TestStrictLogsL4RecoveryOfflineSnapshotContract (0.00s)\n"}
{"Time":"2026-09-12T12:17:24.142275338-07:00","Action":"pass","Package":"github.com/JDinSeattle/forge-runtime/scripts/faults/application","Test":"TestStrictLogsL4RecoveryOfflineSnapshotContract","Elapsed":0}
{"Time":"2026-09-12T12:17:24.142282709-07:00","Action":"run","Package":"github.com/JDinSeattle/forge-runtime/scripts/faults/application","Test":"TestStrictLogsL4RecoveryOfflineTerminalContract"}
{"Time":"2026-09-12T12:17:24.142283817-07:00","Action":"output","Package":"github.com/JDinSeattle/forge-runtime/scripts/faults/application","Test":"TestStrictLogsL4RecoveryOfflineTerminalContract","Output":"=== RUN   TestStrictLogsL4RecoveryOfflineTerminalContract\n"}
{"Time":"2026-09-12T12:17:24.14229736-07:00","Action":"run","Package":"github.com/JDinSeattle/forge-runtime/scripts/faults/application","Test":"TestStrictLogsL4RecoveryOfflineTerminalContract/retry"}
{"Time":"2026-09-12T12:17:24.142298474-07:00","Action":"output","Package":"github.com/JDinSeattle/forge-runtime/scripts/faults/application","Test":"TestStrictLogsL4RecoveryOfflineTerminalContract/retry","Output":"=== RUN   TestStrictLogsL4RecoveryOfflineTerminalContract/retry\n"}
{"Time":"2026-09-12T12:17:24.142315155-07:00","Action":"output","Package":"github.com/JDinSeattle/forge-runtime/scripts/faults/application","Test":"TestStrictLogsL4RecoveryOfflineTerminalContract/retry","Output":"--- PASS: TestStrictLogsL4RecoveryOfflineTerminalContract/retry (0.00s)\n"}
{"Time":"2026-09-12T12:17:24.142322518-07:00","Action":"pass","Package":"github.com/JDinSeattle/forge-runtime/scripts/faults/application","Test":"TestStrictLogsL4RecoveryOfflineTerminalContract/retry","Elapsed":0}
{"Time":"2026-09-12T12:17:24.142329088-07:00","Action":"run","Package":"github.com/JDinSeattle/forge-runtime/scripts/faults/application","Test":"TestStrictLogsL4RecoveryOfflineTerminalContract/trusted"}
{"Time":"2026-09-12T12:17:24.142330169-07:00","Action":"output","Package":"github.com/JDinSeattle/forge-runtime/scripts/faults/application","Test":"TestStrictLogsL4RecoveryOfflineTerminalContract/trusted","Output":"=== RUN   TestStrictLogsL4RecoveryOfflineTerminalContract/trusted\n"}
{"Time":"2026-09-12T12:17:24.142344049-07:00","Action":"output","Package":"github.com/JDinSeattle/forge-runtime/scripts/faults/application","Test":"TestStrictLogsL4RecoveryOfflineTerminalContract/trusted","Output":"--- PASS: TestStrictLogsL4RecoveryOfflineTerminalContract/trusted (0.00s)\n"}
{"Time":"2026-09-12T12:17:24.142349588-07:00","Action":"pass","Package":"github.com/JDinSeattle/forge-runtime/scripts/faults/application","Test":"TestStrictLogsL4RecoveryOfflineTerminalContract/trusted","Elapsed":0}
{"Time":"2026-09-12T12:17:24.142356134-07:00","Action":"run","Package":"github.com/JDinSeattle/forge-runtime/scripts/faults/application","Test":"TestStrictLogsL4RecoveryOfflineTerminalContract/unknown"}
{"Time":"2026-09-12T12:17:24.142357236-07:00","Action":"output","Package":"github.com/JDinSeattle/forge-runtime/scripts/faults/application","Test":"TestStrictLogsL4RecoveryOfflineTerminalContract/unknown","Output":"=== RUN   TestStrictLogsL4RecoveryOfflineTerminalContract/unknown\n"}
{"Time":"2026-09-12T12:17:24.142373683-07:00","Action":"output","Package":"github.com/JDinSeattle/forge-runtime/scripts/faults/application","Test":"TestStrictLogsL4RecoveryOfflineTerminalContract/unknown","Output":"--- PASS: TestStrictLogsL4RecoveryOfflineTerminalContract/unknown (0.00s)\n"}
{"Time":"2026-09-12T12:17:24.142378549-07:00","Action":"pass","Package":"github.com/JDinSeattle/forge-runtime/scripts/faults/application","Test":"TestStrictLogsL4RecoveryOfflineTerminalContract/unknown","Elapsed":0}
{"Time":"2026-09-12T12:17:24.142384552-07:00","Action":"run","Package":"github.com/JDinSeattle/forge-runtime/scripts/faults/application","Test":"TestStrictLogsL4RecoveryOfflineTerminalContract/not_terminal"}
{"Time":"2026-09-12T12:17:24.142385664-07:00","Action":"output","Package":"github.com/JDinSeattle/forge-runtime/scripts/faults/application","Test":"TestStrictLogsL4RecoveryOfflineTerminalContract/not_terminal","Output":"=== RUN   TestStrictLogsL4RecoveryOfflineTerminalContract/not_terminal\n"}
{"Time":"2026-09-12T12:17:24.142405469-07:00","Action":"output","Package":"github.com/JDinSeattle/forge-runtime/scripts/faults/application","Test":"TestStrictLogsL4RecoveryOfflineTerminalContract/not_terminal","Output":"--- PASS: TestStrictLogsL4RecoveryOfflineTerminalContract/not_terminal (0.00s)\n"}
{"Time":"2026-09-12T12:17:24.142407248-07:00","Action":"pass","Package":"github.com/JDinSeattle/forge-runtime/scripts/faults/application","Test":"TestStrictLogsL4RecoveryOfflineTerminalContract/not_terminal","Elapsed":0}
{"Time":"2026-09-12T12:17:24.14241482-07:00","Action":"run","Package":"github.com/JDinSeattle/forge-runtime/scripts/faults/application","Test":"TestStrictLogsL4RecoveryOfflineTerminalContract/deadline"}
{"Time":"2026-09-12T12:17:24.142415913-07:00","Action":"output","Package":"github.com/JDinSeattle/forge-runtime/scripts/faults/application","Test":"TestStrictLogsL4RecoveryOfflineTerminalContract/deadline","Output":"=== RUN   TestStrictLogsL4RecoveryOfflineTerminalContract/deadline\n"}
{"Time":"2026-09-12T12:17:24.142430057-07:00","Action":"output","Package":"github.com/JDinSeattle/forge-runtime/scripts/faults/application","Test":"TestStrictLogsL4RecoveryOfflineTerminalContract/deadline","Output":"--- PASS: TestStrictLogsL4RecoveryOfflineTerminalContract/deadline (0.00s)\n"}
{"Time":"2026-09-12T12:17:24.14243492-07:00","Action":"pass","Package":"github.com/JDinSeattle/forge-runtime/scripts/faults/application","Test":"TestStrictLogsL4RecoveryOfflineTerminalContract/deadline","Elapsed":0}
{"Time":"2026-09-12T12:17:24.142440578-07:00","Action":"run","Package":"github.com/JDinSeattle/forge-runtime/scripts/faults/application","Test":"TestStrictLogsL4RecoveryOfflineTerminalContract/fees"}
{"Time":"2026-09-12T12:17:24.142441646-07:00","Action":"output","Package":"github.com/JDinSeattle/forge-runtime/scripts/faults/application","Test":"TestStrictLogsL4RecoveryOfflineTerminalContract/fees","Output":"=== RUN   TestStrictLogsL4RecoveryOfflineTerminalContract/fees\n"}
{"Time":"2026-09-12T12:17:24.142453144-07:00","Action":"output","Package":"github.com/JDinSeattle/forge-runtime/scripts/faults/application","Test":"TestStrictLogsL4RecoveryOfflineTerminalContract/fees","Output":"--- PASS: TestStrictLogsL4RecoveryOfflineTerminalContract/fees (0.00s)\n"}
{"Time":"2026-09-12T12:17:24.142456581-07:00","Action":"pass","Package":"github.com/JDinSeattle/forge-runtime/scripts/faults/application","Test":"TestStrictLogsL4RecoveryOfflineTerminalContract/fees","Elapsed":0}
{"Time":"2026-09-12T12:17:24.142466027-07:00","Action":"output","Package":"github.com/JDinSeattle/forge-runtime/scripts/faults/application","Test":"TestStrictLogsL4RecoveryOfflineTerminalContract","Output":"--- PASS: TestStrictLogsL4RecoveryOfflineTerminalContract (0.00s)\n"}
{"Time":"2026-09-12T12:17:24.142469109-07:00","Action":"pass","Package":"github.com/JDinSeattle/forge-runtime/scripts/faults/application","Test":"TestStrictLogsL4RecoveryOfflineTerminalContract","Elapsed":0}
{"Time":"2026-09-12T12:17:24.142477136-07:00","Action":"run","Package":"github.com/JDinSeattle/forge-runtime/scripts/faults/application","Test":"TestStrictLogsL4Recovery"}
{"Time":"2026-09-12T12:17:24.142478492-07:00","Action":"output","Package":"github.com/JDinSeattle/forge-runtime/scripts/faults/application","Test":"TestStrictLogsL4Recovery","Output":"=== RUN   TestStrictLogsL4Recovery\n"}
{"Time":"2026-09-12T12:17:24.142503038-07:00","Action":"output","Package":"github.com/JDinSeattle/forge-runtime/scripts/faults/application","Test":"TestStrictLogsL4Recovery","Output":"    strict_logs_l4_recovery_test.go:117: operator-only retained L4 recovery; requires independent review and explicit dedicated fixture\n"}
{"Time":"2026-09-12T12:17:24.142526238-07:00","Action":"output","Package":"github.com/JDinSeattle/forge-runtime/scripts/faults/application","Test":"TestStrictLogsL4Recovery","Output":"--- SKIP: TestStrictLogsL4Recovery (0.00s)\n"}
{"Time":"2026-09-12T12:17:24.142532169-07:00","Action":"skip","Package":"github.com/JDinSeattle/forge-runtime/scripts/faults/application","Test":"TestStrictLogsL4Recovery","Elapsed":0}
{"Time":"2026-09-12T12:17:24.142559158-07:00","Action":"output","Package":"github.com/JDinSeattle/forge-runtime/scripts/faults/application","Output":"PASS\n"}
{"Time":"2026-09-12T12:17:25.147607717-07:00","Action":"output","Package":"github.com/JDinSeattle/forge-runtime/scripts/faults/application","Output":"ok  \tgithub.com/JDinSeattle/forge-runtime/scripts/faults/application\t6.335s\n"}
{"Time":"2026-09-12T12:17:25.147624447-07:00","Action":"pass","Package":"github.com/JDinSeattle/forge-runtime/scripts/faults/application","Elapsed":6.335}
