=== RUN   TestP06ArtifactOraclesRejectMismatchedProofs
--- PASS: TestP06ArtifactOraclesRejectMismatchedProofs (0.00s)
=== RUN   TestP06IntentOracleRejectsCrossSampleAndAlteredIntent
=== RUN   TestP06IntentOracleRejectsCrossSampleAndAlteredIntent/tenant
=== RUN   TestP06IntentOracleRejectsCrossSampleAndAlteredIntent/workspace
=== RUN   TestP06IntentOracleRejectsCrossSampleAndAlteredIntent/operation
=== RUN   TestP06IntentOracleRejectsCrossSampleAndAlteredIntent/args
=== RUN   TestP06IntentOracleRejectsCrossSampleAndAlteredIntent/args_hash
=== RUN   TestP06IntentOracleRejectsCrossSampleAndAlteredIntent/receipt_tenant
=== RUN   TestP06IntentOracleRejectsCrossSampleAndAlteredIntent/epoch
=== RUN   TestP06IntentOracleRejectsCrossSampleAndAlteredIntent/deadline
=== RUN   TestP06IntentOracleRejectsCrossSampleAndAlteredIntent/receipt_run
=== RUN   TestP06IntentOracleRejectsCrossSampleAndAlteredIntent/run
=== RUN   TestP06IntentOracleRejectsCrossSampleAndAlteredIntent/revision
=== RUN   TestP06IntentOracleRejectsCrossSampleAndAlteredIntent/kind
=== RUN   TestP06IntentOracleRejectsCrossSampleAndAlteredIntent/policy
=== RUN   TestP06IntentOracleRejectsCrossSampleAndAlteredIntent/nonterminal
=== RUN   TestP06IntentOracleRejectsCrossSampleAndAlteredIntent/other_self_consistent_sample
--- PASS: TestP06IntentOracleRejectsCrossSampleAndAlteredIntent (0.00s)
    --- PASS: TestP06IntentOracleRejectsCrossSampleAndAlteredIntent/tenant (0.00s)
    --- PASS: TestP06IntentOracleRejectsCrossSampleAndAlteredIntent/workspace (0.00s)
    --- PASS: TestP06IntentOracleRejectsCrossSampleAndAlteredIntent/operation (0.00s)
    --- PASS: TestP06IntentOracleRejectsCrossSampleAndAlteredIntent/args (0.00s)
    --- PASS: TestP06IntentOracleRejectsCrossSampleAndAlteredIntent/args_hash (0.00s)
    --- PASS: TestP06IntentOracleRejectsCrossSampleAndAlteredIntent/receipt_tenant (0.00s)
    --- PASS: TestP06IntentOracleRejectsCrossSampleAndAlteredIntent/epoch (0.00s)
    --- PASS: TestP06IntentOracleRejectsCrossSampleAndAlteredIntent/deadline (0.00s)
    --- PASS: TestP06IntentOracleRejectsCrossSampleAndAlteredIntent/receipt_run (0.00s)
    --- PASS: TestP06IntentOracleRejectsCrossSampleAndAlteredIntent/run (0.00s)
    --- PASS: TestP06IntentOracleRejectsCrossSampleAndAlteredIntent/revision (0.00s)
    --- PASS: TestP06IntentOracleRejectsCrossSampleAndAlteredIntent/kind (0.00s)
    --- PASS: TestP06IntentOracleRejectsCrossSampleAndAlteredIntent/policy (0.00s)
    --- PASS: TestP06IntentOracleRejectsCrossSampleAndAlteredIntent/nonterminal (0.00s)
    --- PASS: TestP06IntentOracleRejectsCrossSampleAndAlteredIntent/other_self_consistent_sample (0.00s)
=== RUN   TestP06NetworkOracleRejectsUsableExternalConnectivity
=== RUN   TestP06NetworkOracleRejectsUsableExternalConnectivity/ipv4_default_via_loopback
=== RUN   TestP06NetworkOracleRejectsUsableExternalConnectivity/ipv6_external_route
=== RUN   TestP06NetworkOracleRejectsUsableExternalConnectivity/ipv6_default_via_loopback
=== RUN   TestP06NetworkOracleRejectsUsableExternalConnectivity/ipv6_nonloopback_destination
=== RUN   TestP06NetworkOracleRejectsUsableExternalConnectivity/external_interface_up
=== RUN   TestP06NetworkOracleRejectsUsableExternalConnectivity/nonloopback_alias
=== RUN   TestP06NetworkOracleRejectsUsableExternalConnectivity/ipv4_gateway
=== RUN   TestP06NetworkOracleRejectsUsableExternalConnectivity/unreported_interface
=== RUN   TestP06NetworkOracleRejectsUsableExternalConnectivity/duplicate_interface
=== RUN   TestP06NetworkOracleRejectsUsableExternalConnectivity/no_loopback
=== RUN   TestP06NetworkOracleRejectsUsableExternalConnectivity/external_operstate_up
=== RUN   TestP06NetworkOracleRejectsUsableExternalConnectivity/external_ipv4_address
=== RUN   TestP06NetworkOracleRejectsUsableExternalConnectivity/ipv4_external_route
=== RUN   TestP06NetworkOracleRejectsUsableExternalConnectivity/ipv4_nonloopback_destination
--- PASS: TestP06NetworkOracleRejectsUsableExternalConnectivity (0.00s)
    --- PASS: TestP06NetworkOracleRejectsUsableExternalConnectivity/ipv4_default_via_loopback (0.00s)
    --- PASS: TestP06NetworkOracleRejectsUsableExternalConnectivity/ipv6_external_route (0.00s)
    --- PASS: TestP06NetworkOracleRejectsUsableExternalConnectivity/ipv6_default_via_loopback (0.00s)
    --- PASS: TestP06NetworkOracleRejectsUsableExternalConnectivity/ipv6_nonloopback_destination (0.00s)
    --- PASS: TestP06NetworkOracleRejectsUsableExternalConnectivity/external_interface_up (0.00s)
    --- PASS: TestP06NetworkOracleRejectsUsableExternalConnectivity/nonloopback_alias (0.00s)
    --- PASS: TestP06NetworkOracleRejectsUsableExternalConnectivity/ipv4_gateway (0.00s)
    --- PASS: TestP06NetworkOracleRejectsUsableExternalConnectivity/unreported_interface (0.00s)
    --- PASS: TestP06NetworkOracleRejectsUsableExternalConnectivity/duplicate_interface (0.00s)
    --- PASS: TestP06NetworkOracleRejectsUsableExternalConnectivity/no_loopback (0.00s)
    --- PASS: TestP06NetworkOracleRejectsUsableExternalConnectivity/external_operstate_up (0.00s)
    --- PASS: TestP06NetworkOracleRejectsUsableExternalConnectivity/external_ipv4_address (0.00s)
    --- PASS: TestP06NetworkOracleRejectsUsableExternalConnectivity/ipv4_external_route (0.00s)
    --- PASS: TestP06NetworkOracleRejectsUsableExternalConnectivity/ipv4_nonloopback_destination (0.00s)
=== RUN   TestP06WorkspaceProofRejectsWrongOriginalBinding
--- PASS: TestP06WorkspaceProofRejectsWrongOriginalBinding (0.00s)
PASS
ok  	github.com/JDinSeattle/forge-runtime/internal/runnerclient	1.019s
