=== RUN   TestSubmitParentBindingIsIncludedInIdempotencyReceipt
--- PASS: TestSubmitParentBindingIsIncludedInIdempotencyReceipt (0.01s)
PASS
ok  	github.com/JDinSeattle/forge-runtime/cmd/forge	1.020s
=== RUN   TestSubmitWithoutParentPreservesPreRetryIdempotencyHashInput
--- PASS: TestSubmitWithoutParentPreservesPreRetryIdempotencyHashInput (0.00s)
PASS
ok  	github.com/JDinSeattle/forge-runtime/internal/persistence	1.022s
=== RUN   TestReviewReservedPriorityIsBoundedAndPreservesFIFO
--- PASS: TestReviewReservedPriorityIsBoundedAndPreservesFIFO (0.47s)
=== RUN   TestReviewWholeTaskRetryCreatesOneChildWithoutReopeningParent
=== RUN   TestReviewWholeTaskRetryCreatesOneChildWithoutReopeningParent/changed_task
=== RUN   TestReviewWholeTaskRetryCreatesOneChildWithoutReopeningParent/missing_parent
=== RUN   TestReviewWholeTaskRetryCreatesOneChildWithoutReopeningParent/foreign_parent
=== RUN   TestReviewWholeTaskRetryCreatesOneChildWithoutReopeningParent/unregistered_base
--- PASS: TestReviewWholeTaskRetryCreatesOneChildWithoutReopeningParent (0.41s)
    --- PASS: TestReviewWholeTaskRetryCreatesOneChildWithoutReopeningParent/changed_task (0.00s)
    --- PASS: TestReviewWholeTaskRetryCreatesOneChildWithoutReopeningParent/missing_parent (0.00s)
    --- PASS: TestReviewWholeTaskRetryCreatesOneChildWithoutReopeningParent/foreign_parent (0.00s)
    --- PASS: TestReviewWholeTaskRetryCreatesOneChildWithoutReopeningParent/unregistered_base (0.00s)
PASS
ok  	github.com/JDinSeattle/forge-runtime/tests/review	1.917s
