[detached HEAD 7ee738b] Bound repeated closed batches with durable progress evidence
 118 files changed, 120515 insertions(+), 55 deletions(-)
 create mode 100644 benchmarks/results/no-progress-20260911/final/TestProgressDurableClosedBatches_read.json
 create mode 100644 benchmarks/results/no-progress-20260911/logs/audit-final-app-01.err
 create mode 100644 benchmarks/results/no-progress-20260911/logs/audit-final-app-01.json
 create mode 100644 benchmarks/results/no-progress-20260911/logs/audit-final-app-02.json
 create mode 100644 benchmarks/results/no-progress-20260911/logs/audit-final-app-03.json
 create mode 100644 benchmarks/results/no-progress-20260911/logs/audit-regressions.log
 create mode 100644 benchmarks/results/no-progress-20260911/logs/build-app-03.log
 create mode 100644 benchmarks/results/no-progress-20260911/logs/build-app-04.log
 create mode 100644 benchmarks/results/no-progress-20260911/logs/build-app-05.log
 create mode 100644 benchmarks/results/no-progress-20260911/logs/build-app-06.log
 create mode 100644 benchmarks/results/no-progress-20260911/logs/build-final-app.log
 create mode 100644 benchmarks/results/no-progress-20260911/logs/build-final-review-02.log
 create mode 100644 benchmarks/results/no-progress-20260911/logs/build-final-review.log
 create mode 100644 benchmarks/results/no-progress-20260911/logs/check-generated.log
 create mode 100644 benchmarks/results/no-progress-20260911/logs/compile-all.log
 create mode 100644 benchmarks/results/no-progress-20260911/logs/final-app-race.log
 create mode 100644 benchmarks/results/no-progress-20260911/logs/final-review-race-02.log
 create mode 100644 benchmarks/results/no-progress-20260911/logs/final-review-race.log
 create mode 100644 benchmarks/results/no-progress-20260911/logs/first-offline.log
 create mode 100644 benchmarks/results/no-progress-20260911/logs/http-cli-race.log
 create mode 100644 benchmarks/results/no-progress-20260911/logs/offline-02.log
 create mode 100644 benchmarks/results/no-progress-20260911/logs/pg-01.log
 create mode 100644 benchmarks/results/no-progress-20260911/logs/pg-02.log
 create mode 100644 benchmarks/results/no-progress-20260911/logs/pg-03.log
 create mode 100644 benchmarks/results/no-progress-20260911/logs/pg-04.log
 create mode 100644 benchmarks/results/no-progress-20260911/logs/runtime-persistence-offline-race.log
 create mode 100644 benchmarks/results/no-progress-20260911/logs/vet.log
 create mode 100644 benchmarks/results/no-progress-20260911/pre-freeze-manifest.json
 create mode 100644 benchmarks/results/no-progress-20260911/pre-freeze/final-app/TestProgressCrashBeforeAndAfterCommit_after_progress_report_before_transition.json
 create mode 100644 benchmarks/results/no-progress-20260911/pre-freeze/final-app/TestProgressCrashBeforeAndAfterCommit_after_progress_transition.json
 create mode 100644 benchmarks/results/no-progress-20260911/pre-freeze/final-app/TestProgressDurableClosedBatches_failed_batch.json
 create mode 100644 benchmarks/results/no-progress-20260911/pre-freeze/final-app/TestProgressDurableClosedBatches_finish.json
 create mode 100644 benchmarks/results/no-progress-20260911/pre-freeze/final-app/TestProgressDurableClosedBatches_read.json
 create mode 100644 benchmarks/results/no-progress-20260911/pre-freeze/final-app/TestProgressLegacySnapshotsAndDefaultIdempotency.json
 create mode 100644 benchmarks/results/no-progress-20260911/pre-freeze/final-app/TestProgressMessageRaceRebuildsBeforeStopping.json
 create mode 100644 benchmarks/results/no-progress-20260911/pre-freeze/final-app/TestProgressRejectsUnboundEvidence.json
 create mode 100644 benchmarks/results/no-progress-20260911/pre-freeze/final-app/TestProgressStopUnknownKeepsSentinelCapacity.json
 create mode 100644 benchmarks/results/no-progress-20260911/pre-freeze/final-app/changes.patch
 create mode 100644 benchmarks/results/no-progress-20260911/pre-freeze/final-app/identity.json
 create mode 100644 benchmarks/results/no-progress-20260911/pre-freeze/final-app/source.tar.gz
 create mode 100644 benchmarks/results/no-progress-20260911/pre-freeze/final-review-02/ambiguous-duplicate-one-one.json
 create mode 100644 benchmarks/results/no-progress-20260911/pre-freeze/final-review-02/ambiguous-duplicate-two-one.json
 create mode 100644 benchmarks/results/no-progress-20260911/pre-freeze/final-review-02/ambiguous-escaped-long-s.json
 create mode 100644 benchmarks/results/no-progress-20260911/pre-freeze/final-review-02/ambiguous-lower-then-upper.json
 create mode 100644 benchmarks/results/no-progress-20260911/pre-freeze/final-review-02/ambiguous-unicode-long-s.json
 create mode 100644 benchmarks/results/no-progress-20260911/pre-freeze/final-review-02/ambiguous-upper-then-lower.json
 create mode 100644 benchmarks/results/no-progress-20260911/pre-freeze/final-review-02/approval.json
 create mode 100644 benchmarks/results/no-progress-20260911/pre-freeze/final-review-02/changes.patch
 create mode 100644 benchmarks/results/no-progress-20260911/pre-freeze/final-review-02/existing-sse.json
 create mode 100644 benchmarks/results/no-progress-20260911/pre-freeze/final-review-02/fairness.json
 create mode 100644 benchmarks/results/no-progress-20260911/pre-freeze/final-review-02/http-operator.json
 create mode 100644 benchmarks/results/no-progress-20260911/pre-freeze/final-review-02/identity.json
 create mode 100644 benchmarks/results/no-progress-20260911/pre-freeze/final-review-02/source.tar.gz
 create mode 100644 benchmarks/results/no-progress-20260911/pre-freeze/final-review-02/terminal-evidence.json
 create mode 100644 benchmarks/results/no-progress-20260911/pre-freeze/final-review-02/unknown-ledger.json
 create mode 100644 benchmarks/results/no-progress-20260911/pre-freeze/final-review/changes.patch
 create mode 100644 benchmarks/results/no-progress-20260911/pre-freeze/final-review/identity.json
 create mode 100644 benchmarks/results/no-progress-20260911/pre-freeze/final-review/source.tar.gz
 create mode 100644 benchmarks/results/no-progress-20260911/pre-freeze/pg-01/TestProgressCrashBeforeAndAfterCommit_after_progress_report_before_transition.json
 create mode 100644 benchmarks/results/no-progress-20260911/pre-freeze/pg-01/TestProgressCrashBeforeAndAfterCommit_after_progress_transition.json
 create mode 100644 benchmarks/results/no-progress-20260911/pre-freeze/pg-01/TestProgressDurableClosedBatches_failed_batch.json
 create mode 100644 benchmarks/results/no-progress-20260911/pre-freeze/pg-01/TestProgressDurableClosedBatches_finish.json
 create mode 100644 benchmarks/results/no-progress-20260911/pre-freeze/pg-01/TestProgressDurableClosedBatches_read.json
 create mode 100644 benchmarks/results/no-progress-20260911/pre-freeze/pg-01/TestProgressMessageRaceRebuildsBeforeStopping.json
 create mode 100644 benchmarks/results/no-progress-20260911/pre-freeze/pg-01/changes.patch
 create mode 100644 benchmarks/results/no-progress-20260911/pre-freeze/pg-01/identity.json
 create mode 100644 benchmarks/results/no-progress-20260911/pre-freeze/pg-01/source.tar.gz
 create mode 100644 benchmarks/results/no-progress-20260911/pre-freeze/pg-02/TestProgressCrashBeforeAndAfterCommit_after_progress_report_before_transition.json
 create mode 100644 benchmarks/results/no-progress-20260911/pre-freeze/pg-02/TestProgressCrashBeforeAndAfterCommit_after_progress_transition.json
 create mode 100644 benchmarks/results/no-progress-20260911/pre-freeze/pg-02/TestProgressDurableClosedBatches_failed_batch.json
 create mode 100644 benchmarks/results/no-progress-20260911/pre-freeze/pg-02/TestProgressDurableClosedBatches_finish.json
 create mode 100644 benchmarks/results/no-progress-20260911/pre-freeze/pg-02/TestProgressDurableClosedBatches_read.json
 create mode 100644 benchmarks/results/no-progress-20260911/pre-freeze/pg-02/TestProgressMessageRaceRebuildsBeforeStopping.json
 create mode 100644 benchmarks/results/no-progress-20260911/pre-freeze/pg-02/changes.patch
 create mode 100644 benchmarks/results/no-progress-20260911/pre-freeze/pg-02/identity.json
 create mode 100644 benchmarks/results/no-progress-20260911/pre-freeze/pg-02/source.tar.gz
 create mode 100644 benchmarks/results/no-progress-20260911/pre-freeze/pg-03/TestProgressLegacySnapshotsAndDefaultIdempotency.json
 create mode 100644 benchmarks/results/no-progress-20260911/pre-freeze/pg-03/TestProgressStopUnknownKeepsSentinelCapacity.json
 create mode 100644 benchmarks/results/no-progress-20260911/pre-freeze/pg-03/changes.patch
 create mode 100644 benchmarks/results/no-progress-20260911/pre-freeze/pg-03/identity.json
 create mode 100644 benchmarks/results/no-progress-20260911/pre-freeze/pg-03/source.tar.gz
 create mode 100644 benchmarks/results/no-progress-20260911/pre-freeze/pg-04/TestProgressDurableClosedBatches_failed_batch.json
 create mode 100644 benchmarks/results/no-progress-20260911/pre-freeze/pg-04/TestProgressDurableClosedBatches_finish.json
 create mode 100644 benchmarks/results/no-progress-20260911/pre-freeze/pg-04/TestProgressDurableClosedBatches_read.json
 create mode 100644 benchmarks/results/no-progress-20260911/pre-freeze/pg-04/TestProgressStopUnknownKeepsSentinelCapacity.json
 create mode 100644 benchmarks/results/no-progress-20260911/pre-freeze/pg-04/changes.patch
 create mode 100644 benchmarks/results/no-progress-20260911/pre-freeze/pg-04/identity.json
 create mode 100644 benchmarks/results/no-progress-20260911/pre-freeze/pg-04/source.tar.gz
 create mode 100644 docs/no-progress-evidence.md
 create mode 100644 internal/application/progress.go
 create mode 100644 internal/application/progress_integration_test.go
 create mode 100644 internal/application/progress_test.go
 create mode 100644 internal/httpapi/progress_test.go
 create mode 100644 internal/persistence/progress.go
 create mode 100644 internal/runtime/progress.go
 create mode 100644 internal/runtime/progress_test.go
 create mode 100644 scripts/progress/audit.py
 create mode 100644 scripts/progress/test_audit.py
 create mode 100644 tests/review/progress_fixture_test.go
