ok  	github.com/JDinSeattle/forge-runtime/benchmarks	0.009s [no tests to run]
ok  	github.com/JDinSeattle/forge-runtime/cmd/forge	0.002s [no tests to run]
?   	github.com/JDinSeattle/forge-runtime/cmd/forge-admin	[no test files]
?   	github.com/JDinSeattle/forge-runtime/cmd/forge-api	[no test files]
ok  	github.com/JDinSeattle/forge-runtime/cmd/forge-runner	0.002s [no tests to run]
?   	github.com/JDinSeattle/forge-runtime/cmd/forge-worker	[no test files]
?   	github.com/JDinSeattle/forge-runtime/db	[no test files]
ok  	github.com/JDinSeattle/forge-runtime/internal/application	0.008s [no tests to run]
ok  	github.com/JDinSeattle/forge-runtime/internal/artifact	0.003s [no tests to run]
ok  	github.com/JDinSeattle/forge-runtime/internal/configuration	0.007s [no tests to run]
ok  	github.com/JDinSeattle/forge-runtime/internal/dependency	0.003s [no tests to run]
ok  	github.com/JDinSeattle/forge-runtime/internal/domain	0.002s [no tests to run]
ok  	github.com/JDinSeattle/forge-runtime/internal/eventstream	0.004s [no tests to run]
ok  	github.com/JDinSeattle/forge-runtime/internal/httpapi	0.003s [no tests to run]
?   	github.com/JDinSeattle/forge-runtime/internal/httpcontract	[no test files]
ok  	github.com/JDinSeattle/forge-runtime/internal/localsetup	0.008s [no tests to run]
ok  	github.com/JDinSeattle/forge-runtime/internal/persistence	0.004s [no tests to run]
?   	github.com/JDinSeattle/forge-runtime/internal/persistence/sqlgen	[no test files]
ok  	github.com/JDinSeattle/forge-runtime/internal/provider	0.007s [no tests to run]
ok  	github.com/JDinSeattle/forge-runtime/internal/quota	0.003s [no tests to run]
ok  	github.com/JDinSeattle/forge-runtime/internal/retention	0.004s [no tests to run]
ok  	github.com/JDinSeattle/forge-runtime/internal/runner	0.002s [no tests to run]
ok  	github.com/JDinSeattle/forge-runtime/internal/runnerclient	0.004s [no tests to run]
ok  	github.com/JDinSeattle/forge-runtime/internal/runtime	0.001s [no tests to run]
ok  	github.com/JDinSeattle/forge-runtime/internal/sandbox	0.002s [no tests to run]
ok  	github.com/JDinSeattle/forge-runtime/internal/telemetry	0.004s [no tests to run]
?   	github.com/JDinSeattle/forge-runtime/internal/testdb	[no test files]
?   	github.com/JDinSeattle/forge-runtime/internal/testutil	[no test files]
?   	github.com/JDinSeattle/forge-runtime/proto/runner/v1	[no test files]
?   	github.com/JDinSeattle/forge-runtime/scripts/evaluation	[no test files]
ok  	github.com/JDinSeattle/forge-runtime/scripts/faults/application	0.009s [no tests to run]
ok  	github.com/JDinSeattle/forge-runtime/tests/client	0.006s [no tests to run]
ok  	github.com/JDinSeattle/forge-runtime/tests/review	0.006s [no tests to run]
