# github.com/JDinSeattle/forge-runtime/internal/application [github.com/JDinSeattle/forge-runtime/internal/application.test]
internal/application/progress_integration_test.go:20:2: "github.com/JDinSeattle/forge-runtime/internal/runtime" imported as flow and not used
=== RUN   TestProgressRepeatedEvidenceStopsOnlyAfterReceipt
--- PASS: TestProgressRepeatedEvidenceStopsOnlyAfterReceipt (0.00s)
=== RUN   TestProgressNovelMessagesUnknownAndOscillation
--- PASS: TestProgressNovelMessagesUnknownAndOscillation (0.00s)
=== RUN   TestProgressCompatibilityAndMalformedBoundary
--- PASS: TestProgressCompatibilityAndMalformedBoundary (0.00s)
PASS
ok  	github.com/JDinSeattle/forge-runtime/internal/runtime	1.010s
=== RUN   TestSnapshotHeaderUsesExactVersionWithoutInterpretingFutureFields
--- PASS: TestSnapshotHeaderUsesExactVersionWithoutInterpretingFutureFields (0.00s)
=== RUN   TestSnapshotHeaderSQLUnicodeFoldRemainsComplete
--- PASS: TestSnapshotHeaderSQLUnicodeFoldRemainsComplete (0.58s)
=== RUN   TestSnapshotHeaderRejectsAmbiguousMembers
--- PASS: TestSnapshotHeaderRejectsAmbiguousMembers (0.00s)
PASS
ok  	github.com/JDinSeattle/forge-runtime/internal/persistence	1.595s
FAIL	github.com/JDinSeattle/forge-runtime/internal/application [build failed]
FAIL
