=== RUN   FuzzEventCursorOnlyAcknowledgesPrintedContiguousFrames
=== RUN   FuzzEventCursorOnlyAcknowledgesPrintedContiguousFrames/seed#0
=== RUN   FuzzEventCursorOnlyAcknowledgesPrintedContiguousFrames/seed#1
=== RUN   FuzzEventCursorOnlyAcknowledgesPrintedContiguousFrames/seed#2
=== RUN   FuzzEventCursorOnlyAcknowledgesPrintedContiguousFrames/seed#3
=== RUN   FuzzEventCursorOnlyAcknowledgesPrintedContiguousFrames/seed#4
=== RUN   FuzzEventCursorOnlyAcknowledgesPrintedContiguousFrames/seed#5
=== RUN   FuzzEventCursorOnlyAcknowledgesPrintedContiguousFrames/seed#6
=== RUN   FuzzEventCursorOnlyAcknowledgesPrintedContiguousFrames/seed#7
--- PASS: FuzzEventCursorOnlyAcknowledgesPrintedContiguousFrames (0.00s)
    --- PASS: FuzzEventCursorOnlyAcknowledgesPrintedContiguousFrames/seed#0 (0.00s)
    --- PASS: FuzzEventCursorOnlyAcknowledgesPrintedContiguousFrames/seed#1 (0.00s)
    --- PASS: FuzzEventCursorOnlyAcknowledgesPrintedContiguousFrames/seed#2 (0.00s)
    --- PASS: FuzzEventCursorOnlyAcknowledgesPrintedContiguousFrames/seed#3 (0.00s)
    --- PASS: FuzzEventCursorOnlyAcknowledgesPrintedContiguousFrames/seed#4 (0.00s)
    --- PASS: FuzzEventCursorOnlyAcknowledgesPrintedContiguousFrames/seed#5 (0.00s)
    --- PASS: FuzzEventCursorOnlyAcknowledgesPrintedContiguousFrames/seed#6 (0.00s)
    --- PASS: FuzzEventCursorOnlyAcknowledgesPrintedContiguousFrames/seed#7 (0.00s)
PASS
ok  	github.com/JDinSeattle/forge-runtime/cmd/forge	0.003s
=== RUN   FuzzToolArgumentDecoderIsUnambiguousAndBounded
=== RUN   FuzzToolArgumentDecoderIsUnambiguousAndBounded/seed#0
=== RUN   FuzzToolArgumentDecoderIsUnambiguousAndBounded/seed#1
=== RUN   FuzzToolArgumentDecoderIsUnambiguousAndBounded/seed#2
=== RUN   FuzzToolArgumentDecoderIsUnambiguousAndBounded/seed#3
=== RUN   FuzzToolArgumentDecoderIsUnambiguousAndBounded/seed#4
=== RUN   FuzzToolArgumentDecoderIsUnambiguousAndBounded/seed#5
=== RUN   FuzzToolArgumentDecoderIsUnambiguousAndBounded/seed#6
=== RUN   FuzzToolArgumentDecoderIsUnambiguousAndBounded/seed#7
=== RUN   FuzzToolArgumentDecoderIsUnambiguousAndBounded/seed#8
=== RUN   FuzzToolArgumentDecoderIsUnambiguousAndBounded/seed#9
--- PASS: FuzzToolArgumentDecoderIsUnambiguousAndBounded (0.00s)
    --- PASS: FuzzToolArgumentDecoderIsUnambiguousAndBounded/seed#0 (0.00s)
    --- PASS: FuzzToolArgumentDecoderIsUnambiguousAndBounded/seed#1 (0.00s)
    --- PASS: FuzzToolArgumentDecoderIsUnambiguousAndBounded/seed#2 (0.00s)
    --- PASS: FuzzToolArgumentDecoderIsUnambiguousAndBounded/seed#3 (0.00s)
    --- PASS: FuzzToolArgumentDecoderIsUnambiguousAndBounded/seed#4 (0.00s)
    --- PASS: FuzzToolArgumentDecoderIsUnambiguousAndBounded/seed#5 (0.00s)
    --- PASS: FuzzToolArgumentDecoderIsUnambiguousAndBounded/seed#6 (0.00s)
    --- PASS: FuzzToolArgumentDecoderIsUnambiguousAndBounded/seed#7 (0.00s)
    --- PASS: FuzzToolArgumentDecoderIsUnambiguousAndBounded/seed#8 (0.00s)
    --- PASS: FuzzToolArgumentDecoderIsUnambiguousAndBounded/seed#9 (0.00s)
PASS
ok  	github.com/JDinSeattle/forge-runtime/internal/provider	0.006s
