test_binary_symlink_is_rejected_before_runtime_creation (test_configure.ConfigurationBoundaryTests.test_binary_symlink_is_rejected_before_runtime_creation) ... ok
test_missing_mount_cannot_create_runtime_key_or_acceptance (test_configure.ConfigurationBoundaryTests.test_missing_mount_cannot_create_runtime_key_or_acceptance) ... ok
test_partial_runtime_is_never_reinitialized (test_configure.ConfigurationBoundaryTests.test_partial_runtime_is_never_reinitialized) ... ok
test_rendering_keeps_strict_backend_and_private_scoped_material (test_configure.ConfigurationBoundaryTests.test_rendering_keeps_strict_backend_and_private_scoped_material) ... ok
test_actual_slots_keeps_root_state_and_image_checks_on_both_sides (test_configure.LiveLoopEvidenceTests.test_actual_slots_keeps_root_state_and_image_checks_on_both_sides) ... ok
test_available_and_partially_available_identities_must_match (test_configure.LiveLoopEvidenceTests.test_available_and_partially_available_identities_must_match) ... ok
test_every_sysfs_field_is_required_even_with_full_tool_identity (test_configure.LiveLoopEvidenceTests.test_every_sysfs_field_is_required_even_with_full_tool_identity) ... ok
test_explicit_tool_mismatches_cannot_fall_back_to_valid_sysfs (test_configure.LiveLoopEvidenceTests.test_explicit_tool_mismatches_cannot_fall_back_to_valid_sysfs) ... ok
test_mount_identity_and_flags_are_still_required (test_configure.LiveLoopEvidenceTests.test_mount_identity_and_flags_are_still_required) ... ok
test_null_identity_requires_complete_live_evidence (test_configure.LiveLoopEvidenceTests.test_null_identity_requires_complete_live_evidence) ... ok
test_sysfs_geometry_and_read_write_evidence_fail_closed (test_configure.LiveLoopEvidenceTests.test_sysfs_geometry_and_read_write_evidence_fail_closed) ... ok
test_used_or_writable_slot_and_bad_capacity_are_still_rejected (test_configure.LiveLoopEvidenceTests.test_used_or_writable_slot_and_bad_capacity_are_still_rejected) ... ok
test_valid_sysfs_cannot_bypass_image_fd_rejection (test_configure.LiveLoopEvidenceTests.test_valid_sysfs_cannot_bypass_image_fd_rejection) ... ok
test_wrong_live_backing_path_is_not_normalized_into_a_match (test_configure.LiveLoopEvidenceTests.test_wrong_live_backing_path_is_not_normalized_into_a_match) ... ok
test_bad_ids_and_socket_rejected_before_writes (test_prepare.PreparationScopeTests.test_bad_ids_and_socket_rejected_before_writes) ... ok
test_conflicting_file_is_retained (test_prepare.PreparationScopeTests.test_conflicting_file_is_retained) ... ok
test_descriptor_cannot_substitute_original_pool (test_prepare.PreparationScopeTests.test_descriptor_cannot_substitute_original_pool) ... ok
test_exact_private_copy_and_fixed_capacity (test_prepare.PreparationScopeTests.test_exact_private_copy_and_fixed_capacity) ... ok
test_helper_mutation_or_symlink_is_not_a_valid_preparation (test_prepare.PreparationScopeTests.test_helper_mutation_or_symlink_is_not_a_valid_preparation) ... ok
test_insufficient_capacity_does_not_create_scope (test_prepare.PreparationScopeTests.test_insufficient_capacity_does_not_create_scope) ... ok
test_reuse_never_overwrites_prior_descriptor (test_prepare.PreparationScopeTests.test_reuse_never_overwrites_prior_descriptor) ... ok
test_symlink_scope_cannot_reach_other_tree (test_prepare.PreparationScopeTests.test_symlink_scope_cannot_reach_other_tree) ... ok
test_attempt_selection_is_explicit_and_does_not_read_credentials_on_invalid_input (test_run.LaunchBoundaryTests.test_attempt_selection_is_explicit_and_does_not_read_credentials_on_invalid_input) ... ok
test_continuation_preserves_original_and_requires_one_versioned_binary_set (test_run.LaunchBoundaryTests.test_continuation_preserves_original_and_requires_one_versioned_binary_set) ... ok
test_credentials_only_enter_child_environment (test_run.LaunchBoundaryTests.test_credentials_only_enter_child_environment) ... ok
test_launch_uses_only_new_unit_and_retains_prior_attempt (test_run.LaunchBoundaryTests.test_launch_uses_only_new_unit_and_retains_prior_attempt) ... ok
test_log_execution_is_separate_from_sigterm_source_and_cleanup_has_no_database (test_run.LaunchBoundaryTests.test_log_execution_is_separate_from_sigterm_source_and_cleanup_has_no_database) ... ok
test_new_log_report_does_not_accept_old_success_or_partial_cleanup (test_run.LaunchBoundaryTests.test_new_log_report_does_not_accept_old_success_or_partial_cleanup) ... ok
test_second_attempt_cannot_use_old_success_or_claim_terminal_abort (test_run.LaunchBoundaryTests.test_second_attempt_cannot_use_old_success_or_claim_terminal_abort) ... ok
test_shared_or_symlinked_credential_refused (test_run.LaunchBoundaryTests.test_shared_or_symlinked_credential_refused) ... ok
test_unmapped_child_refuses_before_reading_inputs_or_credentials (test_run.LaunchBoundaryTests.test_unmapped_child_refuses_before_reading_inputs_or_credentials) ... ok
test_wrong_database_and_duplicates_refused_without_disclosing_secret (test_run.LaunchBoundaryTests.test_wrong_database_and_duplicates_refused_without_disclosing_secret) ... ok
test_zero_process_exit_cannot_substitute_for_actual_case_reports (test_run.LaunchBoundaryTests.test_zero_process_exit_cannot_substitute_for_actual_case_reports) ... ok

----------------------------------------------------------------------
Ran 33 tests in 0.029s

OK
